#
# There is insufficient memory for the Java Runtime Environment to continue.
# Native memory allocation (malloc) failed to allocate 83856 bytes. Error detail: Chunk::new
# Possible reasons:
#   The system is out of physical RAM or swap space
#   This process is running with CompressedOops enabled, and the Java Heap may be blocking the growth of the native heap
# Possible solutions:
#   Reduce memory load on the system
#   Increase physical memory or swap space
#   Check if swap backing store is full
#   Decrease Java heap size (-Xmx/-Xms)
#   Decrease number of Java threads
#   Decrease Java thread stack sizes (-Xss)
#   Set larger code cache with -XX:ReservedCodeCacheSize=
#   JVM is running with Zero Based Compressed Oops mode in which the Java heap is
#     placed in the first 32GB address space. The Java Heap base address is the
#     maximum limit for the native heap growth. Please use -XX:HeapBaseMinAddress
#     to set the Java Heap base and to place the Java Heap above 32GB virtual address.
# This output file may be truncated or incomplete.
#
#  Out of Memory Error (arena.cpp:149), pid=14860, tid=14348
#
# JRE version: Java(TM) SE Runtime Environment (23.0.1+11) (build 23.0.1+11-39)
# Java VM: Java HotSpot(TM) 64-Bit Server VM (23.0.1+11-39, mixed mode, sharing, tiered, compressed oops, compressed class ptrs, g1 gc, windows-amd64)
# No core dump will be written. Minidumps are not enabled by default on client versions of Windows
#

---------------  S U M M A R Y ------------

Command Line: --enable-native-access=ALL-UNNAMED -Dclassworlds.conf=C:\Program Files\Apache\MAVEN\apache-maven-3.9.12\bin\m2.conf -Dmaven.home=C:\Program Files\Apache\MAVEN\apache-maven-3.9.12 -Dlibrary.jansi.path=C:\Program Files\Apache\MAVEN\apache-maven-3.9.12\lib\jansi-native -Dmaven.multiModuleProjectDirectory=C:\Users\dhruv\OneDrive\Desktop\Code-collab-backend\api-gateway org.codehaus.plexus.classworlds.launcher.Launcher spring-boot:run -DskipTests

Host: 13th Gen Intel(R) Core(TM) i5-13420H, 12 cores, 15G,  Windows 11 , 64 bit Build 26100 (10.0.26100.8246)
Time: Thu Apr 16 15:42:32 2026 India Standard Time elapsed time: 10.860510 seconds (0d 0h 0m 10s)

---------------  T H R E A D  ---------------

Current thread (0x000001db00f546a0):  JavaThread "C2 CompilerThread1" daemon [_thread_in_native, id=14348, stack(0x0000009e05e00000,0x0000009e05f00000) (1024K)]


Current CompileTask:
C2:10860 4143       4       org.eclipse.sisu.inject.LocatedBeans$Itr::hasNext (169 bytes)

Stack: [0x0000009e05e00000,0x0000009e05f00000]
Native frames: (J=compiled Java code, j=interpreted, Vv=VM code, C=native code)
V  [jvm.dll+0x6e08b9]  (no source info available)
V  [jvm.dll+0x87dc83]  (no source info available)
V  [jvm.dll+0x88010e]  (no source info available)
V  [jvm.dll+0x8807e3]  (no source info available)
V  [jvm.dll+0x27aee6]  (no source info available)
V  [jvm.dll+0xbc06f]  (no source info available)
V  [jvm.dll+0xbc2cb]  (no source info available)
V  [jvm.dll+0x5e7997]  (no source info available)
V  [jvm.dll+0x38a45a]  (no source info available)
V  [jvm.dll+0x38989a]  (no source info available)
V  [jvm.dll+0x244aa1]  (no source info available)
V  [jvm.dll+0x243dff]  (no source info available)
V  [jvm.dll+0x1c33a0]  (no source info available)
V  [jvm.dll+0x253cf1]  (no source info available)
V  [jvm.dll+0x251faa]  (no source info available)
V  [jvm.dll+0x3ee036]  (no source info available)
V  [jvm.dll+0x824f8b]  (no source info available)
V  [jvm.dll+0x6df065]  (no source info available)
C  [ucrtbase.dll+0x37b0]  (no source info available)
C  [KERNEL32.DLL+0x2e8d7]  (no source info available)
C  [ntdll.dll+0x8c3fc]  (no source info available)

Lock stack of current Java thread (top to bottom):


---------------  P R O C E S S  ---------------

Threads class SMR info:
_java_thread_list=0x000001db010332c0, length=14, elements={
0x000001db181795d0, 0x000001db393d6300, 0x000001db393d8d70, 0x000001db393db910,
0x000001db393dc830, 0x000001db393dd5e0, 0x000001db393de170, 0x000001db393def00,
0x000001db7f0191e0, 0x000001db7f1670c0, 0x000001db7f168340, 0x000001db00f546a0,
0x000001db00b6e390, 0x000001db00e518e0
}

Java Threads: ( => current thread )
  0x000001db181795d0 JavaThread "main"                              [_thread_in_Java, id=24504, stack(0x0000009e04c00000,0x0000009e04d00000) (1024K)]
  0x000001db393d6300 JavaThread "Reference Handler"          daemon [_thread_blocked, id=29276, stack(0x0000009e05400000,0x0000009e05500000) (1024K)]
  0x000001db393d8d70 JavaThread "Finalizer"                  daemon [_thread_blocked, id=30336, stack(0x0000009e05500000,0x0000009e05600000) (1024K)]
  0x000001db393db910 JavaThread "Signal Dispatcher"          daemon [_thread_blocked, id=30448, stack(0x0000009e05600000,0x0000009e05700000) (1024K)]
  0x000001db393dc830 JavaThread "Attach Listener"            daemon [_thread_blocked, id=15836, stack(0x0000009e05700000,0x0000009e05800000) (1024K)]
  0x000001db393dd5e0 JavaThread "Service Thread"             daemon [_thread_blocked, id=28908, stack(0x0000009e05800000,0x0000009e05900000) (1024K)]
  0x000001db393de170 JavaThread "Monitor Deflation Thread"   daemon [_thread_blocked, id=19820, stack(0x0000009e05900000,0x0000009e05a00000) (1024K)]
  0x000001db393def00 JavaThread "C2 CompilerThread0"         daemon [_thread_in_native, id=8060, stack(0x0000009e05a00000,0x0000009e05b00000) (1024K)]
  0x000001db7f0191e0 JavaThread "C1 CompilerThread0"         daemon [_thread_in_native, id=17544, stack(0x0000009e05b00000,0x0000009e05c00000) (1024K)]
  0x000001db7f1670c0 JavaThread "Notification Thread"        daemon [_thread_blocked, id=15676, stack(0x0000009e05c00000,0x0000009e05d00000) (1024K)]
  0x000001db7f168340 JavaThread "Common-Cleaner"             daemon [_thread_blocked, id=30172, stack(0x0000009e05d00000,0x0000009e05e00000) (1024K)]
=>0x000001db00f546a0 JavaThread "C2 CompilerThread1"         daemon [_thread_in_native, id=14348, stack(0x0000009e05e00000,0x0000009e05f00000) (1024K)]
  0x000001db00b6e390 JavaThread "Thread-1"                   daemon [_thread_blocked, id=26196, stack(0x0000009e05f00000,0x0000009e06000000) (1024K)]
  0x000001db00e518e0 JavaThread "C2 CompilerThread2"         daemon [_thread_in_native, id=13820, stack(0x0000009e06900000,0x0000009e06a00000) (1024K)]
Total: 14

Other Threads:
  0x000001db393bb320 VMThread "VM Thread"                           [id=15416, stack(0x0000009e05300000,0x0000009e05400000) (1024K)]
  0x000001db393a9610 WatcherThread "VM Periodic Task Thread"        [id=1536, stack(0x0000009e05200000,0x0000009e05300000) (1024K)]
  0x000001db1a525880 WorkerThread "GC Thread#0"                     [id=20024, stack(0x0000009e04d00000,0x0000009e04e00000) (1024K)]
  0x000001db00db8410 WorkerThread "GC Thread#1"                     [id=30136, stack(0x0000009e06000000,0x0000009e06100000) (1024K)]
  0x000001db001b3d10 WorkerThread "GC Thread#2"                     [id=22420, stack(0x0000009e06100000,0x0000009e06200000) (1024K)]
  0x000001db001b40c0 WorkerThread "GC Thread#3"                     [id=16508, stack(0x0000009e06200000,0x0000009e06300000) (1024K)]
  0x000001db00c26580 WorkerThread "GC Thread#4"                     [id=15288, stack(0x0000009e06300000,0x0000009e06400000) (1024K)]
  0x000001db00c26930 WorkerThread "GC Thread#5"                     [id=18208, stack(0x0000009e06400000,0x0000009e06500000) (1024K)]
  0x000001db009d4a90 WorkerThread "GC Thread#6"                     [id=26472, stack(0x0000009e06500000,0x0000009e06600000) (1024K)]
  0x000001db000c4800 WorkerThread "GC Thread#7"                     [id=18548, stack(0x0000009e06600000,0x0000009e06700000) (1024K)]
  0x000001db0017afd0 WorkerThread "GC Thread#8"                     [id=24036, stack(0x0000009e06700000,0x0000009e06800000) (1024K)]
  0x000001db0017bae0 WorkerThread "GC Thread#9"                     [id=6412, stack(0x0000009e06800000,0x0000009e06900000) (1024K)]
  0x000001db1a53a1f0 ConcurrentGCThread "G1 Main Marker"            [id=24588, stack(0x0000009e04e00000,0x0000009e04f00000) (1024K)]
  0x000001db1a53ac10 WorkerThread "G1 Conc#0"                       [id=29072, stack(0x0000009e04f00000,0x0000009e05000000) (1024K)]
  0x000001db3927b0f0 ConcurrentGCThread "G1 Refine#0"               [id=24012, stack(0x0000009e05000000,0x0000009e05100000) (1024K)]
  0x000001db3927bd20 ConcurrentGCThread "G1 Service"                [id=19140, stack(0x0000009e05100000,0x0000009e05200000) (1024K)]
Total: 16

Threads with active compile tasks:
C2 CompilerThread0  11935 4216   !   4       org.codehaus.plexus.interpolation.StringSearchInterpolator::interpolate (692 bytes)
C2 CompilerThread1  11935 4143       4       org.eclipse.sisu.inject.LocatedBeans$Itr::hasNext (169 bytes)
C2 CompilerThread2  11935 4225       4       org.codehaus.plexus.util.xml.pull.MXParser::parseAttribute (1438 bytes)
Total: 3

VM state: not at safepoint (normal execution)

VM Mutex/Monitor currently owned by a thread: None

Heap address: 0x0000000704c00000, size: 4020 MB, Compressed Oops mode: Zero based, Oop shift amount: 3

CDS archive(s) mapped at: [0x000001db3a000000-0x000001db3ad70000-0x000001db3ad70000), size 14090240, SharedBaseAddress: 0x000001db3a000000, ArchiveRelocationMode: 1.
Compressed class space mapped at: 0x000001db3b000000-0x000001db7b000000, reserved size: 1073741824
Narrow klass base: 0x000001db3a000000, Narrow klass shift: 0, Narrow klass range: 0x41000000

GC Precious Log:
 CardTable entry size: 512
 Card Set container configuration: InlinePtr #cards 4 size 8 Array Of Cards #cards 16 size 48 Howl #buckets 8 coarsen threshold 3686 Howl Bitmap #cards 512 size 80 coarsen threshold 460 Card regions per heap region 1 cards per card region 4096
 CPUs: 12 total, 12 available
 Memory: 16076M
 Large Page Support: Disabled
 NUMA Support: Disabled
 Compressed Oops: Enabled (Zero based)
 Heap Region Size: 2M
 Heap Min Capacity: 8M
 Heap Initial Capacity: 252M
 Heap Max Capacity: 4020M
 Pre-touch: Disabled
 Parallel Workers: 10
 Concurrent Workers: 3
 Concurrent Refinement Workers: 10
 Periodic GC: Disabled

Heap:
 garbage-first heap   total reserved 4116480K, committed 258048K, used 44789K [0x0000000704c00000, 0x0000000800000000)
  region size 2048K, 21 young (43008K), 4 survivors (8192K)
 Metaspace       used 15961K, committed 16192K, reserved 1114112K
  class space    used 1931K, committed 2048K, reserved 1048576K

Heap Regions: E=young(eden), S=young(survivor), O=old, HS=humongous(starts), HC=humongous(continues), CS=collection set, F=free, TAMS=top-at-mark-start, PB=parsable bottom
|   0|0x0000000704c00000, 0x0000000704e00000, 0x0000000704e00000|100%| O|  |TAMS 0x0000000704c00000| PB 0x0000000704c00000| Untracked |  0
|   1|0x0000000704e00000, 0x0000000704fbd658, 0x0000000705000000| 86%| O|  |TAMS 0x0000000704e00000| PB 0x0000000704e00000| Untracked |  0
|   2|0x0000000705000000, 0x0000000705000000, 0x0000000705200000|  0%| F|  |TAMS 0x0000000705000000| PB 0x0000000705000000| Untracked |  0
|   3|0x0000000705200000, 0x0000000705200000, 0x0000000705400000|  0%| F|  |TAMS 0x0000000705200000| PB 0x0000000705200000| Untracked |  0
|   4|0x0000000705400000, 0x0000000705400000, 0x0000000705600000|  0%| F|  |TAMS 0x0000000705400000| PB 0x0000000705400000| Untracked |  0
|   5|0x0000000705600000, 0x0000000705600000, 0x0000000705800000|  0%| F|  |TAMS 0x0000000705600000| PB 0x0000000705600000| Untracked |  0
|   6|0x0000000705800000, 0x0000000705800000, 0x0000000705a00000|  0%| F|  |TAMS 0x0000000705800000| PB 0x0000000705800000| Untracked |  0
|   7|0x0000000705a00000, 0x0000000705a00000, 0x0000000705c00000|  0%| F|  |TAMS 0x0000000705a00000| PB 0x0000000705a00000| Untracked |  0
|   8|0x0000000705c00000, 0x0000000705c00000, 0x0000000705e00000|  0%| F|  |TAMS 0x0000000705c00000| PB 0x0000000705c00000| Untracked |  0
|   9|0x0000000705e00000, 0x0000000705e00000, 0x0000000706000000|  0%| F|  |TAMS 0x0000000705e00000| PB 0x0000000705e00000| Untracked |  0
|  10|0x0000000706000000, 0x0000000706000000, 0x0000000706200000|  0%| F|  |TAMS 0x0000000706000000| PB 0x0000000706000000| Untracked |  0
|  11|0x0000000706200000, 0x0000000706200000, 0x0000000706400000|  0%| F|  |TAMS 0x0000000706200000| PB 0x0000000706200000| Untracked |  0
|  12|0x0000000706400000, 0x0000000706400000, 0x0000000706600000|  0%| F|  |TAMS 0x0000000706400000| PB 0x0000000706400000| Untracked |  0
|  13|0x0000000706600000, 0x0000000706600000, 0x0000000706800000|  0%| F|  |TAMS 0x0000000706600000| PB 0x0000000706600000| Untracked |  0
|  14|0x0000000706800000, 0x0000000706800000, 0x0000000706a00000|  0%| F|  |TAMS 0x0000000706800000| PB 0x0000000706800000| Untracked |  0
|  15|0x0000000706a00000, 0x0000000706a00000, 0x0000000706c00000|  0%| F|  |TAMS 0x0000000706a00000| PB 0x0000000706a00000| Untracked |  0
|  16|0x0000000706c00000, 0x0000000706c00000, 0x0000000706e00000|  0%| F|  |TAMS 0x0000000706c00000| PB 0x0000000706c00000| Untracked |  0
|  17|0x0000000706e00000, 0x0000000706e00000, 0x0000000707000000|  0%| F|  |TAMS 0x0000000706e00000| PB 0x0000000706e00000| Untracked |  0
|  18|0x0000000707000000, 0x0000000707000000, 0x0000000707200000|  0%| F|  |TAMS 0x0000000707000000| PB 0x0000000707000000| Untracked |  0
|  19|0x0000000707200000, 0x0000000707200000, 0x0000000707400000|  0%| F|  |TAMS 0x0000000707200000| PB 0x0000000707200000| Untracked |  0
|  20|0x0000000707400000, 0x0000000707400000, 0x0000000707600000|  0%| F|  |TAMS 0x0000000707400000| PB 0x0000000707400000| Untracked |  0
|  21|0x0000000707600000, 0x0000000707600000, 0x0000000707800000|  0%| F|  |TAMS 0x0000000707600000| PB 0x0000000707600000| Untracked |  0
|  22|0x0000000707800000, 0x0000000707800000, 0x0000000707a00000|  0%| F|  |TAMS 0x0000000707800000| PB 0x0000000707800000| Untracked |  0
|  23|0x0000000707a00000, 0x0000000707a00000, 0x0000000707c00000|  0%| F|  |TAMS 0x0000000707a00000| PB 0x0000000707a00000| Untracked |  0
|  24|0x0000000707c00000, 0x0000000707c00000, 0x0000000707e00000|  0%| F|  |TAMS 0x0000000707c00000| PB 0x0000000707c00000| Untracked |  0
|  25|0x0000000707e00000, 0x0000000707e00000, 0x0000000708000000|  0%| F|  |TAMS 0x0000000707e00000| PB 0x0000000707e00000| Untracked |  0
|  26|0x0000000708000000, 0x0000000708000000, 0x0000000708200000|  0%| F|  |TAMS 0x0000000708000000| PB 0x0000000708000000| Untracked |  0
|  27|0x0000000708200000, 0x0000000708200000, 0x0000000708400000|  0%| F|  |TAMS 0x0000000708200000| PB 0x0000000708200000| Untracked |  0
|  28|0x0000000708400000, 0x0000000708400000, 0x0000000708600000|  0%| F|  |TAMS 0x0000000708400000| PB 0x0000000708400000| Untracked |  0
|  29|0x0000000708600000, 0x0000000708600000, 0x0000000708800000|  0%| F|  |TAMS 0x0000000708600000| PB 0x0000000708600000| Untracked |  0
|  30|0x0000000708800000, 0x0000000708800000, 0x0000000708a00000|  0%| F|  |TAMS 0x0000000708800000| PB 0x0000000708800000| Untracked |  0
|  31|0x0000000708a00000, 0x0000000708a00000, 0x0000000708c00000|  0%| F|  |TAMS 0x0000000708a00000| PB 0x0000000708a00000| Untracked |  0
|  32|0x0000000708c00000, 0x0000000708c00000, 0x0000000708e00000|  0%| F|  |TAMS 0x0000000708c00000| PB 0x0000000708c00000| Untracked |  0
|  33|0x0000000708e00000, 0x0000000708e00000, 0x0000000709000000|  0%| F|  |TAMS 0x0000000708e00000| PB 0x0000000708e00000| Untracked |  0
|  34|0x0000000709000000, 0x0000000709000000, 0x0000000709200000|  0%| F|  |TAMS 0x0000000709000000| PB 0x0000000709000000| Untracked |  0
|  35|0x0000000709200000, 0x0000000709200000, 0x0000000709400000|  0%| F|  |TAMS 0x0000000709200000| PB 0x0000000709200000| Untracked |  0
|  36|0x0000000709400000, 0x0000000709400000, 0x0000000709600000|  0%| F|  |TAMS 0x0000000709400000| PB 0x0000000709400000| Untracked |  0
|  37|0x0000000709600000, 0x0000000709600000, 0x0000000709800000|  0%| F|  |TAMS 0x0000000709600000| PB 0x0000000709600000| Untracked |  0
|  38|0x0000000709800000, 0x0000000709800000, 0x0000000709a00000|  0%| F|  |TAMS 0x0000000709800000| PB 0x0000000709800000| Untracked |  0
|  39|0x0000000709a00000, 0x0000000709a00000, 0x0000000709c00000|  0%| F|  |TAMS 0x0000000709a00000| PB 0x0000000709a00000| Untracked |  0
|  40|0x0000000709c00000, 0x0000000709c00000, 0x0000000709e00000|  0%| F|  |TAMS 0x0000000709c00000| PB 0x0000000709c00000| Untracked |  0
|  41|0x0000000709e00000, 0x0000000709e00000, 0x000000070a000000|  0%| F|  |TAMS 0x0000000709e00000| PB 0x0000000709e00000| Untracked |  0
|  42|0x000000070a000000, 0x000000070a000000, 0x000000070a200000|  0%| F|  |TAMS 0x000000070a000000| PB 0x000000070a000000| Untracked |  0
|  43|0x000000070a200000, 0x000000070a200000, 0x000000070a400000|  0%| F|  |TAMS 0x000000070a200000| PB 0x000000070a200000| Untracked |  0
|  44|0x000000070a400000, 0x000000070a400000, 0x000000070a600000|  0%| F|  |TAMS 0x000000070a400000| PB 0x000000070a400000| Untracked |  0
|  45|0x000000070a600000, 0x000000070a600000, 0x000000070a800000|  0%| F|  |TAMS 0x000000070a600000| PB 0x000000070a600000| Untracked |  0
|  46|0x000000070a800000, 0x000000070a800000, 0x000000070aa00000|  0%| F|  |TAMS 0x000000070a800000| PB 0x000000070a800000| Untracked |  0
|  47|0x000000070aa00000, 0x000000070aa00000, 0x000000070ac00000|  0%| F|  |TAMS 0x000000070aa00000| PB 0x000000070aa00000| Untracked |  0
|  48|0x000000070ac00000, 0x000000070ac00000, 0x000000070ae00000|  0%| F|  |TAMS 0x000000070ac00000| PB 0x000000070ac00000| Untracked |  0
|  49|0x000000070ae00000, 0x000000070ae00000, 0x000000070b000000|  0%| F|  |TAMS 0x000000070ae00000| PB 0x000000070ae00000| Untracked |  0
|  50|0x000000070b000000, 0x000000070b000000, 0x000000070b200000|  0%| F|  |TAMS 0x000000070b000000| PB 0x000000070b000000| Untracked |  0
|  51|0x000000070b200000, 0x000000070b200000, 0x000000070b400000|  0%| F|  |TAMS 0x000000070b200000| PB 0x000000070b200000| Untracked |  0
|  52|0x000000070b400000, 0x000000070b400000, 0x000000070b600000|  0%| F|  |TAMS 0x000000070b400000| PB 0x000000070b400000| Untracked |  0
|  53|0x000000070b600000, 0x000000070b600000, 0x000000070b800000|  0%| F|  |TAMS 0x000000070b600000| PB 0x000000070b600000| Untracked |  0
|  54|0x000000070b800000, 0x000000070b800000, 0x000000070ba00000|  0%| F|  |TAMS 0x000000070b800000| PB 0x000000070b800000| Untracked |  0
|  55|0x000000070ba00000, 0x000000070ba00000, 0x000000070bc00000|  0%| F|  |TAMS 0x000000070ba00000| PB 0x000000070ba00000| Untracked |  0
|  56|0x000000070bc00000, 0x000000070bc00000, 0x000000070be00000|  0%| F|  |TAMS 0x000000070bc00000| PB 0x000000070bc00000| Untracked |  0
|  57|0x000000070be00000, 0x000000070be00000, 0x000000070c000000|  0%| F|  |TAMS 0x000000070be00000| PB 0x000000070be00000| Untracked |  0
|  58|0x000000070c000000, 0x000000070c000000, 0x000000070c200000|  0%| F|  |TAMS 0x000000070c000000| PB 0x000000070c000000| Untracked |  0
|  59|0x000000070c200000, 0x000000070c200000, 0x000000070c400000|  0%| F|  |TAMS 0x000000070c200000| PB 0x000000070c200000| Untracked |  0
|  60|0x000000070c400000, 0x000000070c400000, 0x000000070c600000|  0%| F|  |TAMS 0x000000070c400000| PB 0x000000070c400000| Untracked |  0
|  61|0x000000070c600000, 0x000000070c600000, 0x000000070c800000|  0%| F|  |TAMS 0x000000070c600000| PB 0x000000070c600000| Untracked |  0
|  62|0x000000070c800000, 0x000000070c800000, 0x000000070ca00000|  0%| F|  |TAMS 0x000000070c800000| PB 0x000000070c800000| Untracked |  0
|  63|0x000000070ca00000, 0x000000070ca00000, 0x000000070cc00000|  0%| F|  |TAMS 0x000000070ca00000| PB 0x000000070ca00000| Untracked |  0
|  64|0x000000070cc00000, 0x000000070cc00000, 0x000000070ce00000|  0%| F|  |TAMS 0x000000070cc00000| PB 0x000000070cc00000| Untracked |  0
|  65|0x000000070ce00000, 0x000000070ce00000, 0x000000070d000000|  0%| F|  |TAMS 0x000000070ce00000| PB 0x000000070ce00000| Untracked |  0
|  66|0x000000070d000000, 0x000000070d000000, 0x000000070d200000|  0%| F|  |TAMS 0x000000070d000000| PB 0x000000070d000000| Untracked |  0
|  67|0x000000070d200000, 0x000000070d200000, 0x000000070d400000|  0%| F|  |TAMS 0x000000070d200000| PB 0x000000070d200000| Untracked |  0
|  68|0x000000070d400000, 0x000000070d400000, 0x000000070d600000|  0%| F|  |TAMS 0x000000070d400000| PB 0x000000070d400000| Untracked |  0
|  69|0x000000070d600000, 0x000000070d600000, 0x000000070d800000|  0%| F|  |TAMS 0x000000070d600000| PB 0x000000070d600000| Untracked |  0
|  70|0x000000070d800000, 0x000000070d800000, 0x000000070da00000|  0%| F|  |TAMS 0x000000070d800000| PB 0x000000070d800000| Untracked |  0
|  71|0x000000070da00000, 0x000000070da00000, 0x000000070dc00000|  0%| F|  |TAMS 0x000000070da00000| PB 0x000000070da00000| Untracked |  0
|  72|0x000000070dc00000, 0x000000070dc00000, 0x000000070de00000|  0%| F|  |TAMS 0x000000070dc00000| PB 0x000000070dc00000| Untracked |  0
|  73|0x000000070de00000, 0x000000070de00000, 0x000000070e000000|  0%| F|  |TAMS 0x000000070de00000| PB 0x000000070de00000| Untracked |  0
|  74|0x000000070e000000, 0x000000070e000000, 0x000000070e200000|  0%| F|  |TAMS 0x000000070e000000| PB 0x000000070e000000| Untracked |  0
|  75|0x000000070e200000, 0x000000070e200000, 0x000000070e400000|  0%| F|  |TAMS 0x000000070e200000| PB 0x000000070e200000| Untracked |  0
|  76|0x000000070e400000, 0x000000070e400000, 0x000000070e600000|  0%| F|  |TAMS 0x000000070e400000| PB 0x000000070e400000| Untracked |  0
|  77|0x000000070e600000, 0x000000070e600000, 0x000000070e800000|  0%| F|  |TAMS 0x000000070e600000| PB 0x000000070e600000| Untracked |  0
|  78|0x000000070e800000, 0x000000070e800000, 0x000000070ea00000|  0%| F|  |TAMS 0x000000070e800000| PB 0x000000070e800000| Untracked |  0
|  79|0x000000070ea00000, 0x000000070ea00000, 0x000000070ec00000|  0%| F|  |TAMS 0x000000070ea00000| PB 0x000000070ea00000| Untracked |  0
|  80|0x000000070ec00000, 0x000000070ec00000, 0x000000070ee00000|  0%| F|  |TAMS 0x000000070ec00000| PB 0x000000070ec00000| Untracked |  0
|  81|0x000000070ee00000, 0x000000070ee00000, 0x000000070f000000|  0%| F|  |TAMS 0x000000070ee00000| PB 0x000000070ee00000| Untracked |  0
|  82|0x000000070f000000, 0x000000070f000000, 0x000000070f200000|  0%| F|  |TAMS 0x000000070f000000| PB 0x000000070f000000| Untracked |  0
|  83|0x000000070f200000, 0x000000070f200000, 0x000000070f400000|  0%| F|  |TAMS 0x000000070f200000| PB 0x000000070f200000| Untracked |  0
|  84|0x000000070f400000, 0x000000070f400000, 0x000000070f600000|  0%| F|  |TAMS 0x000000070f400000| PB 0x000000070f400000| Untracked |  0
|  85|0x000000070f600000, 0x000000070f600000, 0x000000070f800000|  0%| F|  |TAMS 0x000000070f600000| PB 0x000000070f600000| Untracked |  0
|  86|0x000000070f800000, 0x000000070f800000, 0x000000070fa00000|  0%| F|  |TAMS 0x000000070f800000| PB 0x000000070f800000| Untracked |  0
|  87|0x000000070fa00000, 0x000000070fa00000, 0x000000070fc00000|  0%| F|  |TAMS 0x000000070fa00000| PB 0x000000070fa00000| Untracked |  0
|  88|0x000000070fc00000, 0x000000070fc00000, 0x000000070fe00000|  0%| F|  |TAMS 0x000000070fc00000| PB 0x000000070fc00000| Untracked |  0
|  89|0x000000070fe00000, 0x000000070fe00000, 0x0000000710000000|  0%| F|  |TAMS 0x000000070fe00000| PB 0x000000070fe00000| Untracked |  0
|  90|0x0000000710000000, 0x0000000710000000, 0x0000000710200000|  0%| F|  |TAMS 0x0000000710000000| PB 0x0000000710000000| Untracked |  0
|  91|0x0000000710200000, 0x0000000710400000, 0x0000000710400000|100%| S|CS|TAMS 0x0000000710200000| PB 0x0000000710200000| Complete |  0
|  92|0x0000000710400000, 0x0000000710600000, 0x0000000710600000|100%| S|CS|TAMS 0x0000000710400000| PB 0x0000000710400000| Complete |  0
|  93|0x0000000710600000, 0x0000000710800000, 0x0000000710800000|100%| S|CS|TAMS 0x0000000710600000| PB 0x0000000710600000| Complete |  0
|  94|0x0000000710800000, 0x0000000710a00000, 0x0000000710a00000|100%| S|CS|TAMS 0x0000000710800000| PB 0x0000000710800000| Complete |  0
|  95|0x0000000710a00000, 0x0000000710a00000, 0x0000000710c00000|  0%| F|  |TAMS 0x0000000710a00000| PB 0x0000000710a00000| Untracked |  0
|  96|0x0000000710c00000, 0x0000000710c00000, 0x0000000710e00000|  0%| F|  |TAMS 0x0000000710c00000| PB 0x0000000710c00000| Untracked |  0
|  97|0x0000000710e00000, 0x0000000710e00000, 0x0000000711000000|  0%| F|  |TAMS 0x0000000710e00000| PB 0x0000000710e00000| Untracked |  0
|  98|0x0000000711000000, 0x0000000711000000, 0x0000000711200000|  0%| F|  |TAMS 0x0000000711000000| PB 0x0000000711000000| Untracked |  0
|  99|0x0000000711200000, 0x0000000711200000, 0x0000000711400000|  0%| F|  |TAMS 0x0000000711200000| PB 0x0000000711200000| Untracked |  0
| 100|0x0000000711400000, 0x0000000711400000, 0x0000000711600000|  0%| F|  |TAMS 0x0000000711400000| PB 0x0000000711400000| Untracked |  0
| 101|0x0000000711600000, 0x0000000711600000, 0x0000000711800000|  0%| F|  |TAMS 0x0000000711600000| PB 0x0000000711600000| Untracked |  0
| 102|0x0000000711800000, 0x0000000711800000, 0x0000000711a00000|  0%| F|  |TAMS 0x0000000711800000| PB 0x0000000711800000| Untracked |  0
| 103|0x0000000711a00000, 0x0000000711a00000, 0x0000000711c00000|  0%| F|  |TAMS 0x0000000711a00000| PB 0x0000000711a00000| Untracked |  0
| 104|0x0000000711c00000, 0x0000000711c00000, 0x0000000711e00000|  0%| F|  |TAMS 0x0000000711c00000| PB 0x0000000711c00000| Untracked |  0
| 105|0x0000000711e00000, 0x0000000711e00000, 0x0000000712000000|  0%| F|  |TAMS 0x0000000711e00000| PB 0x0000000711e00000| Untracked |  0
| 106|0x0000000712000000, 0x0000000712000000, 0x0000000712200000|  0%| F|  |TAMS 0x0000000712000000| PB 0x0000000712000000| Untracked |  0
| 107|0x0000000712200000, 0x0000000712200000, 0x0000000712400000|  0%| F|  |TAMS 0x0000000712200000| PB 0x0000000712200000| Untracked |  0
| 108|0x0000000712400000, 0x0000000712400000, 0x0000000712600000|  0%| F|  |TAMS 0x0000000712400000| PB 0x0000000712400000| Untracked |  0
| 109|0x0000000712600000, 0x0000000712800000, 0x0000000712800000|100%| E|  |TAMS 0x0000000712600000| PB 0x0000000712600000| Complete |  0
| 110|0x0000000712800000, 0x0000000712a00000, 0x0000000712a00000|100%| E|CS|TAMS 0x0000000712800000| PB 0x0000000712800000| Complete |  0
| 111|0x0000000712a00000, 0x0000000712c00000, 0x0000000712c00000|100%| E|CS|TAMS 0x0000000712a00000| PB 0x0000000712a00000| Complete |  0
| 112|0x0000000712c00000, 0x0000000712e00000, 0x0000000712e00000|100%| E|CS|TAMS 0x0000000712c00000| PB 0x0000000712c00000| Complete |  0
| 113|0x0000000712e00000, 0x0000000713000000, 0x0000000713000000|100%| E|CS|TAMS 0x0000000712e00000| PB 0x0000000712e00000| Complete |  0
| 114|0x0000000713000000, 0x0000000713200000, 0x0000000713200000|100%| E|CS|TAMS 0x0000000713000000| PB 0x0000000713000000| Complete |  0
| 115|0x0000000713200000, 0x0000000713400000, 0x0000000713400000|100%| E|CS|TAMS 0x0000000713200000| PB 0x0000000713200000| Complete |  0
| 116|0x0000000713400000, 0x0000000713600000, 0x0000000713600000|100%| E|CS|TAMS 0x0000000713400000| PB 0x0000000713400000| Complete |  0
| 117|0x0000000713600000, 0x0000000713800000, 0x0000000713800000|100%| E|CS|TAMS 0x0000000713600000| PB 0x0000000713600000| Complete |  0
| 118|0x0000000713800000, 0x0000000713a00000, 0x0000000713a00000|100%| E|CS|TAMS 0x0000000713800000| PB 0x0000000713800000| Complete |  0
| 119|0x0000000713a00000, 0x0000000713c00000, 0x0000000713c00000|100%| E|CS|TAMS 0x0000000713a00000| PB 0x0000000713a00000| Complete |  0
| 120|0x0000000713c00000, 0x0000000713e00000, 0x0000000713e00000|100%| E|CS|TAMS 0x0000000713c00000| PB 0x0000000713c00000| Complete |  0
| 121|0x0000000713e00000, 0x0000000714000000, 0x0000000714000000|100%| E|CS|TAMS 0x0000000713e00000| PB 0x0000000713e00000| Complete |  0
| 122|0x0000000714000000, 0x0000000714200000, 0x0000000714200000|100%| E|CS|TAMS 0x0000000714000000| PB 0x0000000714000000| Complete |  0
| 123|0x0000000714200000, 0x0000000714400000, 0x0000000714400000|100%| E|CS|TAMS 0x0000000714200000| PB 0x0000000714200000| Complete |  0
| 124|0x0000000714400000, 0x0000000714600000, 0x0000000714600000|100%| E|CS|TAMS 0x0000000714400000| PB 0x0000000714400000| Complete |  0
| 125|0x0000000714600000, 0x0000000714800000, 0x0000000714800000|100%| E|CS|TAMS 0x0000000714600000| PB 0x0000000714600000| Complete |  0

Card table byte_map: [0x000001db32920000,0x000001db33100000] _byte_map_base: 0x000001db2f0fa000

Marking Bits: (CMBitMap*) 0x000001db1a525ea0
 Bits: [0x000001db33100000, 0x000001db36fd0000)

Polling page: 0x000001db18330000

Metaspace:

Usage:
  Non-class:     13.70 MB used.
      Class:      1.89 MB used.
       Both:     15.59 MB used.

Virtual space:
  Non-class space:       64.00 MB reserved,      13.81 MB ( 22%) committed,  1 nodes.
      Class space:        1.00 GB reserved,       2.00 MB ( <1%) committed,  1 nodes.
             Both:        1.06 GB reserved,      15.81 MB (  1%) committed. 

Chunk freelists:
   Non-Class:  2.00 MB
       Class:  13.91 MB
        Both:  15.91 MB

MaxMetaspaceSize: unlimited
CompressedClassSpaceSize: 1.00 GB
Initial GC threshold: 21.00 MB
Current GC threshold: 21.00 MB
CDS: on
 - commit_granule_bytes: 65536.
 - commit_granule_words: 8192.
 - virtual_space_node_default_size: 8388608.
 - enlarge_chunks_in_place: 1.
 - use_allocation_guard: 0.


Internal statistics:

num_allocs_failed_limit: 0.
num_arena_births: 132.
num_arena_deaths: 0.
num_vsnodes_births: 2.
num_vsnodes_deaths: 0.
num_space_committed: 253.
num_space_uncommitted: 0.
num_chunks_returned_to_freelist: 0.
num_chunks_taken_from_freelist: 653.
num_chunk_merges: 0.
num_chunk_splits: 455.
num_chunks_enlarged: 376.
num_inconsistent_stats: 0.

CodeHeap 'non-profiled nmethods': size=120064Kb used=1548Kb max_used=1548Kb free=118515Kb
 bounds [0x000001db2a6b0000, 0x000001db2a920000, 0x000001db31bf0000]
CodeHeap 'profiled nmethods': size=120000Kb used=6529Kb max_used=6529Kb free=113470Kb
 bounds [0x000001db22bf0000, 0x000001db23260000, 0x000001db2a120000]
CodeHeap 'non-nmethods': size=5696Kb used=1398Kb max_used=1438Kb free=4297Kb
 bounds [0x000001db2a120000, 0x000001db2a390000, 0x000001db2a6b0000]
CodeCache: size=245760Kb, used=9475Kb, max_used=9515Kb, free=236282Kb
 total_blobs=4832, nmethods=4332, adapters=405, full_count=0
Compilation: enabled, stopped_count=0, restarted_count=0

Compilation events (20 events):
Event: 5.834 Thread 0x000001db393def00 nmethod 4212 0x000001db2a82ac88 code [0x000001db2a82ada0, 0x000001db2a82b0e0]
Event: 5.834 Thread 0x000001db393def00 4216   !   4       org.codehaus.plexus.interpolation.StringSearchInterpolator::interpolate (692 bytes)
Event: 5.836 Thread 0x000001db7f0191e0 4219       3       org.codehaus.plexus.interpolation.RegexBasedInterpolator::interpolate (8 bytes)
Event: 5.837 Thread 0x000001db7f0191e0 nmethod 4219 0x000001db2321f908 code [0x000001db2321fa40, 0x000001db2321fba8]
Event: 5.837 Thread 0x000001db7f0191e0 4220       3       org.eclipse.aether.internal.impl.DefaultRemoteRepositoryManager::aggregateRepositories (357 bytes)
Event: 5.840 Thread 0x000001db7f0191e0 nmethod 4220 0x000001db2321fc08 code [0x000001db232200c0, 0x000001db232230b8]
Event: 5.842 Thread 0x000001db7f0191e0 4221       1       org.apache.maven.model.IssueManagement::getUrl (5 bytes)
Event: 5.842 Thread 0x000001db7f0191e0 nmethod 4221 0x000001db2a82b188 code [0x000001db2a82b2a0, 0x000001db2a82b370]
Event: 5.842 Thread 0x000001db7f0191e0 4222       1       java.util.Spliterators$EmptySpliterator::characteristics (4 bytes)
Event: 5.842 Thread 0x000001db7f0191e0 nmethod 4222 0x000001db2a82b488 code [0x000001db2a82b5a0, 0x000001db2a82b668]
Event: 5.849 Thread 0x000001db7f0191e0 4223       3       org.apache.maven.model.ModelBase::<init> (5 bytes)
Event: 5.849 Thread 0x000001db7f0191e0 nmethod 4223 0x000001db23223208 code [0x000001db23223320, 0x000001db23223488]
Event: 5.851 Thread 0x000001db7f0191e0 4224       3       org.apache.maven.model.PluginExecution::<init> (16 bytes)
Event: 5.851 Thread 0x000001db7f0191e0 nmethod 4224 0x000001db23223508 code [0x000001db23223640, 0x000001db23223888]
Event: 5.851 Thread 0x000001db7f0191e0 4226   !   3       sun.nio.cs.StreamDecoder::inReady (36 bytes)
Event: 5.851 Thread 0x000001db7f0191e0 nmethod 4226 0x000001db23223908 code [0x000001db23223a40, 0x000001db23223df0]
Event: 5.851 Thread 0x000001db7f0191e0 4227   !   3       org.apache.maven.model.License::clone (73 bytes)
Event: 6.844 Thread 0x000001db7f0191e0 nmethod 4227 0x000001db23223e08 code [0x000001db23224040, 0x000001db23224d88]
Event: 6.854 Thread 0x000001db7f0191e0 4229       3       java.util.Vector::<init> (49 bytes)
Event: 6.855 Thread 0x000001db7f0191e0 nmethod 4229 0x000001db23224e08 code [0x000001db23224fe0, 0x000001db23225848]

GC Heap History (6 events):
Event: 1.401 GC heap before
{Heap before GC invocations=0 (full 0):
 garbage-first heap   total reserved 4116480K, committed 258048K, used 24576K [0x0000000704c00000, 0x0000000800000000)
  region size 2048K, 12 young (24576K), 0 survivors (0K)
 Metaspace       used 5870K, committed 6016K, reserved 1114112K
  class space    used 718K, committed 768K, reserved 1048576K
}
Event: 1.408 GC heap after
{Heap after GC invocations=1 (full 0):
 garbage-first heap   total reserved 4116480K, committed 258048K, used 4096K [0x0000000704c00000, 0x0000000800000000)
  region size 2048K, 2 young (4096K), 2 survivors (4096K)
 Metaspace       used 5870K, committed 6016K, reserved 1114112K
  class space    used 718K, committed 768K, reserved 1048576K
}
Event: 2.144 GC heap before
{Heap before GC invocations=1 (full 0):
 garbage-first heap   total reserved 4116480K, committed 258048K, used 26624K [0x0000000704c00000, 0x0000000800000000)
  region size 2048K, 13 young (26624K), 2 survivors (4096K)
 Metaspace       used 8252K, committed 8448K, reserved 1114112K
  class space    used 1007K, committed 1088K, reserved 1048576K
}
Event: 2.153 GC heap after
{Heap after GC invocations=2 (full 0):
 garbage-first heap   total reserved 4116480K, committed 258048K, used 4941K [0x0000000704c00000, 0x0000000800000000)
  region size 2048K, 1 young (2048K), 1 survivors (2048K)
 Metaspace       used 8252K, committed 8448K, reserved 1114112K
  class space    used 1007K, committed 1088K, reserved 1048576K
}
Event: 4.465 GC heap before
{Heap before GC invocations=2 (full 0):
 garbage-first heap   total reserved 4116480K, committed 258048K, used 66381K [0x0000000704c00000, 0x0000000800000000)
  region size 2048K, 31 young (63488K), 1 survivors (2048K)
 Metaspace       used 15550K, committed 15808K, reserved 1114112K
  class space    used 1903K, committed 1984K, reserved 1048576K
}
Event: 4.477 GC heap after
{Heap after GC invocations=3 (full 0):
 garbage-first heap   total reserved 4116480K, committed 258048K, used 12021K [0x0000000704c00000, 0x0000000800000000)
  region size 2048K, 4 young (8192K), 4 survivors (8192K)
 Metaspace       used 15550K, committed 15808K, reserved 1114112K
  class space    used 1903K, committed 1984K, reserved 1048576K
}

Dll operation events (8 events):
Event: 0.014 Loaded shared library C:\Program Files\Java\jdk-23\bin\java.dll
Event: 0.058 Loaded shared library C:\Program Files\Java\jdk-23\bin\jsvml.dll
Event: 0.084 Loaded shared library C:\Program Files\Java\jdk-23\bin\net.dll
Event: 0.088 Loaded shared library C:\Program Files\Java\jdk-23\bin\nio.dll
Event: 0.095 Loaded shared library C:\Program Files\Java\jdk-23\bin\zip.dll
Event: 0.443 Loaded shared library C:\Program Files\Java\jdk-23\bin\jimage.dll
Event: 0.444 Loaded shared library C:\Program Files\Apache\MAVEN\apache-maven-3.9.12\lib\jansi-native\Windows\x86_64\jansi.dll
Event: 0.466 Loaded shared library C:\Program Files\Java\jdk-23\bin\verify.dll

Deoptimization events (20 events):
Event: 5.647 Thread 0x000001db181795d0 Uncommon trap: trap_request=0xffffffbe fr.pc=0x000001db2a8061f0 relative=0x0000000000000bf0
Event: 5.647 Thread 0x000001db181795d0 Uncommon trap: reason=profile_predicate action=maybe_recompile pc=0x000001db2a8061f0 method=java.util.regex.Pattern$CharPropertyGreedy.match(Ljava/util/regex/Matcher;ILjava/lang/CharSequence;)Z @ 103 c2
Event: 5.647 Thread 0x000001db181795d0 DEOPT PACKING pc=0x000001db2a8061f0 sp=0x0000009e04cfc080
Event: 5.647 Thread 0x000001db181795d0 DEOPT UNPACKING pc=0x000001db2a174402 sp=0x0000009e04cfc010 mode 2
Event: 5.647 Thread 0x000001db181795d0 Uncommon trap: trap_request=0xffffffbe fr.pc=0x000001db2a8061f0 relative=0x0000000000000bf0
Event: 5.647 Thread 0x000001db181795d0 Uncommon trap: reason=profile_predicate action=maybe_recompile pc=0x000001db2a8061f0 method=java.util.regex.Pattern$CharPropertyGreedy.match(Ljava/util/regex/Matcher;ILjava/lang/CharSequence;)Z @ 103 c2
Event: 5.647 Thread 0x000001db181795d0 DEOPT PACKING pc=0x000001db2a8061f0 sp=0x0000009e04cfbcc0
Event: 5.647 Thread 0x000001db181795d0 DEOPT UNPACKING pc=0x000001db2a174402 sp=0x0000009e04cfbc50 mode 2
Event: 5.749 Thread 0x000001db181795d0 Uncommon trap: trap_request=0xffffff45 fr.pc=0x000001db2a7501dc relative=0x000000000000029c
Event: 5.749 Thread 0x000001db181795d0 Uncommon trap: reason=unstable_if action=reinterpret pc=0x000001db2a7501dc method=java.util.concurrent.ConcurrentHashMap.get(Ljava/lang/Object;)Ljava/lang/Object; @ 76 c2
Event: 5.749 Thread 0x000001db181795d0 DEOPT PACKING pc=0x000001db2a7501dc sp=0x0000009e04cfc720
Event: 5.749 Thread 0x000001db181795d0 DEOPT UNPACKING pc=0x000001db2a174402 sp=0x0000009e04cfc698 mode 2
Event: 5.750 Thread 0x000001db181795d0 Uncommon trap: trap_request=0xffffffde fr.pc=0x000001db2a6f02f0 relative=0x0000000000000e90
Event: 5.750 Thread 0x000001db181795d0 Uncommon trap: reason=class_check action=maybe_recompile pc=0x000001db2a6f02f0 method=java.util.concurrent.ConcurrentHashMap.putVal(Ljava/lang/Object;Ljava/lang/Object;Z)Ljava/lang/Object; @ 242 c2
Event: 5.750 Thread 0x000001db181795d0 DEOPT PACKING pc=0x000001db2a6f02f0 sp=0x0000009e04cfc670
Event: 5.750 Thread 0x000001db181795d0 DEOPT UNPACKING pc=0x000001db2a174402 sp=0x0000009e04cfc5e0 mode 2
Event: 5.818 Thread 0x000001db181795d0 Uncommon trap: trap_request=0xffffffde fr.pc=0x000001db2a6f02f0 relative=0x0000000000000e90
Event: 5.818 Thread 0x000001db181795d0 Uncommon trap: reason=class_check action=maybe_recompile pc=0x000001db2a6f02f0 method=java.util.concurrent.ConcurrentHashMap.putVal(Ljava/lang/Object;Ljava/lang/Object;Z)Ljava/lang/Object; @ 242 c2
Event: 5.818 Thread 0x000001db181795d0 DEOPT PACKING pc=0x000001db2a6f02f0 sp=0x0000009e04cfca10
Event: 5.818 Thread 0x000001db181795d0 DEOPT UNPACKING pc=0x000001db2a174402 sp=0x0000009e04cfc980 mode 2

Classes loaded (20 events):
Event: 3.513 Loading class sun/nio/ch/FileLockTable$FileLockReference
Event: 3.513 Loading class sun/nio/ch/FileLockTable$FileLockReference done
Event: 3.514 Loading class java/util/AbstractMap$2
Event: 3.514 Loading class java/util/AbstractMap$2 done
Event: 3.514 Loading class java/util/AbstractMap$ValueIterator
Event: 3.514 Loading class java/util/AbstractMap$ValueIterator done
Event: 3.594 Loading class java/util/stream/IntStream
Event: 3.594 Loading class java/util/stream/IntStream done
Event: 3.594 Loading class java/util/stream/IntPipeline$Head
Event: 3.594 Loading class java/util/stream/IntPipeline
Event: 3.595 Loading class java/util/stream/IntPipeline done
Event: 3.595 Loading class java/util/stream/IntPipeline$Head done
Event: 3.605 Loading class java/util/StringTokenizer
Event: 3.605 Loading class java/util/StringTokenizer done
Event: 3.615 Loading class sun/invoke/util/ValueConversions$1
Event: 3.615 Loading class sun/invoke/util/ValueConversions$1 done
Event: 3.615 Loading class java/lang/invoke/BoundMethodHandle$Species_LI
Event: 3.615 Loading class java/lang/invoke/BoundMethodHandle$Species_LI done
Event: 3.657 Loading class java/util/stream/Streams$RangeIntSpliterator
Event: 3.658 Loading class java/util/stream/Streams$RangeIntSpliterator done

Classes unloaded (0 events):
No events

Classes redefined (0 events):
No events

Internal exceptions (20 events):
Event: 1.299 Thread 0x000001db181795d0 Exception <a 'java/lang/NoSuchMethodError'{0x000000071353de60}: 'int java.lang.invoke.DirectMethodHandle$Holder.invokeStaticInit(java.lang.Object, java.lang.Object)'> (0x000000071353de60) 
thrown [s\open\src\hotspot\share\interpreter\linkResolver.cpp, line 796]
Event: 1.311 Thread 0x000001db181795d0 Exception <a 'java/lang/NoClassDefFoundError'{0x00000007135771c0}: javax/enterprise/inject/Typed> (0x00000007135771c0) 
thrown [s\open\src\hotspot\share\classfile\systemDictionary.cpp, line 302]
Event: 2.697 Thread 0x000001db181795d0 Exception <a 'java/lang/NoSuchMethodError'{0x0000000713a74f08}: 'void java.lang.invoke.DirectMethodHandle$Holder.invokeStaticInit(java.lang.Object, java.lang.Object, java.lang.Object)'> (0x0000000713a74f08) 
thrown [s\open\src\hotspot\share\interpreter\linkResolver.cpp, line 796]
Event: 2.722 Thread 0x000001db181795d0 Implicit null exception at 0x000001db2a733d3d to 0x000001db2a733ecc
Event: 2.726 Thread 0x000001db181795d0 Exception <a 'java/lang/NoSuchMethodError'{0x0000000713ae5f38}: 'java.lang.Object java.lang.invoke.Invokers$Holder.invokeExact_MT(java.lang.Object, int, java.lang.Object)'> (0x0000000713ae5f38) 
thrown [s\open\src\hotspot\share\interpreter\linkResolver.cpp, line 796]
Event: 3.134 Thread 0x000001db181795d0 Exception <a 'java/lang/NoSuchMethodError'{0x00000007133a4070}: 'void java.lang.invoke.Invokers$Holder.invokeExact_MT(java.lang.Object, java.lang.Object, java.lang.Object, java.lang.Object)'> (0x00000007133a4070) 
thrown [s\open\src\hotspot\share\interpreter\linkResolver.cpp, line 796]
Event: 3.164 Thread 0x000001db181795d0 Exception <a 'java/lang/NoClassDefFoundError'{0x0000000712e3a5b8}: com/google/inject/servlet/ServletModuleTargetVisitor> (0x0000000712e3a5b8) 
thrown [s\open\src\hotspot\share\classfile\systemDictionary.cpp, line 302]
Event: 3.297 Thread 0x000001db181795d0 Exception <a 'java/lang/NoSuchMethodError'{0x0000000712caec90}: 'java.lang.Object java.lang.invoke.DirectMethodHandle$Holder.invokeStaticInit(java.lang.Object, int, int, int, int)'> (0x0000000712caec90) 
thrown [s\open\src\hotspot\share\interpreter\linkResolver.cpp, line 796]
Event: 3.470 Thread 0x000001db181795d0 Implicit null exception at 0x000001db2a6de994 to 0x000001db2a6df008
Event: 3.470 Thread 0x000001db181795d0 Implicit null exception at 0x000001db2a6d8b10 to 0x000001db2a6d9170
Event: 3.530 Thread 0x000001db181795d0 Exception <a 'java/lang/NoSuchMethodError'{0x0000000712928500}: 'void java.lang.invoke.DirectMethodHandle$Holder.invokeSpecial(java.lang.Object, java.lang.Object, java.lang.Object, java.lang.Object, java.lang.Object, java.lang.Object)'> (0x0000000712928500) 
thrown [s\open\src\hotspot\share\interpreter\linkResolver.cpp, line 796]
Event: 3.547 Thread 0x000001db181795d0 Exception <a 'java/lang/NoSuchMethodError'{0x0000000712632398}: 'java.lang.Object java.lang.invoke.DirectMethodHandle$Holder.invokeVirtual(java.lang.Object, java.lang.Object, java.lang.Object)'> (0x0000000712632398) 
thrown [s\open\src\hotspot\share\interpreter\linkResolver.cpp, line 796]
Event: 3.614 Thread 0x000001db181795d0 Exception <a 'java/lang/NoSuchMethodError'{0x00000007127a2598}: 'void java.lang.invoke.DirectMethodHandle$Holder.invokeVirtual(java.lang.Object, java.lang.Object, int)'> (0x00000007127a2598) 
thrown [s\open\src\hotspot\share\interpreter\linkResolver.cpp, line 796]
Event: 3.617 Thread 0x000001db181795d0 Exception <a 'java/lang/NoSuchMethodError'{0x00000007127b5330}: 'java.lang.Object java.lang.invoke.DirectMethodHandle$Holder.invokeStatic(java.lang.Object, java.lang.Object, java.lang.Object, java.lang.Object, int)'> (0x00000007127b5330) 
thrown [s\open\src\hotspot\share\interpreter\linkResolver.cpp, line 796]
Event: 3.618 Thread 0x000001db181795d0 Exception <a 'java/lang/NoSuchMethodError'{0x00000007127bd310}: 'void java.lang.invoke.DirectMethodHandle$Holder.invokeSpecial(java.lang.Object, java.lang.Object, java.lang.Object, int)'> (0x00000007127bd310) 
thrown [s\open\src\hotspot\share\interpreter\linkResolver.cpp, line 796]
Event: 3.618 Thread 0x000001db181795d0 Exception <a 'java/lang/NoSuchMethodError'{0x00000007127c09f8}: 'void java.lang.invoke.DelegatingMethodHandle$Holder.reinvoke_L(java.lang.Object, java.lang.Object, int)'> (0x00000007127c09f8) 
thrown [s\open\src\hotspot\share\interpreter\linkResolver.cpp, line 796]
Event: 4.484 Thread 0x000001db181795d0 Implicit null exception at 0x000001db2a7ae839 to 0x000001db2a7afc04
Event: 4.484 Thread 0x000001db181795d0 Implicit null exception at 0x000001db2a7b6b0d to 0x000001db2a7b6d30
Event: 4.485 Thread 0x000001db181795d0 Implicit null exception at 0x000001db2a7a527d to 0x000001db2a7a5b08
Event: 4.490 Thread 0x000001db181795d0 Exception <a 'java/lang/NoSuchMethodError'{0x0000000714624c10}: 'void java.lang.invoke.DirectMethodHandle$Holder.invokeStatic(java.lang.Object, java.lang.Object, java.lang.Object, java.lang.Object)'> (0x0000000714624c10) 
thrown [s\open\src\hotspot\share\interpreter\linkResolver.cpp, line 796]

VM Operations (20 events):
Event: 2.781 Executing VM operation: HandshakeAllThreads (Deoptimize)
Event: 2.781 Executing VM operation: HandshakeAllThreads (Deoptimize) done
Event: 2.784 Executing VM operation: HandshakeAllThreads (Deoptimize)
Event: 2.784 Executing VM operation: HandshakeAllThreads (Deoptimize) done
Event: 2.880 Executing VM operation: HandshakeAllThreads (Deoptimize)
Event: 2.880 Executing VM operation: HandshakeAllThreads (Deoptimize) done
Event: 3.125 Executing VM operation: HandshakeAllThreads (Deoptimize)
Event: 3.125 Executing VM operation: HandshakeAllThreads (Deoptimize) done
Event: 3.233 Executing VM operation: HandshakeAllThreads (Deoptimize)
Event: 3.233 Executing VM operation: HandshakeAllThreads (Deoptimize) done
Event: 3.264 Executing VM operation: HandshakeAllThreads (Deoptimize)
Event: 3.264 Executing VM operation: HandshakeAllThreads (Deoptimize) done
Event: 3.322 Executing VM operation: HandshakeAllThreads (Deoptimize)
Event: 3.322 Executing VM operation: HandshakeAllThreads (Deoptimize) done
Event: 3.363 Executing VM operation: HandshakeAllThreads (Deoptimize)
Event: 3.363 Executing VM operation: HandshakeAllThreads (Deoptimize) done
Event: 3.412 Executing VM operation: HandshakeAllThreads (Deoptimize)
Event: 3.412 Executing VM operation: HandshakeAllThreads (Deoptimize) done
Event: 4.465 Executing VM operation: G1CollectForAllocation (G1 Evacuation Pause)
Event: 4.477 Executing VM operation: G1CollectForAllocation (G1 Evacuation Pause) done

Memory protections (0 events):
No events

Nmethod flushes (0 events):
No events

Events (19 events):
Event: 0.035 Thread 0x000001db181795d0 Thread added: 0x000001db181795d0
Event: 0.054 Thread 0x000001db181795d0 Thread added: 0x000001db393d6300
Event: 0.054 Thread 0x000001db181795d0 Thread added: 0x000001db393d8d70
Event: 0.055 Thread 0x000001db181795d0 Thread added: 0x000001db393db910
Event: 0.055 Thread 0x000001db181795d0 Thread added: 0x000001db393dc830
Event: 0.055 Thread 0x000001db181795d0 Thread added: 0x000001db393dd5e0
Event: 0.055 Thread 0x000001db181795d0 Thread added: 0x000001db393de170
Event: 0.055 Thread 0x000001db181795d0 Thread added: 0x000001db393def00
Event: 0.055 Thread 0x000001db181795d0 Thread added: 0x000001db7f0191e0
Event: 0.077 Thread 0x000001db181795d0 Thread added: 0x000001db7f1670c0
Event: 0.081 Thread 0x000001db181795d0 Thread added: 0x000001db7f168340
Event: 0.437 Thread 0x000001db181795d0 Thread added: 0x000001db7f48ae60
Event: 0.483 Thread 0x000001db7f48ae60 Thread exited: 0x000001db7f48ae60
Event: 1.332 Thread 0x000001db7f0191e0 Thread added: 0x000001db001aff90
Event: 1.344 Thread 0x000001db7f0191e0 Thread added: 0x000001db001b0650
Event: 2.320 Thread 0x000001db001b0650 Thread exited: 0x000001db001b0650
Event: 2.725 Thread 0x000001db001aff90 Thread exited: 0x000001db001aff90
Event: 3.076 Thread 0x000001db7f0191e0 Thread added: 0x000001db00f546a0
Event: 3.361 Thread 0x000001db181795d0 Thread added: 0x000001db00b6e390


Dynamic libraries:
0x00007ff7b7460000 - 0x00007ff7b7470000 	C:\Program Files\Java\jdk-23\bin\java.exe
0x00007ffa69b00000 - 0x00007ffa69d67000 	C:\Windows\SYSTEM32\ntdll.dll
0x00007ffa68a70000 - 0x00007ffa68b39000 	C:\Windows\System32\KERNEL32.DLL
0x00007ffa66770000 - 0x00007ffa66b64000 	C:\Windows\System32\KERNELBASE.dll
0x00007ffa66ca0000 - 0x00007ffa66deb000 	C:\Windows\System32\ucrtbase.dll
0x00007ffa3f5e0000 - 0x00007ffa3f5f7000 	C:\Program Files\Java\jdk-23\bin\jli.dll
0x00007ffa374f0000 - 0x00007ffa3750b000 	C:\Program Files\Java\jdk-23\bin\VCRUNTIME140.dll
0x00007ffa46000000 - 0x00007ffa46293000 	C:\Windows\WinSxS\amd64_microsoft.windows.common-controls_6595b64144ccf1df_6.0.26100.8115_none_3e075c82e3354f9c\COMCTL32.dll
0x00007ffa68060000 - 0x00007ffa68225000 	C:\Windows\System32\USER32.dll
0x00007ffa68260000 - 0x00007ffa68309000 	C:\Windows\System32\msvcrt.dll
0x00007ffa676f0000 - 0x00007ffa67717000 	C:\Windows\System32\win32u.dll
0x00007ffa68230000 - 0x00007ffa6825b000 	C:\Windows\System32\GDI32.dll
0x00007ffa66b70000 - 0x00007ffa66c9b000 	C:\Windows\System32\gdi32full.dll
0x00007ffa663d0000 - 0x00007ffa66473000 	C:\Windows\System32\msvcp_win.dll
0x00007ffa68b60000 - 0x00007ffa68b92000 	C:\Windows\System32\IMM32.DLL
0x00007ffa527a0000 - 0x00007ffa527ac000 	C:\Program Files\Java\jdk-23\bin\vcruntime140_1.dll
0x00007ffa1d9e0000 - 0x00007ffa1da6e000 	C:\Program Files\Java\jdk-23\bin\msvcp140.dll
0x00007ff9d0080000 - 0x00007ff9d0dcf000 	C:\Program Files\Java\jdk-23\bin\server\jvm.dll
0x00007ffa69620000 - 0x00007ffa696d6000 	C:\Windows\System32\ADVAPI32.dll
0x00007ffa689c0000 - 0x00007ffa68a67000 	C:\Windows\System32\sechost.dll
0x00007ffa694b0000 - 0x00007ffa695c8000 	C:\Windows\System32\RPCRT4.dll
0x00007ffa679e0000 - 0x00007ffa67a60000 	C:\Windows\System32\WS2_32.dll
0x00007ffa66230000 - 0x00007ffa6628e000 	C:\Windows\SYSTEM32\POWRPROF.dll
0x00007ffa5b690000 - 0x00007ffa5b6c6000 	C:\Windows\SYSTEM32\WINMM.dll
0x00007ffa498b0000 - 0x00007ffa498bb000 	C:\Windows\SYSTEM32\VERSION.dll
0x00007ffa66210000 - 0x00007ffa66224000 	C:\Windows\SYSTEM32\UMPDC.dll
0x00007ffa65130000 - 0x00007ffa6514b000 	C:\Windows\SYSTEM32\kernel.appcore.dll
0x00007ffa525c0000 - 0x00007ffa525ca000 	C:\Program Files\Java\jdk-23\bin\jimage.dll
0x00007ffa642d0000 - 0x00007ffa64512000 	C:\Windows\SYSTEM32\DBGHELP.DLL
0x00007ffa68420000 - 0x00007ffa687a2000 	C:\Windows\System32\combase.dll
0x00007ffa67a70000 - 0x00007ffa67b48000 	C:\Windows\System32\OLEAUT32.dll
0x00007ffa447b0000 - 0x00007ffa447eb000 	C:\Windows\SYSTEM32\dbgcore.DLL
0x00007ffa67720000 - 0x00007ffa677c5000 	C:\Windows\System32\bcryptPrimitives.dll
0x00007ffa371e0000 - 0x00007ffa371fe000 	C:\Program Files\Java\jdk-23\bin\java.dll
0x00007ffa69310000 - 0x00007ffa694a7000 	C:\Windows\System32\ole32.dll
0x00007ffa68ba0000 - 0x00007ffa69307000 	C:\Windows\System32\SHELL32.dll
0x00007ffa66480000 - 0x00007ffa665ea000 	C:\Windows\System32\wintypes.dll
0x00007ffa66e80000 - 0x00007ffa676e8000 	C:\Windows\System32\windows.storage.dll
0x00007ffa68310000 - 0x00007ffa68408000 	C:\Windows\System32\SHCORE.dll
0x00007ffa69a50000 - 0x00007ffa69ab6000 	C:\Windows\System32\shlwapi.dll
0x00007ffa662f0000 - 0x00007ffa66319000 	C:\Windows\SYSTEM32\profapi.dll
0x00007ffa1e930000 - 0x00007ffa1ea07000 	C:\Program Files\Java\jdk-23\bin\jsvml.dll
0x00007ffa4f320000 - 0x00007ffa4f330000 	C:\Program Files\Java\jdk-23\bin\net.dll
0x00007ffa65680000 - 0x00007ffa656ec000 	C:\Windows\system32\mswsock.dll
0x00007ffa2d060000 - 0x00007ffa2d076000 	C:\Program Files\Java\jdk-23\bin\nio.dll
0x00007ffa28050000 - 0x00007ffa28067000 	C:\Program Files\Java\jdk-23\bin\zip.dll
0x00007ffa37e80000 - 0x00007ffa37ea4000 	C:\Program Files\Apache\MAVEN\apache-maven-3.9.12\lib\jansi-native\Windows\x86_64\jansi.dll
0x00007ffa499a0000 - 0x00007ffa499b0000 	C:\Program Files\Java\jdk-23\bin\verify.dll

dbghelp: loaded successfully - version: 4.0.5 - missing functions: none
symbol engine: initialized successfully - sym options: 0x614 - pdb path: .;C:\Program Files\Java\jdk-23\bin;C:\Windows\SYSTEM32;C:\Windows\WinSxS\amd64_microsoft.windows.common-controls_6595b64144ccf1df_6.0.26100.8115_none_3e075c82e3354f9c;C:\Program Files\Java\jdk-23\bin\server;C:\Program Files\Apache\MAVEN\apache-maven-3.9.12\lib\jansi-native\Windows\x86_64

VM Arguments:
jvm_args: --enable-native-access=ALL-UNNAMED -Dclassworlds.conf=C:\Program Files\Apache\MAVEN\apache-maven-3.9.12\bin\m2.conf -Dmaven.home=C:\Program Files\Apache\MAVEN\apache-maven-3.9.12 -Dlibrary.jansi.path=C:\Program Files\Apache\MAVEN\apache-maven-3.9.12\lib\jansi-native -Dmaven.multiModuleProjectDirectory=C:\Users\dhruv\OneDrive\Desktop\Code-collab-backend\api-gateway 
java_command: org.codehaus.plexus.classworlds.launcher.Launcher spring-boot:run -DskipTests
java_class_path (initial): C:\Program Files\Apache\MAVEN\apache-maven-3.9.12\boot\plexus-classworlds-2.9.0.jar
Launcher Type: SUN_STANDARD

[Global flags]
     intx CICompilerCount                          = 4                                         {product} {ergonomic}
     uint ConcGCThreads                            = 3                                         {product} {ergonomic}
     uint G1ConcRefinementThreads                  = 10                                        {product} {ergonomic}
   size_t G1HeapRegionSize                         = 2097152                                   {product} {ergonomic}
   size_t InitialHeapSize                          = 264241152                                 {product} {ergonomic}
   size_t MarkStackSize                            = 4194304                                   {product} {ergonomic}
   size_t MarkStackSizeMax                         = 536870912                                 {product} {ergonomic}
   size_t MaxHeapSize                              = 4215275520                                {product} {ergonomic}
   size_t MaxNewSize                               = 2529165312                                {product} {ergonomic}
   size_t MinHeapDeltaBytes                        = 2097152                                   {product} {ergonomic}
   size_t MinHeapSize                              = 8388608                                   {product} {ergonomic}
    uintx NonNMethodCodeHeapSize                   = 5832704                                {pd product} {ergonomic}
    uintx NonProfiledCodeHeapSize                  = 122945536                              {pd product} {ergonomic}
    uintx ProfiledCodeHeapSize                     = 122880000                              {pd product} {ergonomic}
    uintx ReservedCodeCacheSize                    = 251658240                              {pd product} {ergonomic}
     bool SegmentedCodeCache                       = true                                      {product} {ergonomic}
   size_t SoftMaxHeapSize                          = 4215275520                             {manageable} {ergonomic}
     bool UseCompressedOops                        = true                           {product lp64_product} {ergonomic}
     bool UseG1GC                                  = true                                      {product} {ergonomic}
     bool UseLargePagesIndividualAllocation        = false                                  {pd product} {ergonomic}

Logging:
Log output configuration:
 #0: stdout all=warning uptime,level,tags foldmultilines=false
 #1: stderr all=off uptime,level,tags foldmultilines=false

Environment Variables:
PATH=C:\Users\dhruv\AppData\Local\Programs\Microsoft VS Code;C:\Program Files\Common Files\Oracle\Java\javapath;C:\Windows\system32;C:\Windows;C:\Windows\System32\Wbem;C:\Windows\System32\WindowsPowerShell\v1.0\;C:\Windows\System32\OpenSSH\;C:\Program Files\nodejs\;C:\Program Files\Git\cmd;C:\Program Files\MongoDB\Server\8.0\bin;C:\Program Files\MySQL\MySQL Server 8.0\bin;C:\Users\dhruv\Downloads\gradle-8.14.3\bin;C:\Program Files\Docker\Docker\resources\bin;C:\Program Files\Apache\MAVEN\bin;C:\Program Files\Apache\MAVEN\apache-maven-3.9.12\bin;C:\Program Files\Cloudflare\Cloudflare WARP\;C:\Program Files\MySQL\MySQL Shell 8.0\bin\;C:\Users\dhruv\AppData\Local\Microsoft\WindowsApps;C:\Users\dhruv\AppData\Local\Programs\Microsoft VS Code\bin;C:\Users\dhruv\AppData\Roaming\npm;C:\Program Files\JetBrains\IntelliJ IDEA Community Edition 2025.1.4.1\bin;;C:\Users\dhruv\AppData\Local\Programs\cursor\resources\app\bin
USERNAME=dhruv
OS=Windows_NT
PROCESSOR_IDENTIFIER=Intel64 Family 6 Model 186 Stepping 2, GenuineIntel
TMP=C:\Users\dhruv\AppData\Local\Temp
TEMP=C:\Users\dhruv\AppData\Local\Temp




Periodic native trim disabled

---------------  S Y S T E M  ---------------

OS:
 Windows 11 , 64 bit Build 26100 (10.0.26100.8246)
OS uptime: 0 days 1:44 hours
Hyper-V role detected

CPU: total 12 (initial active 12) (6 cores per cpu, 2 threads per core) family 6 model 186 stepping 2 microcode 0x6134, cx8, cmov, fxsr, ht, mmx, 3dnowpref, sse, sse2, sse3, ssse3, sse4.1, sse4.2, popcnt, lzcnt, tsc, tscinvbit, avx, avx2, aes, erms, clmul, bmi1, bmi2, adx, sha, fma, vzeroupper, clflush, clflushopt, clwb, hv, serialize, rdtscp, rdpid, fsrm, gfni, f16c, cet_ibt, cet_ss
Processor Information for processor 0
  Max Mhz: 2100, Current Mhz: 2100, Mhz Limit: 2100
Processor Information for processor 1
  Max Mhz: 2100, Current Mhz: 2100, Mhz Limit: 2100
Processor Information for processor 2
  Max Mhz: 2100, Current Mhz: 2100, Mhz Limit: 2100
Processor Information for processor 3
  Max Mhz: 2100, Current Mhz: 2100, Mhz Limit: 2100
Processor Information for processor 4
  Max Mhz: 2100, Current Mhz: 2100, Mhz Limit: 2100
Processor Information for processor 5
  Max Mhz: 2100, Current Mhz: 2100, Mhz Limit: 2100
Processor Information for processor 6
  Max Mhz: 2100, Current Mhz: 2100, Mhz Limit: 2100
Processor Information for processor 7
  Max Mhz: 2100, Current Mhz: 2100, Mhz Limit: 2100
Processor Information for processor 8
  Max Mhz: 2100, Current Mhz: 1500, Mhz Limit: 1491
Processor Information for processor 9
  Max Mhz: 2100, Current Mhz: 1500, Mhz Limit: 1491
Processor Information for processor 10
  Max Mhz: 2100, Current Mhz: 1500, Mhz Limit: 1491
Processor Information for processor 11
  Max Mhz: 2100, Current Mhz: 1500, Mhz Limit: 1491

Memory: 4k page, system-wide physical 16076M (1390M free)
TotalPageFile size 46395M (AvailPageFile size 113M)
current process WorkingSet (physical memory assigned to process): 174M, peak: 176M
current process commit charge ("private bytes"): 399M, peak: 400M

vm_info: Java HotSpot(TM) 64-Bit Server VM (23.0.1+11-39) for windows-amd64 JRE (23.0.1+11-39), built on 2024-09-30T07:20:43Z with MS VC++ 17.6 (VS2022)

END.
