#
# There is insufficient memory for the Java Runtime Environment to continue.
# Native memory allocation (mmap) failed to map 104857600 bytes. Error detail: G1 virtual space
# Possible reasons:
#   The system is out of physical RAM or swap space
#   This process is running with CompressedOops enabled, and the Java Heap may be blocking the growth of the native heap
# Possible solutions:
#   Reduce memory load on the system
#   Increase physical memory or swap space
#   Check if swap backing store is full
#   Decrease Java heap size (-Xmx/-Xms)
#   Decrease number of Java threads
#   Decrease Java thread stack sizes (-Xss)
#   Set larger code cache with -XX:ReservedCodeCacheSize=
#   JVM is running with Zero Based Compressed Oops mode in which the Java heap is
#     placed in the first 32GB address space. The Java Heap base address is the
#     maximum limit for the native heap growth. Please use -XX:HeapBaseMinAddress
#     to set the Java Heap base and to place the Java Heap above 32GB virtual address.
# This output file may be truncated or incomplete.
#
#  Out of Memory Error (os_windows.cpp:3703), pid=6096, tid=22924
#
# JRE version: Java(TM) SE Runtime Environment (23.0.1+11) (build 23.0.1+11-39)
# Java VM: Java HotSpot(TM) 64-Bit Server VM (23.0.1+11-39, mixed mode, sharing, tiered, compressed oops, compressed class ptrs, g1 gc, windows-amd64)
# No core dump will be written. Minidumps are not enabled by default on client versions of Windows
#

---------------  S U M M A R Y ------------

Command Line: -Djava.import.generatesMetadataFilesAtProjectRoot=false C:\Users\dhruv\.cache\kilo\bin\jdtls\plugins\org.eclipse.equinox.launcher_1.7.100.v20251111-0406.jar -configuration C:\Users\dhruv\.cache\kilo\bin\jdtls\config_win -data C:\Users\dhruv\AppData\Local\Temp\opencode-jdtls-dataLJ1EGF -Declipse.application=org.eclipse.jdt.ls.core.id1 -Dosgi.bundles.defaultStartLevel=4 -Declipse.product=org.eclipse.jdt.ls.core.product -Dlog.level=ALL --add-modules=ALL-SYSTEM --add-opens java.base/java.util=ALL-UNNAMED --add-opens java.base/java.lang=ALL-UNNAMED

Host: 13th Gen Intel(R) Core(TM) i5-13420H, 12 cores, 15G,  Windows 11 , 64 bit Build 26100 (10.0.26100.8246)
Time: Thu Apr 16 12:08:15 2026 India Standard Time elapsed time: 24.508773 seconds (0d 0h 0m 24s)

---------------  T H R E A D  ---------------

Current thread (0x00000146b55373d0):  VMThread "VM Thread"          [id=22924, stack(0x00000041d1e00000,0x00000041d1f00000) (1024K)]

Stack: [0x00000041d1e00000,0x00000041d1f00000]
Native frames: (J=compiled Java code, j=interpreted, Vv=VM code, C=native code)
V  [jvm.dll+0x6e08b9]  (no source info available)
V  [jvm.dll+0x87dc83]  (no source info available)
V  [jvm.dll+0x88010e]  (no source info available)
V  [jvm.dll+0x8807e3]  (no source info available)
V  [jvm.dll+0x27aee6]  (no source info available)
V  [jvm.dll+0x6dd1c5]  (no source info available)
V  [jvm.dll+0x6d104a]  (no source info available)
V  [jvm.dll+0x35b3ea]  (no source info available)
V  [jvm.dll+0x3637f6]  (no source info available)
V  [jvm.dll+0x34fd5e]  (no source info available)
V  [jvm.dll+0x34fff8]  (no source info available)
V  [jvm.dll+0x3289cc]  (no source info available)
V  [jvm.dll+0x328a5a]  (no source info available)
V  [jvm.dll+0x374c92]  (no source info available)
V  [jvm.dll+0x373392]  (no source info available)
V  [jvm.dll+0x3281a7]  (no source info available)
V  [jvm.dll+0x372b44]  (no source info available)
V  [jvm.dll+0x886720]  (no source info available)
V  [jvm.dll+0x887a47]  (no source info available)
V  [jvm.dll+0x887f78]  (no source info available)
V  [jvm.dll+0x888213]  (no source info available)
V  [jvm.dll+0x824f8b]  (no source info available)
V  [jvm.dll+0x6df065]  (no source info available)
C  [ucrtbase.dll+0x37b0]  (no source info available)
C  [KERNEL32.DLL+0x2e8d7]  (no source info available)
C  [ntdll.dll+0x8c3fc]  (no source info available)

VM_Operation (0x00000041d3dfd5e0): G1CollectForAllocation, mode: safepoint, requested by thread 0x00000146fd2b45b0


---------------  P R O C E S S  ---------------

Threads class SMR info:
_java_thread_list=0x00000146fc36afd0, length=32, elements={
0x0000014693ade930, 0x00000146b5554380, 0x00000146b5554de0, 0x00000146b55597c0,
0x00000146b555b360, 0x00000146b555cd60, 0x00000146b555e4e0, 0x00000146b556c1a0,
0x00000146b5577ba0, 0x00000146b56f5520, 0x00000146b5702bf0, 0x00000146fb3525d0,
0x00000146fb53bd50, 0x00000146fb0c3a60, 0x00000146fb0b0240, 0x00000146b5621c10,
0x00000146fb4f2710, 0x00000146b5751a90, 0x00000146fbfdd2d0, 0x00000146fbfdd960,
0x00000146fd2b45b0, 0x00000146fd2b5960, 0x00000146fd2b3200, 0x00000146b5579db0,
0x00000146b5576e00, 0x00000146fd2b24e0, 0x00000146fd2b5ff0, 0x00000146fd2b3890,
0x00000146fd2b52d0, 0x00000146fd2b2b70, 0x00000146fd2b73a0, 0x00000146fd2b4c40
}

Java Threads: ( => current thread )
  0x0000014693ade930 JavaThread "main"                              [_thread_blocked, id=26748, stack(0x00000041d1700000,0x00000041d1800000) (1024K)]
  0x00000146b5554380 JavaThread "Reference Handler"          daemon [_thread_blocked, id=27116, stack(0x00000041d1f00000,0x00000041d2000000) (1024K)]
  0x00000146b5554de0 JavaThread "Finalizer"                  daemon [_thread_blocked, id=27092, stack(0x00000041d2000000,0x00000041d2100000) (1024K)]
  0x00000146b55597c0 JavaThread "Signal Dispatcher"          daemon [_thread_blocked, id=33816, stack(0x00000041d2100000,0x00000041d2200000) (1024K)]
  0x00000146b555b360 JavaThread "Attach Listener"            daemon [_thread_blocked, id=22288, stack(0x00000041d2200000,0x00000041d2300000) (1024K)]
  0x00000146b555cd60 JavaThread "Service Thread"             daemon [_thread_blocked, id=10360, stack(0x00000041d2300000,0x00000041d2400000) (1024K)]
  0x00000146b555e4e0 JavaThread "Monitor Deflation Thread"   daemon [_thread_blocked, id=20632, stack(0x00000041d2400000,0x00000041d2500000) (1024K)]
  0x00000146b556c1a0 JavaThread "C2 CompilerThread0"         daemon [_thread_blocked, id=34308, stack(0x00000041d2500000,0x00000041d2600000) (1024K)]
  0x00000146b5577ba0 JavaThread "C1 CompilerThread0"         daemon [_thread_blocked, id=22420, stack(0x00000041d2600000,0x00000041d2700000) (1024K)]
  0x00000146b56f5520 JavaThread "Notification Thread"        daemon [_thread_blocked, id=26608, stack(0x00000041d2700000,0x00000041d2800000) (1024K)]
  0x00000146b5702bf0 JavaThread "Common-Cleaner"             daemon [_thread_blocked, id=31668, stack(0x00000041d2800000,0x00000041d2900000) (1024K)]
  0x00000146fb3525d0 JavaThread "Active Thread: Equinox Container: fb85a8a4-bdbd-4b06-94ec-8633159a1b1a"        [_thread_blocked, id=26060, stack(0x00000041d2900000,0x00000041d2a00000) (1024K)]
  0x00000146fb53bd50 JavaThread "Refresh Thread: Equinox Container: fb85a8a4-bdbd-4b06-94ec-8633159a1b1a" daemon [_thread_blocked, id=24588, stack(0x00000041d3100000,0x00000041d3200000) (1024K)]
  0x00000146fb0c3a60 JavaThread "Framework Event Dispatcher: Equinox Container: fb85a8a4-bdbd-4b06-94ec-8633159a1b1a" daemon [_thread_blocked, id=29248, stack(0x00000041d3200000,0x00000041d3300000) (1024K)]
  0x00000146fb0b0240 JavaThread "Start Level: Equinox Container: fb85a8a4-bdbd-4b06-94ec-8633159a1b1a" daemon [_thread_blocked, id=33328, stack(0x00000041d3300000,0x00000041d3400000) (1024K)]
  0x00000146b5621c10 JavaThread "Bundle File Closer"         daemon [_thread_blocked, id=22844, stack(0x00000041d3500000,0x00000041d3600000) (1024K)]
  0x00000146fb4f2710 JavaThread "SCR Component Actor"        daemon [_thread_blocked, id=28584, stack(0x00000041d3400000,0x00000041d3500000) (1024K)]
  0x00000146b5751a90 JavaThread "Worker-JM"                         [_thread_blocked, id=35308, stack(0x00000041d3900000,0x00000041d3a00000) (1024K)]
  0x00000146fbfdd2d0 JavaThread "Worker-0: Initialize Workspace"        [_thread_blocked, id=4492, stack(0x00000041d3a00000,0x00000041d3b00000) (1024K)]
  0x00000146fbfdd960 JavaThread "Worker-1"                          [_thread_blocked, id=23212, stack(0x00000041d3b00000,0x00000041d3c00000) (1024K)]
  0x00000146fd2b45b0 JavaThread "Java indexing"              daemon [_thread_blocked, id=8612, stack(0x00000041d3d00000,0x00000041d3e00000) (1024K)]
  0x00000146fd2b5960 JavaThread "Worker-2"                          [_thread_blocked, id=35096, stack(0x00000041d3e00000,0x00000041d3f00000) (1024K)]
  0x00000146fd2b3200 JavaThread "Worker-3"                          [_thread_blocked, id=23172, stack(0x00000041d3f00000,0x00000041d4000000) (1024K)]
  0x00000146b5579db0 JavaThread "C2 CompilerThread1"         daemon [_thread_blocked, id=20120, stack(0x00000041d4000000,0x00000041d4100000) (1024K)]
  0x00000146b5576e00 JavaThread "C2 CompilerThread2"         daemon [_thread_blocked, id=25072, stack(0x00000041d4100000,0x00000041d4200000) (1024K)]
  0x00000146fd2b24e0 JavaThread "JNA Cleaner"                daemon [_thread_blocked, id=32344, stack(0x00000041d4200000,0x00000041d4300000) (1024K)]
  0x00000146fd2b5ff0 JavaThread "Worker-4"                          [_thread_blocked, id=7128, stack(0x00000041d4500000,0x00000041d4600000) (1024K)]
  0x00000146fd2b3890 JavaThread "Worker-5: Java indexing... "        [_thread_blocked, id=33068, stack(0x00000041d4600000,0x00000041d4700000) (1024K)]
  0x00000146fd2b52d0 JavaThread "pool-2-thread-1"                   [_thread_blocked, id=19608, stack(0x00000041d4700000,0x00000041d4800000) (1024K)]
  0x00000146fd2b2b70 JavaThread "WorkspaceEventsHandler"            [_thread_blocked, id=34420, stack(0x00000041d4900000,0x00000041d4a00000) (1024K)]
  0x00000146fd2b73a0 JavaThread "pool-1-thread-1"                   [_thread_blocked, id=27928, stack(0x00000041d4a00000,0x00000041d4b00000) (1024K)]
  0x00000146fd2b4c40 JavaThread "Keep-Alive-Timer"           daemon [_thread_blocked, id=32504, stack(0x00000041d4b00000,0x00000041d4c00000) (1024K)]
Total: 32

Other Threads:
=>0x00000146b55373d0 VMThread "VM Thread"                           [id=22924, stack(0x00000041d1e00000,0x00000041d1f00000) (1024K)]
  0x00000146b5522120 WatcherThread "VM Periodic Task Thread"        [id=31880, stack(0x00000041d1d00000,0x00000041d1e00000) (1024K)]
  0x0000014695e23ee0 WorkerThread "GC Thread#0"                     [id=34464, stack(0x00000041d1800000,0x00000041d1900000) (1024K)]
  0x00000146fb553490 WorkerThread "GC Thread#1"                     [id=31312, stack(0x00000041d2a00000,0x00000041d2b00000) (1024K)]
  0x00000146fb1e96d0 WorkerThread "GC Thread#2"                     [id=10744, stack(0x00000041d2b00000,0x00000041d2c00000) (1024K)]
  0x00000146fb7cc5f0 WorkerThread "GC Thread#3"                     [id=31056, stack(0x00000041d2c00000,0x00000041d2d00000) (1024K)]
  0x00000146fb4db090 WorkerThread "GC Thread#4"                     [id=29520, stack(0x00000041d2d00000,0x00000041d2e00000) (1024K)]
  0x00000146fb4db440 WorkerThread "GC Thread#5"                     [id=34316, stack(0x00000041d2e00000,0x00000041d2f00000) (1024K)]
  0x00000146fb97f860 WorkerThread "GC Thread#6"                     [id=10064, stack(0x00000041d2f00000,0x00000041d3000000) (1024K)]
  0x00000146fb97fc10 WorkerThread "GC Thread#7"                     [id=34132, stack(0x00000041d3000000,0x00000041d3100000) (1024K)]
  0x00000146fbb7bff0 WorkerThread "GC Thread#8"                     [id=24660, stack(0x00000041d3600000,0x00000041d3700000) (1024K)]
  0x00000146fbb7c3a0 WorkerThread "GC Thread#9"                     [id=30912, stack(0x00000041d3700000,0x00000041d3800000) (1024K)]
  0x0000014695e39770 ConcurrentGCThread "G1 Main Marker"            [id=28244, stack(0x00000041d1900000,0x00000041d1a00000) (1024K)]
  0x0000014695e3a190 WorkerThread "G1 Conc#0"                       [id=25344, stack(0x00000041d1a00000,0x00000041d1b00000) (1024K)]
  0x00000146fc108770 WorkerThread "G1 Conc#1"                       [id=24196, stack(0x00000041d3800000,0x00000041d3900000) (1024K)]
  0x00000146fc1069f0 WorkerThread "G1 Conc#2"                       [id=18256, stack(0x00000041d3c00000,0x00000041d3d00000) (1024K)]
  0x00000146b53f21f0 ConcurrentGCThread "G1 Refine#0"               [id=18904, stack(0x00000041d1b00000,0x00000041d1c00000) (1024K)]
  0x00000146b53f48a0 ConcurrentGCThread "G1 Service"                [id=31532, stack(0x00000041d1c00000,0x00000041d1d00000) (1024K)]
Total: 18

Threads with active compile tasks:
C2 CompilerThread0  24605 7129       4       org.apache.maven.model.io.xpp3.MavenXpp3ReaderEx::parseDependency (777 bytes)
C2 CompilerThread1  24605 7144       4       jdk.internal.org.objectweb.asm.MethodWriter::visitVarInsn (302 bytes)
C2 CompilerThread2  24605 7109       4       java.io.WinNTFileSystem::normalize (148 bytes)
Total: 3

VM state: at safepoint (normal execution)

VM Mutex/Monitor currently owned by a thread:  ([mutex/lock_event])
[0x00007ffed3b93910] Threads_lock - owner thread: 0x00000146b55373d0
[0x00007ffed3b93a10] Heap_lock - owner thread: 0x00000146fd2b45b0

Heap address: 0x0000000704c00000, size: 4020 MB, Compressed Oops mode: Zero based, Oop shift amount: 3

CDS archive(s) mapped at: [0x00000146b6000000-0x00000146b6d70000-0x00000146b6d70000), size 14090240, SharedBaseAddress: 0x00000146b6000000, ArchiveRelocationMode: 1.
Compressed class space mapped at: 0x00000146b7000000-0x00000146f7000000, reserved size: 1073741824
Narrow klass base: 0x00000146b6000000, Narrow klass shift: 0, Narrow klass range: 0x41000000

GC Precious Log:
 CardTable entry size: 512
 Card Set container configuration: InlinePtr #cards 4 size 8 Array Of Cards #cards 16 size 48 Howl #buckets 8 coarsen threshold 3686 Howl Bitmap #cards 512 size 80 coarsen threshold 460 Card regions per heap region 1 cards per card region 4096
 CPUs: 12 total, 12 available
 Memory: 16076M
 Large Page Support: Disabled
 NUMA Support: Disabled
 Compressed Oops: Enabled (Zero based)
 Heap Region Size: 2M
 Heap Min Capacity: 8M
 Heap Initial Capacity: 252M
 Heap Max Capacity: 4020M
 Pre-touch: Disabled
 Parallel Workers: 10
 Concurrent Workers: 3
 Concurrent Refinement Workers: 10
 Periodic GC: Disabled

Heap:
 garbage-first heap   total reserved 4116480K, committed 55296K, used 32217K [0x0000000704c00000, 0x0000000800000000)
  region size 2048K, 1 young (2048K), 1 survivors (2048K)
 Metaspace       used 51730K, committed 52864K, reserved 1114112K
  class space    used 5802K, committed 6272K, reserved 1048576K

Heap Regions: E=young(eden), S=young(survivor), O=old, HS=humongous(starts), HC=humongous(continues), CS=collection set, F=free, TAMS=top-at-mark-start, PB=parsable bottom
|   0|0x0000000704c00000, 0x0000000704e00000, 0x0000000704e00000|100%| O|  |TAMS 0x0000000704c00000| PB 0x0000000704c00000| Untracked |  0
|   1|0x0000000704e00000, 0x0000000705000000, 0x0000000705000000|100%| O|  |TAMS 0x0000000704e00000| PB 0x0000000704e00000| Untracked |  0
|   2|0x0000000705000000, 0x00000007051cef90, 0x0000000705200000| 90%| O|  |TAMS 0x0000000705000000| PB 0x0000000705000000| Untracked |  0
|   3|0x0000000705200000, 0x0000000705400000, 0x0000000705400000|100%| O|  |TAMS 0x0000000705200000| PB 0x0000000705200000| Untracked |  0
|   4|0x0000000705400000, 0x0000000705600000, 0x0000000705600000|100%| O|  |TAMS 0x0000000705400000| PB 0x0000000705400000| Untracked |  0
|   5|0x0000000705600000, 0x0000000705800000, 0x0000000705800000|100%| O|  |TAMS 0x0000000705600000| PB 0x0000000705600000| Untracked |  0
|   6|0x0000000705800000, 0x0000000705a00000, 0x0000000705a00000|100%| O|  |TAMS 0x0000000705800000| PB 0x0000000705800000| Untracked |  0
|   7|0x0000000705a00000, 0x0000000705c00000, 0x0000000705c00000|100%| O|  |TAMS 0x0000000705a00000| PB 0x0000000705a00000| Untracked |  0
|   8|0x0000000705c00000, 0x0000000705e00000, 0x0000000705e00000|100%| O|  |TAMS 0x0000000705c00000| PB 0x0000000705c00000| Untracked |  0
|   9|0x0000000705e00000, 0x0000000706000000, 0x0000000706000000|100%| O|  |TAMS 0x0000000705e00000| PB 0x0000000705e00000| Untracked |  0
|  10|0x0000000706000000, 0x0000000706200000, 0x0000000706200000|100%| O|Cm|TAMS 0x0000000706000000| PB 0x0000000706000000| Complete |  0
|  11|0x0000000706200000, 0x0000000706400000, 0x0000000706400000|100%| O|  |TAMS 0x0000000706200000| PB 0x0000000706200000| Untracked |  0
|  12|0x0000000706400000, 0x0000000706600000, 0x0000000706600000|100%| O|  |TAMS 0x0000000706400000| PB 0x0000000706400000| Untracked |  0
|  13|0x0000000706600000, 0x0000000706800000, 0x0000000706800000|100%| O|  |TAMS 0x0000000706600000| PB 0x0000000706600000| Untracked |  0
|  14|0x0000000706800000, 0x0000000706a00000, 0x0000000706a00000|100%| O|  |TAMS 0x0000000706800000| PB 0x0000000706800000| Untracked |  0
|  15|0x0000000706a00000, 0x0000000706a00000, 0x0000000706c00000|  0%| F|  |TAMS 0x0000000706a00000| PB 0x0000000706a00000| Untracked |  0
|  16|0x0000000706c00000, 0x0000000706c00000, 0x0000000706e00000|  0%| F|  |TAMS 0x0000000706c00000| PB 0x0000000706c00000| Untracked |  0
|  17|0x0000000706e00000, 0x0000000706e00000, 0x0000000707000000|  0%| F|  |TAMS 0x0000000706e00000| PB 0x0000000706e00000| Untracked |  0
|  18|0x0000000707000000, 0x0000000707000000, 0x0000000707200000|  0%| F|  |TAMS 0x0000000707000000| PB 0x0000000707000000| Untracked |  0
|  19|0x0000000707200000, 0x0000000707200000, 0x0000000707400000|  0%| F|  |TAMS 0x0000000707200000| PB 0x0000000707200000| Untracked |  0
|  20|0x0000000707400000, 0x0000000707400000, 0x0000000707600000|  0%| F|  |TAMS 0x0000000707400000| PB 0x0000000707400000| Untracked |  0
|  21|0x0000000707600000, 0x00000007077a7720, 0x0000000707800000| 82%| S|CS|TAMS 0x0000000707600000| PB 0x0000000707600000| Complete |  0
|  22|0x0000000707800000, 0x0000000707800000, 0x0000000707a00000|  0%| F|  |TAMS 0x0000000707800000| PB 0x0000000707800000| Untracked |  0
| 118|0x0000000713800000, 0x0000000713800000, 0x0000000713a00000|  0%| F|  |TAMS 0x0000000713800000| PB 0x0000000713800000| Untracked |  0
| 119|0x0000000713a00000, 0x0000000713a00000, 0x0000000713c00000|  0%| F|  |TAMS 0x0000000713a00000| PB 0x0000000713a00000| Untracked |  0
| 120|0x0000000713c00000, 0x0000000713c00000, 0x0000000713e00000|  0%| F|  |TAMS 0x0000000713c00000| PB 0x0000000713c00000| Untracked |  0
| 125|0x0000000714600000, 0x0000000714600000, 0x0000000714800000|  0%| F|  |TAMS 0x0000000714600000| PB 0x0000000714600000| Untracked |  0

Card table byte_map: [0x00000146ae240000,0x00000146aea20000] _byte_map_base: 0x00000146aaa1a000

Marking Bits: (CMBitMap*) 0x0000014695e24500
 Bits: [0x00000146aea20000, 0x00000146b28f0000)

Polling page: 0x00000146939b0000

Metaspace:

Usage:
  Non-class:     44.85 MB used.
      Class:      5.67 MB used.
       Both:     50.52 MB used.

Virtual space:
  Non-class space:       64.00 MB reserved,      45.50 MB ( 71%) committed,  1 nodes.
      Class space:        1.00 GB reserved,       6.12 MB ( <1%) committed,  1 nodes.
             Both:        1.06 GB reserved,      51.62 MB (  5%) committed. 

Chunk freelists:
   Non-Class:  2.22 MB
       Class:  9.90 MB
        Both:  12.13 MB

MaxMetaspaceSize: unlimited
CompressedClassSpaceSize: 1.00 GB
Initial GC threshold: 21.00 MB
Current GC threshold: 85.00 MB
CDS: on
 - commit_granule_bytes: 65536.
 - commit_granule_words: 8192.
 - virtual_space_node_default_size: 8388608.
 - enlarge_chunks_in_place: 1.
 - use_allocation_guard: 0.


Internal statistics:

num_allocs_failed_limit: 6.
num_arena_births: 720.
num_arena_deaths: 12.
num_vsnodes_births: 2.
num_vsnodes_deaths: 0.
num_space_committed: 826.
num_space_uncommitted: 0.
num_chunks_returned_to_freelist: 20.
num_chunks_taken_from_freelist: 2752.
num_chunk_merges: 8.
num_chunk_splits: 1721.
num_chunks_enlarged: 1032.
num_inconsistent_stats: 0.

CodeHeap 'non-profiled nmethods': size=120064Kb used=2498Kb max_used=2640Kb free=117565Kb
 bounds [0x00000146a5fb0000, 0x00000146a6250000, 0x00000146ad4f0000]
CodeHeap 'profiled nmethods': size=120000Kb used=9184Kb max_used=9713Kb free=110815Kb
 bounds [0x000001469e4f0000, 0x000001469ee80000, 0x00000146a5a20000]
CodeHeap 'non-nmethods': size=5696Kb used=1673Kb max_used=1736Kb free=4022Kb
 bounds [0x00000146a5a20000, 0x00000146a5c90000, 0x00000146a5fb0000]
CodeCache: size=245760Kb, used=13355Kb, max_used=14089Kb, free=232402Kb
 total_blobs=6839, nmethods=6112, adapters=631, full_count=0
Compilation: enabled, stopped_count=0, restarted_count=0

Compilation events (20 events):
Event: 22.463 Thread 0x00000146b5577ba0 7133       3       sun.nio.cs.StreamDecoder::<init> (52 bytes)
Event: 22.464 Thread 0x00000146b5577ba0 nmethod 7133 0x000001469e505b08 code [0x000001469e505c80, 0x000001469e5062d8]
Event: 22.468 Thread 0x00000146b556c1a0 nmethod 7119 0x00000146a6198708 code [0x00000146a61988e0, 0x00000146a61996d8]
Event: 22.468 Thread 0x00000146b5577ba0 7137       3       java.lang.invoke.InvokerBytecodeGenerator::assertStaticType (58 bytes)
Event: 22.469 Thread 0x00000146b5577ba0 nmethod 7137 0x000001469e5f5288 code [0x000001469e5f53e0, 0x000001469e5f5888]
Event: 22.471 Thread 0x00000146b556c1a0 7129       4       org.apache.maven.model.io.xpp3.MavenXpp3ReaderEx::parseDependency (777 bytes)
Event: 22.472 Thread 0x00000146b5577ba0 7138       3       org.apache.maven.model.building.ModelData::getGroupId (17 bytes)
Event: 22.472 Thread 0x00000146b5577ba0 nmethod 7138 0x000001469e5e8288 code [0x000001469e5e83a0, 0x000001469e5e8520]
Event: 22.472 Thread 0x00000146b5577ba0 7139       3       java.lang.invoke.InvokerBytecodeGenerator::emitReturnInsn (122 bytes)
Event: 22.474 Thread 0x00000146b5577ba0 nmethod 7139 0x000001469e552808 code [0x000001469e5529e0, 0x000001469e5533f0]
Event: 22.479 Thread 0x00000146b5577ba0 7145       3       jdk.internal.org.objectweb.asm.Frame::execute (2305 bytes)
Event: 22.484 Thread 0x00000146b5579db0 nmethod 7128 0x00000146a5ff9788 code [0x00000146a5ff9980, 0x00000146a5ffaa58]
Event: 22.485 Thread 0x00000146b5579db0 7144       4       jdk.internal.org.objectweb.asm.MethodWriter::visitVarInsn (302 bytes)
Event: 22.486 Thread 0x00000146b5577ba0 nmethod 7145 0x000001469e821c08 code [0x000001469e8229c0, 0x000001469e828ce8]
Event: 22.486 Thread 0x00000146b5577ba0 7146       1       java.nio.MappedByteBuffer::fileDescriptor (5 bytes)
Event: 22.486 Thread 0x00000146b5577ba0 nmethod 7146 0x00000146a605d408 code [0x00000146a605d520, 0x00000146a605d5f0]
Event: 22.486 Thread 0x00000146b5577ba0 7147       1       java.nio.MappedByteBuffer::isSync (5 bytes)
Event: 22.487 Thread 0x00000146b5577ba0 nmethod 7147 0x00000146a5fd4b08 code [0x00000146a5fd4c20, 0x00000146a5fd4cf0]
Event: 22.488 Thread 0x00000146b5577ba0 7148       3       org.codehaus.plexus.interpolation.RegexBasedInterpolator::<init> (76 bytes)
Event: 22.489 Thread 0x00000146b5577ba0 nmethod 7148 0x000001469e5d4788 code [0x000001469e5d49a0, 0x000001469e5d55c8]

GC Heap History (20 events):
Event: 16.360 GC heap after
{Heap after GC invocations=7 (full 0):
 garbage-first heap   total reserved 4116480K, committed 49152K, used 16443K [0x0000000704c00000, 0x0000000800000000)
  region size 2048K, 1 young (2048K), 1 survivors (2048K)
 Metaspace       used 29520K, committed 30400K, reserved 1114112K
  class space    used 3090K, committed 3456K, reserved 1048576K
}
Event: 16.898 GC heap before
{Heap before GC invocations=7 (full 0):
 garbage-first heap   total reserved 4116480K, committed 49152K, used 34875K [0x0000000704c00000, 0x0000000800000000)
  region size 2048K, 11 young (22528K), 1 survivors (2048K)
 Metaspace       used 33061K, committed 33984K, reserved 1114112K
  class space    used 3509K, committed 3904K, reserved 1048576K
}
Event: 16.906 GC heap after
{Heap after GC invocations=8 (full 0):
 garbage-first heap   total reserved 4116480K, committed 49152K, used 18164K [0x0000000704c00000, 0x0000000800000000)
  region size 2048K, 2 young (4096K), 2 survivors (4096K)
 Metaspace       used 33061K, committed 33984K, reserved 1114112K
  class space    used 3509K, committed 3904K, reserved 1048576K
}
Event: 17.232 GC heap before
{Heap before GC invocations=8 (full 0):
 garbage-first heap   total reserved 4116480K, committed 49152K, used 28404K [0x0000000704c00000, 0x0000000800000000)
  region size 2048K, 9 young (18432K), 2 survivors (4096K)
 Metaspace       used 35329K, committed 36288K, reserved 1114112K
  class space    used 3772K, committed 4224K, reserved 1048576K
}
Event: 17.238 GC heap after
{Heap after GC invocations=9 (full 0):
 garbage-first heap   total reserved 4116480K, committed 49152K, used 19791K [0x0000000704c00000, 0x0000000800000000)
  region size 2048K, 2 young (4096K), 2 survivors (4096K)
 Metaspace       used 35329K, committed 36288K, reserved 1114112K
  class space    used 3772K, committed 4224K, reserved 1048576K
}
Event: 18.077 GC heap before
{Heap before GC invocations=10 (full 0):
 garbage-first heap   total reserved 4116480K, committed 49152K, used 36175K [0x0000000704c00000, 0x0000000800000000)
  region size 2048K, 11 young (22528K), 2 survivors (4096K)
 Metaspace       used 41460K, committed 42432K, reserved 1114112K
  class space    used 4573K, committed 4992K, reserved 1048576K
}
Event: 18.084 GC heap after
{Heap after GC invocations=11 (full 0):
 garbage-first heap   total reserved 4116480K, committed 49152K, used 21907K [0x0000000704c00000, 0x0000000800000000)
  region size 2048K, 2 young (4096K), 2 survivors (4096K)
 Metaspace       used 41460K, committed 42432K, reserved 1114112K
  class space    used 4573K, committed 4992K, reserved 1048576K
}
Event: 18.758 GC heap before
{Heap before GC invocations=11 (full 0):
 garbage-first heap   total reserved 4116480K, committed 49152K, used 36243K [0x0000000704c00000, 0x0000000800000000)
  region size 2048K, 10 young (20480K), 2 survivors (4096K)
 Metaspace       used 44060K, committed 45056K, reserved 1114112K
  class space    used 4929K, committed 5376K, reserved 1048576K
}
Event: 18.764 GC heap after
{Heap after GC invocations=12 (full 0):
 garbage-first heap   total reserved 4116480K, committed 49152K, used 23875K [0x0000000704c00000, 0x0000000800000000)
  region size 2048K, 2 young (4096K), 2 survivors (4096K)
 Metaspace       used 44060K, committed 45056K, reserved 1114112K
  class space    used 4929K, committed 5376K, reserved 1048576K
}
Event: 19.774 GC heap before
{Heap before GC invocations=12 (full 0):
 garbage-first heap   total reserved 4116480K, committed 49152K, used 40259K [0x0000000704c00000, 0x0000000800000000)
  region size 2048K, 10 young (20480K), 2 survivors (4096K)
 Metaspace       used 46574K, committed 47552K, reserved 1114112K
  class space    used 5259K, committed 5696K, reserved 1048576K
}
Event: 19.781 GC heap after
{Heap after GC invocations=13 (full 0):
 garbage-first heap   total reserved 4116480K, committed 49152K, used 25620K [0x0000000704c00000, 0x0000000800000000)
  region size 2048K, 1 young (2048K), 1 survivors (2048K)
 Metaspace       used 46574K, committed 47552K, reserved 1114112K
  class space    used 5259K, committed 5696K, reserved 1048576K
}
Event: 20.907 GC heap before
{Heap before GC invocations=13 (full 0):
 garbage-first heap   total reserved 4116480K, committed 49152K, used 39956K [0x0000000704c00000, 0x0000000800000000)
  region size 2048K, 9 young (18432K), 1 survivors (2048K)
 Metaspace       used 50141K, committed 51200K, reserved 1114112K
  class space    used 5677K, committed 6144K, reserved 1048576K
}
Event: 20.913 GC heap after
{Heap after GC invocations=14 (full 0):
 garbage-first heap   total reserved 4116480K, committed 49152K, used 27204K [0x0000000704c00000, 0x0000000800000000)
  region size 2048K, 2 young (4096K), 2 survivors (4096K)
 Metaspace       used 50141K, committed 51200K, reserved 1114112K
  class space    used 5677K, committed 6144K, reserved 1048576K
}
Event: 21.493 GC heap before
{Heap before GC invocations=15 (full 0):
 garbage-first heap   total reserved 4116480K, committed 49152K, used 39492K [0x0000000704c00000, 0x0000000800000000)
  region size 2048K, 8 young (16384K), 2 survivors (4096K)
 Metaspace       used 50640K, committed 51712K, reserved 1114112K
  class space    used 5722K, committed 6208K, reserved 1048576K
}
Event: 21.498 GC heap after
{Heap after GC invocations=16 (full 0):
 garbage-first heap   total reserved 4116480K, committed 49152K, used 28598K [0x0000000704c00000, 0x0000000800000000)
  region size 2048K, 1 young (2048K), 1 survivors (2048K)
 Metaspace       used 50640K, committed 51712K, reserved 1114112K
  class space    used 5722K, committed 6208K, reserved 1048576K
}
Event: 21.881 GC heap before
{Heap before GC invocations=16 (full 0):
 garbage-first heap   total reserved 4116480K, committed 49152K, used 38838K [0x0000000704c00000, 0x0000000800000000)
  region size 2048K, 7 young (14336K), 1 survivors (2048K)
 Metaspace       used 50909K, committed 52032K, reserved 1114112K
  class space    used 5750K, committed 6208K, reserved 1048576K
}
Event: 21.887 GC heap after
{Heap after GC invocations=17 (full 0):
 garbage-first heap   total reserved 4116480K, committed 49152K, used 30270K [0x0000000704c00000, 0x0000000800000000)
  region size 2048K, 1 young (2048K), 1 survivors (2048K)
 Metaspace       used 50909K, committed 52032K, reserved 1114112K
  class space    used 5750K, committed 6208K, reserved 1048576K
}
Event: 22.234 GC heap before
{Heap before GC invocations=17 (full 0):
 garbage-first heap   total reserved 4116480K, committed 49152K, used 42558K [0x0000000704c00000, 0x0000000800000000)
  region size 2048K, 7 young (14336K), 1 survivors (2048K)
 Metaspace       used 51121K, committed 52224K, reserved 1114112K
  class space    used 5756K, committed 6272K, reserved 1048576K
}
Event: 22.237 GC heap after
{Heap after GC invocations=18 (full 0):
 garbage-first heap   total reserved 4116480K, committed 49152K, used 31178K [0x0000000704c00000, 0x0000000800000000)
  region size 2048K, 1 young (2048K), 1 survivors (2048K)
 Metaspace       used 51121K, committed 52224K, reserved 1114112K
  class space    used 5756K, committed 6272K, reserved 1048576K
}
Event: 22.494 GC heap before
{Heap before GC invocations=19 (full 0):
 garbage-first heap   total reserved 4116480K, committed 55296K, used 41418K [0x0000000704c00000, 0x0000000800000000)
  region size 2048K, 6 young (12288K), 1 survivors (2048K)
 Metaspace       used 51730K, committed 52864K, reserved 1114112K
  class space    used 5802K, committed 6272K, reserved 1048576K
}

Dll operation events (13 events):
Event: 0.016 Loaded shared library C:\Program Files\Java\jdk-23\bin\java.dll
Event: 0.070 Loaded shared library C:\Program Files\Java\jdk-23\bin\jsvml.dll
Event: 0.098 Loaded shared library C:\Program Files\Java\jdk-23\bin\net.dll
Event: 0.101 Loaded shared library C:\Program Files\Java\jdk-23\bin\nio.dll
Event: 0.109 Loaded shared library C:\Program Files\Java\jdk-23\bin\zip.dll
Event: 0.276 Loaded shared library C:\Program Files\Java\jdk-23\bin\jimage.dll
Event: 2.224 Loaded shared library C:\Users\dhruv\.cache\kilo\bin\jdtls\config_win\org.eclipse.equinox.launcher\org.eclipse.equinox.launcher.win32.win32.x86_64_1.3.0.v20260203-2149\eclipse_11919.dll
Event: 10.879 Loaded shared library C:\Program Files\Java\jdk-23\bin\management.dll
Event: 10.882 Loaded shared library C:\Program Files\Java\jdk-23\bin\management_ext.dll
Event: 11.002 Loaded shared library C:\Program Files\Java\jdk-23\bin\verify.dll
Event: 16.417 Loaded shared library C:\Users\dhruv\AppData\Local\Temp\jna-95563663\jna9475847266205788325.dll
Event: 17.330 Loaded shared library C:\Program Files\Java\jdk-23\bin\sunmscapi.dll
Event: 17.484 Loaded shared library C:\Program Files\Java\jdk-23\bin\extnet.dll

Deoptimization events (20 events):
Event: 22.125 Thread 0x00000146fbfdd2d0 DEOPT PACKING pc=0x00000146a620356c sp=0x00000041d3afd070
Event: 22.125 Thread 0x00000146fbfdd2d0 DEOPT UNPACKING pc=0x00000146a5a74402 sp=0x00000041d3afcfd0 mode 2
Event: 22.136 Thread 0x00000146fbfdd2d0 DEOPT PACKING pc=0x000001469edaa28d sp=0x00000041d3afd030
Event: 22.136 Thread 0x00000146fbfdd2d0 DEOPT UNPACKING pc=0x00000146a5a74b22 sp=0x00000041d3afc568 mode 0
Event: 22.175 Thread 0x00000146fbfdd2d0 DEOPT PACKING pc=0x000001469e71a625 sp=0x00000041d3afce50
Event: 22.175 Thread 0x00000146fbfdd2d0 DEOPT UNPACKING pc=0x00000146a5a74b22 sp=0x00000041d3afc3d0 mode 0
Event: 22.414 Thread 0x00000146fd2b45b0 DEOPT PACKING pc=0x000001469eab9357 sp=0x00000041d3dfd750
Event: 22.414 Thread 0x00000146fd2b45b0 DEOPT UNPACKING pc=0x00000146a5a74b22 sp=0x00000041d3dfcc38 mode 0
Event: 22.476 Thread 0x00000146fd2b45b0 Uncommon trap: trap_request=0xffffff45 fr.pc=0x00000146a619d0a8 relative=0x0000000000000348
Event: 22.476 Thread 0x00000146fd2b45b0 Uncommon trap: reason=unstable_if action=reinterpret pc=0x00000146a619d0a8 method=java.lang.invoke.MethodType.genericMethodType(IZ)Ljava/lang/invoke/MethodType; @ 27 c2
Event: 22.476 Thread 0x00000146fd2b45b0 DEOPT PACKING pc=0x00000146a619d0a8 sp=0x00000041d3dfd240
Event: 22.476 Thread 0x00000146fd2b45b0 DEOPT UNPACKING pc=0x00000146a5a74402 sp=0x00000041d3dfd1e8 mode 2
Event: 22.477 Thread 0x00000146fd2b45b0 Uncommon trap: trap_request=0xffffff45 fr.pc=0x00000146a60ec5d8 relative=0x00000000000003d8
Event: 22.477 Thread 0x00000146fd2b45b0 Uncommon trap: reason=unstable_if action=reinterpret pc=0x00000146a60ec5d8 method=java.lang.invoke.MethodType.genericMethodType(IZ)Ljava/lang/invoke/MethodType; @ 27 c2
Event: 22.477 Thread 0x00000146fd2b45b0 DEOPT PACKING pc=0x00000146a60ec5d8 sp=0x00000041d3dfd3b0
Event: 22.477 Thread 0x00000146fd2b45b0 DEOPT UNPACKING pc=0x00000146a5a74402 sp=0x00000041d3dfd2c8 mode 2
Event: 22.478 Thread 0x00000146fd2b45b0 Uncommon trap: trap_request=0xffffff45 fr.pc=0x00000146a6097e4c relative=0x000000000000082c
Event: 22.478 Thread 0x00000146fd2b45b0 Uncommon trap: reason=unstable_if action=reinterpret pc=0x00000146a6097e4c method=jdk.internal.org.objectweb.asm.Frame.execute(IILjdk/internal/org/objectweb/asm/Symbol;Ljdk/internal/org/objectweb/asm/SymbolTable;)V @ 1 c2
Event: 22.478 Thread 0x00000146fd2b45b0 DEOPT PACKING pc=0x00000146a6097e4c sp=0x00000041d3dfd9f0
Event: 22.478 Thread 0x00000146fd2b45b0 DEOPT UNPACKING pc=0x00000146a5a74402 sp=0x00000041d3dfd9a0 mode 2

Classes loaded (20 events):
Event: 22.461 Loading class java/nio/channels/FileChannel$MapMode
Event: 22.461 Loading class java/nio/channels/FileChannel$MapMode done
Event: 22.461 Loading class jdk/internal/misc/ExtendedMapMode
Event: 22.462 Loading class jdk/internal/misc/ExtendedMapMode done
Event: 22.464 Loading class sun/nio/ch/FileChannelImpl$DefaultUnmapper
Event: 22.464 Loading class sun/nio/ch/FileChannelImpl$Unmapper
Event: 22.464 Loading class jdk/internal/access/foreign/UnmapperProxy
Event: 22.464 Loading class jdk/internal/access/foreign/UnmapperProxy done
Event: 22.464 Loading class sun/nio/ch/FileChannelImpl$Unmapper done
Event: 22.464 Loading class sun/nio/ch/FileChannelImpl$DefaultUnmapper done
Event: 22.464 Loading class sun/nio/ch/Util$4
Event: 22.464 Loading class sun/nio/ch/Util$4 done
Event: 22.489 Loading class java/nio/file/ClosedDirectoryStreamException
Event: 22.489 Loading class java/nio/file/ClosedDirectoryStreamException done
Event: 22.490 Loading class jdk/internal/jrtfs/JrtFileSystem
Event: 22.491 Loading class jdk/internal/jrtfs/JrtFileSystem done
Event: 22.492 Loading class jdk/internal/jrtfs/JrtPath
Event: 22.493 Loading class jdk/internal/jrtfs/JrtPath done
Event: 22.493 Loading class jdk/internal/jimage/ImageReader$Node
Event: 22.494 Loading class jdk/internal/jimage/ImageReader$Node done

Classes unloaded (6 events):
Event: 20.943 Thread 0x00000146b55373d0 Unloading class 0x00000146b72d3800 'java/lang/invoke/LambdaForm$MH+0x00000146b72d3800'
Event: 20.943 Thread 0x00000146b55373d0 Unloading class 0x00000146b72d2c00 'java/lang/invoke/LambdaForm$MH+0x00000146b72d2c00'
Event: 20.943 Thread 0x00000146b55373d0 Unloading class 0x00000146b72d2800 'java/lang/invoke/LambdaForm$MH+0x00000146b72d2800'
Event: 20.943 Thread 0x00000146b55373d0 Unloading class 0x00000146b72d1c00 'java/lang/invoke/LambdaForm$MH+0x00000146b72d1c00'
Event: 20.943 Thread 0x00000146b55373d0 Unloading class 0x00000146b72d1800 'java/lang/invoke/LambdaForm$DMH+0x00000146b72d1800'
Event: 20.943 Thread 0x00000146b55373d0 Unloading class 0x00000146b72d0c00 'java/lang/invoke/LambdaForm$MH+0x00000146b72d0c00'

Classes redefined (0 events):
No events

Internal exceptions (20 events):
Event: 20.597 Thread 0x00000146fbfdd2d0 Exception <a 'sun/nio/fs/WindowsException'{0x00000007071b1018}> (0x00000007071b1018) 
thrown [s\open\src\hotspot\share\prims\jni.cpp, line 520]
Event: 20.597 Thread 0x00000146fbfdd2d0 Exception <a 'sun/nio/fs/WindowsException'{0x00000007071b18f8}> (0x00000007071b18f8) 
thrown [s\open\src\hotspot\share\prims\jni.cpp, line 520]
Event: 20.610 Thread 0x00000146fbfdd2d0 Exception <a 'sun/nio/fs/WindowsException'{0x00000007071d56f0}> (0x00000007071d56f0) 
thrown [s\open\src\hotspot\share\prims\jni.cpp, line 520]
Event: 20.610 Thread 0x00000146fbfdd2d0 Exception <a 'sun/nio/fs/WindowsException'{0x00000007071d5fd0}> (0x00000007071d5fd0) 
thrown [s\open\src\hotspot\share\prims\jni.cpp, line 520]
Event: 20.618 Thread 0x00000146fbfdd2d0 Exception <a 'sun/nio/fs/WindowsException'{0x00000007071ebb10}> (0x00000007071ebb10) 
thrown [s\open\src\hotspot\share\prims\jni.cpp, line 520]
Event: 20.618 Thread 0x00000146fbfdd2d0 Exception <a 'sun/nio/fs/WindowsException'{0x00000007071ec3f0}> (0x00000007071ec3f0) 
thrown [s\open\src\hotspot\share\prims\jni.cpp, line 520]
Event: 20.630 Thread 0x00000146fbfdd2d0 Exception <a 'java/io/FileNotFoundException'{0x0000000706e03b48}> (0x0000000706e03b48) 
thrown [s\open\src\hotspot\share\prims\jni.cpp, line 520]
Event: 20.931 Thread 0x00000146fbfdd2d0 Exception <a 'java/lang/NoSuchMethodError'{0x000000071467aff0}: 'java.lang.Object java.lang.invoke.DirectMethodHandle$Holder.invokeVirtual(java.lang.Object, java.lang.Object, java.lang.Object)'> (0x000000071467aff0) 
thrown [s\open\src\hotspot\share\interpreter\linkResolver.cpp, line 796]
Event: 21.013 Thread 0x00000146fbfdd2d0 Exception <a 'java/lang/NoSuchMethodError'{0x00000007147e11d8}: 'void java.lang.invoke.DirectMethodHandle$Holder.invokeStatic(java.lang.Object, java.lang.Object, java.lang.Object, int)'> (0x00000007147e11d8) 
thrown [s\open\src\hotspot\share\interpreter\linkResolver.cpp, line 796]
Event: 21.038 Thread 0x00000146fbfdd2d0 Exception <a 'java/lang/NoSuchMethodError'{0x0000000713c1dbf0}: 'void java.lang.invoke.DirectMethodHandle$Holder.invokeVirtual(java.lang.Object, java.lang.Object, int)'> (0x0000000713c1dbf0) 
thrown [s\open\src\hotspot\share\interpreter\linkResolver.cpp, line 796]
Event: 21.040 Thread 0x00000146fbfdd2d0 Implicit null exception at 0x00000146a618c02a to 0x00000146a618c2f0
Event: 21.824 Thread 0x00000146fd2b5ff0 Exception <a 'sun/nio/fs/WindowsException'{0x000000070726ef80}> (0x000000070726ef80) 
thrown [s\open\src\hotspot\share\prims\jni.cpp, line 520]
Event: 21.824 Thread 0x00000146fd2b5ff0 Exception <a 'sun/nio/fs/WindowsException'{0x00000007072a5b90}> (0x00000007072a5b90) 
thrown [s\open\src\hotspot\share\prims\jni.cpp, line 520]
Event: 21.839 Thread 0x00000146fd2b5ff0 Exception <a 'sun/nio/fs/WindowsException'{0x00000007072f70c0}> (0x00000007072f70c0) 
thrown [s\open\src\hotspot\share\prims\jni.cpp, line 520]
Event: 21.843 Thread 0x00000146fd2b5ff0 Exception <a 'sun/nio/fs/WindowsException'{0x0000000707332b50}> (0x0000000707332b50) 
thrown [s\open\src\hotspot\share\prims\jni.cpp, line 520]
Event: 21.846 Thread 0x00000146fd2b5ff0 Exception <a 'java/io/FileNotFoundException'{0x0000000707338b20}> (0x0000000707338b20) 
thrown [s\open\src\hotspot\share\prims\jni.cpp, line 520]
Event: 21.853 Thread 0x00000146fd2b5ff0 Exception <a 'java/io/FileNotFoundException'{0x0000000707381e88}> (0x0000000707381e88) 
thrown [s\open\src\hotspot\share\prims\jni.cpp, line 520]
Event: 21.853 Thread 0x00000146fd2b5ff0 Exception <a 'java/io/FileNotFoundException'{0x00000007073b9010}> (0x00000007073b9010) 
thrown [s\open\src\hotspot\share\prims\jni.cpp, line 520]
Event: 21.855 Thread 0x00000146fd2b5ff0 Exception <a 'java/io/FileNotFoundException'{0x00000007073b9cd8}> (0x00000007073b9cd8) 
thrown [s\open\src\hotspot\share\prims\jni.cpp, line 520]
Event: 22.467 Thread 0x00000146fd2b45b0 Exception <a 'java/lang/NoSuchMethodError'{0x00000007078d7628}: 'java.lang.Object java.lang.invoke.DelegatingMethodHandle$Holder.reinvoke_L(java.lang.Object, int, long, java.lang.Object, java.lang.Object, int, java.lang.Object)'> (0x00000007078d7628) 
thrown [s\open\src\hotspot\share\interpreter\linkResolver.cpp, line 796]

VM Operations (20 events):
Event: 20.913 Executing VM operation: G1CollectForAllocation (G1 Evacuation Pause) done
Event: 20.942 Executing VM operation: G1PauseRemark
Event: 20.953 Executing VM operation: G1PauseRemark done
Event: 20.962 Executing VM operation: G1PauseCleanup
Event: 20.962 Executing VM operation: G1PauseCleanup done
Event: 21.493 Executing VM operation: G1CollectForAllocation (G1 Evacuation Pause)
Event: 21.498 Executing VM operation: G1CollectForAllocation (G1 Evacuation Pause) done
Event: 21.805 Executing VM operation: HandshakeAllThreads (Deoptimize)
Event: 21.805 Executing VM operation: HandshakeAllThreads (Deoptimize) done
Event: 21.881 Executing VM operation: G1CollectForAllocation (G1 Evacuation Pause)
Event: 21.887 Executing VM operation: G1CollectForAllocation (G1 Evacuation Pause) done
Event: 22.234 Executing VM operation: G1CollectForAllocation (G1 Evacuation Pause)
Event: 22.237 Executing VM operation: G1CollectForAllocation (G1 Evacuation Pause) done
Event: 22.268 Executing VM operation: G1PauseRemark
Event: 22.274 Executing VM operation: G1PauseRemark done
Event: 22.286 Executing VM operation: G1PauseCleanup
Event: 22.286 Executing VM operation: G1PauseCleanup done
Event: 22.428 Executing VM operation: HandshakeAllThreads (Deoptimize)
Event: 22.428 Executing VM operation: HandshakeAllThreads (Deoptimize) done
Event: 22.494 Executing VM operation: G1CollectForAllocation (G1 Evacuation Pause)

Memory protections (0 events):
No events

Nmethod flushes (20 events):
Event: 22.273 Thread 0x00000146b55373d0 flushing  nmethod 0x000001469e94ff08
Event: 22.273 Thread 0x00000146b55373d0 flushing  nmethod 0x000001469ea47508
Event: 22.273 Thread 0x00000146b55373d0 flushing  nmethod 0x000001469ea48f08
Event: 22.273 Thread 0x00000146b55373d0 flushing  nmethod 0x000001469eaf1688
Event: 22.273 Thread 0x00000146b55373d0 flushing  nmethod 0x000001469eb1e688
Event: 22.273 Thread 0x00000146b55373d0 flushing  nmethod 0x000001469ec0e408
Event: 22.273 Thread 0x00000146b55373d0 flushing  nmethod 0x000001469eca4a08
Event: 22.273 Thread 0x00000146b55373d0 flushing  nmethod 0x000001469eca5208
Event: 22.273 Thread 0x00000146b55373d0 flushing  nmethod 0x000001469ecac388
Event: 22.273 Thread 0x00000146b55373d0 flushing  nmethod 0x000001469e9d6f88
Event: 22.273 Thread 0x00000146b55373d0 flushing  nmethod 0x000001469e9dbb08
Event: 22.273 Thread 0x00000146b55373d0 flushing  nmethod 0x000001469eab3788
Event: 22.273 Thread 0x00000146b55373d0 flushing  nmethod 0x000001469eab4788
Event: 22.273 Thread 0x00000146b55373d0 flushing  nmethod 0x000001469eab4b88
Event: 22.273 Thread 0x00000146b55373d0 flushing  nmethod 0x000001469eaf6a08
Event: 22.273 Thread 0x00000146b55373d0 flushing  nmethod 0x000001469eafe288
Event: 22.273 Thread 0x00000146b55373d0 flushing  nmethod 0x000001469eb52288
Event: 22.273 Thread 0x00000146b55373d0 flushing  nmethod 0x000001469ebca708
Event: 22.273 Thread 0x00000146b55373d0 flushing  nmethod 0x000001469ebcd888
Event: 22.273 Thread 0x00000146b55373d0 flushing  nmethod 0x000001469ec47908

Events (20 events):
Event: 10.802 Thread 0x00000146fb0b0240 Thread added: 0x00000146b5751a90
Event: 10.958 Thread 0x00000146fb0b0240 Thread added: 0x00000146fbfdd2d0
Event: 10.976 Thread 0x00000146fb0b0240 Thread added: 0x00000146fbfdd960
Event: 13.366 Thread 0x00000146b5577ba0 Thread added: 0x00000146b5576730
Event: 13.660 Thread 0x00000146b5576730 Thread exited: 0x00000146b5576730
Event: 13.660 Thread 0x00000146b5579010 Thread exited: 0x00000146b5579010
Event: 14.192 Thread 0x00000146fb0b0240 Thread added: 0x00000146fd2b45b0
Event: 14.493 Thread 0x00000146fbfdd960 Thread added: 0x00000146fd2b5960
Event: 14.702 Thread 0x00000146fd2b5960 Thread added: 0x00000146fd2b3200
Event: 14.891 Thread 0x00000146b5577ba0 Thread added: 0x00000146b5579db0
Event: 16.046 Thread 0x00000146b5577ba0 Thread added: 0x00000146b5576e00
Event: 16.476 Thread 0x00000146fb0b0240 Thread added: 0x00000146fd2b24e0
Event: 16.677 Thread 0x00000146fd2b3200 Thread added: 0x00000146fd2b5ff0
Event: 16.791 Thread 0x00000146fd2b5ff0 Thread added: 0x00000146fd2b3890
Event: 17.010 Thread 0x0000014693ade930 Thread added: 0x00000146fd2b52d0
Event: 17.860 Thread 0x0000014693ade930 Thread added: 0x00000146fd2b2b70
Event: 17.860 Thread 0x0000014693ade930 Thread added: 0x00000146fd2b73a0
Event: 18.390 Thread 0x00000146fd2b3200 Thread added: 0x00000146fd2b6680
Event: 18.391 Thread 0x00000146fd2b6680 Thread exited: 0x00000146fd2b6680
Event: 18.559 Thread 0x00000146fd2b3200 Thread added: 0x00000146fd2b4c40


Dynamic libraries:
0x00007ff6e4f70000 - 0x00007ff6e4f80000 	C:\Program Files\Java\jdk-23\bin\java.EXE
0x00007fff6e700000 - 0x00007fff6e967000 	C:\Windows\SYSTEM32\ntdll.dll
0x00007fff6d2c0000 - 0x00007fff6d389000 	C:\Windows\System32\KERNEL32.DLL
0x00007fff6b1f0000 - 0x00007fff6b5e4000 	C:\Windows\System32\KERNELBASE.dll
0x00007fff6c190000 - 0x00007fff6c2db000 	C:\Windows\System32\ucrtbase.dll
0x00007fff26360000 - 0x00007fff2637b000 	C:\Program Files\Java\jdk-23\bin\VCRUNTIME140.dll
0x00007fff55ef0000 - 0x00007fff55f07000 	C:\Program Files\Java\jdk-23\bin\jli.dll
0x00007fff6ce00000 - 0x00007fff6cfc5000 	C:\Windows\System32\USER32.dll
0x00007fff6c2e0000 - 0x00007fff6c307000 	C:\Windows\System32\win32u.dll
0x00007fff6a3d0000 - 0x00007fff6a663000 	C:\Windows\WinSxS\amd64_microsoft.windows.common-controls_6595b64144ccf1df_6.0.26100.8115_none_3e075c82e3354f9c\COMCTL32.dll
0x00007fff6e0b0000 - 0x00007fff6e159000 	C:\Windows\System32\msvcrt.dll
0x00007fff6c4a0000 - 0x00007fff6c4cb000 	C:\Windows\System32\GDI32.dll
0x00007fff6b7f0000 - 0x00007fff6b91b000 	C:\Windows\System32\gdi32full.dll
0x00007fff6b080000 - 0x00007fff6b123000 	C:\Windows\System32\msvcp_win.dll
0x00007fff6e160000 - 0x00007fff6e192000 	C:\Windows\System32\IMM32.DLL
0x00007fff26e20000 - 0x00007fff26e2c000 	C:\Program Files\Java\jdk-23\bin\vcruntime140_1.dll
0x00007ffef9220000 - 0x00007ffef92ae000 	C:\Program Files\Java\jdk-23\bin\msvcp140.dll
0x00007ffed2f20000 - 0x00007ffed3c6f000 	C:\Program Files\Java\jdk-23\bin\server\jvm.dll
0x00007fff6d6e0000 - 0x00007fff6d796000 	C:\Windows\System32\ADVAPI32.dll
0x00007fff6d420000 - 0x00007fff6d4c7000 	C:\Windows\System32\sechost.dll
0x00007fff6c500000 - 0x00007fff6c618000 	C:\Windows\System32\RPCRT4.dll
0x00007fff6d390000 - 0x00007fff6d410000 	C:\Windows\System32\WS2_32.dll
0x00007fff6ae30000 - 0x00007fff6ae8e000 	C:\Windows\SYSTEM32\POWRPROF.dll
0x00007fff49b10000 - 0x00007fff49b1b000 	C:\Windows\SYSTEM32\VERSION.dll
0x00007fff5f9e0000 - 0x00007fff5fa16000 	C:\Windows\SYSTEM32\WINMM.dll
0x00007fff6ae10000 - 0x00007fff6ae24000 	C:\Windows\SYSTEM32\UMPDC.dll
0x00007fff69400000 - 0x00007fff6941b000 	C:\Windows\SYSTEM32\kernel.appcore.dll
0x00007fff19a80000 - 0x00007fff19a8a000 	C:\Program Files\Java\jdk-23\bin\jimage.dll
0x00007fff6a7a0000 - 0x00007fff6a9e2000 	C:\Windows\SYSTEM32\DBGHELP.DLL
0x00007fff6e1a0000 - 0x00007fff6e522000 	C:\Windows\System32\combase.dll
0x00007fff6d540000 - 0x00007fff6d618000 	C:\Windows\System32\OLEAUT32.dll
0x00007fff6a670000 - 0x00007fff6a6ab000 	C:\Windows\SYSTEM32\dbgcore.DLL
0x00007fff6afd0000 - 0x00007fff6b075000 	C:\Windows\System32\bcryptPrimitives.dll
0x00007fff26340000 - 0x00007fff2635e000 	C:\Program Files\Java\jdk-23\bin\java.dll
0x00007fff6cfd0000 - 0x00007fff6d167000 	C:\Windows\System32\ole32.dll
0x00007fff6d820000 - 0x00007fff6df87000 	C:\Windows\System32\SHELL32.dll
0x00007fff6b680000 - 0x00007fff6b7ea000 	C:\Windows\System32\wintypes.dll
0x00007fff6b920000 - 0x00007fff6c188000 	C:\Windows\System32\windows.storage.dll
0x00007fff6d170000 - 0x00007fff6d268000 	C:\Windows\System32\SHCORE.dll
0x00007fff6d4d0000 - 0x00007fff6d536000 	C:\Windows\System32\shlwapi.dll
0x00007fff6aef0000 - 0x00007fff6af19000 	C:\Windows\SYSTEM32\profapi.dll
0x00007ffed4d30000 - 0x00007ffed4e07000 	C:\Program Files\Java\jdk-23\bin\jsvml.dll
0x00007ffeebf10000 - 0x00007ffeebf20000 	C:\Program Files\Java\jdk-23\bin\net.dll
0x00007fff69940000 - 0x00007fff699ac000 	C:\Windows\system32\mswsock.dll
0x00007ffeebef0000 - 0x00007ffeebf06000 	C:\Program Files\Java\jdk-23\bin\nio.dll
0x00007ffeebac0000 - 0x00007ffeebad7000 	C:\Program Files\Java\jdk-23\bin\zip.dll
0x00007fff24200000 - 0x00007fff24245000 	C:\Users\dhruv\.cache\kilo\bin\jdtls\config_win\org.eclipse.equinox.launcher\org.eclipse.equinox.launcher.win32.win32.x86_64_1.3.0.v20260203-2149\eclipse_11919.dll
0x00007fff64580000 - 0x00007fff6458a000 	C:\Program Files\Java\jdk-23\bin\management.dll
0x00007fff55ee0000 - 0x00007fff55eeb000 	C:\Program Files\Java\jdk-23\bin\management_ext.dll
0x00007fff6e540000 - 0x00007fff6e548000 	C:\Windows\System32\PSAPI.DLL
0x00007fff26f00000 - 0x00007fff26f10000 	C:\Program Files\Java\jdk-23\bin\verify.dll
0x00007fff6aaf0000 - 0x00007fff6ab0b000 	C:\Windows\SYSTEM32\CRYPTSP.dll
0x00007fff69d40000 - 0x00007fff69d79000 	C:\Windows\system32\rsaenh.dll
0x00007fff699b0000 - 0x00007fff699e3000 	C:\Windows\SYSTEM32\USERENV.dll
0x00007fff6aec0000 - 0x00007fff6aeea000 	C:\Windows\SYSTEM32\bcrypt.dll
0x00007fff6a110000 - 0x00007fff6a11c000 	C:\Windows\SYSTEM32\CRYPTBASE.dll
0x00007fff68ed0000 - 0x00007fff68f02000 	C:\Windows\SYSTEM32\IPHLPAPI.DLL
0x00007fff6e530000 - 0x00007fff6e53a000 	C:\Windows\System32\NSI.dll
0x00007ffef02b0000 - 0x00007ffef02f9000 	C:\Users\dhruv\AppData\Local\Temp\jna-95563663\jna9475847266205788325.dll
0x00007fff59090000 - 0x00007fff591bd000 	C:\Windows\SYSTEM32\winhttp.dll
0x00007fff61270000 - 0x00007fff6128d000 	C:\Windows\SYSTEM32\dhcpcsvc6.DLL
0x00007fff61060000 - 0x00007fff61085000 	C:\Windows\SYSTEM32\dhcpcsvc.DLL
0x00007fff64590000 - 0x00007fff6459e000 	C:\Program Files\Java\jdk-23\bin\sunmscapi.dll
0x00007fff6c310000 - 0x00007fff6c487000 	C:\Windows\System32\CRYPT32.dll
0x00007fff6a150000 - 0x00007fff6a180000 	C:\Windows\SYSTEM32\ncrypt.dll
0x00007fff69fc0000 - 0x00007fff69fff000 	C:\Windows\SYSTEM32\NTASN1.dll
0x00007fff68f10000 - 0x00007fff69042000 	C:\Windows\SYSTEM32\DNSAPI.dll
0x00007fff5f770000 - 0x00007fff5f77b000 	C:\Windows\System32\rasadhlp.dll
0x00007fff61a60000 - 0x00007fff61ae6000 	C:\Windows\System32\fwpuclnt.dll
0x00007fff404a0000 - 0x00007fff404a9000 	C:\Program Files\Java\jdk-23\bin\extnet.dll

dbghelp: loaded successfully - version: 4.0.5 - missing functions: none
symbol engine: initialized successfully - sym options: 0x614 - pdb path: .;C:\Program Files\Java\jdk-23\bin;C:\Windows\SYSTEM32;C:\Windows\WinSxS\amd64_microsoft.windows.common-controls_6595b64144ccf1df_6.0.26100.8115_none_3e075c82e3354f9c;C:\Program Files\Java\jdk-23\bin\server;C:\Users\dhruv\.cache\kilo\bin\jdtls\config_win\org.eclipse.equinox.launcher\org.eclipse.equinox.launcher.win32.win32.x86_64_1.3.0.v20260203-2149;C:\Users\dhruv\AppData\Local\Temp\jna-95563663

VM Arguments:
jvm_args: -Djava.import.generatesMetadataFilesAtProjectRoot=false 
java_command: C:\Users\dhruv\.cache\kilo\bin\jdtls\plugins\org.eclipse.equinox.launcher_1.7.100.v20251111-0406.jar -configuration C:\Users\dhruv\.cache\kilo\bin\jdtls\config_win -data C:\Users\dhruv\AppData\Local\Temp\opencode-jdtls-dataLJ1EGF -Declipse.application=org.eclipse.jdt.ls.core.id1 -Dosgi.bundles.defaultStartLevel=4 -Declipse.product=org.eclipse.jdt.ls.core.product -Dlog.level=ALL --add-modules=ALL-SYSTEM --add-opens java.base/java.util=ALL-UNNAMED --add-opens java.base/java.lang=ALL-UNNAMED
java_class_path (initial): C:\Users\dhruv\.cache\kilo\bin\jdtls\plugins\org.eclipse.equinox.launcher_1.7.100.v20251111-0406.jar
Launcher Type: SUN_STANDARD

[Global flags]
     intx CICompilerCount                          = 4                                         {product} {ergonomic}
     uint ConcGCThreads                            = 3                                         {product} {ergonomic}
     uint G1ConcRefinementThreads                  = 10                                        {product} {ergonomic}
   size_t G1HeapRegionSize                         = 2097152                                   {product} {ergonomic}
   size_t InitialHeapSize                          = 264241152                                 {product} {ergonomic}
   size_t MarkStackSize                            = 4194304                                   {product} {ergonomic}
   size_t MarkStackSizeMax                         = 536870912                                 {product} {ergonomic}
   size_t MaxHeapSize                              = 4215275520                                {product} {ergonomic}
   size_t MaxNewSize                               = 2529165312                                {product} {ergonomic}
   size_t MinHeapDeltaBytes                        = 2097152                                   {product} {ergonomic}
   size_t MinHeapSize                              = 8388608                                   {product} {ergonomic}
    uintx NonNMethodCodeHeapSize                   = 5832704                                {pd product} {ergonomic}
    uintx NonProfiledCodeHeapSize                  = 122945536                              {pd product} {ergonomic}
    uintx ProfiledCodeHeapSize                     = 122880000                              {pd product} {ergonomic}
    uintx ReservedCodeCacheSize                    = 251658240                              {pd product} {ergonomic}
     bool SegmentedCodeCache                       = true                                      {product} {ergonomic}
   size_t SoftMaxHeapSize                          = 4215275520                             {manageable} {ergonomic}
     bool UseCompressedOops                        = true                           {product lp64_product} {ergonomic}
     bool UseG1GC                                  = true                                      {product} {ergonomic}
     bool UseLargePagesIndividualAllocation        = false                                  {pd product} {ergonomic}

Logging:
Log output configuration:
 #0: stdout all=warning uptime,level,tags foldmultilines=false
 #1: stderr all=off uptime,level,tags foldmultilines=false

Environment Variables:
PATH=C:\Users\dhruv\AppData\Local\Programs\Microsoft VS Code;C:\Program Files\Common Files\Oracle\Java\javapath;C:\Windows\system32;C:\Windows;C:\Windows\System32\Wbem;C:\Windows\System32\WindowsPowerShell\v1.0\;C:\Windows\System32\OpenSSH\;C:\Program Files\nodejs\;C:\Program Files\Git\cmd;C:\Program Files\MongoDB\Server\8.0\bin;C:\Program Files\MySQL\MySQL Server 8.0\bin;C:\Users\dhruv\Downloads\gradle-8.14.3\bin;C:\Program Files\Docker\Docker\resources\bin;C:\Program Files\Apache\MAVEN\bin;C:\Program Files\Apache\MAVEN\apache-maven-3.9.12\bin;C:\Program Files\Cloudflare\Cloudflare WARP\;C:\Program Files\MySQL\MySQL Shell 8.0\bin\;C:\Users\dhruv\AppData\Local\Microsoft\WindowsApps;C:\Users\dhruv\AppData\Local\Programs\Microsoft VS Code\bin;C:\Users\dhruv\AppData\Roaming\npm;C:\Program Files\JetBrains\IntelliJ IDEA Community Edition 2025.1.4.1\bin;;C:\Users\dhruv\AppData\Local\Programs\cursor\resources\app\bin
USERNAME=dhruv
OS=Windows_NT
PROCESSOR_IDENTIFIER=Intel64 Family 6 Model 186 Stepping 2, GenuineIntel
TMP=C:\Users\dhruv\AppData\Local\Temp
TEMP=C:\Users\dhruv\AppData\Local\Temp




Periodic native trim disabled

---------------  S Y S T E M  ---------------

OS:
 Windows 11 , 64 bit Build 26100 (10.0.26100.8246)
OS uptime: 0 days 2:44 hours
Hyper-V role detected

CPU: total 12 (initial active 12) (6 cores per cpu, 2 threads per core) family 6 model 186 stepping 2 microcode 0x6134, cx8, cmov, fxsr, ht, mmx, 3dnowpref, sse, sse2, sse3, ssse3, sse4.1, sse4.2, popcnt, lzcnt, tsc, tscinvbit, avx, avx2, aes, erms, clmul, bmi1, bmi2, adx, sha, fma, vzeroupper, clflush, clflushopt, clwb, hv, serialize, rdtscp, rdpid, fsrm, gfni, f16c, cet_ibt, cet_ss
Processor Information for processor 0
  Max Mhz: 2100, Current Mhz: 2100, Mhz Limit: 2100
Processor Information for processor 1
  Max Mhz: 2100, Current Mhz: 2100, Mhz Limit: 2100
Processor Information for processor 2
  Max Mhz: 2100, Current Mhz: 2100, Mhz Limit: 2100
Processor Information for processor 3
  Max Mhz: 2100, Current Mhz: 2100, Mhz Limit: 2100
Processor Information for processor 4
  Max Mhz: 2100, Current Mhz: 2100, Mhz Limit: 2100
Processor Information for processor 5
  Max Mhz: 2100, Current Mhz: 2100, Mhz Limit: 2100
Processor Information for processor 6
  Max Mhz: 2100, Current Mhz: 2100, Mhz Limit: 2100
Processor Information for processor 7
  Max Mhz: 2100, Current Mhz: 2100, Mhz Limit: 2100
Processor Information for processor 8
  Max Mhz: 2100, Current Mhz: 1500, Mhz Limit: 1491
Processor Information for processor 9
  Max Mhz: 2100, Current Mhz: 1500, Mhz Limit: 1491
Processor Information for processor 10
  Max Mhz: 2100, Current Mhz: 1500, Mhz Limit: 1491
Processor Information for processor 11
  Max Mhz: 2100, Current Mhz: 1500, Mhz Limit: 1491

Memory: 4k page, system-wide physical 16076M (952M free)
TotalPageFile size 46395M (AvailPageFile size 72M)
current process WorkingSet (physical memory assigned to process): 209M, peak: 230M
current process commit charge ("private bytes"): 251M, peak: 403M

vm_info: Java HotSpot(TM) 64-Bit Server VM (23.0.1+11-39) for windows-amd64 JRE (23.0.1+11-39), built on 2024-09-30T07:20:43Z with MS VC++ 17.6 (VS2022)

END.
