#
# There is insufficient memory for the Java Runtime Environment to continue.
# Native memory allocation (malloc) failed to allocate 131088 bytes. Error detail: Chunk::new
# Possible reasons:
#   The system is out of physical RAM or swap space
#   This process is running with CompressedOops enabled, and the Java Heap may be blocking the growth of the native heap
# Possible solutions:
#   Reduce memory load on the system
#   Increase physical memory or swap space
#   Check if swap backing store is full
#   Decrease Java heap size (-Xmx/-Xms)
#   Decrease number of Java threads
#   Decrease Java thread stack sizes (-Xss)
#   Set larger code cache with -XX:ReservedCodeCacheSize=
#   JVM is running with Unscaled Compressed Oops mode in which the Java heap is
#     placed in the first 4GB address space. The Java Heap base address is the
#     maximum limit for the native heap growth. Please use -XX:HeapBaseMinAddress
#     to set the Java Heap base and to place the Java Heap above 4GB virtual address.
# This output file may be truncated or incomplete.
#
#  Out of Memory Error (arena.cpp:149), pid=8868, tid=20264
#
# JRE version: Java(TM) SE Runtime Environment (23.0.1+11) (build 23.0.1+11-39)
# Java VM: Java HotSpot(TM) 64-Bit Server VM (23.0.1+11-39, mixed mode, sharing, tiered, compressed oops, compressed class ptrs, g1 gc, windows-amd64)
# No core dump will be written. Minidumps are not enabled by default on client versions of Windows
#

---------------  S U M M A R Y ------------

Command Line: --enable-native-access=ALL-UNNAMED -Xmx512m -Dclassworlds.conf=C:\Program Files\Apache\MAVEN\apache-maven-3.9.12\bin\m2.conf -Dmaven.home=C:\Program Files\Apache\MAVEN\apache-maven-3.9.12 -Dlibrary.jansi.path=C:\Program Files\Apache\MAVEN\apache-maven-3.9.12\lib\jansi-native -Dmaven.multiModuleProjectDirectory=C:\Users\dhruv\OneDrive\Desktop\Code-collab-backend\execution-service org.codehaus.plexus.classworlds.launcher.Launcher compile -DskipTests

Host: 13th Gen Intel(R) Core(TM) i5-13420H, 12 cores, 15G,  Windows 11 , 64 bit Build 26100 (10.0.26100.8115)
Time: Wed Apr 15 23:59:00 2026 India Standard Time elapsed time: 9.333562 seconds (0d 0h 0m 9s)

---------------  T H R E A D  ---------------

Current thread (0x000001b4c5f66970):  JavaThread "C2 CompilerThread1" daemon [_thread_in_native, id=20264, stack(0x0000000acde00000,0x0000000acdf00000) (1024K)]


Current CompileTask:
C2:9333 2908   !   4       java.net.URL::<init> (543 bytes)

Stack: [0x0000000acde00000,0x0000000acdf00000]
Native frames: (J=compiled Java code, j=interpreted, Vv=VM code, C=native code)
V  [jvm.dll+0x6e08b9]  (no source info available)
V  [jvm.dll+0x87dc83]  (no source info available)
V  [jvm.dll+0x88010e]  (no source info available)
V  [jvm.dll+0x8807e3]  (no source info available)
V  [jvm.dll+0x27aee6]  (no source info available)
V  [jvm.dll+0xbc06f]  (no source info available)
V  [jvm.dll+0xbc45b]  (no source info available)
V  [jvm.dll+0xbbf1b]  (no source info available)
V  [jvm.dll+0x6bc93c]  (no source info available)
V  [jvm.dll+0x666fe1]  (no source info available)
V  [jvm.dll+0x66cb75]  (no source info available)
V  [jvm.dll+0x66daf9]  (no source info available)
V  [jvm.dll+0x66bb55]  (no source info available)
V  [jvm.dll+0x2448d7]  (no source info available)
V  [jvm.dll+0x243dff]  (no source info available)
V  [jvm.dll+0x1c33a0]  (no source info available)
V  [jvm.dll+0x253cf1]  (no source info available)
V  [jvm.dll+0x251faa]  (no source info available)
V  [jvm.dll+0x3ee036]  (no source info available)
V  [jvm.dll+0x824f8b]  (no source info available)
V  [jvm.dll+0x6df065]  (no source info available)
C  [ucrtbase.dll+0x37b0]  (no source info available)
C  [KERNEL32.DLL+0x2e8d7]  (no source info available)
C  [ntdll.dll+0x8c3fc]  (no source info available)

Lock stack of current Java thread (top to bottom):


---------------  P R O C E S S  ---------------

Threads class SMR info:
_java_thread_list=0x000001b4c5993700, length=13, elements={
0x000001b4cabd9600, 0x000001b4c50104a0, 0x000001b4c5012b20, 0x000001b4c5014940,
0x000001b4c5034fc0, 0x000001b4c5039640, 0x000001b4c5039cb0, 0x000001b4c503adf0,
0x000001b4c503f4d0, 0x000001b4c51b39b0, 0x000001b4c51ba890, 0x000001b4c5f66970,
0x000001b4c5997460
}

Java Threads: ( => current thread )
  0x000001b4cabd9600 JavaThread "main"                              [_thread_in_native, id=12100, stack(0x0000000acc300000,0x0000000acc400000) (1024K)]
  0x000001b4c50104a0 JavaThread "Reference Handler"          daemon [_thread_blocked, id=20640, stack(0x0000000accb00000,0x0000000accc00000) (1024K)]
  0x000001b4c5012b20 JavaThread "Finalizer"                  daemon [_thread_blocked, id=22340, stack(0x0000000accc00000,0x0000000accd00000) (1024K)]
  0x000001b4c5014940 JavaThread "Signal Dispatcher"          daemon [_thread_blocked, id=33884, stack(0x0000000accd00000,0x0000000acce00000) (1024K)]
  0x000001b4c5034fc0 JavaThread "Attach Listener"            daemon [_thread_blocked, id=35792, stack(0x0000000acce00000,0x0000000accf00000) (1024K)]
  0x000001b4c5039640 JavaThread "Service Thread"             daemon [_thread_blocked, id=18680, stack(0x0000000accf00000,0x0000000acd000000) (1024K)]
  0x000001b4c5039cb0 JavaThread "Monitor Deflation Thread"   daemon [_thread_blocked, id=10244, stack(0x0000000acd000000,0x0000000acd100000) (1024K)]
  0x000001b4c503adf0 JavaThread "C2 CompilerThread0"         daemon [_thread_in_native, id=28564, stack(0x0000000acd100000,0x0000000acd200000) (1024K)]
  0x000001b4c503f4d0 JavaThread "C1 CompilerThread0"         daemon [_thread_in_native, id=17680, stack(0x0000000acd200000,0x0000000acd300000) (1024K)]
  0x000001b4c51b39b0 JavaThread "Notification Thread"        daemon [_thread_blocked, id=20608, stack(0x0000000acd300000,0x0000000acd400000) (1024K)]
  0x000001b4c51ba890 JavaThread "Common-Cleaner"             daemon [_thread_blocked, id=29676, stack(0x0000000acd400000,0x0000000acd500000) (1024K)]
=>0x000001b4c5f66970 JavaThread "C2 CompilerThread1"         daemon [_thread_in_native, id=20264, stack(0x0000000acde00000,0x0000000acdf00000) (1024K)]
  0x000001b4c5997460 JavaThread "Thread-1"                   daemon [_thread_blocked, id=34004, stack(0x0000000acdf00000,0x0000000ace000000) (1024K)]
Total: 13

Other Threads:
  0x000001b4e8197240 VMThread "VM Thread"                           [id=24440, stack(0x0000000acca00000,0x0000000accb00000) (1024K)]
  0x000001b4e8187e40 WatcherThread "VM Periodic Task Thread"        [id=32228, stack(0x0000000acc900000,0x0000000acca00000) (1024K)]
  0x000001b4cce99860 WorkerThread "GC Thread#0"                     [id=19072, stack(0x0000000acc400000,0x0000000acc500000) (1024K)]
  0x000001b4c5ddbd40 WorkerThread "GC Thread#1"                     [id=20780, stack(0x0000000acd700000,0x0000000acd800000) (1024K)]
  0x000001b4c5ddc0f0 WorkerThread "GC Thread#2"                     [id=29612, stack(0x0000000acd800000,0x0000000acd900000) (1024K)]
  0x000001b4c5ddc4a0 WorkerThread "GC Thread#3"                     [id=27312, stack(0x0000000acd900000,0x0000000acda00000) (1024K)]
  0x000001b4c5ddc850 WorkerThread "GC Thread#4"                     [id=30784, stack(0x0000000acda00000,0x0000000acdb00000) (1024K)]
  0x000001b4c5ddcc00 WorkerThread "GC Thread#5"                     [id=2584, stack(0x0000000acdb00000,0x0000000acdc00000) (1024K)]
  0x000001b4c5ddb230 WorkerThread "GC Thread#6"                     [id=17664, stack(0x0000000acdc00000,0x0000000acdd00000) (1024K)]
  0x000001b4c5ddb5e0 WorkerThread "GC Thread#7"                     [id=10740, stack(0x0000000acdd00000,0x0000000acde00000) (1024K)]
  0x000001b4c6059370 WorkerThread "GC Thread#8"                     [id=18792, stack(0x0000000acd500000,0x0000000acd600000) (1024K)]
  0x000001b4c6059ad0 WorkerThread "GC Thread#9"                     [id=25632, stack(0x0000000acd600000,0x0000000acd700000) (1024K)]
  0x000001b4ccea08c0 ConcurrentGCThread "G1 Main Marker"            [id=31600, stack(0x0000000acc500000,0x0000000acc600000) (1024K)]
  0x000001b4ccea22f0 WorkerThread "G1 Conc#0"                       [id=16300, stack(0x0000000acc600000,0x0000000acc700000) (1024K)]
  0x000001b4ccf2e4c0 ConcurrentGCThread "G1 Refine#0"               [id=4968, stack(0x0000000acc700000,0x0000000acc800000) (1024K)]
  0x000001b4e80525f0 ConcurrentGCThread "G1 Service"                [id=24808, stack(0x0000000acc800000,0x0000000acc900000) (1024K)]
Total: 16

Threads with active compile tasks:
C2 CompilerThread0  10449 2974       4       org.codehaus.plexus.util.xml.pull.MXParser::parseEndTag (438 bytes)
C2 CompilerThread1  10449 2908   !   4       java.net.URL::<init> (543 bytes)
Total: 2

VM state: not at safepoint (normal execution)

VM Mutex/Monitor currently owned by a thread: None

Heap address: 0x00000000e0000000, size: 512 MB, Compressed Oops mode: 32-bit

CDS archive(s) mapped at: [0x000001b480000000-0x000001b480d70000-0x000001b480d70000), size 14090240, SharedBaseAddress: 0x000001b480000000, ArchiveRelocationMode: 1.
Compressed class space mapped at: 0x000001b481000000-0x000001b4c1000000, reserved size: 1073741824
Narrow klass base: 0x000001b480000000, Narrow klass shift: 0, Narrow klass range: 0x41000000

GC Precious Log:
 CardTable entry size: 512
 Card Set container configuration: InlinePtr #cards 5 size 8 Array Of Cards #cards 10 size 36 Howl #buckets 4 coarsen threshold 1843 Howl Bitmap #cards 512 size 80 coarsen threshold 460 Card regions per heap region 1 cards per card region 2048
 CPUs: 12 total, 12 available
 Memory: 16076M
 Large Page Support: Disabled
 NUMA Support: Disabled
 Compressed Oops: Enabled (32-bit)
 Heap Region Size: 1M
 Heap Min Capacity: 8M
 Heap Initial Capacity: 252M
 Heap Max Capacity: 512M
 Pre-touch: Disabled
 Parallel Workers: 10
 Concurrent Workers: 3
 Concurrent Refinement Workers: 10
 Periodic GC: Disabled

Heap:
 garbage-first heap   total reserved 524288K, committed 258048K, used 33691K [0x00000000e0000000, 0x0000000100000000)
  region size 1024K, 31 young (31744K), 2 survivors (2048K)
 Metaspace       used 14275K, committed 14528K, reserved 1114112K
  class space    used 1786K, committed 1920K, reserved 1048576K

Heap Regions: E=young(eden), S=young(survivor), O=old, HS=humongous(starts), HC=humongous(continues), CS=collection set, F=free, TAMS=top-at-mark-start, PB=parsable bottom
|   0|0x00000000e0000000, 0x00000000e0100000, 0x00000000e0100000|100%| O|  |TAMS 0x00000000e0000000| PB 0x00000000e0000000| Untracked |  0
|   1|0x00000000e0100000, 0x00000000e0200000, 0x00000000e0200000|100%| O|  |TAMS 0x00000000e0100000| PB 0x00000000e0100000| Untracked |  0
|   2|0x00000000e0200000, 0x00000000e0300000, 0x00000000e0300000|100%| O|  |TAMS 0x00000000e0200000| PB 0x00000000e0200000| Untracked |  0
|   3|0x00000000e0300000, 0x00000000e03bc330, 0x00000000e0400000| 73%| O|  |TAMS 0x00000000e0300000| PB 0x00000000e0300000| Untracked |  0
|   4|0x00000000e0400000, 0x00000000e0400000, 0x00000000e0500000|  0%| F|  |TAMS 0x00000000e0400000| PB 0x00000000e0400000| Untracked |  0
|   5|0x00000000e0500000, 0x00000000e0500000, 0x00000000e0600000|  0%| F|  |TAMS 0x00000000e0500000| PB 0x00000000e0500000| Untracked |  0
|   6|0x00000000e0600000, 0x00000000e0600000, 0x00000000e0700000|  0%| F|  |TAMS 0x00000000e0600000| PB 0x00000000e0600000| Untracked |  0
|   7|0x00000000e0700000, 0x00000000e0700000, 0x00000000e0800000|  0%| F|  |TAMS 0x00000000e0700000| PB 0x00000000e0700000| Untracked |  0
|   8|0x00000000e0800000, 0x00000000e0800000, 0x00000000e0900000|  0%| F|  |TAMS 0x00000000e0800000| PB 0x00000000e0800000| Untracked |  0
|   9|0x00000000e0900000, 0x00000000e0900000, 0x00000000e0a00000|  0%| F|  |TAMS 0x00000000e0900000| PB 0x00000000e0900000| Untracked |  0
|  10|0x00000000e0a00000, 0x00000000e0a00000, 0x00000000e0b00000|  0%| F|  |TAMS 0x00000000e0a00000| PB 0x00000000e0a00000| Untracked |  0
|  11|0x00000000e0b00000, 0x00000000e0b00000, 0x00000000e0c00000|  0%| F|  |TAMS 0x00000000e0b00000| PB 0x00000000e0b00000| Untracked |  0
|  12|0x00000000e0c00000, 0x00000000e0c00000, 0x00000000e0d00000|  0%| F|  |TAMS 0x00000000e0c00000| PB 0x00000000e0c00000| Untracked |  0
|  13|0x00000000e0d00000, 0x00000000e0d00000, 0x00000000e0e00000|  0%| F|  |TAMS 0x00000000e0d00000| PB 0x00000000e0d00000| Untracked |  0
|  14|0x00000000e0e00000, 0x00000000e0e00000, 0x00000000e0f00000|  0%| F|  |TAMS 0x00000000e0e00000| PB 0x00000000e0e00000| Untracked |  0
|  15|0x00000000e0f00000, 0x00000000e0f00000, 0x00000000e1000000|  0%| F|  |TAMS 0x00000000e0f00000| PB 0x00000000e0f00000| Untracked |  0
|  16|0x00000000e1000000, 0x00000000e1000000, 0x00000000e1100000|  0%| F|  |TAMS 0x00000000e1000000| PB 0x00000000e1000000| Untracked |  0
|  17|0x00000000e1100000, 0x00000000e1100000, 0x00000000e1200000|  0%| F|  |TAMS 0x00000000e1100000| PB 0x00000000e1100000| Untracked |  0
|  18|0x00000000e1200000, 0x00000000e1200000, 0x00000000e1300000|  0%| F|  |TAMS 0x00000000e1200000| PB 0x00000000e1200000| Untracked |  0
|  19|0x00000000e1300000, 0x00000000e1300000, 0x00000000e1400000|  0%| F|  |TAMS 0x00000000e1300000| PB 0x00000000e1300000| Untracked |  0
|  20|0x00000000e1400000, 0x00000000e1400000, 0x00000000e1500000|  0%| F|  |TAMS 0x00000000e1400000| PB 0x00000000e1400000| Untracked |  0
|  21|0x00000000e1500000, 0x00000000e1500000, 0x00000000e1600000|  0%| F|  |TAMS 0x00000000e1500000| PB 0x00000000e1500000| Untracked |  0
|  22|0x00000000e1600000, 0x00000000e1600000, 0x00000000e1700000|  0%| F|  |TAMS 0x00000000e1600000| PB 0x00000000e1600000| Untracked |  0
|  23|0x00000000e1700000, 0x00000000e1700000, 0x00000000e1800000|  0%| F|  |TAMS 0x00000000e1700000| PB 0x00000000e1700000| Untracked |  0
|  24|0x00000000e1800000, 0x00000000e1800000, 0x00000000e1900000|  0%| F|  |TAMS 0x00000000e1800000| PB 0x00000000e1800000| Untracked |  0
|  25|0x00000000e1900000, 0x00000000e1900000, 0x00000000e1a00000|  0%| F|  |TAMS 0x00000000e1900000| PB 0x00000000e1900000| Untracked |  0
|  26|0x00000000e1a00000, 0x00000000e1a00000, 0x00000000e1b00000|  0%| F|  |TAMS 0x00000000e1a00000| PB 0x00000000e1a00000| Untracked |  0
|  27|0x00000000e1b00000, 0x00000000e1b00000, 0x00000000e1c00000|  0%| F|  |TAMS 0x00000000e1b00000| PB 0x00000000e1b00000| Untracked |  0
|  28|0x00000000e1c00000, 0x00000000e1c00000, 0x00000000e1d00000|  0%| F|  |TAMS 0x00000000e1c00000| PB 0x00000000e1c00000| Untracked |  0
|  29|0x00000000e1d00000, 0x00000000e1d00000, 0x00000000e1e00000|  0%| F|  |TAMS 0x00000000e1d00000| PB 0x00000000e1d00000| Untracked |  0
|  30|0x00000000e1e00000, 0x00000000e1e00000, 0x00000000e1f00000|  0%| F|  |TAMS 0x00000000e1e00000| PB 0x00000000e1e00000| Untracked |  0
|  31|0x00000000e1f00000, 0x00000000e1f00000, 0x00000000e2000000|  0%| F|  |TAMS 0x00000000e1f00000| PB 0x00000000e1f00000| Untracked |  0
|  32|0x00000000e2000000, 0x00000000e2000000, 0x00000000e2100000|  0%| F|  |TAMS 0x00000000e2000000| PB 0x00000000e2000000| Untracked |  0
|  33|0x00000000e2100000, 0x00000000e2100000, 0x00000000e2200000|  0%| F|  |TAMS 0x00000000e2100000| PB 0x00000000e2100000| Untracked |  0
|  34|0x00000000e2200000, 0x00000000e2200000, 0x00000000e2300000|  0%| F|  |TAMS 0x00000000e2200000| PB 0x00000000e2200000| Untracked |  0
|  35|0x00000000e2300000, 0x00000000e2300000, 0x00000000e2400000|  0%| F|  |TAMS 0x00000000e2300000| PB 0x00000000e2300000| Untracked |  0
|  36|0x00000000e2400000, 0x00000000e2400000, 0x00000000e2500000|  0%| F|  |TAMS 0x00000000e2400000| PB 0x00000000e2400000| Untracked |  0
|  37|0x00000000e2500000, 0x00000000e2500000, 0x00000000e2600000|  0%| F|  |TAMS 0x00000000e2500000| PB 0x00000000e2500000| Untracked |  0
|  38|0x00000000e2600000, 0x00000000e2600000, 0x00000000e2700000|  0%| F|  |TAMS 0x00000000e2600000| PB 0x00000000e2600000| Untracked |  0
|  39|0x00000000e2700000, 0x00000000e2700000, 0x00000000e2800000|  0%| F|  |TAMS 0x00000000e2700000| PB 0x00000000e2700000| Untracked |  0
|  40|0x00000000e2800000, 0x00000000e2800000, 0x00000000e2900000|  0%| F|  |TAMS 0x00000000e2800000| PB 0x00000000e2800000| Untracked |  0
|  41|0x00000000e2900000, 0x00000000e2900000, 0x00000000e2a00000|  0%| F|  |TAMS 0x00000000e2900000| PB 0x00000000e2900000| Untracked |  0
|  42|0x00000000e2a00000, 0x00000000e2a00000, 0x00000000e2b00000|  0%| F|  |TAMS 0x00000000e2a00000| PB 0x00000000e2a00000| Untracked |  0
|  43|0x00000000e2b00000, 0x00000000e2b00000, 0x00000000e2c00000|  0%| F|  |TAMS 0x00000000e2b00000| PB 0x00000000e2b00000| Untracked |  0
|  44|0x00000000e2c00000, 0x00000000e2c00000, 0x00000000e2d00000|  0%| F|  |TAMS 0x00000000e2c00000| PB 0x00000000e2c00000| Untracked |  0
|  45|0x00000000e2d00000, 0x00000000e2d00000, 0x00000000e2e00000|  0%| F|  |TAMS 0x00000000e2d00000| PB 0x00000000e2d00000| Untracked |  0
|  46|0x00000000e2e00000, 0x00000000e2e00000, 0x00000000e2f00000|  0%| F|  |TAMS 0x00000000e2e00000| PB 0x00000000e2e00000| Untracked |  0
|  47|0x00000000e2f00000, 0x00000000e2f00000, 0x00000000e3000000|  0%| F|  |TAMS 0x00000000e2f00000| PB 0x00000000e2f00000| Untracked |  0
|  48|0x00000000e3000000, 0x00000000e3000000, 0x00000000e3100000|  0%| F|  |TAMS 0x00000000e3000000| PB 0x00000000e3000000| Untracked |  0
|  49|0x00000000e3100000, 0x00000000e3100000, 0x00000000e3200000|  0%| F|  |TAMS 0x00000000e3100000| PB 0x00000000e3100000| Untracked |  0
|  50|0x00000000e3200000, 0x00000000e3200000, 0x00000000e3300000|  0%| F|  |TAMS 0x00000000e3200000| PB 0x00000000e3200000| Untracked |  0
|  51|0x00000000e3300000, 0x00000000e3300000, 0x00000000e3400000|  0%| F|  |TAMS 0x00000000e3300000| PB 0x00000000e3300000| Untracked |  0
|  52|0x00000000e3400000, 0x00000000e3400000, 0x00000000e3500000|  0%| F|  |TAMS 0x00000000e3400000| PB 0x00000000e3400000| Untracked |  0
|  53|0x00000000e3500000, 0x00000000e3500000, 0x00000000e3600000|  0%| F|  |TAMS 0x00000000e3500000| PB 0x00000000e3500000| Untracked |  0
|  54|0x00000000e3600000, 0x00000000e3600000, 0x00000000e3700000|  0%| F|  |TAMS 0x00000000e3600000| PB 0x00000000e3600000| Untracked |  0
|  55|0x00000000e3700000, 0x00000000e3700000, 0x00000000e3800000|  0%| F|  |TAMS 0x00000000e3700000| PB 0x00000000e3700000| Untracked |  0
|  56|0x00000000e3800000, 0x00000000e3800000, 0x00000000e3900000|  0%| F|  |TAMS 0x00000000e3800000| PB 0x00000000e3800000| Untracked |  0
|  57|0x00000000e3900000, 0x00000000e3900000, 0x00000000e3a00000|  0%| F|  |TAMS 0x00000000e3900000| PB 0x00000000e3900000| Untracked |  0
|  58|0x00000000e3a00000, 0x00000000e3a00000, 0x00000000e3b00000|  0%| F|  |TAMS 0x00000000e3a00000| PB 0x00000000e3a00000| Untracked |  0
|  59|0x00000000e3b00000, 0x00000000e3b00000, 0x00000000e3c00000|  0%| F|  |TAMS 0x00000000e3b00000| PB 0x00000000e3b00000| Untracked |  0
|  60|0x00000000e3c00000, 0x00000000e3c00000, 0x00000000e3d00000|  0%| F|  |TAMS 0x00000000e3c00000| PB 0x00000000e3c00000| Untracked |  0
|  61|0x00000000e3d00000, 0x00000000e3d00000, 0x00000000e3e00000|  0%| F|  |TAMS 0x00000000e3d00000| PB 0x00000000e3d00000| Untracked |  0
|  62|0x00000000e3e00000, 0x00000000e3e00000, 0x00000000e3f00000|  0%| F|  |TAMS 0x00000000e3e00000| PB 0x00000000e3e00000| Untracked |  0
|  63|0x00000000e3f00000, 0x00000000e3f00000, 0x00000000e4000000|  0%| F|  |TAMS 0x00000000e3f00000| PB 0x00000000e3f00000| Untracked |  0
|  64|0x00000000e4000000, 0x00000000e4000000, 0x00000000e4100000|  0%| F|  |TAMS 0x00000000e4000000| PB 0x00000000e4000000| Untracked |  0
|  65|0x00000000e4100000, 0x00000000e4100000, 0x00000000e4200000|  0%| F|  |TAMS 0x00000000e4100000| PB 0x00000000e4100000| Untracked |  0
|  66|0x00000000e4200000, 0x00000000e4200000, 0x00000000e4300000|  0%| F|  |TAMS 0x00000000e4200000| PB 0x00000000e4200000| Untracked |  0
|  67|0x00000000e4300000, 0x00000000e4300000, 0x00000000e4400000|  0%| F|  |TAMS 0x00000000e4300000| PB 0x00000000e4300000| Untracked |  0
|  68|0x00000000e4400000, 0x00000000e4400000, 0x00000000e4500000|  0%| F|  |TAMS 0x00000000e4400000| PB 0x00000000e4400000| Untracked |  0
|  69|0x00000000e4500000, 0x00000000e4500000, 0x00000000e4600000|  0%| F|  |TAMS 0x00000000e4500000| PB 0x00000000e4500000| Untracked |  0
|  70|0x00000000e4600000, 0x00000000e4600000, 0x00000000e4700000|  0%| F|  |TAMS 0x00000000e4600000| PB 0x00000000e4600000| Untracked |  0
|  71|0x00000000e4700000, 0x00000000e4700000, 0x00000000e4800000|  0%| F|  |TAMS 0x00000000e4700000| PB 0x00000000e4700000| Untracked |  0
|  72|0x00000000e4800000, 0x00000000e4800000, 0x00000000e4900000|  0%| F|  |TAMS 0x00000000e4800000| PB 0x00000000e4800000| Untracked |  0
|  73|0x00000000e4900000, 0x00000000e4900000, 0x00000000e4a00000|  0%| F|  |TAMS 0x00000000e4900000| PB 0x00000000e4900000| Untracked |  0
|  74|0x00000000e4a00000, 0x00000000e4a00000, 0x00000000e4b00000|  0%| F|  |TAMS 0x00000000e4a00000| PB 0x00000000e4a00000| Untracked |  0
|  75|0x00000000e4b00000, 0x00000000e4b00000, 0x00000000e4c00000|  0%| F|  |TAMS 0x00000000e4b00000| PB 0x00000000e4b00000| Untracked |  0
|  76|0x00000000e4c00000, 0x00000000e4c00000, 0x00000000e4d00000|  0%| F|  |TAMS 0x00000000e4c00000| PB 0x00000000e4c00000| Untracked |  0
|  77|0x00000000e4d00000, 0x00000000e4d00000, 0x00000000e4e00000|  0%| F|  |TAMS 0x00000000e4d00000| PB 0x00000000e4d00000| Untracked |  0
|  78|0x00000000e4e00000, 0x00000000e4e00000, 0x00000000e4f00000|  0%| F|  |TAMS 0x00000000e4e00000| PB 0x00000000e4e00000| Untracked |  0
|  79|0x00000000e4f00000, 0x00000000e4f00000, 0x00000000e5000000|  0%| F|  |TAMS 0x00000000e4f00000| PB 0x00000000e4f00000| Untracked |  0
|  80|0x00000000e5000000, 0x00000000e5000000, 0x00000000e5100000|  0%| F|  |TAMS 0x00000000e5000000| PB 0x00000000e5000000| Untracked |  0
|  81|0x00000000e5100000, 0x00000000e5100000, 0x00000000e5200000|  0%| F|  |TAMS 0x00000000e5100000| PB 0x00000000e5100000| Untracked |  0
|  82|0x00000000e5200000, 0x00000000e5200000, 0x00000000e5300000|  0%| F|  |TAMS 0x00000000e5200000| PB 0x00000000e5200000| Untracked |  0
|  83|0x00000000e5300000, 0x00000000e5300000, 0x00000000e5400000|  0%| F|  |TAMS 0x00000000e5300000| PB 0x00000000e5300000| Untracked |  0
|  84|0x00000000e5400000, 0x00000000e5400000, 0x00000000e5500000|  0%| F|  |TAMS 0x00000000e5400000| PB 0x00000000e5400000| Untracked |  0
|  85|0x00000000e5500000, 0x00000000e5500000, 0x00000000e5600000|  0%| F|  |TAMS 0x00000000e5500000| PB 0x00000000e5500000| Untracked |  0
|  86|0x00000000e5600000, 0x00000000e5600000, 0x00000000e5700000|  0%| F|  |TAMS 0x00000000e5600000| PB 0x00000000e5600000| Untracked |  0
|  87|0x00000000e5700000, 0x00000000e5700000, 0x00000000e5800000|  0%| F|  |TAMS 0x00000000e5700000| PB 0x00000000e5700000| Untracked |  0
|  88|0x00000000e5800000, 0x00000000e5800000, 0x00000000e5900000|  0%| F|  |TAMS 0x00000000e5800000| PB 0x00000000e5800000| Untracked |  0
|  89|0x00000000e5900000, 0x00000000e5900000, 0x00000000e5a00000|  0%| F|  |TAMS 0x00000000e5900000| PB 0x00000000e5900000| Untracked |  0
|  90|0x00000000e5a00000, 0x00000000e5a00000, 0x00000000e5b00000|  0%| F|  |TAMS 0x00000000e5a00000| PB 0x00000000e5a00000| Untracked |  0
|  91|0x00000000e5b00000, 0x00000000e5b00000, 0x00000000e5c00000|  0%| F|  |TAMS 0x00000000e5b00000| PB 0x00000000e5b00000| Untracked |  0
|  92|0x00000000e5c00000, 0x00000000e5c00000, 0x00000000e5d00000|  0%| F|  |TAMS 0x00000000e5c00000| PB 0x00000000e5c00000| Untracked |  0
|  93|0x00000000e5d00000, 0x00000000e5d00000, 0x00000000e5e00000|  0%| F|  |TAMS 0x00000000e5d00000| PB 0x00000000e5d00000| Untracked |  0
|  94|0x00000000e5e00000, 0x00000000e5e00000, 0x00000000e5f00000|  0%| F|  |TAMS 0x00000000e5e00000| PB 0x00000000e5e00000| Untracked |  0
|  95|0x00000000e5f00000, 0x00000000e5f00000, 0x00000000e6000000|  0%| F|  |TAMS 0x00000000e5f00000| PB 0x00000000e5f00000| Untracked |  0
|  96|0x00000000e6000000, 0x00000000e6000000, 0x00000000e6100000|  0%| F|  |TAMS 0x00000000e6000000| PB 0x00000000e6000000| Untracked |  0
|  97|0x00000000e6100000, 0x00000000e6100000, 0x00000000e6200000|  0%| F|  |TAMS 0x00000000e6100000| PB 0x00000000e6100000| Untracked |  0
|  98|0x00000000e6200000, 0x00000000e6200000, 0x00000000e6300000|  0%| F|  |TAMS 0x00000000e6200000| PB 0x00000000e6200000| Untracked |  0
|  99|0x00000000e6300000, 0x00000000e6300000, 0x00000000e6400000|  0%| F|  |TAMS 0x00000000e6300000| PB 0x00000000e6300000| Untracked |  0
| 100|0x00000000e6400000, 0x00000000e6400000, 0x00000000e6500000|  0%| F|  |TAMS 0x00000000e6400000| PB 0x00000000e6400000| Untracked |  0
| 101|0x00000000e6500000, 0x00000000e6500000, 0x00000000e6600000|  0%| F|  |TAMS 0x00000000e6500000| PB 0x00000000e6500000| Untracked |  0
| 102|0x00000000e6600000, 0x00000000e6600000, 0x00000000e6700000|  0%| F|  |TAMS 0x00000000e6600000| PB 0x00000000e6600000| Untracked |  0
| 103|0x00000000e6700000, 0x00000000e6700000, 0x00000000e6800000|  0%| F|  |TAMS 0x00000000e6700000| PB 0x00000000e6700000| Untracked |  0
| 104|0x00000000e6800000, 0x00000000e6800000, 0x00000000e6900000|  0%| F|  |TAMS 0x00000000e6800000| PB 0x00000000e6800000| Untracked |  0
| 105|0x00000000e6900000, 0x00000000e6900000, 0x00000000e6a00000|  0%| F|  |TAMS 0x00000000e6900000| PB 0x00000000e6900000| Untracked |  0
| 106|0x00000000e6a00000, 0x00000000e6a00000, 0x00000000e6b00000|  0%| F|  |TAMS 0x00000000e6a00000| PB 0x00000000e6a00000| Untracked |  0
| 107|0x00000000e6b00000, 0x00000000e6b00000, 0x00000000e6c00000|  0%| F|  |TAMS 0x00000000e6b00000| PB 0x00000000e6b00000| Untracked |  0
| 108|0x00000000e6c00000, 0x00000000e6c00000, 0x00000000e6d00000|  0%| F|  |TAMS 0x00000000e6c00000| PB 0x00000000e6c00000| Untracked |  0
| 109|0x00000000e6d00000, 0x00000000e6d00000, 0x00000000e6e00000|  0%| F|  |TAMS 0x00000000e6d00000| PB 0x00000000e6d00000| Untracked |  0
| 110|0x00000000e6e00000, 0x00000000e6e00000, 0x00000000e6f00000|  0%| F|  |TAMS 0x00000000e6e00000| PB 0x00000000e6e00000| Untracked |  0
| 111|0x00000000e6f00000, 0x00000000e6f00000, 0x00000000e7000000|  0%| F|  |TAMS 0x00000000e6f00000| PB 0x00000000e6f00000| Untracked |  0
| 112|0x00000000e7000000, 0x00000000e7000000, 0x00000000e7100000|  0%| F|  |TAMS 0x00000000e7000000| PB 0x00000000e7000000| Untracked |  0
| 113|0x00000000e7100000, 0x00000000e7100000, 0x00000000e7200000|  0%| F|  |TAMS 0x00000000e7100000| PB 0x00000000e7100000| Untracked |  0
| 114|0x00000000e7200000, 0x00000000e7200000, 0x00000000e7300000|  0%| F|  |TAMS 0x00000000e7200000| PB 0x00000000e7200000| Untracked |  0
| 115|0x00000000e7300000, 0x00000000e7300000, 0x00000000e7400000|  0%| F|  |TAMS 0x00000000e7300000| PB 0x00000000e7300000| Untracked |  0
| 116|0x00000000e7400000, 0x00000000e7400000, 0x00000000e7500000|  0%| F|  |TAMS 0x00000000e7400000| PB 0x00000000e7400000| Untracked |  0
| 117|0x00000000e7500000, 0x00000000e7500000, 0x00000000e7600000|  0%| F|  |TAMS 0x00000000e7500000| PB 0x00000000e7500000| Untracked |  0
| 118|0x00000000e7600000, 0x00000000e7600000, 0x00000000e7700000|  0%| F|  |TAMS 0x00000000e7600000| PB 0x00000000e7600000| Untracked |  0
| 119|0x00000000e7700000, 0x00000000e7700000, 0x00000000e7800000|  0%| F|  |TAMS 0x00000000e7700000| PB 0x00000000e7700000| Untracked |  0
| 120|0x00000000e7800000, 0x00000000e7800000, 0x00000000e7900000|  0%| F|  |TAMS 0x00000000e7800000| PB 0x00000000e7800000| Untracked |  0
| 121|0x00000000e7900000, 0x00000000e7900000, 0x00000000e7a00000|  0%| F|  |TAMS 0x00000000e7900000| PB 0x00000000e7900000| Untracked |  0
| 122|0x00000000e7a00000, 0x00000000e7a00000, 0x00000000e7b00000|  0%| F|  |TAMS 0x00000000e7a00000| PB 0x00000000e7a00000| Untracked |  0
| 123|0x00000000e7b00000, 0x00000000e7b00000, 0x00000000e7c00000|  0%| F|  |TAMS 0x00000000e7b00000| PB 0x00000000e7b00000| Untracked |  0
| 124|0x00000000e7c00000, 0x00000000e7c00000, 0x00000000e7d00000|  0%| F|  |TAMS 0x00000000e7c00000| PB 0x00000000e7c00000| Untracked |  0
| 125|0x00000000e7d00000, 0x00000000e7d00000, 0x00000000e7e00000|  0%| F|  |TAMS 0x00000000e7d00000| PB 0x00000000e7d00000| Untracked |  0
| 126|0x00000000e7e00000, 0x00000000e7e00000, 0x00000000e7f00000|  0%| F|  |TAMS 0x00000000e7e00000| PB 0x00000000e7e00000| Untracked |  0
| 127|0x00000000e7f00000, 0x00000000e7f00000, 0x00000000e8000000|  0%| F|  |TAMS 0x00000000e7f00000| PB 0x00000000e7f00000| Untracked |  0
| 128|0x00000000e8000000, 0x00000000e8000000, 0x00000000e8100000|  0%| F|  |TAMS 0x00000000e8000000| PB 0x00000000e8000000| Untracked |  0
| 129|0x00000000e8100000, 0x00000000e8100000, 0x00000000e8200000|  0%| F|  |TAMS 0x00000000e8100000| PB 0x00000000e8100000| Untracked |  0
| 130|0x00000000e8200000, 0x00000000e8200000, 0x00000000e8300000|  0%| F|  |TAMS 0x00000000e8200000| PB 0x00000000e8200000| Untracked |  0
| 131|0x00000000e8300000, 0x00000000e8300000, 0x00000000e8400000|  0%| F|  |TAMS 0x00000000e8300000| PB 0x00000000e8300000| Untracked |  0
| 132|0x00000000e8400000, 0x00000000e8400000, 0x00000000e8500000|  0%| F|  |TAMS 0x00000000e8400000| PB 0x00000000e8400000| Untracked |  0
| 133|0x00000000e8500000, 0x00000000e8500000, 0x00000000e8600000|  0%| F|  |TAMS 0x00000000e8500000| PB 0x00000000e8500000| Untracked |  0
| 134|0x00000000e8600000, 0x00000000e8600000, 0x00000000e8700000|  0%| F|  |TAMS 0x00000000e8600000| PB 0x00000000e8600000| Untracked |  0
| 135|0x00000000e8700000, 0x00000000e8700000, 0x00000000e8800000|  0%| F|  |TAMS 0x00000000e8700000| PB 0x00000000e8700000| Untracked |  0
| 136|0x00000000e8800000, 0x00000000e8800000, 0x00000000e8900000|  0%| F|  |TAMS 0x00000000e8800000| PB 0x00000000e8800000| Untracked |  0
| 137|0x00000000e8900000, 0x00000000e8900000, 0x00000000e8a00000|  0%| F|  |TAMS 0x00000000e8900000| PB 0x00000000e8900000| Untracked |  0
| 138|0x00000000e8a00000, 0x00000000e8a00000, 0x00000000e8b00000|  0%| F|  |TAMS 0x00000000e8a00000| PB 0x00000000e8a00000| Untracked |  0
| 139|0x00000000e8b00000, 0x00000000e8b00000, 0x00000000e8c00000|  0%| F|  |TAMS 0x00000000e8b00000| PB 0x00000000e8b00000| Untracked |  0
| 140|0x00000000e8c00000, 0x00000000e8c00000, 0x00000000e8d00000|  0%| F|  |TAMS 0x00000000e8c00000| PB 0x00000000e8c00000| Untracked |  0
| 141|0x00000000e8d00000, 0x00000000e8d00000, 0x00000000e8e00000|  0%| F|  |TAMS 0x00000000e8d00000| PB 0x00000000e8d00000| Untracked |  0
| 142|0x00000000e8e00000, 0x00000000e8e00000, 0x00000000e8f00000|  0%| F|  |TAMS 0x00000000e8e00000| PB 0x00000000e8e00000| Untracked |  0
| 143|0x00000000e8f00000, 0x00000000e8f00000, 0x00000000e9000000|  0%| F|  |TAMS 0x00000000e8f00000| PB 0x00000000e8f00000| Untracked |  0
| 144|0x00000000e9000000, 0x00000000e9000000, 0x00000000e9100000|  0%| F|  |TAMS 0x00000000e9000000| PB 0x00000000e9000000| Untracked |  0
| 145|0x00000000e9100000, 0x00000000e9100000, 0x00000000e9200000|  0%| F|  |TAMS 0x00000000e9100000| PB 0x00000000e9100000| Untracked |  0
| 146|0x00000000e9200000, 0x00000000e9200000, 0x00000000e9300000|  0%| F|  |TAMS 0x00000000e9200000| PB 0x00000000e9200000| Untracked |  0
| 147|0x00000000e9300000, 0x00000000e9300000, 0x00000000e9400000|  0%| F|  |TAMS 0x00000000e9300000| PB 0x00000000e9300000| Untracked |  0
| 148|0x00000000e9400000, 0x00000000e9400000, 0x00000000e9500000|  0%| F|  |TAMS 0x00000000e9400000| PB 0x00000000e9400000| Untracked |  0
| 149|0x00000000e9500000, 0x00000000e9500000, 0x00000000e9600000|  0%| F|  |TAMS 0x00000000e9500000| PB 0x00000000e9500000| Untracked |  0
| 150|0x00000000e9600000, 0x00000000e9600000, 0x00000000e9700000|  0%| F|  |TAMS 0x00000000e9600000| PB 0x00000000e9600000| Untracked |  0
| 151|0x00000000e9700000, 0x00000000e9700000, 0x00000000e9800000|  0%| F|  |TAMS 0x00000000e9700000| PB 0x00000000e9700000| Untracked |  0
| 152|0x00000000e9800000, 0x00000000e9800000, 0x00000000e9900000|  0%| F|  |TAMS 0x00000000e9800000| PB 0x00000000e9800000| Untracked |  0
| 153|0x00000000e9900000, 0x00000000e9900000, 0x00000000e9a00000|  0%| F|  |TAMS 0x00000000e9900000| PB 0x00000000e9900000| Untracked |  0
| 154|0x00000000e9a00000, 0x00000000e9a00000, 0x00000000e9b00000|  0%| F|  |TAMS 0x00000000e9a00000| PB 0x00000000e9a00000| Untracked |  0
| 155|0x00000000e9b00000, 0x00000000e9b00000, 0x00000000e9c00000|  0%| F|  |TAMS 0x00000000e9b00000| PB 0x00000000e9b00000| Untracked |  0
| 156|0x00000000e9c00000, 0x00000000e9c00000, 0x00000000e9d00000|  0%| F|  |TAMS 0x00000000e9c00000| PB 0x00000000e9c00000| Untracked |  0
| 157|0x00000000e9d00000, 0x00000000e9d00000, 0x00000000e9e00000|  0%| F|  |TAMS 0x00000000e9d00000| PB 0x00000000e9d00000| Untracked |  0
| 158|0x00000000e9e00000, 0x00000000e9e00000, 0x00000000e9f00000|  0%| F|  |TAMS 0x00000000e9e00000| PB 0x00000000e9e00000| Untracked |  0
| 159|0x00000000e9f00000, 0x00000000e9f00000, 0x00000000ea000000|  0%| F|  |TAMS 0x00000000e9f00000| PB 0x00000000e9f00000| Untracked |  0
| 160|0x00000000ea000000, 0x00000000ea000000, 0x00000000ea100000|  0%| F|  |TAMS 0x00000000ea000000| PB 0x00000000ea000000| Untracked |  0
| 161|0x00000000ea100000, 0x00000000ea100000, 0x00000000ea200000|  0%| F|  |TAMS 0x00000000ea100000| PB 0x00000000ea100000| Untracked |  0
| 162|0x00000000ea200000, 0x00000000ea200000, 0x00000000ea300000|  0%| F|  |TAMS 0x00000000ea200000| PB 0x00000000ea200000| Untracked |  0
| 163|0x00000000ea300000, 0x00000000ea300000, 0x00000000ea400000|  0%| F|  |TAMS 0x00000000ea300000| PB 0x00000000ea300000| Untracked |  0
| 164|0x00000000ea400000, 0x00000000ea400000, 0x00000000ea500000|  0%| F|  |TAMS 0x00000000ea400000| PB 0x00000000ea400000| Untracked |  0
| 165|0x00000000ea500000, 0x00000000ea500000, 0x00000000ea600000|  0%| F|  |TAMS 0x00000000ea500000| PB 0x00000000ea500000| Untracked |  0
| 166|0x00000000ea600000, 0x00000000ea600000, 0x00000000ea700000|  0%| F|  |TAMS 0x00000000ea600000| PB 0x00000000ea600000| Untracked |  0
| 167|0x00000000ea700000, 0x00000000ea700000, 0x00000000ea800000|  0%| F|  |TAMS 0x00000000ea700000| PB 0x00000000ea700000| Untracked |  0
| 168|0x00000000ea800000, 0x00000000ea800000, 0x00000000ea900000|  0%| F|  |TAMS 0x00000000ea800000| PB 0x00000000ea800000| Untracked |  0
| 169|0x00000000ea900000, 0x00000000ea900000, 0x00000000eaa00000|  0%| F|  |TAMS 0x00000000ea900000| PB 0x00000000ea900000| Untracked |  0
| 170|0x00000000eaa00000, 0x00000000eaa00000, 0x00000000eab00000|  0%| F|  |TAMS 0x00000000eaa00000| PB 0x00000000eaa00000| Untracked |  0
| 171|0x00000000eab00000, 0x00000000eab00000, 0x00000000eac00000|  0%| F|  |TAMS 0x00000000eab00000| PB 0x00000000eab00000| Untracked |  0
| 172|0x00000000eac00000, 0x00000000eac00000, 0x00000000ead00000|  0%| F|  |TAMS 0x00000000eac00000| PB 0x00000000eac00000| Untracked |  0
| 173|0x00000000ead00000, 0x00000000ead00000, 0x00000000eae00000|  0%| F|  |TAMS 0x00000000ead00000| PB 0x00000000ead00000| Untracked |  0
| 174|0x00000000eae00000, 0x00000000eae00000, 0x00000000eaf00000|  0%| F|  |TAMS 0x00000000eae00000| PB 0x00000000eae00000| Untracked |  0
| 175|0x00000000eaf00000, 0x00000000eaf00000, 0x00000000eb000000|  0%| F|  |TAMS 0x00000000eaf00000| PB 0x00000000eaf00000| Untracked |  0
| 176|0x00000000eb000000, 0x00000000eb000000, 0x00000000eb100000|  0%| F|  |TAMS 0x00000000eb000000| PB 0x00000000eb000000| Untracked |  0
| 177|0x00000000eb100000, 0x00000000eb100000, 0x00000000eb200000|  0%| F|  |TAMS 0x00000000eb100000| PB 0x00000000eb100000| Untracked |  0
| 178|0x00000000eb200000, 0x00000000eb200000, 0x00000000eb300000|  0%| F|  |TAMS 0x00000000eb200000| PB 0x00000000eb200000| Untracked |  0
| 179|0x00000000eb300000, 0x00000000eb300000, 0x00000000eb400000|  0%| F|  |TAMS 0x00000000eb300000| PB 0x00000000eb300000| Untracked |  0
| 180|0x00000000eb400000, 0x00000000eb400000, 0x00000000eb500000|  0%| F|  |TAMS 0x00000000eb400000| PB 0x00000000eb400000| Untracked |  0
| 181|0x00000000eb500000, 0x00000000eb500000, 0x00000000eb600000|  0%| F|  |TAMS 0x00000000eb500000| PB 0x00000000eb500000| Untracked |  0
| 182|0x00000000eb600000, 0x00000000eb600000, 0x00000000eb700000|  0%| F|  |TAMS 0x00000000eb600000| PB 0x00000000eb600000| Untracked |  0
| 183|0x00000000eb700000, 0x00000000eb700000, 0x00000000eb800000|  0%| F|  |TAMS 0x00000000eb700000| PB 0x00000000eb700000| Untracked |  0
| 184|0x00000000eb800000, 0x00000000eb800000, 0x00000000eb900000|  0%| F|  |TAMS 0x00000000eb800000| PB 0x00000000eb800000| Untracked |  0
| 185|0x00000000eb900000, 0x00000000eb900000, 0x00000000eba00000|  0%| F|  |TAMS 0x00000000eb900000| PB 0x00000000eb900000| Untracked |  0
| 186|0x00000000eba00000, 0x00000000eba00000, 0x00000000ebb00000|  0%| F|  |TAMS 0x00000000eba00000| PB 0x00000000eba00000| Untracked |  0
| 187|0x00000000ebb00000, 0x00000000ebb00000, 0x00000000ebc00000|  0%| F|  |TAMS 0x00000000ebb00000| PB 0x00000000ebb00000| Untracked |  0
| 188|0x00000000ebc00000, 0x00000000ebc00000, 0x00000000ebd00000|  0%| F|  |TAMS 0x00000000ebc00000| PB 0x00000000ebc00000| Untracked |  0
| 189|0x00000000ebd00000, 0x00000000ebd00000, 0x00000000ebe00000|  0%| F|  |TAMS 0x00000000ebd00000| PB 0x00000000ebd00000| Untracked |  0
| 190|0x00000000ebe00000, 0x00000000ebe00000, 0x00000000ebf00000|  0%| F|  |TAMS 0x00000000ebe00000| PB 0x00000000ebe00000| Untracked |  0
| 191|0x00000000ebf00000, 0x00000000ebf00000, 0x00000000ec000000|  0%| F|  |TAMS 0x00000000ebf00000| PB 0x00000000ebf00000| Untracked |  0
| 192|0x00000000ec000000, 0x00000000ec000000, 0x00000000ec100000|  0%| F|  |TAMS 0x00000000ec000000| PB 0x00000000ec000000| Untracked |  0
| 193|0x00000000ec100000, 0x00000000ec100000, 0x00000000ec200000|  0%| F|  |TAMS 0x00000000ec100000| PB 0x00000000ec100000| Untracked |  0
| 194|0x00000000ec200000, 0x00000000ec200000, 0x00000000ec300000|  0%| F|  |TAMS 0x00000000ec200000| PB 0x00000000ec200000| Untracked |  0
| 195|0x00000000ec300000, 0x00000000ec300000, 0x00000000ec400000|  0%| F|  |TAMS 0x00000000ec300000| PB 0x00000000ec300000| Untracked |  0
| 196|0x00000000ec400000, 0x00000000ec400000, 0x00000000ec500000|  0%| F|  |TAMS 0x00000000ec400000| PB 0x00000000ec400000| Untracked |  0
| 197|0x00000000ec500000, 0x00000000ec500000, 0x00000000ec600000|  0%| F|  |TAMS 0x00000000ec500000| PB 0x00000000ec500000| Untracked |  0
| 198|0x00000000ec600000, 0x00000000ec600000, 0x00000000ec700000|  0%| F|  |TAMS 0x00000000ec600000| PB 0x00000000ec600000| Untracked |  0
| 199|0x00000000ec700000, 0x00000000ec700000, 0x00000000ec800000|  0%| F|  |TAMS 0x00000000ec700000| PB 0x00000000ec700000| Untracked |  0
| 200|0x00000000ec800000, 0x00000000ec800000, 0x00000000ec900000|  0%| F|  |TAMS 0x00000000ec800000| PB 0x00000000ec800000| Untracked |  0
| 201|0x00000000ec900000, 0x00000000ec900000, 0x00000000eca00000|  0%| F|  |TAMS 0x00000000ec900000| PB 0x00000000ec900000| Untracked |  0
| 202|0x00000000eca00000, 0x00000000eca00000, 0x00000000ecb00000|  0%| F|  |TAMS 0x00000000eca00000| PB 0x00000000eca00000| Untracked |  0
| 203|0x00000000ecb00000, 0x00000000ecb00000, 0x00000000ecc00000|  0%| F|  |TAMS 0x00000000ecb00000| PB 0x00000000ecb00000| Untracked |  0
| 204|0x00000000ecc00000, 0x00000000ecc00000, 0x00000000ecd00000|  0%| F|  |TAMS 0x00000000ecc00000| PB 0x00000000ecc00000| Untracked |  0
| 205|0x00000000ecd00000, 0x00000000ecd00000, 0x00000000ece00000|  0%| F|  |TAMS 0x00000000ecd00000| PB 0x00000000ecd00000| Untracked |  0
| 206|0x00000000ece00000, 0x00000000ece00000, 0x00000000ecf00000|  0%| F|  |TAMS 0x00000000ece00000| PB 0x00000000ece00000| Untracked |  0
| 207|0x00000000ecf00000, 0x00000000ecf00000, 0x00000000ed000000|  0%| F|  |TAMS 0x00000000ecf00000| PB 0x00000000ecf00000| Untracked |  0
| 208|0x00000000ed000000, 0x00000000ed000000, 0x00000000ed100000|  0%| F|  |TAMS 0x00000000ed000000| PB 0x00000000ed000000| Untracked |  0
| 209|0x00000000ed100000, 0x00000000ed100000, 0x00000000ed200000|  0%| F|  |TAMS 0x00000000ed100000| PB 0x00000000ed100000| Untracked |  0
| 210|0x00000000ed200000, 0x00000000ed200000, 0x00000000ed300000|  0%| F|  |TAMS 0x00000000ed200000| PB 0x00000000ed200000| Untracked |  0
| 211|0x00000000ed300000, 0x00000000ed300000, 0x00000000ed400000|  0%| F|  |TAMS 0x00000000ed300000| PB 0x00000000ed300000| Untracked |  0
| 212|0x00000000ed400000, 0x00000000ed400000, 0x00000000ed500000|  0%| F|  |TAMS 0x00000000ed400000| PB 0x00000000ed400000| Untracked |  0
| 213|0x00000000ed500000, 0x00000000ed500000, 0x00000000ed600000|  0%| F|  |TAMS 0x00000000ed500000| PB 0x00000000ed500000| Untracked |  0
| 214|0x00000000ed600000, 0x00000000ed600000, 0x00000000ed700000|  0%| F|  |TAMS 0x00000000ed600000| PB 0x00000000ed600000| Untracked |  0
| 215|0x00000000ed700000, 0x00000000ed700000, 0x00000000ed800000|  0%| F|  |TAMS 0x00000000ed700000| PB 0x00000000ed700000| Untracked |  0
| 216|0x00000000ed800000, 0x00000000ed800000, 0x00000000ed900000|  0%| F|  |TAMS 0x00000000ed800000| PB 0x00000000ed800000| Untracked |  0
| 217|0x00000000ed900000, 0x00000000ed900000, 0x00000000eda00000|  0%| F|  |TAMS 0x00000000ed900000| PB 0x00000000ed900000| Untracked |  0
| 218|0x00000000eda00000, 0x00000000eda00000, 0x00000000edb00000|  0%| F|  |TAMS 0x00000000eda00000| PB 0x00000000eda00000| Untracked |  0
| 219|0x00000000edb00000, 0x00000000edb00000, 0x00000000edc00000|  0%| F|  |TAMS 0x00000000edb00000| PB 0x00000000edb00000| Untracked |  0
| 220|0x00000000edc00000, 0x00000000edc00000, 0x00000000edd00000|  0%| F|  |TAMS 0x00000000edc00000| PB 0x00000000edc00000| Untracked |  0
| 221|0x00000000edd00000, 0x00000000eddedc98, 0x00000000ede00000| 92%| E|  |TAMS 0x00000000edd00000| PB 0x00000000edd00000| Complete |  0
| 222|0x00000000ede00000, 0x00000000edf00000, 0x00000000edf00000|100%| E|CS|TAMS 0x00000000ede00000| PB 0x00000000ede00000| Complete |  0
| 223|0x00000000edf00000, 0x00000000ee000000, 0x00000000ee000000|100%| E|CS|TAMS 0x00000000edf00000| PB 0x00000000edf00000| Complete |  0
| 224|0x00000000ee000000, 0x00000000ee02ab90, 0x00000000ee100000| 16%| S|CS|TAMS 0x00000000ee000000| PB 0x00000000ee000000| Complete |  0
| 225|0x00000000ee100000, 0x00000000ee200000, 0x00000000ee200000|100%| E|CS|TAMS 0x00000000ee100000| PB 0x00000000ee100000| Complete |  0
| 226|0x00000000ee200000, 0x00000000ee300000, 0x00000000ee300000|100%| E|CS|TAMS 0x00000000ee200000| PB 0x00000000ee200000| Complete |  0
| 227|0x00000000ee300000, 0x00000000ee400000, 0x00000000ee400000|100%| E|CS|TAMS 0x00000000ee300000| PB 0x00000000ee300000| Complete |  0
| 228|0x00000000ee400000, 0x00000000ee500000, 0x00000000ee500000|100%| S|CS|TAMS 0x00000000ee400000| PB 0x00000000ee400000| Complete |  0
| 229|0x00000000ee500000, 0x00000000ee600000, 0x00000000ee600000|100%| E|CS|TAMS 0x00000000ee500000| PB 0x00000000ee500000| Complete |  0
| 230|0x00000000ee600000, 0x00000000ee700000, 0x00000000ee700000|100%| E|CS|TAMS 0x00000000ee600000| PB 0x00000000ee600000| Complete |  0
| 231|0x00000000ee700000, 0x00000000ee800000, 0x00000000ee800000|100%| E|CS|TAMS 0x00000000ee700000| PB 0x00000000ee700000| Complete |  0
| 232|0x00000000ee800000, 0x00000000ee900000, 0x00000000ee900000|100%| E|CS|TAMS 0x00000000ee800000| PB 0x00000000ee800000| Complete |  0
| 233|0x00000000ee900000, 0x00000000eea00000, 0x00000000eea00000|100%| E|CS|TAMS 0x00000000ee900000| PB 0x00000000ee900000| Complete |  0
| 234|0x00000000eea00000, 0x00000000eeb00000, 0x00000000eeb00000|100%| E|CS|TAMS 0x00000000eea00000| PB 0x00000000eea00000| Complete |  0
| 235|0x00000000eeb00000, 0x00000000eec00000, 0x00000000eec00000|100%| E|CS|TAMS 0x00000000eeb00000| PB 0x00000000eeb00000| Complete |  0
| 236|0x00000000eec00000, 0x00000000eed00000, 0x00000000eed00000|100%| E|CS|TAMS 0x00000000eec00000| PB 0x00000000eec00000| Complete |  0
| 237|0x00000000eed00000, 0x00000000eee00000, 0x00000000eee00000|100%| E|CS|TAMS 0x00000000eed00000| PB 0x00000000eed00000| Complete |  0
| 238|0x00000000eee00000, 0x00000000eef00000, 0x00000000eef00000|100%| E|CS|TAMS 0x00000000eee00000| PB 0x00000000eee00000| Complete |  0
| 239|0x00000000eef00000, 0x00000000ef000000, 0x00000000ef000000|100%| E|CS|TAMS 0x00000000eef00000| PB 0x00000000eef00000| Complete |  0
| 240|0x00000000ef000000, 0x00000000ef100000, 0x00000000ef100000|100%| E|CS|TAMS 0x00000000ef000000| PB 0x00000000ef000000| Complete |  0
| 241|0x00000000ef100000, 0x00000000ef200000, 0x00000000ef200000|100%| E|CS|TAMS 0x00000000ef100000| PB 0x00000000ef100000| Complete |  0
| 242|0x00000000ef200000, 0x00000000ef300000, 0x00000000ef300000|100%| E|CS|TAMS 0x00000000ef200000| PB 0x00000000ef200000| Complete |  0
| 243|0x00000000ef300000, 0x00000000ef400000, 0x00000000ef400000|100%| E|CS|TAMS 0x00000000ef300000| PB 0x00000000ef300000| Complete |  0
| 244|0x00000000ef400000, 0x00000000ef500000, 0x00000000ef500000|100%| E|CS|TAMS 0x00000000ef400000| PB 0x00000000ef400000| Complete |  0
| 245|0x00000000ef500000, 0x00000000ef600000, 0x00000000ef600000|100%| E|CS|TAMS 0x00000000ef500000| PB 0x00000000ef500000| Complete |  0
| 246|0x00000000ef600000, 0x00000000ef700000, 0x00000000ef700000|100%| E|CS|TAMS 0x00000000ef600000| PB 0x00000000ef600000| Complete |  0
| 247|0x00000000ef700000, 0x00000000ef800000, 0x00000000ef800000|100%| E|CS|TAMS 0x00000000ef700000| PB 0x00000000ef700000| Complete |  0
| 248|0x00000000ef800000, 0x00000000ef900000, 0x00000000ef900000|100%| E|CS|TAMS 0x00000000ef800000| PB 0x00000000ef800000| Complete |  0
| 249|0x00000000ef900000, 0x00000000efa00000, 0x00000000efa00000|100%| E|CS|TAMS 0x00000000ef900000| PB 0x00000000ef900000| Complete |  0
| 250|0x00000000efa00000, 0x00000000efb00000, 0x00000000efb00000|100%| E|CS|TAMS 0x00000000efa00000| PB 0x00000000efa00000| Complete |  0
| 251|0x00000000efb00000, 0x00000000efc00000, 0x00000000efc00000|100%| E|CS|TAMS 0x00000000efb00000| PB 0x00000000efb00000| Complete |  0

Card table byte_map: [0x000001b4e4bf0000,0x000001b4e4cf0000] _byte_map_base: 0x000001b4e44f0000

Marking Bits: (CMBitMap*) 0x000001b4cce99f70
 Bits: [0x000001b4e4cf0000, 0x000001b4e54f0000)

Polling page: 0x000001b4cad40000

Metaspace:

Usage:
  Non-class:     12.23 MB used.
      Class:      1.75 MB used.
       Both:     13.97 MB used.

Virtual space:
  Non-class space:       64.00 MB reserved,      12.38 MB ( 19%) committed,  1 nodes.
      Class space:        1.00 GB reserved,       1.88 MB ( <1%) committed,  1 nodes.
             Both:        1.06 GB reserved,      14.25 MB (  1%) committed. 

Chunk freelists:
   Non-Class:  3.15 MB
       Class:  14.05 MB
        Both:  17.20 MB

MaxMetaspaceSize: unlimited
CompressedClassSpaceSize: 1.00 GB
Initial GC threshold: 21.00 MB
Current GC threshold: 21.00 MB
CDS: on
 - commit_granule_bytes: 65536.
 - commit_granule_words: 8192.
 - virtual_space_node_default_size: 8388608.
 - enlarge_chunks_in_place: 1.
 - use_allocation_guard: 0.


Internal statistics:

num_allocs_failed_limit: 0.
num_arena_births: 102.
num_arena_deaths: 0.
num_vsnodes_births: 2.
num_vsnodes_deaths: 0.
num_space_committed: 228.
num_space_uncommitted: 0.
num_chunks_returned_to_freelist: 0.
num_chunks_taken_from_freelist: 564.
num_chunk_merges: 0.
num_chunk_splits: 395.
num_chunks_enlarged: 329.
num_inconsistent_stats: 0.

CodeHeap 'non-profiled nmethods': size=120064Kb used=870Kb max_used=870Kb free=119193Kb
 bounds [0x000001b4dd060000, 0x000001b4dd2d0000, 0x000001b4e45a0000]
CodeHeap 'profiled nmethods': size=120000Kb used=4460Kb max_used=4460Kb free=115539Kb
 bounds [0x000001b4d55a0000, 0x000001b4d5a00000, 0x000001b4dcad0000]
CodeHeap 'non-nmethods': size=5696Kb used=1392Kb max_used=1408Kb free=4303Kb
 bounds [0x000001b4dcad0000, 0x000001b4dcd40000, 0x000001b4dd060000]
CodeCache: size=245760Kb, used=6722Kb, max_used=6738Kb, free=239035Kb
 total_blobs=3503, nmethods=3005, adapters=403, full_count=0
Compilation: enabled, stopped_count=0, restarted_count=0

Compilation events (20 events):
Event: 6.284 Thread 0x000001b4c503f4d0 2926       3       jdk.internal.org.objectweb.asm.MethodWriter::<init> (232 bytes)
Event: 6.286 Thread 0x000001b4c503f4d0 nmethod 2926 0x000001b4d59dce88 code [0x000001b4d59dd0a0, 0x000001b4d59dddb8]
Event: 6.286 Thread 0x000001b4c503f4d0 2927       3       jdk.internal.org.objectweb.asm.MethodWriter::computeMethodInfoSize (571 bytes)
Event: 6.288 Thread 0x000001b4c503f4d0 nmethod 2927 0x000001b4d59dde08 code [0x000001b4d59de0c0, 0x000001b4d59deeb0]
Event: 6.288 Thread 0x000001b4c503f4d0 2929       1       java.lang.invoke.MethodHandleNatives::isPullModeBSM (2 bytes)
Event: 6.289 Thread 0x000001b4c503f4d0 nmethod 2929 0x000001b4dd135088 code [0x000001b4dd1351a0, 0x000001b4dd135248]
Event: 6.289 Thread 0x000001b4c503f4d0 2928       1       jdk.internal.org.objectweb.asm.SymbolTable::getConstantPoolCount (5 bytes)
Event: 6.289 Thread 0x000001b4c503f4d0 nmethod 2928 0x000001b4dd135388 code [0x000001b4dd1354a0, 0x000001b4dd135568]
Event: 6.298 Thread 0x000001b4c503f4d0 2930       3       java.util.LinkedHashMap$LinkedEntryIterator::next (5 bytes)
Event: 6.298 Thread 0x000001b4c503f4d0 nmethod 2930 0x000001b4d59def08 code [0x000001b4d59df040, 0x000001b4d59df1d8]
Event: 6.298 Thread 0x000001b4c503f4d0 2931       3       java.util.LinkedHashMap$LinkedEntryIterator::next (5 bytes)
Event: 6.298 Thread 0x000001b4c503f4d0 nmethod 2931 0x000001b4d59df208 code [0x000001b4d59df320, 0x000001b4d59df458]
Event: 7.311 Thread 0x000001b4c503f4d0 2932       3       java.util.regex.Pattern::peek (26 bytes)
Event: 7.311 Thread 0x000001b4c503f4d0 nmethod 2932 0x000001b4d59df508 code [0x000001b4d59df640, 0x000001b4d59df890]
Event: 7.312 Thread 0x000001b4c503f4d0 2933       3       java.util.regex.Pattern$$Lambda/0x000001b481058e08::is (5 bytes)
Event: 7.312 Thread 0x000001b4c503f4d0 nmethod 2933 0x000001b4d59df908 code [0x000001b4d59dfa20, 0x000001b4d59dfc68]
Event: 7.312 Thread 0x000001b4c503f4d0 2934       3       java.util.regex.Pattern::lambda$DOT$11 (34 bytes)
Event: 7.312 Thread 0x000001b4c503f4d0 nmethod 2934 0x000001b4d59dfc88 code [0x000001b4d59dfda0, 0x000001b4d59dff68]
Event: 9.327 Thread 0x000001b4c503adf0 2935       4       java.util.HashMap::getNode (150 bytes)
Event: 9.328 Thread 0x000001b4c503f4d0 2936       3       com.google.common.collect.Maps$ViewCachingAbstractMap::entrySet (23 bytes)

GC Heap History (4 events):
Event: 2.414 GC heap before
{Heap before GC invocations=0 (full 0):
 garbage-first heap   total reserved 524288K, committed 258048K, used 24576K [0x00000000e0000000, 0x0000000100000000)
  region size 1024K, 24 young (24576K), 0 survivors (0K)
 Metaspace       used 5879K, committed 6016K, reserved 1114112K
  class space    used 716K, committed 768K, reserved 1048576K
}
Event: 2.426 GC heap after
{Heap after GC invocations=1 (full 0):
 garbage-first heap   total reserved 524288K, committed 258048K, used 3887K [0x00000000e0000000, 0x0000000100000000)
  region size 1024K, 3 young (3072K), 3 survivors (3072K)
 Metaspace       used 5879K, committed 6016K, reserved 1114112K
  class space    used 716K, committed 768K, reserved 1048576K
}
Event: 3.870 GC heap before
{Heap before GC invocations=1 (full 0):
 garbage-first heap   total reserved 524288K, committed 258048K, used 27439K [0x00000000e0000000, 0x0000000100000000)
  region size 1024K, 26 young (26624K), 3 survivors (3072K)
 Metaspace       used 8514K, committed 8768K, reserved 1114112K
  class space    used 1031K, committed 1152K, reserved 1048576K
}
Event: 3.885 GC heap after
{Heap after GC invocations=2 (full 0):
 garbage-first heap   total reserved 524288K, committed 258048K, used 5019K [0x00000000e0000000, 0x0000000100000000)
  region size 1024K, 2 young (2048K), 2 survivors (2048K)
 Metaspace       used 8514K, committed 8768K, reserved 1114112K
  class space    used 1031K, committed 1152K, reserved 1048576K
}

Dll operation events (8 events):
Event: 0.020 Loaded shared library C:\Program Files\Java\jdk-23\bin\java.dll
Event: 0.241 Loaded shared library C:\Program Files\Java\jdk-23\bin\jsvml.dll
Event: 0.290 Loaded shared library C:\Program Files\Java\jdk-23\bin\net.dll
Event: 0.295 Loaded shared library C:\Program Files\Java\jdk-23\bin\nio.dll
Event: 0.307 Loaded shared library C:\Program Files\Java\jdk-23\bin\zip.dll
Event: 0.784 Loaded shared library C:\Program Files\Java\jdk-23\bin\jimage.dll
Event: 0.790 Loaded shared library C:\Program Files\Apache\MAVEN\apache-maven-3.9.12\lib\jansi-native\Windows\x86_64\jansi.dll
Event: 0.827 Loaded shared library C:\Program Files\Java\jdk-23\bin\verify.dll

Deoptimization events (20 events):
Event: 6.157 Thread 0x000001b4cabd9600 DEOPT PACKING pc=0x000001b4dd0996b8 sp=0x0000000acc3fa1d0
Event: 6.157 Thread 0x000001b4cabd9600 DEOPT UNPACKING pc=0x000001b4dcb24402 sp=0x0000000acc3fa160 mode 2
Event: 6.201 Thread 0x000001b4cabd9600 Uncommon trap: trap_request=0xffffffbe fr.pc=0x000001b4dd1308a4 relative=0x0000000000000364
Event: 6.201 Thread 0x000001b4cabd9600 Uncommon trap: reason=profile_predicate action=maybe_recompile pc=0x000001b4dd1308a4 method=com.google.inject.internal.aop.ImmutableStringTrie.nextPivotColumn([Ljava/lang/String;III)I @ 21 c2
Event: 6.201 Thread 0x000001b4cabd9600 DEOPT PACKING pc=0x000001b4dd1308a4 sp=0x0000000acc3fc2a0
Event: 6.201 Thread 0x000001b4cabd9600 DEOPT UNPACKING pc=0x000001b4dcb24402 sp=0x0000000acc3fc230 mode 2
Event: 6.220 Thread 0x000001b4cabd9600 Uncommon trap: trap_request=0xffffff45 fr.pc=0x000001b4dd0b8f64 relative=0x00000000000008e4
Event: 6.220 Thread 0x000001b4cabd9600 Uncommon trap: reason=unstable_if action=reinterpret pc=0x000001b4dd0b8f64 method=sun.nio.cs.StreamDecoder.implRead([CII)I @ 36 c2
Event: 6.220 Thread 0x000001b4cabd9600 DEOPT PACKING pc=0x000001b4dd0b8f64 sp=0x0000000acc3fe610
Event: 6.220 Thread 0x000001b4cabd9600 DEOPT UNPACKING pc=0x000001b4dcb24402 sp=0x0000000acc3fe5d0 mode 2
Event: 6.220 Thread 0x000001b4cabd9600 Uncommon trap: trap_request=0x00000259 fr.pc=0x000001b4dd0b3ff0 relative=0x00000000000000d0
Event: 6.220 Thread 0x000001b4cabd9600 Uncommon trap: reason=unloaded action=reinterpret pc=0x000001b4dd0b3ff0 method=org.codehaus.plexus.util.xml.pull.MXParser.more()C @ 22 c2
Event: 6.220 Thread 0x000001b4cabd9600 DEOPT PACKING pc=0x000001b4dd0b3ff0 sp=0x0000000acc3fe9b0
Event: 6.220 Thread 0x000001b4cabd9600 DEOPT UNPACKING pc=0x000001b4dcb24402 sp=0x0000000acc3fe950 mode 2
Event: 6.260 Thread 0x000001b4cabd9600 Uncommon trap: trap_request=0xffffffbe fr.pc=0x000001b4dd1308a4 relative=0x0000000000000364
Event: 6.260 Thread 0x000001b4cabd9600 Uncommon trap: reason=profile_predicate action=maybe_recompile pc=0x000001b4dd1308a4 method=com.google.inject.internal.aop.ImmutableStringTrie.nextPivotColumn([Ljava/lang/String;III)I @ 21 c2
Event: 6.260 Thread 0x000001b4cabd9600 DEOPT PACKING pc=0x000001b4dd1308a4 sp=0x0000000acc3fcec0
Event: 6.260 Thread 0x000001b4cabd9600 DEOPT UNPACKING pc=0x000001b4dcb24402 sp=0x0000000acc3fce50 mode 2
Event: 7.308 Thread 0x000001b4cabd9600 DEOPT PACKING pc=0x000001b4d57afb94 sp=0x0000000acc3fe850
Event: 7.308 Thread 0x000001b4cabd9600 DEOPT UNPACKING pc=0x000001b4dcb24b22 sp=0x0000000acc3fdd18 mode 0

Classes loaded (20 events):
Event: 6.251 Loading class java/util/concurrent/ArrayBlockingQueue
Event: 6.252 Loading class java/util/concurrent/ArrayBlockingQueue done
Event: 7.305 Loading class java/net/URL$ThreadTrackHolder
Event: 7.305 Loading class java/net/URL$ThreadTrackHolder done
Event: 7.305 Loading class jdk/internal/misc/ThreadTracker
Event: 7.306 Loading class jdk/internal/misc/ThreadTracker done
Event: 7.306 Loading class jdk/internal/misc/ThreadTracker$ThreadRef
Event: 7.306 Loading class jdk/internal/misc/ThreadTracker$ThreadRef done
Event: 7.306 Loading class java/net/URL$2
Event: 7.307 Loading class java/net/URL$2 done
Event: 7.307 Loading class java/net/URL$1
Event: 7.307 Loading class java/net/URL$1 done
Event: 7.307 Loading class java/net/spi/URLStreamHandlerProvider
Event: 7.307 Loading class java/net/spi/URLStreamHandlerProvider done
Event: 7.308 Loading class sun/net/www/protocol/https/Handler
Event: 7.308 Loading class sun/net/www/protocol/http/Handler
Event: 7.309 Loading class sun/net/www/protocol/http/Handler done
Event: 7.309 Loading class sun/net/www/protocol/https/Handler done
Event: 7.310 Loading class java/util/regex/Pattern$Pos
Event: 7.311 Loading class java/util/regex/Pattern$Pos done

Classes unloaded (0 events):
No events

Classes redefined (0 events):
No events

Internal exceptions (20 events):
Event: 0.822 Thread 0x000001b4cabd9600 Exception <a 'sun/nio/fs/WindowsException'{0x00000000ef653a68}> (0x00000000ef653a68) 
thrown [s\open\src\hotspot\share\prims\jni.cpp, line 520]
Event: 0.823 Thread 0x000001b4cabd9600 Exception <a 'sun/nio/fs/WindowsException'{0x00000000ef653f28}> (0x00000000ef653f28) 
thrown [s\open\src\hotspot\share\prims\jni.cpp, line 520]
Event: 0.848 Thread 0x000001b4cabd9600 Exception <a 'java/lang/NoSuchMethodError'{0x00000000ef512a88}: 'void java.lang.invoke.DirectMethodHandle$Holder.invokeVirtual(java.lang.Object, java.lang.Object)'> (0x00000000ef512a88) 
thrown [s\open\src\hotspot\share\interpreter\linkResolver.cpp, line 796]
Event: 0.856 Thread 0x000001b4cabd9600 Exception <a 'java/lang/NoSuchMethodError'{0x00000000ef52eb48}: 'void java.lang.invoke.DirectMethodHandle$Holder.invokeStatic(java.lang.Object, java.lang.Object)'> (0x00000000ef52eb48) 
thrown [s\open\src\hotspot\share\interpreter\linkResolver.cpp, line 796]
Event: 0.857 Thread 0x000001b4cabd9600 Exception <a 'java/lang/NoSuchMethodError'{0x00000000ef531c48}: 'void java.lang.invoke.DirectMethodHandle$Holder.invokeStaticInit(java.lang.Object, java.lang.Object)'> (0x00000000ef531c48) 
thrown [s\open\src\hotspot\share\interpreter\linkResolver.cpp, line 796]
Event: 0.872 Thread 0x000001b4cabd9600 Exception <a 'java/lang/NoSuchMethodError'{0x00000000ef5550d0}: 'void java.lang.invoke.DirectMethodHandle$Holder.invokeSpecial(java.lang.Object, java.lang.Object, java.lang.Object, java.lang.Object, java.lang.Object)'> (0x00000000ef5550d0) 
thrown [s\open\src\hotspot\share\interpreter\linkResolver.cpp, line 796]
Event: 1.148 Thread 0x000001b4cabd9600 Exception <a 'java/lang/NoSuchMethodError'{0x00000000ef314678}: 'java.lang.Object java.lang.invoke.DirectMethodHandle$Holder.invokeSpecialIFC(java.lang.Object, java.lang.Object, java.lang.Object, java.lang.Object)'> (0x00000000ef314678) 
thrown [s\open\src\hotspot\share\interpreter\linkResolver.cpp, line 796]
Event: 1.764 Thread 0x000001b4cabd9600 Exception <a 'java/lang/NoSuchMethodError'{0x00000000eeef1988}: 'void java.lang.invoke.DirectMethodHandle$Holder.invokeSpecial(java.lang.Object, java.lang.Object, java.lang.Object)'> (0x00000000eeef1988) 
thrown [s\open\src\hotspot\share\interpreter\linkResolver.cpp, line 796]
Event: 1.872 Thread 0x000001b4cabd9600 Exception <a 'java/lang/NoSuchMethodError'{0x00000000eec4db08}: 'java.lang.Object java.lang.invoke.DirectMethodHandle$Holder.invokeInterface(java.lang.Object, java.lang.Object)'> (0x00000000eec4db08) 
thrown [s\open\src\hotspot\share\interpreter\linkResolver.cpp, line 796]
Event: 1.910 Thread 0x000001b4cabd9600 Exception <a 'java/lang/NoSuchMethodError'{0x00000000eeceff48}: 'int java.lang.invoke.DirectMethodHandle$Holder.invokeStatic(java.lang.Object, java.lang.Object, java.lang.Object, java.lang.Object)'> (0x00000000eeceff48) 
thrown [s\open\src\hotspot\share\interpreter\linkResolver.cpp, line 796]
Event: 1.916 Thread 0x000001b4cabd9600 Exception <a 'java/lang/NoSuchMethodError'{0x00000000eecfeaf0}: 'int java.lang.invoke.DirectMethodHandle$Holder.invokeSpecialIFC(java.lang.Object, java.lang.Object, java.lang.Object, java.lang.Object, java.lang.Object)'> (0x00000000eecfeaf0) 
thrown [s\open\src\hotspot\share\interpreter\linkResolver.cpp, line 796]
Event: 2.067 Thread 0x000001b4cabd9600 Exception <a 'java/lang/NoSuchMethodError'{0x00000000eeaab788}: 'void java.lang.invoke.DirectMethodHandle$Holder.invokeStatic(java.lang.Object, int, java.lang.Object)'> (0x00000000eeaab788) 
thrown [s\open\src\hotspot\share\interpreter\linkResolver.cpp, line 796]
Event: 2.230 Thread 0x000001b4cabd9600 Exception <a 'java/lang/NoSuchMethodError'{0x00000000ee839510}: 'int java.lang.invoke.DirectMethodHandle$Holder.invokeStaticInit(java.lang.Object, java.lang.Object)'> (0x00000000ee839510) 
thrown [s\open\src\hotspot\share\interpreter\linkResolver.cpp, line 796]
Event: 2.251 Thread 0x000001b4cabd9600 Exception <a 'java/lang/NoClassDefFoundError'{0x00000000ee871220}: javax/enterprise/inject/Typed> (0x00000000ee871220) 
thrown [s\open\src\hotspot\share\classfile\systemDictionary.cpp, line 302]
Event: 5.165 Thread 0x000001b4cabd9600 Exception <a 'java/lang/NoSuchMethodError'{0x00000000ef0b28a8}: 'void java.lang.invoke.DirectMethodHandle$Holder.invokeStaticInit(java.lang.Object, java.lang.Object, java.lang.Object)'> (0x00000000ef0b28a8) 
thrown [s\open\src\hotspot\share\interpreter\linkResolver.cpp, line 796]
Event: 5.204 Thread 0x000001b4cabd9600 Implicit null exception at 0x000001b4dd0dd43d to 0x000001b4dd0dd5c8
Event: 5.213 Thread 0x000001b4cabd9600 Exception <a 'java/lang/NoSuchMethodError'{0x00000000eef25730}: 'java.lang.Object java.lang.invoke.Invokers$Holder.invokeExact_MT(java.lang.Object, int, java.lang.Object)'> (0x00000000eef25730) 
thrown [s\open\src\hotspot\share\interpreter\linkResolver.cpp, line 796]
Event: 5.988 Thread 0x000001b4cabd9600 Exception <a 'java/lang/NoSuchMethodError'{0x00000000ee769cb0}: 'void java.lang.invoke.Invokers$Holder.invokeExact_MT(java.lang.Object, java.lang.Object, java.lang.Object, java.lang.Object)'> (0x00000000ee769cb0) 
thrown [s\open\src\hotspot\share\interpreter\linkResolver.cpp, line 796]
Event: 6.019 Thread 0x000001b4cabd9600 Exception <a 'java/lang/NoClassDefFoundError'{0x00000000ee6012c0}: com/google/inject/servlet/ServletModuleTargetVisitor> (0x00000000ee6012c0) 
thrown [s\open\src\hotspot\share\classfile\systemDictionary.cpp, line 302]
Event: 6.195 Thread 0x000001b4cabd9600 Exception <a 'java/lang/NoSuchMethodError'{0x00000000ee3714d0}: 'java.lang.Object java.lang.invoke.DirectMethodHandle$Holder.invokeStaticInit(java.lang.Object, int, int, int, int)'> (0x00000000ee3714d0) 
thrown [s\open\src\hotspot\share\interpreter\linkResolver.cpp, line 796]

VM Operations (20 events):
Event: 5.324 Executing VM operation: HandshakeAllThreads (Deoptimize)
Event: 5.324 Executing VM operation: HandshakeAllThreads (Deoptimize) done
Event: 5.329 Executing VM operation: HandshakeAllThreads (Deoptimize)
Event: 5.329 Executing VM operation: HandshakeAllThreads (Deoptimize) done
Event: 5.519 Executing VM operation: HandshakeAllThreads (Deoptimize)
Event: 5.519 Executing VM operation: HandshakeAllThreads (Deoptimize) done
Event: 5.976 Executing VM operation: HandshakeAllThreads (Deoptimize)
Event: 5.976 Executing VM operation: HandshakeAllThreads (Deoptimize) done
Event: 6.111 Executing VM operation: HandshakeAllThreads (Deoptimize)
Event: 6.111 Executing VM operation: HandshakeAllThreads (Deoptimize) done
Event: 6.150 Executing VM operation: HandshakeAllThreads (Deoptimize)
Event: 6.150 Executing VM operation: HandshakeAllThreads (Deoptimize) done
Event: 6.222 Executing VM operation: HandshakeAllThreads (Deoptimize)
Event: 6.222 Executing VM operation: HandshakeAllThreads (Deoptimize) done
Event: 6.255 Executing VM operation: HandshakeAllThreads (Deoptimize)
Event: 6.255 Executing VM operation: HandshakeAllThreads (Deoptimize) done
Event: 7.307 Executing VM operation: HandshakeAllThreads (Deoptimize)
Event: 7.308 Executing VM operation: HandshakeAllThreads (Deoptimize) done
Event: 7.309 Executing VM operation: HandshakeAllThreads (Deoptimize)
Event: 7.309 Executing VM operation: HandshakeAllThreads (Deoptimize) done

Memory protections (0 events):
No events

Nmethod flushes (0 events):
No events

Events (19 events):
Event: 0.196 Thread 0x000001b4cabd9600 Thread added: 0x000001b4cabd9600
Event: 0.232 Thread 0x000001b4cabd9600 Thread added: 0x000001b4c50104a0
Event: 0.233 Thread 0x000001b4cabd9600 Thread added: 0x000001b4c5012b20
Event: 0.233 Thread 0x000001b4cabd9600 Thread added: 0x000001b4c5014940
Event: 0.234 Thread 0x000001b4cabd9600 Thread added: 0x000001b4c5034fc0
Event: 0.234 Thread 0x000001b4cabd9600 Thread added: 0x000001b4c5039640
Event: 0.234 Thread 0x000001b4cabd9600 Thread added: 0x000001b4c5039cb0
Event: 0.234 Thread 0x000001b4cabd9600 Thread added: 0x000001b4c503adf0
Event: 0.234 Thread 0x000001b4cabd9600 Thread added: 0x000001b4c503f4d0
Event: 0.274 Thread 0x000001b4cabd9600 Thread added: 0x000001b4c51b39b0
Event: 0.281 Thread 0x000001b4cabd9600 Thread added: 0x000001b4c51ba890
Event: 0.781 Thread 0x000001b4cabd9600 Thread added: 0x000001b4c567f660
Event: 0.916 Thread 0x000001b4c567f660 Thread exited: 0x000001b4c567f660
Event: 2.292 Thread 0x000001b4c503f4d0 Thread added: 0x000001b4c5e5adc0
Event: 2.325 Thread 0x000001b4c503f4d0 Thread added: 0x000001b4c5ea7660
Event: 3.131 Thread 0x000001b4c5ea7660 Thread exited: 0x000001b4c5ea7660
Event: 3.811 Thread 0x000001b4c5e5adc0 Thread exited: 0x000001b4c5e5adc0
Event: 6.095 Thread 0x000001b4c503f4d0 Thread added: 0x000001b4c5f66970
Event: 6.253 Thread 0x000001b4cabd9600 Thread added: 0x000001b4c5997460


Dynamic libraries:
0x00007ff6c8550000 - 0x00007ff6c8560000 	C:\Program Files\Java\jdk-23\bin\java.exe
0x00007ff88e1a0000 - 0x00007ff88e407000 	C:\Windows\SYSTEM32\ntdll.dll
0x00007ff88ca80000 - 0x00007ff88cb49000 	C:\Windows\System32\KERNEL32.DLL
0x00007ff88b980000 - 0x00007ff88bd74000 	C:\Windows\System32\KERNELBASE.dll
0x00007ff88b830000 - 0x00007ff88b97b000 	C:\Windows\System32\ucrtbase.dll
0x00007ff877cd0000 - 0x00007ff877ce7000 	C:\Program Files\Java\jdk-23\bin\jli.dll
0x00007ff877820000 - 0x00007ff87783b000 	C:\Program Files\Java\jdk-23\bin\VCRUNTIME140.dll
0x00007ff88dcd0000 - 0x00007ff88de95000 	C:\Windows\System32\USER32.dll
0x00007ff88bd80000 - 0x00007ff88bda7000 	C:\Windows\System32\win32u.dll
0x00007ff86d810000 - 0x00007ff86daa3000 	C:\Windows\WinSxS\amd64_microsoft.windows.common-controls_6595b64144ccf1df_6.0.26100.8115_none_3e075c82e3354f9c\COMCTL32.dll
0x00007ff88dc20000 - 0x00007ff88dcc9000 	C:\Windows\System32\msvcrt.dll
0x00007ff88cdb0000 - 0x00007ff88cddb000 	C:\Windows\System32\GDI32.dll
0x00007ff88aa70000 - 0x00007ff88ab9a000 	C:\Windows\System32\gdi32full.dll
0x00007ff88ac50000 - 0x00007ff88acf3000 	C:\Windows\System32\msvcp_win.dll
0x00007ff88c040000 - 0x00007ff88c072000 	C:\Windows\System32\IMM32.DLL
0x00007ff877810000 - 0x00007ff87781c000 	C:\Program Files\Java\jdk-23\bin\vcruntime140_1.dll
0x00007ff800430000 - 0x00007ff8004be000 	C:\Program Files\Java\jdk-23\bin\msvcp140.dll
0x00007fffee110000 - 0x00007fffeee5f000 	C:\Program Files\Java\jdk-23\bin\server\jvm.dll
0x00007ff88db60000 - 0x00007ff88dc16000 	C:\Windows\System32\ADVAPI32.dll
0x00007ff88ce60000 - 0x00007ff88cf07000 	C:\Windows\System32\sechost.dll
0x00007ff88c080000 - 0x00007ff88c198000 	C:\Windows\System32\RPCRT4.dll
0x00007ff88bf30000 - 0x00007ff88bfb0000 	C:\Windows\System32\WS2_32.dll
0x00007ff88a8f0000 - 0x00007ff88a94e000 	C:\Windows\SYSTEM32\POWRPROF.dll
0x00007ff87f9c0000 - 0x00007ff87f9f6000 	C:\Windows\SYSTEM32\WINMM.dll
0x00007ff86d770000 - 0x00007ff86d77b000 	C:\Windows\SYSTEM32\VERSION.dll
0x00007ff88a8d0000 - 0x00007ff88a8e4000 	C:\Windows\SYSTEM32\UMPDC.dll
0x00007ff8897d0000 - 0x00007ff8897eb000 	C:\Windows\SYSTEM32\kernel.appcore.dll
0x00007ff857560000 - 0x00007ff85756a000 	C:\Program Files\Java\jdk-23\bin\jimage.dll
0x00007ff8888a0000 - 0x00007ff888ae2000 	C:\Windows\SYSTEM32\DBGHELP.DLL
0x00007ff88cff0000 - 0x00007ff88d372000 	C:\Windows\System32\combase.dll
0x00007ff88cf10000 - 0x00007ff88cfe7000 	C:\Windows\System32\OLEAUT32.dll
0x00007ff869d00000 - 0x00007ff869d3b000 	C:\Windows\SYSTEM32\dbgcore.DLL
0x00007ff88aba0000 - 0x00007ff88ac45000 	C:\Windows\System32\bcryptPrimitives.dll
0x00007ff857570000 - 0x00007ff85758e000 	C:\Program Files\Java\jdk-23\bin\java.dll
0x00007ff88c1a0000 - 0x00007ff88c337000 	C:\Windows\System32\ole32.dll
0x00007ff88d380000 - 0x00007ff88dae6000 	C:\Windows\System32\SHELL32.dll
0x00007ff88b6c0000 - 0x00007ff88b82a000 	C:\Windows\System32\wintypes.dll
0x00007ff88ad00000 - 0x00007ff88b565000 	C:\Windows\System32\windows.storage.dll
0x00007ff88e030000 - 0x00007ff88e127000 	C:\Windows\System32\SHCORE.dll
0x00007ff88bfc0000 - 0x00007ff88c026000 	C:\Windows\System32\shlwapi.dll
0x00007ff88a990000 - 0x00007ff88a9b9000 	C:\Windows\SYSTEM32\profapi.dll
0x00007ff8007f0000 - 0x00007ff8008c7000 	C:\Program Files\Java\jdk-23\bin\jsvml.dll
0x00007ff847b10000 - 0x00007ff847b20000 	C:\Program Files\Java\jdk-23\bin\net.dll
0x00007ff889d20000 - 0x00007ff889d8c000 	C:\Windows\system32\mswsock.dll
0x00007ff818a40000 - 0x00007ff818a56000 	C:\Program Files\Java\jdk-23\bin\nio.dll
0x00007ff8007d0000 - 0x00007ff8007e7000 	C:\Program Files\Java\jdk-23\bin\zip.dll
0x00007ff8833a0000 - 0x00007ff8833c4000 	C:\Program Files\Apache\MAVEN\apache-maven-3.9.12\lib\jansi-native\Windows\x86_64\jansi.dll
0x00007ff847b00000 - 0x00007ff847b10000 	C:\Program Files\Java\jdk-23\bin\verify.dll

dbghelp: loaded successfully - version: 4.0.5 - missing functions: none
symbol engine: initialized successfully - sym options: 0x614 - pdb path: .;C:\Program Files\Java\jdk-23\bin;C:\Windows\SYSTEM32;C:\Windows\WinSxS\amd64_microsoft.windows.common-controls_6595b64144ccf1df_6.0.26100.8115_none_3e075c82e3354f9c;C:\Program Files\Java\jdk-23\bin\server;C:\Program Files\Apache\MAVEN\apache-maven-3.9.12\lib\jansi-native\Windows\x86_64

VM Arguments:
jvm_args: --enable-native-access=ALL-UNNAMED -Xmx512m -Dclassworlds.conf=C:\Program Files\Apache\MAVEN\apache-maven-3.9.12\bin\m2.conf -Dmaven.home=C:\Program Files\Apache\MAVEN\apache-maven-3.9.12 -Dlibrary.jansi.path=C:\Program Files\Apache\MAVEN\apache-maven-3.9.12\lib\jansi-native -Dmaven.multiModuleProjectDirectory=C:\Users\dhruv\OneDrive\Desktop\Code-collab-backend\execution-service 
java_command: org.codehaus.plexus.classworlds.launcher.Launcher compile -DskipTests
java_class_path (initial): C:\Program Files\Apache\MAVEN\apache-maven-3.9.12\boot\plexus-classworlds-2.9.0.jar
Launcher Type: SUN_STANDARD

[Global flags]
     intx CICompilerCount                          = 4                                         {product} {ergonomic}
     uint ConcGCThreads                            = 3                                         {product} {ergonomic}
     uint G1ConcRefinementThreads                  = 10                                        {product} {ergonomic}
   size_t G1HeapRegionSize                         = 1048576                                   {product} {ergonomic}
   size_t InitialHeapSize                          = 264241152                                 {product} {ergonomic}
   size_t MarkStackSize                            = 4194304                                   {product} {ergonomic}
   size_t MarkStackSizeMax                         = 536870912                                 {product} {ergonomic}
   size_t MaxHeapSize                              = 536870912                                 {product} {command line}
   size_t MaxNewSize                               = 321912832                                 {product} {ergonomic}
   size_t MinHeapDeltaBytes                        = 1048576                                   {product} {ergonomic}
   size_t MinHeapSize                              = 8388608                                   {product} {ergonomic}
    uintx NonNMethodCodeHeapSize                   = 5832704                                {pd product} {ergonomic}
    uintx NonProfiledCodeHeapSize                  = 122945536                              {pd product} {ergonomic}
    uintx ProfiledCodeHeapSize                     = 122880000                              {pd product} {ergonomic}
    uintx ReservedCodeCacheSize                    = 251658240                              {pd product} {ergonomic}
     bool SegmentedCodeCache                       = true                                      {product} {ergonomic}
   size_t SoftMaxHeapSize                          = 536870912                              {manageable} {ergonomic}
     bool UseCompressedOops                        = true                           {product lp64_product} {ergonomic}
     bool UseG1GC                                  = true                                      {product} {ergonomic}
     bool UseLargePagesIndividualAllocation        = false                                  {pd product} {ergonomic}

Logging:
Log output configuration:
 #0: stdout all=warning uptime,level,tags foldmultilines=false
 #1: stderr all=off uptime,level,tags foldmultilines=false

Environment Variables:
PATH=C:\Users\dhruv\AppData\Local\Programs\Microsoft VS Code;C:\Program Files\Common Files\Oracle\Java\javapath;C:\Windows\system32;C:\Windows;C:\Windows\System32\Wbem;C:\Windows\System32\WindowsPowerShell\v1.0\;C:\Windows\System32\OpenSSH\;C:\Program Files\nodejs\;C:\Program Files\Git\cmd;C:\Program Files\MongoDB\Server\8.0\bin;C:\Program Files\MySQL\MySQL Server 8.0\bin;C:\Users\dhruv\Downloads\gradle-8.14.3\bin;C:\Program Files\Docker\Docker\resources\bin;C:\Program Files\Apache\MAVEN\bin;C:\Program Files\Apache\MAVEN\apache-maven-3.9.12\bin;C:\Program Files\Cloudflare\Cloudflare WARP\;C:\Program Files\MySQL\MySQL Shell 8.0\bin\;C:\Users\dhruv\AppData\Local\Microsoft\WindowsApps;C:\Users\dhruv\AppData\Local\Programs\Microsoft VS Code\bin;C:\Users\dhruv\AppData\Roaming\npm;C:\Program Files\JetBrains\IntelliJ IDEA Community Edition 2025.1.4.1\bin;;C:\Users\dhruv\AppData\Local\Programs\cursor\resources\app\bin
USERNAME=dhruv
OS=Windows_NT
PROCESSOR_IDENTIFIER=Intel64 Family 6 Model 186 Stepping 2, GenuineIntel
TMP=C:\Users\dhruv\AppData\Local\Temp
TEMP=C:\Users\dhruv\AppData\Local\Temp




Periodic native trim disabled

---------------  S Y S T E M  ---------------

OS:
 Windows 11 , 64 bit Build 26100 (10.0.26100.8115)
OS uptime: 1 days 10:46 hours
Hyper-V role detected

CPU: total 12 (initial active 12) (6 cores per cpu, 2 threads per core) family 6 model 186 stepping 2 microcode 0x6134, cx8, cmov, fxsr, ht, mmx, 3dnowpref, sse, sse2, sse3, ssse3, sse4.1, sse4.2, popcnt, lzcnt, tsc, tscinvbit, avx, avx2, aes, erms, clmul, bmi1, bmi2, adx, sha, fma, vzeroupper, clflush, clflushopt, clwb, hv, serialize, rdtscp, rdpid, fsrm, gfni, f16c, cet_ibt, cet_ss
Processor Information for processor 0
  Max Mhz: 2100, Current Mhz: 2100, Mhz Limit: 2100
Processor Information for processor 1
  Max Mhz: 2100, Current Mhz: 2100, Mhz Limit: 2100
Processor Information for processor 2
  Max Mhz: 2100, Current Mhz: 2100, Mhz Limit: 2100
Processor Information for processor 3
  Max Mhz: 2100, Current Mhz: 2100, Mhz Limit: 2100
Processor Information for processor 4
  Max Mhz: 2100, Current Mhz: 2100, Mhz Limit: 2100
Processor Information for processor 5
  Max Mhz: 2100, Current Mhz: 2100, Mhz Limit: 2100
Processor Information for processor 6
  Max Mhz: 2100, Current Mhz: 2100, Mhz Limit: 2100
Processor Information for processor 7
  Max Mhz: 2100, Current Mhz: 2100, Mhz Limit: 2100
Processor Information for processor 8
  Max Mhz: 2100, Current Mhz: 1500, Mhz Limit: 1491
Processor Information for processor 9
  Max Mhz: 2100, Current Mhz: 1500, Mhz Limit: 1491
Processor Information for processor 10
  Max Mhz: 2100, Current Mhz: 1500, Mhz Limit: 1491
Processor Information for processor 11
  Max Mhz: 2100, Current Mhz: 1500, Mhz Limit: 1491

Memory: 4k page, system-wide physical 16076M (851M free)
TotalPageFile size 46395M (AvailPageFile size 33M)
current process WorkingSet (physical memory assigned to process): 119M, peak: 119M
current process commit charge ("private bytes"): 382M, peak: 382M

vm_info: Java HotSpot(TM) 64-Bit Server VM (23.0.1+11-39) for windows-amd64 JRE (23.0.1+11-39), built on 2024-09-30T07:20:43Z with MS VC++ 17.6 (VS2022)

END.
