#
# There is insufficient memory for the Java Runtime Environment to continue.
# Native memory allocation (malloc) failed to allocate 1048576 bytes. Error detail: AllocateHeap
# Possible reasons:
#   The system is out of physical RAM or swap space
#   This process is running with CompressedOops enabled, and the Java Heap may be blocking the growth of the native heap
# Possible solutions:
#   Reduce memory load on the system
#   Increase physical memory or swap space
#   Check if swap backing store is full
#   Decrease Java heap size (-Xmx/-Xms)
#   Decrease number of Java threads
#   Decrease Java thread stack sizes (-Xss)
#   Set larger code cache with -XX:ReservedCodeCacheSize=
#   JVM is running with Unscaled Compressed Oops mode in which the Java heap is
#     placed in the first 4GB address space. The Java Heap base address is the
#     maximum limit for the native heap growth. Please use -XX:HeapBaseMinAddress
#     to set the Java Heap base and to place the Java Heap above 4GB virtual address.
# This output file may be truncated or incomplete.
#
#  Out of Memory Error (allocation.cpp:44), pid=6644, tid=14936
#
# JRE version: OpenJDK Runtime Environment Temurin-21.0.10+7 (21.0.10+7) (build 21.0.10+7-LTS)
# Java VM: OpenJDK 64-Bit Server VM Temurin-21.0.10+7 (21.0.10+7-LTS, mixed mode, sharing, tiered, compressed oops, compressed class ptrs, parallel gc, windows-amd64)
# No core dump will be written. Minidumps are not enabled by default on client versions of Windows
#

---------------  S U M M A R Y ------------

Command Line: --add-modules=ALL-SYSTEM --add-opens=java.base/java.util=ALL-UNNAMED --add-opens=java.base/java.lang=ALL-UNNAMED --add-opens=java.base/sun.nio.fs=ALL-UNNAMED -Declipse.application=org.eclipse.jdt.ls.core.id1 -Dosgi.bundles.defaultStartLevel=4 -Declipse.product=org.eclipse.jdt.ls.core.product -Djava.import.generatesMetadataFilesAtProjectRoot=false -DDetectVMInstallationsJob.disabled=true -Dfile.encoding=utf8 -XX:+UseParallelGC -XX:GCTimeRatio=4 -XX:AdaptiveSizePolicyWeight=90 -Dsun.zip.disableMemoryMapping=true -Xmx2G -Xms100m -Xlog:disable -javaagent:c:\Users\dhruv\.vscode\extensions\redhat.java-1.54.0-win32-x64\lombok\lombok-1.18.39-4050.jar -XX:+HeapDumpOnOutOfMemoryError -XX:HeapDumpPath=c:\Users\dhruv\AppData\Roaming\Code\User\workspaceStorage\46eeb03a52e31514c3fed23288b69850\redhat.java -Daether.dependencyCollector.impl=bf c:\Users\dhruv\.vscode\extensions\redhat.java-1.54.0-win32-x64\server\plugins\org.eclipse.equinox.launcher_1.7.100.v20251111-0406.jar -configuration c:\Users\dhruv\AppData\Roaming\Code\User\globalStorage\redhat.java\1.54.0\config_win -data c:\Users\dhruv\AppData\Roaming\Code\User\workspaceStorage\46eeb03a52e31514c3fed23288b69850\redhat.java\jdt_ws --pipe=\\.\pipe\lsp-e53b9016707b40a0e03361c69f971178-sock

Host: 13th Gen Intel(R) Core(TM) i5-13420H, 12 cores, 15G,  Windows 11 , 64 bit Build 26100 (10.0.26100.8246)
Time: Thu Apr 16 15:00:41 2026 India Standard Time elapsed time: 1753.641691 seconds (0d 0h 29m 13s)

---------------  T H R E A D  ---------------

Current thread (0x0000027f0187d3e0):  JavaThread "Attach Listener" daemon [_thread_in_vm, id=14936, stack(0x000000aa0fd00000,0x000000aa0fe00000) (1024K)]

Stack: [0x000000aa0fd00000,0x000000aa0fe00000]
Native frames: (J=compiled Java code, j=interpreted, Vv=VM code, C=native code)
V  [jvm.dll+0x6d7a39]
V  [jvm.dll+0x8b4b26]
V  [jvm.dll+0x8b70de]
V  [jvm.dll+0x8b77c3]
V  [jvm.dll+0x284346]
V  [jvm.dll+0xc1277]
V  [jvm.dll+0x6d82e9]
V  [jvm.dll+0x1334a6]
V  [jvm.dll+0x3f857e]
V  [jvm.dll+0x85f59d]
V  [jvm.dll+0x6d626d]
C  [ucrtbase.dll+0x37b0]
C  [KERNEL32.DLL+0x2e8d7]
C  [ntdll.dll+0x8c3fc]


---------------  P R O C E S S  ---------------

Threads class SMR info:
_java_thread_list=0x0000027f0a726e00, length=38, elements={
0x0000027ea7f4e950, 0x0000027ea7efe290, 0x0000027f018767c0, 0x0000027f0187a380,
0x0000027f0187d3e0, 0x0000027f018813b0, 0x0000027f01887500, 0x0000027f01894780,
0x0000027f0188a180, 0x0000027f01ac0cc0, 0x0000027f01c14cd0, 0x0000027f0645fa30,
0x0000027f0678cde0, 0x0000027f06300f80, 0x0000027f06729950, 0x0000027f06cc6080,
0x0000027f061dd740, 0x0000027f01a0cb30, 0x0000027f0626d6f0, 0x0000027f0626bcb0,
0x0000027f0626c9d0, 0x0000027f0626eaa0, 0x0000027f085d2c30, 0x0000027f085d32c0,
0x0000027f085d3950, 0x0000027f085d4670, 0x0000027f085d4d00, 0x0000027f085d1880,
0x0000027f085d1f10, 0x0000027f085d25a0, 0x0000027f0942f160, 0x0000027f09430510,
0x0000027f0942fe80, 0x0000027f09431f50, 0x0000027f0942ead0, 0x0000027f094318c0,
0x0000027f09431230, 0x0000027f094325e0
}

Java Threads: ( => current thread )
  0x0000027ea7f4e950 JavaThread "main"                              [_thread_blocked, id=29536, stack(0x000000aa0f600000,0x000000aa0f700000) (1024K)]
  0x0000027ea7efe290 JavaThread "Reference Handler"          daemon [_thread_blocked, id=22492, stack(0x000000aa0fa00000,0x000000aa0fb00000) (1024K)]
  0x0000027f018767c0 JavaThread "Finalizer"                  daemon [_thread_blocked, id=15076, stack(0x000000aa0fb00000,0x000000aa0fc00000) (1024K)]
  0x0000027f0187a380 JavaThread "Signal Dispatcher"          daemon [_thread_blocked, id=11328, stack(0x000000aa0fc00000,0x000000aa0fd00000) (1024K)]
=>0x0000027f0187d3e0 JavaThread "Attach Listener"            daemon [_thread_in_vm, id=14936, stack(0x000000aa0fd00000,0x000000aa0fe00000) (1024K)]
  0x0000027f018813b0 JavaThread "Service Thread"             daemon [_thread_blocked, id=21224, stack(0x000000aa0fe00000,0x000000aa0ff00000) (1024K)]
  0x0000027f01887500 JavaThread "Monitor Deflation Thread"   daemon [_thread_blocked, id=25208, stack(0x000000aa0ff00000,0x000000aa10000000) (1024K)]
  0x0000027f01894780 JavaThread "C2 CompilerThread0"         daemon [_thread_blocked, id=24932, stack(0x000000aa10000000,0x000000aa10100000) (1024K)]
  0x0000027f0188a180 JavaThread "C1 CompilerThread0"         daemon [_thread_blocked, id=21880, stack(0x000000aa10100000,0x000000aa10200000) (1024K)]
  0x0000027f01ac0cc0 JavaThread "Common-Cleaner"             daemon [_thread_blocked, id=12376, stack(0x000000aa10300000,0x000000aa10400000) (1024K)]
  0x0000027f01c14cd0 JavaThread "Notification Thread"        daemon [_thread_blocked, id=26432, stack(0x000000aa10400000,0x000000aa10500000) (1024K)]
  0x0000027f0645fa30 JavaThread "Active Thread: Equinox Container: 64d395ad-d214-4436-a09a-9603cb391ef7"        [_thread_blocked, id=18100, stack(0x000000aa10500000,0x000000aa10600000) (1024K)]
  0x0000027f0678cde0 JavaThread "Refresh Thread: Equinox Container: 64d395ad-d214-4436-a09a-9603cb391ef7" daemon [_thread_blocked, id=10544, stack(0x000000aa10c00000,0x000000aa10d00000) (1024K)]
  0x0000027f06300f80 JavaThread "Framework Event Dispatcher: Equinox Container: 64d395ad-d214-4436-a09a-9603cb391ef7" daemon [_thread_blocked, id=20176, stack(0x000000aa10d00000,0x000000aa10e00000) (1024K)]
  0x0000027f06729950 JavaThread "Start Level: Equinox Container: 64d395ad-d214-4436-a09a-9603cb391ef7" daemon [_thread_blocked, id=20356, stack(0x000000aa10e00000,0x000000aa10f00000) (1024K)]
  0x0000027f06cc6080 JavaThread "Bundle File Closer"         daemon [_thread_blocked, id=11632, stack(0x000000aa11200000,0x000000aa11300000) (1024K)]
  0x0000027f061dd740 JavaThread "SCR Component Actor"        daemon [_thread_blocked, id=27472, stack(0x000000aa10f00000,0x000000aa11000000) (1024K)]
  0x0000027f01a0cb30 JavaThread "Worker-JM"                         [_thread_blocked, id=28144, stack(0x000000aa11400000,0x000000aa11500000) (1024K)]
  0x0000027f0626d6f0 JavaThread "JNA Cleaner"                daemon [_thread_blocked, id=4028, stack(0x000000aa11300000,0x000000aa11400000) (1024K)]
  0x0000027f0626bcb0 JavaThread "Worker-0"                          [_thread_blocked, id=11644, stack(0x000000aa11600000,0x000000aa11700000) (1024K)]
  0x0000027f0626c9d0 JavaThread "Worker-1"                          [_thread_blocked, id=17568, stack(0x000000aa11700000,0x000000aa11800000) (1024K)]
  0x0000027f0626eaa0 JavaThread "Java indexing"              daemon [_thread_blocked, id=28140, stack(0x000000aa11a00000,0x000000aa11b00000) (1024K)]
  0x0000027f085d2c30 JavaThread "Thread-1"                   daemon [_thread_in_native, id=4740, stack(0x000000aa11f00000,0x000000aa12000000) (1024K)]
  0x0000027f085d32c0 JavaThread "Thread-2"                   daemon [_thread_in_native, id=25520, stack(0x000000aa12000000,0x000000aa12100000) (1024K)]
  0x0000027f085d3950 JavaThread "Thread-3"                   daemon [_thread_in_native, id=25732, stack(0x000000aa12100000,0x000000aa12200000) (1024K)]
  0x0000027f085d4670 JavaThread "Thread-4"                   daemon [_thread_in_native, id=19992, stack(0x000000aa12200000,0x000000aa12300000) (1024K)]
  0x0000027f085d4d00 JavaThread "Thread-5"                   daemon [_thread_in_native, id=3532, stack(0x000000aa12300000,0x000000aa12400000) (1024K)]
  0x0000027f085d1880 JavaThread "Thread-6"                   daemon [_thread_in_native, id=21096, stack(0x000000aa12400000,0x000000aa12500000) (1024K)]
  0x0000027f085d1f10 JavaThread "Thread-7"                   daemon [_thread_in_native, id=26168, stack(0x000000aa12500000,0x000000aa12600000) (1024K)]
  0x0000027f085d25a0 JavaThread "Thread-8"                   daemon [_thread_in_native, id=8900, stack(0x000000aa12600000,0x000000aa12700000) (1024K)]
  0x0000027f0942f160 JavaThread "Thread-9"                   daemon [_thread_in_native, id=24600, stack(0x000000aa12700000,0x000000aa12800000) (1024K)]
  0x0000027f09430510 JavaThread "Thread-10"                  daemon [_thread_in_native, id=26636, stack(0x000000aa12800000,0x000000aa12900000) (1024K)]
  0x0000027f0942fe80 JavaThread "Thread-11"                  daemon [_thread_in_native, id=22232, stack(0x000000aa12900000,0x000000aa12a00000) (1024K)]
  0x0000027f09431f50 JavaThread "Thread-12"                  daemon [_thread_in_native, id=8060, stack(0x000000aa12a00000,0x000000aa12b00000) (1024K)]
  0x0000027f0942ead0 JavaThread "Thread-13"                  daemon [_thread_in_native, id=24396, stack(0x000000aa12b00000,0x000000aa12c00000) (1024K)]
  0x0000027f094318c0 JavaThread "pool-2-thread-1"                   [_thread_blocked, id=26456, stack(0x000000aa12c00000,0x000000aa12d00000) (1024K)]
  0x0000027f09431230 JavaThread "WorkspaceEventsHandler"            [_thread_blocked, id=27756, stack(0x000000aa12d00000,0x000000aa12e00000) (1024K)]
  0x0000027f094325e0 JavaThread "pool-1-thread-1"                   [_thread_blocked, id=13752, stack(0x000000aa12e00000,0x000000aa12f00000) (1024K)]
Total: 38

Other Threads:
  0x0000027ea7ee5010 VMThread "VM Thread"                           [id=16648, stack(0x000000aa0f900000,0x000000aa0fa00000) (1024K)]
  0x0000027ea7ddca00 WatcherThread "VM Periodic Task Thread"        [id=17512, stack(0x000000aa0f800000,0x000000aa0f900000) (1024K)]
  0x0000027ea7f6dfe0 WorkerThread "GC Thread#0"                     [id=29428, stack(0x000000aa0f700000,0x000000aa0f800000) (1024K)]
  0x0000027f06495de0 WorkerThread "GC Thread#1"                     [id=22308, stack(0x000000aa10600000,0x000000aa10700000) (1024K)]
  0x0000027f067f8bd0 WorkerThread "GC Thread#2"                     [id=14656, stack(0x000000aa10700000,0x000000aa10800000) (1024K)]
  0x0000027f067f8f80 WorkerThread "GC Thread#3"                     [id=24480, stack(0x000000aa10800000,0x000000aa10900000) (1024K)]
  0x0000027f067f9330 WorkerThread "GC Thread#4"                     [id=25396, stack(0x000000aa10900000,0x000000aa10a00000) (1024K)]
  0x0000027f067f96e0 WorkerThread "GC Thread#5"                     [id=11372, stack(0x000000aa10a00000,0x000000aa10b00000) (1024K)]
  0x0000027f06986ad0 WorkerThread "GC Thread#6"                     [id=18400, stack(0x000000aa10b00000,0x000000aa10c00000) (1024K)]
  0x0000027f067e7a90 WorkerThread "GC Thread#7"                     [id=18260, stack(0x000000aa10200000,0x000000aa10300000) (1024K)]
  0x0000027f0671a140 WorkerThread "GC Thread#8"                     [id=1344, stack(0x000000aa11000000,0x000000aa11100000) (1024K)]
  0x0000027f06ccf340 WorkerThread "GC Thread#9"                     [id=9312, stack(0x000000aa11100000,0x000000aa11200000) (1024K)]
Total: 12

Threads with active compile tasks:
Total: 0

VM state: not at safepoint (normal execution)

VM Mutex/Monitor currently owned by a thread: None

Heap address: 0x0000000080000000, size: 2048 MB, Compressed Oops mode: 32-bit

CDS archive(s) mapped at: [0x0000027ebf000000-0x0000027ebfba0000-0x0000027ebfba0000), size 12189696, SharedBaseAddress: 0x0000027ebf000000, ArchiveRelocationMode: 1.
Compressed class space mapped at: 0x0000027ec0000000-0x0000027f00000000, reserved size: 1073741824
Narrow klass base: 0x0000027ebf000000, Narrow klass shift: 0, Narrow klass range: 0x100000000

GC Precious Log:
 CardTable entry size: 512
 CPUs: 12 total, 12 available
 Memory: 16076M
 Large Page Support: Disabled
 NUMA Support: Disabled
 Compressed Oops: Enabled (32-bit)
 Alignments: Space 512K, Generation 512K, Heap 2M
 Heap Min Capacity: 100M
 Heap Initial Capacity: 100M
 Heap Max Capacity: 2G
 Pre-touch: Disabled
 Parallel Workers: 10

Heap:
 PSYoungGen      total 3584K, used 686K [0x00000000d5580000, 0x00000000d5a00000, 0x0000000100000000)
  eden space 3072K, 8% used [0x00000000d5580000,0x00000000d55bf8d0,0x00000000d5880000)
  from space 512K, 84% used [0x00000000d5980000,0x00000000d59ec010,0x00000000d5a00000)
  to   space 512K, 0% used [0x00000000d5900000,0x00000000d5900000,0x00000000d5980000)
 ParOldGen       total 155648K, used 154701K [0x0000000080000000, 0x0000000089800000, 0x00000000d5580000)
  object space 155648K, 99% used [0x0000000080000000,0x0000000089713640,0x0000000089800000)
 Metaspace       used 65066K, committed 66496K, reserved 1114112K
  class space    used 6866K, committed 7488K, reserved 1048576K

Card table byte_map: [0x0000027ea78f0000,0x0000027ea7d00000] _byte_map_base: 0x0000027ea74f0000

Marking Bits: (ParMarkBitMap*) 0x00007ff9bbad3450
 Begin Bits: [0x0000027eba400000, 0x0000027ebc400000)
 End Bits:   [0x0000027ebc400000, 0x0000027ebe400000)

Polling page: 0x0000027ea5dc0000

Metaspace:

Usage:
  Non-class:     56.84 MB used.
      Class:      6.71 MB used.
       Both:     63.54 MB used.

Virtual space:
  Non-class space:       64.00 MB reserved,      57.62 MB ( 90%) committed,  1 nodes.
      Class space:        1.00 GB reserved,       7.31 MB ( <1%) committed,  1 nodes.
             Both:        1.06 GB reserved,      64.94 MB (  6%) committed. 

Chunk freelists:
   Non-Class:  5.56 MB
       Class:  8.62 MB
        Both:  14.19 MB

MaxMetaspaceSize: unlimited
CompressedClassSpaceSize: 1.00 GB
Initial GC threshold: 21.00 MB
Current GC threshold: 97.31 MB
CDS: on
 - commit_granule_bytes: 65536.
 - commit_granule_words: 8192.
 - virtual_space_node_default_size: 8388608.
 - enlarge_chunks_in_place: 1.
 - use_allocation_guard: 0.


Internal statistics:

num_allocs_failed_limit: 9.
num_arena_births: 1240.
num_arena_deaths: 22.
num_vsnodes_births: 2.
num_vsnodes_deaths: 0.
num_space_committed: 1039.
num_space_uncommitted: 0.
num_chunks_returned_to_freelist: 34.
num_chunks_taken_from_freelist: 4395.
num_chunk_merges: 15.
num_chunk_splits: 2656.
num_chunks_enlarged: 1432.
num_inconsistent_stats: 0.

CodeHeap 'non-profiled nmethods': size=120000Kb used=10450Kb max_used=10450Kb free=109550Kb
 bounds [0x0000027eb2c20000, 0x0000027eb3660000, 0x0000027eba150000]
CodeHeap 'profiled nmethods': size=120000Kb used=27434Kb max_used=27434Kb free=92565Kb
 bounds [0x0000027eab150000, 0x0000027eacc20000, 0x0000027eb2680000]
CodeHeap 'non-nmethods': size=5760Kb used=1428Kb max_used=1487Kb free=4331Kb
 bounds [0x0000027eb2680000, 0x0000027eb28f0000, 0x0000027eb2c20000]
CodeCache: size=245760Kb, used=39312Kb, max_used=39371Kb, free=206446Kb
 total_blobs=12985, nmethods=12247, adapters=643, full_count=0
Compilation: enabled, stopped_count=0, restarted_count=0

Compilation events (20 events):
Event: 1564.670 Thread 0x0000027f0188a180 13158       1       org.eclipse.core.internal.events.ResourceDelta::getFullPath (5 bytes)
Event: 1564.670 Thread 0x0000027f0188a180 nmethod 13158 0x0000027eb3643390 code [0x0000027eb3643520, 0x0000027eb36435e8]
Event: 1564.670 Thread 0x0000027f0188a180 13161       1       org.eclipse.core.internal.events.ResourceDelta::setStatus (6 bytes)
Event: 1564.670 Thread 0x0000027f0188a180 nmethod 13161 0x0000027eb3643690 code [0x0000027eb3643820, 0x0000027eb36438e8]
Event: 1564.670 Thread 0x0000027f0188a180 13163       1       org.eclipse.lsp4j.jsonrpc.json.JsonRpcMethod::getParameterTypes (5 bytes)
Event: 1564.670 Thread 0x0000027f0188a180 nmethod 13163 0x0000027eb3643990 code [0x0000027eb3643b20, 0x0000027eb3643be8]
Event: 1564.681 Thread 0x0000027f06f1cec0 nmethod 13145 0x0000027eb3643c90 code [0x0000027eb3643f00, 0x0000027eb3644d60]
Event: 1564.831 Thread 0x0000027f01894780 nmethod 13103 0x0000027eb3645810 code [0x0000027eb36462e0, 0x0000027eb364d998]
Event: 1647.255 Thread 0x0000027f0188a180 13165       3       java.lang.Module::getClassLoader (20 bytes)
Event: 1647.256 Thread 0x0000027f0188a180 nmethod 13165 0x0000027eacc15510 code [0x0000027eacc156c0, 0x0000027eacc158b8]
Event: 1686.004 Thread 0x0000027f0188a180 13167   !   3       org.eclipse.core.internal.jobs.JobManager::nextJob (291 bytes)
Event: 1686.009 Thread 0x0000027f0188a180 nmethod 13167 0x0000027eacc15990 code [0x0000027eacc15e20, 0x0000027eacc17f58]
Event: 1686.009 Thread 0x0000027f0188a180 13166       3       org.eclipse.core.internal.jobs.JobManager::startJob (89 bytes)
Event: 1686.011 Thread 0x0000027f0188a180 nmethod 13166 0x0000027eacc19090 code [0x0000027eacc19340, 0x0000027eacc1a1a0]
Event: 1708.542 Thread 0x0000027f01894780 13168       4       java.util.concurrent.ThreadPoolExecutor::workerCountOf (5 bytes)
Event: 1708.543 Thread 0x0000027f01894780 nmethod 13168 0x0000027eb3654210 code [0x0000027eb3654380, 0x0000027eb36543f0]
Event: 1728.542 Thread 0x0000027f0188a180 13169       3       java.util.concurrent.locks.AbstractQueuedSynchronizer$Node::setStatusRelaxed (12 bytes)
Event: 1728.542 Thread 0x0000027f0188a180 nmethod 13169 0x0000027eacc1a610 code [0x0000027eacc1a7a0, 0x0000027eacc1a8b8]
Event: 1737.265 Thread 0x0000027f0188a180 13170       1       com.sun.jna.internal.Cleaner::access$100 (5 bytes)
Event: 1737.266 Thread 0x0000027f0188a180 nmethod 13170 0x0000027eb3654510 code [0x0000027eb36546a0, 0x0000027eb3654750]

GC Heap History (20 events):
Event: 1284.379 GC heap before
{Heap before GC invocations=300 (full 3):
 PSYoungGen      total 3584K, used 3392K [0x00000000d5580000, 0x00000000d5a00000, 0x0000000100000000)
  eden space 3072K, 100% used [0x00000000d5580000,0x00000000d5880000,0x00000000d5880000)
  from space 512K, 62% used [0x00000000d5980000,0x00000000d59d0000,0x00000000d5a00000)
  to   space 512K, 0% used [0x00000000d5900000,0x00000000d5900000,0x00000000d5980000)
 ParOldGen       total 121344K, used 121173K [0x0000000080000000, 0x0000000087680000, 0x00000000d5580000)
  object space 121344K, 99% used [0x0000000080000000,0x0000000087655468,0x0000000087680000)
 Metaspace       used 63972K, committed 65408K, reserved 1114112K
  class space    used 6740K, committed 7296K, reserved 1048576K
}
Event: 1284.382 GC heap after
{Heap after GC invocations=300 (full 3):
 PSYoungGen      total 3584K, used 480K [0x00000000d5580000, 0x00000000d5a80000, 0x0000000100000000)
  eden space 3072K, 0% used [0x00000000d5580000,0x00000000d5580000,0x00000000d5880000)
  from space 512K, 93% used [0x00000000d5900000,0x00000000d5978010,0x00000000d5980000)
  to   space 1024K, 0% used [0x00000000d5980000,0x00000000d5980000,0x00000000d5a80000)
 ParOldGen       total 121344K, used 121317K [0x0000000080000000, 0x0000000087680000, 0x00000000d5580000)
  object space 121344K, 99% used [0x0000000080000000,0x0000000087679468,0x0000000087680000)
 Metaspace       used 63972K, committed 65408K, reserved 1114112K
  class space    used 6740K, committed 7296K, reserved 1048576K
}
Event: 1285.945 GC heap before
{Heap before GC invocations=301 (full 3):
 PSYoungGen      total 3584K, used 3552K [0x00000000d5580000, 0x00000000d5a80000, 0x0000000100000000)
  eden space 3072K, 100% used [0x00000000d5580000,0x00000000d5880000,0x00000000d5880000)
  from space 512K, 93% used [0x00000000d5900000,0x00000000d5978010,0x00000000d5980000)
  to   space 1024K, 0% used [0x00000000d5980000,0x00000000d5980000,0x00000000d5a80000)
 ParOldGen       total 121344K, used 121317K [0x0000000080000000, 0x0000000087680000, 0x00000000d5580000)
  object space 121344K, 99% used [0x0000000080000000,0x0000000087679468,0x0000000087680000)
 Metaspace       used 64027K, committed 65472K, reserved 1114112K
  class space    used 6748K, committed 7360K, reserved 1048576K
}
Event: 1285.947 GC heap after
{Heap after GC invocations=301 (full 3):
 PSYoungGen      total 4096K, used 646K [0x00000000d5580000, 0x00000000d5a80000, 0x0000000100000000)
  eden space 3072K, 0% used [0x00000000d5580000,0x00000000d5580000,0x00000000d5880000)
  from space 1024K, 63% used [0x00000000d5980000,0x00000000d5a21b30,0x00000000d5a80000)
  to   space 1024K, 0% used [0x00000000d5880000,0x00000000d5880000,0x00000000d5980000)
 ParOldGen       total 121856K, used 121541K [0x0000000080000000, 0x0000000087700000, 0x00000000d5580000)
  object space 121856K, 99% used [0x0000000080000000,0x00000000876b1468,0x0000000087700000)
 Metaspace       used 64027K, committed 65472K, reserved 1114112K
  class space    used 6748K, committed 7360K, reserved 1048576K
}
Event: 1286.095 GC heap before
{Heap before GC invocations=302 (full 3):
 PSYoungGen      total 4096K, used 3718K [0x00000000d5580000, 0x00000000d5a80000, 0x0000000100000000)
  eden space 3072K, 100% used [0x00000000d5580000,0x00000000d5880000,0x00000000d5880000)
  from space 1024K, 63% used [0x00000000d5980000,0x00000000d5a21b30,0x00000000d5a80000)
  to   space 1024K, 0% used [0x00000000d5880000,0x00000000d5880000,0x00000000d5980000)
 ParOldGen       total 121856K, used 121541K [0x0000000080000000, 0x0000000087700000, 0x00000000d5580000)
  object space 121856K, 99% used [0x0000000080000000,0x00000000876b1468,0x0000000087700000)
 Metaspace       used 64173K, committed 65600K, reserved 1114112K
  class space    used 6771K, committed 7360K, reserved 1048576K
}
Event: 1286.097 GC heap after
{Heap after GC invocations=302 (full 3):
 PSYoungGen      total 4096K, used 384K [0x00000000d5580000, 0x00000000d5a00000, 0x0000000100000000)
  eden space 3072K, 0% used [0x00000000d5580000,0x00000000d5580000,0x00000000d5880000)
  from space 1024K, 37% used [0x00000000d5880000,0x00000000d58e0000,0x00000000d5980000)
  to   space 512K, 0% used [0x00000000d5980000,0x00000000d5980000,0x00000000d5a00000)
 ParOldGen       total 122368K, used 121901K [0x0000000080000000, 0x0000000087780000, 0x00000000d5580000)
  object space 122368K, 99% used [0x0000000080000000,0x000000008770b468,0x0000000087780000)
 Metaspace       used 64173K, committed 65600K, reserved 1114112K
  class space    used 6771K, committed 7360K, reserved 1048576K
}
Event: 1286.405 GC heap before
{Heap before GC invocations=303 (full 3):
 PSYoungGen      total 4096K, used 3440K [0x00000000d5580000, 0x00000000d5a00000, 0x0000000100000000)
  eden space 3072K, 99% used [0x00000000d5580000,0x00000000d587c200,0x00000000d5880000)
  from space 1024K, 37% used [0x00000000d5880000,0x00000000d58e0000,0x00000000d5980000)
  to   space 512K, 0% used [0x00000000d5980000,0x00000000d5980000,0x00000000d5a00000)
 ParOldGen       total 122368K, used 121901K [0x0000000080000000, 0x0000000087780000, 0x00000000d5580000)
  object space 122368K, 99% used [0x0000000080000000,0x000000008770b468,0x0000000087780000)
 Metaspace       used 64265K, committed 65728K, reserved 1114112K
  class space    used 6789K, committed 7360K, reserved 1048576K
}
Event: 1286.407 GC heap after
{Heap after GC invocations=303 (full 3):
 PSYoungGen      total 3584K, used 512K [0x00000000d5580000, 0x00000000d5a80000, 0x0000000100000000)
  eden space 3072K, 0% used [0x00000000d5580000,0x00000000d5580000,0x00000000d5880000)
  from space 512K, 100% used [0x00000000d5980000,0x00000000d5a00000,0x00000000d5a00000)
  to   space 1024K, 0% used [0x00000000d5880000,0x00000000d5880000,0x00000000d5980000)
 ParOldGen       total 122368K, used 122185K [0x0000000080000000, 0x0000000087780000, 0x00000000d5580000)
  object space 122368K, 99% used [0x0000000080000000,0x0000000087752478,0x0000000087780000)
 Metaspace       used 64265K, committed 65728K, reserved 1114112K
  class space    used 6789K, committed 7360K, reserved 1048576K
}
Event: 1286.629 GC heap before
{Heap before GC invocations=304 (full 3):
 PSYoungGen      total 3584K, used 3584K [0x00000000d5580000, 0x00000000d5a80000, 0x0000000100000000)
  eden space 3072K, 100% used [0x00000000d5580000,0x00000000d5880000,0x00000000d5880000)
  from space 512K, 100% used [0x00000000d5980000,0x00000000d5a00000,0x00000000d5a00000)
  to   space 1024K, 0% used [0x00000000d5880000,0x00000000d5880000,0x00000000d5980000)
 ParOldGen       total 122368K, used 122185K [0x0000000080000000, 0x0000000087780000, 0x00000000d5580000)
  object space 122368K, 99% used [0x0000000080000000,0x0000000087752478,0x0000000087780000)
 Metaspace       used 64271K, committed 65728K, reserved 1114112K
  class space    used 6789K, committed 7360K, reserved 1048576K
}
Event: 1286.630 GC heap after
{Heap after GC invocations=304 (full 3):
 PSYoungGen      total 4096K, used 672K [0x00000000d5580000, 0x00000000d5a80000, 0x0000000100000000)
  eden space 3072K, 0% used [0x00000000d5580000,0x00000000d5580000,0x00000000d5880000)
  from space 1024K, 65% used [0x00000000d5880000,0x00000000d5928000,0x00000000d5980000)
  to   space 1024K, 0% used [0x00000000d5980000,0x00000000d5980000,0x00000000d5a80000)
 ParOldGen       total 122880K, used 122593K [0x0000000080000000, 0x0000000087800000, 0x00000000d5580000)
  object space 122880K, 99% used [0x0000000080000000,0x00000000877b8478,0x0000000087800000)
 Metaspace       used 64271K, committed 65728K, reserved 1114112K
  class space    used 6789K, committed 7360K, reserved 1048576K
}
Event: 1287.006 GC heap before
{Heap before GC invocations=305 (full 3):
 PSYoungGen      total 4096K, used 3744K [0x00000000d5580000, 0x00000000d5a80000, 0x0000000100000000)
  eden space 3072K, 100% used [0x00000000d5580000,0x00000000d5880000,0x00000000d5880000)
  from space 1024K, 65% used [0x00000000d5880000,0x00000000d5928000,0x00000000d5980000)
  to   space 1024K, 0% used [0x00000000d5980000,0x00000000d5980000,0x00000000d5a80000)
 ParOldGen       total 122880K, used 122593K [0x0000000080000000, 0x0000000087800000, 0x00000000d5580000)
  object space 122880K, 99% used [0x0000000080000000,0x00000000877b8478,0x0000000087800000)
 Metaspace       used 64308K, committed 65728K, reserved 1114112K
  class space    used 6791K, committed 7360K, reserved 1048576K
}
Event: 1287.007 GC heap after
{Heap after GC invocations=305 (full 3):
 PSYoungGen      total 4096K, used 448K [0x00000000d5580000, 0x00000000d5a80000, 0x0000000100000000)
  eden space 3072K, 0% used [0x00000000d5580000,0x00000000d5580000,0x00000000d5880000)
  from space 1024K, 43% used [0x00000000d5980000,0x00000000d59f0000,0x00000000d5a80000)
  to   space 1024K, 0% used [0x00000000d5880000,0x00000000d5880000,0x00000000d5980000)
 ParOldGen       total 123392K, used 123177K [0x0000000080000000, 0x0000000087880000, 0x00000000d5580000)
  object space 123392K, 99% used [0x0000000080000000,0x000000008784a478,0x0000000087880000)
 Metaspace       used 64308K, committed 65728K, reserved 1114112K
  class space    used 6791K, committed 7360K, reserved 1048576K
}
Event: 1287.278 GC heap before
{Heap before GC invocations=306 (full 3):
 PSYoungGen      total 4096K, used 3519K [0x00000000d5580000, 0x00000000d5a80000, 0x0000000100000000)
  eden space 3072K, 99% used [0x00000000d5580000,0x00000000d587fff8,0x00000000d5880000)
  from space 1024K, 43% used [0x00000000d5980000,0x00000000d59f0000,0x00000000d5a80000)
  to   space 1024K, 0% used [0x00000000d5880000,0x00000000d5880000,0x00000000d5980000)
 ParOldGen       total 123392K, used 123177K [0x0000000080000000, 0x0000000087880000, 0x00000000d5580000)
  object space 123392K, 99% used [0x0000000080000000,0x000000008784a478,0x0000000087880000)
 Metaspace       used 64516K, committed 65984K, reserved 1114112K
  class space    used 6818K, committed 7424K, reserved 1048576K
}
Event: 1287.280 GC heap after
{Heap after GC invocations=306 (full 3):
 PSYoungGen      total 4096K, used 352K [0x00000000d5580000, 0x00000000d5a00000, 0x0000000100000000)
  eden space 3072K, 0% used [0x00000000d5580000,0x00000000d5580000,0x00000000d5880000)
  from space 1024K, 34% used [0x00000000d5880000,0x00000000d58d8000,0x00000000d5980000)
  to   space 512K, 0% used [0x00000000d5980000,0x00000000d5980000,0x00000000d5a00000)
 ParOldGen       total 123904K, used 123465K [0x0000000080000000, 0x0000000087900000, 0x00000000d5580000)
  object space 123904K, 99% used [0x0000000080000000,0x0000000087892488,0x0000000087900000)
 Metaspace       used 64516K, committed 65984K, reserved 1114112K
  class space    used 6818K, committed 7424K, reserved 1048576K
}
Event: 1287.381 GC heap before
{Heap before GC invocations=307 (full 3):
 PSYoungGen      total 4096K, used 3413K [0x00000000d5580000, 0x00000000d5a00000, 0x0000000100000000)
  eden space 3072K, 99% used [0x00000000d5580000,0x00000000d587d6a0,0x00000000d5880000)
  from space 1024K, 34% used [0x00000000d5880000,0x00000000d58d8000,0x00000000d5980000)
  to   space 512K, 0% used [0x00000000d5980000,0x00000000d5980000,0x00000000d5a00000)
 ParOldGen       total 123904K, used 123465K [0x0000000080000000, 0x0000000087900000, 0x00000000d5580000)
  object space 123904K, 99% used [0x0000000080000000,0x0000000087892488,0x0000000087900000)
 Metaspace       used 64852K, committed 66304K, reserved 1114112K
  class space    used 6848K, committed 7424K, reserved 1048576K
}
Event: 1287.383 GC heap after
{Heap after GC invocations=307 (full 3):
 PSYoungGen      total 3584K, used 389K [0x00000000d5580000, 0x00000000d5a00000, 0x0000000100000000)
  eden space 3072K, 0% used [0x00000000d5580000,0x00000000d5580000,0x00000000d5880000)
  from space 512K, 75% used [0x00000000d5980000,0x00000000d59e1420,0x00000000d5a00000)
  to   space 512K, 0% used [0x00000000d5900000,0x00000000d5900000,0x00000000d5980000)
 ParOldGen       total 123904K, used 123638K [0x0000000080000000, 0x0000000087900000, 0x00000000d5580000)
  object space 123904K, 99% used [0x0000000080000000,0x00000000878bdbb0,0x0000000087900000)
 Metaspace       used 64852K, committed 66304K, reserved 1114112K
  class space    used 6848K, committed 7424K, reserved 1048576K
}
Event: 1287.550 GC heap before
{Heap before GC invocations=308 (full 3):
 PSYoungGen      total 3584K, used 3461K [0x00000000d5580000, 0x00000000d5a00000, 0x0000000100000000)
  eden space 3072K, 100% used [0x00000000d5580000,0x00000000d5880000,0x00000000d5880000)
  from space 512K, 75% used [0x00000000d5980000,0x00000000d59e1420,0x00000000d5a00000)
  to   space 512K, 0% used [0x00000000d5900000,0x00000000d5900000,0x00000000d5980000)
 ParOldGen       total 155648K, used 154358K [0x0000000080000000, 0x0000000089800000, 0x00000000d5580000)
  object space 155648K, 99% used [0x0000000080000000,0x00000000896bdbe0,0x0000000089800000)
 Metaspace       used 65009K, committed 66496K, reserved 1114112K
  class space    used 6865K, committed 7488K, reserved 1048576K
}
Event: 1287.551 GC heap after
{Heap after GC invocations=308 (full 3):
 PSYoungGen      total 3584K, used 288K [0x00000000d5580000, 0x00000000d5a00000, 0x0000000100000000)
  eden space 3072K, 0% used [0x00000000d5580000,0x00000000d5580000,0x00000000d5880000)
  from space 512K, 56% used [0x00000000d5900000,0x00000000d5948000,0x00000000d5980000)
  to   space 512K, 0% used [0x00000000d5980000,0x00000000d5980000,0x00000000d5a00000)
 ParOldGen       total 155648K, used 154597K [0x0000000080000000, 0x0000000089800000, 0x00000000d5580000)
  object space 155648K, 99% used [0x0000000080000000,0x00000000896f9640,0x0000000089800000)
 Metaspace       used 65009K, committed 66496K, reserved 1114112K
  class space    used 6865K, committed 7488K, reserved 1048576K
}
Event: 1564.650 GC heap before
{Heap before GC invocations=309 (full 3):
 PSYoungGen      total 3584K, used 3360K [0x00000000d5580000, 0x00000000d5a00000, 0x0000000100000000)
  eden space 3072K, 100% used [0x00000000d5580000,0x00000000d5880000,0x00000000d5880000)
  from space 512K, 56% used [0x00000000d5900000,0x00000000d5948000,0x00000000d5980000)
  to   space 512K, 0% used [0x00000000d5980000,0x00000000d5980000,0x00000000d5a00000)
 ParOldGen       total 155648K, used 154597K [0x0000000080000000, 0x0000000089800000, 0x00000000d5580000)
  object space 155648K, 99% used [0x0000000080000000,0x00000000896f9640,0x0000000089800000)
 Metaspace       used 65052K, committed 66496K, reserved 1114112K
  class space    used 6866K, committed 7488K, reserved 1048576K
}
Event: 1564.656 GC heap after
{Heap after GC invocations=309 (full 3):
 PSYoungGen      total 3584K, used 432K [0x00000000d5580000, 0x00000000d5a00000, 0x0000000100000000)
  eden space 3072K, 0% used [0x00000000d5580000,0x00000000d5580000,0x00000000d5880000)
  from space 512K, 84% used [0x00000000d5980000,0x00000000d59ec010,0x00000000d5a00000)
  to   space 512K, 0% used [0x00000000d5900000,0x00000000d5900000,0x00000000d5980000)
 ParOldGen       total 155648K, used 154701K [0x0000000080000000, 0x0000000089800000, 0x00000000d5580000)
  object space 155648K, 99% used [0x0000000080000000,0x0000000089713640,0x0000000089800000)
 Metaspace       used 65052K, committed 66496K, reserved 1114112K
  class space    used 6866K, committed 7488K, reserved 1048576K
}

Dll operation events (10 events):
Event: 0.015 Loaded shared library c:\Users\dhruv\.vscode\extensions\redhat.java-1.54.0-win32-x64\jre\21.0.10-win32-x86_64\bin\java.dll
Event: 0.103 Loaded shared library c:\Users\dhruv\.vscode\extensions\redhat.java-1.54.0-win32-x64\jre\21.0.10-win32-x86_64\bin\zip.dll
Event: 0.130 Loaded shared library C:\Users\dhruv\.vscode\extensions\redhat.java-1.54.0-win32-x64\jre\21.0.10-win32-x86_64\bin\instrument.dll
Event: 0.136 Loaded shared library C:\Users\dhruv\.vscode\extensions\redhat.java-1.54.0-win32-x64\jre\21.0.10-win32-x86_64\bin\net.dll
Event: 0.139 Loaded shared library C:\Users\dhruv\.vscode\extensions\redhat.java-1.54.0-win32-x64\jre\21.0.10-win32-x86_64\bin\nio.dll
Event: 0.142 Loaded shared library C:\Users\dhruv\.vscode\extensions\redhat.java-1.54.0-win32-x64\jre\21.0.10-win32-x86_64\bin\zip.dll
Event: 0.166 Loaded shared library C:\Users\dhruv\.vscode\extensions\redhat.java-1.54.0-win32-x64\jre\21.0.10-win32-x86_64\bin\jimage.dll
Event: 0.292 Loaded shared library c:\Users\dhruv\.vscode\extensions\redhat.java-1.54.0-win32-x64\jre\21.0.10-win32-x86_64\bin\verify.dll
Event: 25.703 Loaded shared library C:\Users\dhruv\AppData\Roaming\Code\User\globalStorage\redhat.java\1.54.0\config_win\org.eclipse.equinox.launcher\org.eclipse.equinox.launcher.win32.win32.x86_64_1.3.0.v20260203-2149\eclipse_11919.dll
Event: 53.012 Loaded shared library C:\Users\dhruv\AppData\Local\Temp\jna-95563663\jna606652323323692076.dll

Deoptimization events (20 events):
Event: 1564.228 Thread 0x0000027f0626c9d0 Uncommon trap: trap_request=0xffffffc6 fr.pc=0x0000027eb2d21848 relative=0x0000000000000a28
Event: 1564.228 Thread 0x0000027f0626c9d0 Uncommon trap: reason=bimorphic_or_optimized_type_check action=maybe_recompile pc=0x0000027eb2d21848 method=java.io.DataOutputStream.writeInt(I)V @ 19 c2
Event: 1564.228 Thread 0x0000027f0626c9d0 DEOPT PACKING pc=0x0000027eb2d21848 sp=0x000000aa117fed00
Event: 1564.228 Thread 0x0000027f0626c9d0 DEOPT UNPACKING pc=0x0000027eb26d3aa2 sp=0x000000aa117fecf8 mode 2
Event: 1564.228 Thread 0x0000027f0626c9d0 Uncommon trap: trap_request=0xffffffc6 fr.pc=0x0000027eb2d21848 relative=0x0000000000000a28
Event: 1564.228 Thread 0x0000027f0626c9d0 Uncommon trap: reason=bimorphic_or_optimized_type_check action=maybe_recompile pc=0x0000027eb2d21848 method=java.io.DataOutputStream.writeInt(I)V @ 19 c2
Event: 1564.228 Thread 0x0000027f0626c9d0 DEOPT PACKING pc=0x0000027eb2d21848 sp=0x000000aa117febb0
Event: 1564.228 Thread 0x0000027f0626c9d0 DEOPT UNPACKING pc=0x0000027eb26d3aa2 sp=0x000000aa117feba8 mode 2
Event: 1564.229 Thread 0x0000027f0626c9d0 Uncommon trap: trap_request=0xffffffc6 fr.pc=0x0000027eb2d93030 relative=0x0000000000001390
Event: 1564.229 Thread 0x0000027f0626c9d0 Uncommon trap: reason=bimorphic_or_optimized_type_check action=maybe_recompile pc=0x0000027eb2d93030 method=java.io.DataOutputStream.write([BII)V @ 7 c2
Event: 1564.229 Thread 0x0000027f0626c9d0 DEOPT PACKING pc=0x0000027eb2d93030 sp=0x000000aa117fea90
Event: 1564.229 Thread 0x0000027f0626c9d0 DEOPT UNPACKING pc=0x0000027eb26d3aa2 sp=0x000000aa117fe9f0 mode 2
Event: 1564.230 Thread 0x0000027f0626c9d0 Uncommon trap: trap_request=0xffffffc6 fr.pc=0x0000027eb2d93030 relative=0x0000000000001390
Event: 1564.230 Thread 0x0000027f0626c9d0 Uncommon trap: reason=bimorphic_or_optimized_type_check action=maybe_recompile pc=0x0000027eb2d93030 method=java.io.DataOutputStream.write([BII)V @ 7 c2
Event: 1564.230 Thread 0x0000027f0626c9d0 DEOPT PACKING pc=0x0000027eb2d93030 sp=0x000000aa117fe9d0
Event: 1564.230 Thread 0x0000027f0626c9d0 DEOPT UNPACKING pc=0x0000027eb26d3aa2 sp=0x000000aa117fe930 mode 2
Event: 1564.230 Thread 0x0000027f0626c9d0 Uncommon trap: trap_request=0xffffffc6 fr.pc=0x0000027eb2d93030 relative=0x0000000000001390
Event: 1564.230 Thread 0x0000027f0626c9d0 Uncommon trap: reason=bimorphic_or_optimized_type_check action=maybe_recompile pc=0x0000027eb2d93030 method=java.io.DataOutputStream.write([BII)V @ 7 c2
Event: 1564.230 Thread 0x0000027f0626c9d0 DEOPT PACKING pc=0x0000027eb2d93030 sp=0x000000aa117fe920
Event: 1564.230 Thread 0x0000027f0626c9d0 DEOPT UNPACKING pc=0x0000027eb26d3aa2 sp=0x000000aa117fe880 mode 2

Classes loaded (20 events):
Event: 657.354 Loading class java/util/stream/ReduceOps$4ReducingSink
Event: 657.363 Loading class java/util/stream/ReduceOps$4ReducingSink done
Event: 657.390 Loading class java/nio/file/Files$2
Event: 657.392 Loading class java/nio/file/Files$2 done
Event: 1260.454 Loading class java/util/stream/DistinctOps
Event: 1260.516 Loading class java/util/stream/DistinctOps done
Event: 1260.517 Loading class java/util/stream/DistinctOps$1
Event: 1260.611 Loading class java/util/stream/DistinctOps$1 done
Event: 1262.802 Loading class java/util/stream/DistinctOps$1$2
Event: 1262.825 Loading class java/util/stream/DistinctOps$1$2 done
Event: 1263.850 Loading class java/util/WeakHashMap$KeyIterator
Event: 1263.856 Loading class java/util/WeakHashMap$KeyIterator done
Event: 1264.485 Loading class java/util/ImmutableCollections$SubList
Event: 1264.490 Loading class java/util/ImmutableCollections$SubList done
Event: 1264.717 Loading class java/util/zip/CheckedInputStream
Event: 1264.720 Loading class java/util/zip/CheckedInputStream done
Event: 1281.174 Loading class sun/nio/cs/ISO_8859_1$Decoder
Event: 1281.176 Loading class sun/nio/cs/ISO_8859_1$Decoder done
Event: 1287.426 Loading class java/nio/BufferMismatch
Event: 1287.427 Loading class java/nio/BufferMismatch done

Classes unloaded (11 events):
Event: 54.284 Thread 0x0000027ea7ee5010 Unloading class 0x0000027ec01a8c00 'java/lang/invoke/LambdaForm$MH+0x0000027ec01a8c00'
Event: 54.284 Thread 0x0000027ea7ee5010 Unloading class 0x0000027ec01a8800 'java/lang/invoke/LambdaForm$MH+0x0000027ec01a8800'
Event: 54.284 Thread 0x0000027ea7ee5010 Unloading class 0x0000027ec01a8400 'java/lang/invoke/LambdaForm$MH+0x0000027ec01a8400'
Event: 54.284 Thread 0x0000027ea7ee5010 Unloading class 0x0000027ec01a8000 'java/lang/invoke/LambdaForm$MH+0x0000027ec01a8000'
Event: 54.284 Thread 0x0000027ea7ee5010 Unloading class 0x0000027ec01a7c00 'java/lang/invoke/LambdaForm$BMH+0x0000027ec01a7c00'
Event: 54.284 Thread 0x0000027ea7ee5010 Unloading class 0x0000027ec01a7800 'java/lang/invoke/LambdaForm$DMH+0x0000027ec01a7800'
Event: 54.284 Thread 0x0000027ea7ee5010 Unloading class 0x0000027ec01a6400 'java/lang/invoke/LambdaForm$DMH+0x0000027ec01a6400'
Event: 74.820 Thread 0x0000027ea7ee5010 Unloading class 0x0000027ec0631c00 'java/lang/invoke/LambdaForm$DMH+0x0000027ec0631c00'
Event: 74.820 Thread 0x0000027ea7ee5010 Unloading class 0x0000027ec0631800 'java/lang/invoke/LambdaForm$DMH+0x0000027ec0631800'
Event: 74.820 Thread 0x0000027ea7ee5010 Unloading class 0x0000027ec0631400 'java/lang/invoke/LambdaForm$DMH+0x0000027ec0631400'
Event: 74.820 Thread 0x0000027ea7ee5010 Unloading class 0x0000027ec0630c00 'java/lang/invoke/LambdaForm$DMH+0x0000027ec0630c00'

Classes redefined (0 events):
No events

Internal exceptions (20 events):
Event: 1286.063 Thread 0x0000027f0626bcb0 Exception <a 'java/io/FileNotFoundException'{0x00000000d57b67e8}> (0x00000000d57b67e8) 
thrown [s\src\hotspot\share\prims\jni.cpp, line 520]
Event: 1286.063 Thread 0x0000027f0626bcb0 Exception <a 'java/io/FileNotFoundException'{0x00000000d57b77d8}> (0x00000000d57b77d8) 
thrown [s\src\hotspot\share\prims\jni.cpp, line 520]
Event: 1286.137 Thread 0x0000027f0626bcb0 Implicit null exception at 0x0000027eb3213995 to 0x0000027eb3213f84
Event: 1286.392 Thread 0x0000027f0bca6370 Implicit null exception at 0x0000027eb358fe14 to 0x0000027eb35916ec
Event: 1286.392 Thread 0x0000027f0bca6370 Implicit null exception at 0x0000027eb358fe14 to 0x0000027eb35916ec
Event: 1286.392 Thread 0x0000027f0bca6370 Implicit null exception at 0x0000027eb358fe14 to 0x0000027eb35916ec
Event: 1564.088 Thread 0x0000027f0626c9d0 Exception <a 'sun/nio/fs/WindowsException'{0x00000000d55d69f8}> (0x00000000d55d69f8) 
thrown [s\src\hotspot\share\prims\jni.cpp, line 520]
Event: 1564.089 Thread 0x0000027f0626c9d0 Exception <a 'sun/nio/fs/WindowsException'{0x00000000d55d7518}> (0x00000000d55d7518) 
thrown [s\src\hotspot\share\prims\jni.cpp, line 520]
Event: 1564.095 Thread 0x0000027f0626c9d0 Exception <a 'sun/nio/fs/WindowsException'{0x00000000d55e9638}> (0x00000000d55e9638) 
thrown [s\src\hotspot\share\prims\jni.cpp, line 520]
Event: 1564.095 Thread 0x0000027f0626c9d0 Exception <a 'sun/nio/fs/WindowsException'{0x00000000d55ea158}> (0x00000000d55ea158) 
thrown [s\src\hotspot\share\prims\jni.cpp, line 520]
Event: 1564.099 Thread 0x0000027f0626c9d0 Exception <a 'sun/nio/fs/WindowsException'{0x00000000d55edcd8}> (0x00000000d55edcd8) 
thrown [s\src\hotspot\share\prims\jni.cpp, line 520]
Event: 1564.099 Thread 0x0000027f0626c9d0 Exception <a 'sun/nio/fs/WindowsException'{0x00000000d55ee830}> (0x00000000d55ee830) 
thrown [s\src\hotspot\share\prims\jni.cpp, line 520]
Event: 1564.101 Thread 0x0000027f0626c9d0 Exception <a 'sun/nio/fs/WindowsException'{0x00000000d55f01c8}> (0x00000000d55f01c8) 
thrown [s\src\hotspot\share\prims\jni.cpp, line 520]
Event: 1564.102 Thread 0x0000027f0626c9d0 Exception <a 'sun/nio/fs/WindowsException'{0x00000000d55f0d10}> (0x00000000d55f0d10) 
thrown [s\src\hotspot\share\prims\jni.cpp, line 520]
Event: 1564.104 Thread 0x0000027f0626c9d0 Exception <a 'sun/nio/fs/WindowsException'{0x00000000d55f36c0}> (0x00000000d55f36c0) 
thrown [s\src\hotspot\share\prims\jni.cpp, line 520]
Event: 1564.104 Thread 0x0000027f0626c9d0 Exception <a 'sun/nio/fs/WindowsException'{0x00000000d55f41f8}> (0x00000000d55f41f8) 
thrown [s\src\hotspot\share\prims\jni.cpp, line 520]
Event: 1564.105 Thread 0x0000027f0626c9d0 Exception <a 'sun/nio/fs/WindowsException'{0x00000000d55f7168}> (0x00000000d55f7168) 
thrown [s\src\hotspot\share\prims\jni.cpp, line 520]
Event: 1564.106 Thread 0x0000027f0626c9d0 Exception <a 'sun/nio/fs/WindowsException'{0x00000000d55f7ed0}> (0x00000000d55f7ed0) 
thrown [s\src\hotspot\share\prims\jni.cpp, line 520]
Event: 1564.108 Thread 0x0000027f0626c9d0 Exception <a 'sun/nio/fs/WindowsException'{0x00000000d55ff830}> (0x00000000d55ff830) 
thrown [s\src\hotspot\share\prims\jni.cpp, line 520]
Event: 1564.108 Thread 0x0000027f0626c9d0 Exception <a 'sun/nio/fs/WindowsException'{0x00000000d5600368}> (0x00000000d5600368) 
thrown [s\src\hotspot\share\prims\jni.cpp, line 520]

ZGC Phase Switch (0 events):
No events

VM Operations (20 events):
Event: 1287.372 Executing non-safepoint VM operation: HandshakeAllThreads (Deoptimize)
Event: 1287.373 Executing non-safepoint VM operation: HandshakeAllThreads (Deoptimize) done
Event: 1287.381 Executing safepoint VM operation: ParallelGCFailedAllocation (Allocation Failure)
Event: 1287.383 Executing safepoint VM operation: ParallelGCFailedAllocation (Allocation Failure) done
Event: 1287.550 Executing safepoint VM operation: ParallelGCFailedAllocation (Allocation Failure)
Event: 1287.551 Executing safepoint VM operation: ParallelGCFailedAllocation (Allocation Failure) done
Event: 1289.550 Executing safepoint VM operation: Cleanup
Event: 1289.550 Executing safepoint VM operation: Cleanup done
Event: 1322.699 Executing non-safepoint VM operation: HandshakeAllThreads (HandshakeForDeflation)
Event: 1322.699 Executing non-safepoint VM operation: HandshakeAllThreads (HandshakeForDeflation) done
Event: 1322.699 Executing non-safepoint VM operation: RendezvousGCThreads
Event: 1322.699 Executing non-safepoint VM operation: RendezvousGCThreads done
Event: 1564.650 Executing safepoint VM operation: ParallelGCFailedAllocation (Allocation Failure)
Event: 1564.656 Executing safepoint VM operation: ParallelGCFailedAllocation (Allocation Failure) done
Event: 1565.656 Executing safepoint VM operation: Cleanup
Event: 1565.656 Executing safepoint VM operation: Cleanup done
Event: 1623.625 Executing non-safepoint VM operation: HandshakeAllThreads (HandshakeForDeflation)
Event: 1623.625 Executing non-safepoint VM operation: HandshakeAllThreads (HandshakeForDeflation) done
Event: 1623.625 Executing non-safepoint VM operation: RendezvousGCThreads
Event: 1623.625 Executing non-safepoint VM operation: RendezvousGCThreads done

Memory protections (0 events):
No events

Nmethod flushes (20 events):
Event: 74.845 Thread 0x0000027ea7ee5010 flushing  nmethod 0x0000027eaba62f10
Event: 74.845 Thread 0x0000027ea7ee5010 flushing  nmethod 0x0000027eaba63210
Event: 74.845 Thread 0x0000027ea7ee5010 flushing  nmethod 0x0000027eaba67290
Event: 74.845 Thread 0x0000027ea7ee5010 flushing  nmethod 0x0000027eaba72710
Event: 74.845 Thread 0x0000027ea7ee5010 flushing  nmethod 0x0000027eabaa0e90
Event: 74.845 Thread 0x0000027ea7ee5010 flushing  nmethod 0x0000027eabaa1210
Event: 74.845 Thread 0x0000027ea7ee5010 flushing  nmethod 0x0000027eabaa1b90
Event: 74.845 Thread 0x0000027ea7ee5010 flushing  nmethod 0x0000027eabaa2190
Event: 74.845 Thread 0x0000027ea7ee5010 flushing  nmethod 0x0000027eabaa2c10
Event: 74.845 Thread 0x0000027ea7ee5010 flushing  nmethod 0x0000027eabaa3410
Event: 74.845 Thread 0x0000027ea7ee5010 flushing  nmethod 0x0000027eabac3110
Event: 74.845 Thread 0x0000027ea7ee5010 flushing  nmethod 0x0000027eabac3710
Event: 74.845 Thread 0x0000027ea7ee5010 flushing  nmethod 0x0000027eabac4590
Event: 74.845 Thread 0x0000027ea7ee5010 flushing  nmethod 0x0000027eabac6210
Event: 74.845 Thread 0x0000027ea7ee5010 flushing  nmethod 0x0000027eabad4910
Event: 74.845 Thread 0x0000027ea7ee5010 flushing  nmethod 0x0000027eabad8c10
Event: 74.845 Thread 0x0000027ea7ee5010 flushing  nmethod 0x0000027eabb09390
Event: 74.845 Thread 0x0000027ea7ee5010 flushing  nmethod 0x0000027eabb18890
Event: 74.845 Thread 0x0000027ea7ee5010 flushing  nmethod 0x0000027eabb26a10
Event: 74.845 Thread 0x0000027ea7ee5010 flushing  nmethod 0x0000027eabb40990

Events (20 events):
Event: 1564.116 Thread 0x0000027f0bca5650 Thread added: 0x0000027f0bcac5e0
Event: 1564.117 Thread 0x0000027f0bca7090 Thread added: 0x0000027f09434020
Event: 1564.119 Thread 0x0000027f0bca7090 Thread added: 0x0000027f094353d0
Event: 1564.119 Thread 0x0000027f0bca6370 Thread added: 0x0000027f09434d40
Event: 1564.120 Thread 0x0000027f0bcaaba0 Thread added: 0x0000027f094360f0
Event: 1564.126 Thread 0x0000027f094353d0 Thread exited: 0x0000027f094353d0
Event: 1564.126 Thread 0x0000027f09434020 Thread exited: 0x0000027f09434020
Event: 1564.126 Thread 0x0000027f0bcac5e0 Thread exited: 0x0000027f0bcac5e0
Event: 1564.127 Thread 0x0000027f094360f0 Thread exited: 0x0000027f094360f0
Event: 1564.127 Thread 0x0000027f09434d40 Thread exited: 0x0000027f09434d40
Event: 1564.127 Thread 0x0000027f0bca7090 Thread exited: 0x0000027f0bca7090
Event: 1564.127 Thread 0x0000027f0bcaaba0 Thread exited: 0x0000027f0bcaaba0
Event: 1564.127 Thread 0x0000027f0bca7db0 Thread exited: 0x0000027f0bca7db0
Event: 1564.127 Thread 0x0000027f0bca6370 Thread exited: 0x0000027f0bca6370
Event: 1564.127 Thread 0x0000027f0bca5650 Thread exited: 0x0000027f0bca5650
Event: 1564.177 Thread 0x0000027f01894780 Thread added: 0x0000027f06f1cec0
Event: 1564.215 Thread 0x0000027f01894780 Thread added: 0x0000027f06f1d590
Event: 1569.666 Thread 0x0000027f06f1d590 Thread exited: 0x0000027f06f1d590
Event: 1569.683 Thread 0x0000027f06f1cec0 Thread exited: 0x0000027f06f1cec0
Event: 1624.459 Thread 0x0000027f0bca4fc0 Thread exited: 0x0000027f0bca4fc0


Dynamic libraries:
0x00007ff7d5800000 - 0x00007ff7d580e000 	c:\Users\dhruv\.vscode\extensions\redhat.java-1.54.0-win32-x64\jre\21.0.10-win32-x86_64\bin\java.exe
0x00007ffa69b00000 - 0x00007ffa69d67000 	C:\Windows\SYSTEM32\ntdll.dll
0x00007ffa68a70000 - 0x00007ffa68b39000 	C:\Windows\System32\KERNEL32.DLL
0x00007ffa66770000 - 0x00007ffa66b64000 	C:\Windows\System32\KERNELBASE.dll
0x00007ffa66ca0000 - 0x00007ffa66deb000 	C:\Windows\System32\ucrtbase.dll
0x00007ffa51ac0000 - 0x00007ffa51ade000 	c:\Users\dhruv\.vscode\extensions\redhat.java-1.54.0-win32-x64\jre\21.0.10-win32-x86_64\bin\VCRUNTIME140.dll
0x00007ffa4dd10000 - 0x00007ffa4dd28000 	c:\Users\dhruv\.vscode\extensions\redhat.java-1.54.0-win32-x64\jre\21.0.10-win32-x86_64\bin\jli.dll
0x00007ffa68060000 - 0x00007ffa68225000 	C:\Windows\System32\USER32.dll
0x00007ffa46000000 - 0x00007ffa46293000 	C:\Windows\WinSxS\amd64_microsoft.windows.common-controls_6595b64144ccf1df_6.0.26100.8115_none_3e075c82e3354f9c\COMCTL32.dll
0x00007ffa68260000 - 0x00007ffa68309000 	C:\Windows\System32\msvcrt.dll
0x00007ffa68230000 - 0x00007ffa6825b000 	C:\Windows\System32\GDI32.dll
0x00007ffa676f0000 - 0x00007ffa67717000 	C:\Windows\System32\win32u.dll
0x00007ffa66b70000 - 0x00007ffa66c9b000 	C:\Windows\System32\gdi32full.dll
0x00007ffa663d0000 - 0x00007ffa66473000 	C:\Windows\System32\msvcp_win.dll
0x00007ffa68b60000 - 0x00007ffa68b92000 	C:\Windows\System32\IMM32.DLL
0x00007ffa52840000 - 0x00007ffa5284c000 	c:\Users\dhruv\.vscode\extensions\redhat.java-1.54.0-win32-x64\jre\21.0.10-win32-x86_64\bin\vcruntime140_1.dll
0x00007ffa1ea50000 - 0x00007ffa1eadd000 	c:\Users\dhruv\.vscode\extensions\redhat.java-1.54.0-win32-x64\jre\21.0.10-win32-x86_64\bin\msvcp140.dll
0x00007ff9bae10000 - 0x00007ff9bbbb1000 	c:\Users\dhruv\.vscode\extensions\redhat.java-1.54.0-win32-x64\jre\21.0.10-win32-x86_64\bin\server\jvm.dll
0x00007ffa69620000 - 0x00007ffa696d6000 	C:\Windows\System32\ADVAPI32.dll
0x00007ffa689c0000 - 0x00007ffa68a67000 	C:\Windows\System32\sechost.dll
0x00007ffa694b0000 - 0x00007ffa695c8000 	C:\Windows\System32\RPCRT4.dll
0x00007ffa679e0000 - 0x00007ffa67a60000 	C:\Windows\System32\WS2_32.dll
0x00007ffa66230000 - 0x00007ffa6628e000 	C:\Windows\SYSTEM32\POWRPROF.dll
0x00007ffa5b690000 - 0x00007ffa5b6c6000 	C:\Windows\SYSTEM32\WINMM.dll
0x00007ffa498b0000 - 0x00007ffa498bb000 	C:\Windows\SYSTEM32\VERSION.dll
0x00007ffa66210000 - 0x00007ffa66224000 	C:\Windows\SYSTEM32\UMPDC.dll
0x00007ffa65130000 - 0x00007ffa6514b000 	C:\Windows\SYSTEM32\kernel.appcore.dll
0x00007ffa3ad10000 - 0x00007ffa3ad1a000 	c:\Users\dhruv\.vscode\extensions\redhat.java-1.54.0-win32-x64\jre\21.0.10-win32-x86_64\bin\jimage.dll
0x00007ffa642d0000 - 0x00007ffa64512000 	C:\Windows\SYSTEM32\DBGHELP.DLL
0x00007ffa68420000 - 0x00007ffa687a2000 	C:\Windows\System32\combase.dll
0x00007ffa67a70000 - 0x00007ffa67b48000 	C:\Windows\System32\OLEAUT32.dll
0x00007ffa447b0000 - 0x00007ffa447eb000 	C:\Windows\SYSTEM32\dbgcore.DLL
0x00007ffa67720000 - 0x00007ffa677c5000 	C:\Windows\System32\bcryptPrimitives.dll
0x00007ffa38a90000 - 0x00007ffa38a9f000 	c:\Users\dhruv\.vscode\extensions\redhat.java-1.54.0-win32-x64\jre\21.0.10-win32-x86_64\bin\instrument.dll
0x00007ffa25cb0000 - 0x00007ffa25cd0000 	c:\Users\dhruv\.vscode\extensions\redhat.java-1.54.0-win32-x64\jre\21.0.10-win32-x86_64\bin\java.dll
0x00007ffa68ba0000 - 0x00007ffa69307000 	C:\Windows\System32\SHELL32.dll
0x00007ffa66480000 - 0x00007ffa665ea000 	C:\Windows\System32\wintypes.dll
0x00007ffa66e80000 - 0x00007ffa676e8000 	C:\Windows\System32\windows.storage.dll
0x00007ffa68310000 - 0x00007ffa68408000 	C:\Windows\System32\SHCORE.dll
0x00007ffa69a50000 - 0x00007ffa69ab6000 	C:\Windows\System32\shlwapi.dll
0x00007ffa662f0000 - 0x00007ffa66319000 	C:\Windows\SYSTEM32\profapi.dll
0x00007ffa258d0000 - 0x00007ffa258e8000 	c:\Users\dhruv\.vscode\extensions\redhat.java-1.54.0-win32-x64\jre\21.0.10-win32-x86_64\bin\zip.dll
0x00007ffa2ecd0000 - 0x00007ffa2ece0000 	C:\Users\dhruv\.vscode\extensions\redhat.java-1.54.0-win32-x64\jre\21.0.10-win32-x86_64\bin\net.dll
0x00007ffa5d230000 - 0x00007ffa5d35d000 	C:\Windows\SYSTEM32\WINHTTP.dll
0x00007ffa65680000 - 0x00007ffa656ec000 	C:\Windows\system32\mswsock.dll
0x00007ffa258b0000 - 0x00007ffa258c6000 	C:\Users\dhruv\.vscode\extensions\redhat.java-1.54.0-win32-x64\jre\21.0.10-win32-x86_64\bin\nio.dll
0x00007ffa2d050000 - 0x00007ffa2d060000 	c:\Users\dhruv\.vscode\extensions\redhat.java-1.54.0-win32-x64\jre\21.0.10-win32-x86_64\bin\verify.dll
0x00007ffa22130000 - 0x00007ffa22175000 	C:\Users\dhruv\AppData\Roaming\Code\User\globalStorage\redhat.java\1.54.0\config_win\org.eclipse.equinox.launcher\org.eclipse.equinox.launcher.win32.win32.x86_64_1.3.0.v20260203-2149\eclipse_11919.dll
0x00007ffa69310000 - 0x00007ffa694a7000 	C:\Windows\System32\ole32.dll
0x00007ffa65920000 - 0x00007ffa6593b000 	C:\Windows\SYSTEM32\CRYPTSP.dll
0x00007ffa65090000 - 0x00007ffa650c9000 	C:\Windows\system32\rsaenh.dll
0x00007ffa65730000 - 0x00007ffa65763000 	C:\Windows\SYSTEM32\USERENV.dll
0x00007ffa662c0000 - 0x00007ffa662ea000 	C:\Windows\SYSTEM32\bcrypt.dll
0x00007ffa65940000 - 0x00007ffa6594c000 	C:\Windows\SYSTEM32\CRYPTBASE.dll
0x00007ffa64b50000 - 0x00007ffa64b82000 	C:\Windows\SYSTEM32\IPHLPAPI.DLL
0x00007ffa679d0000 - 0x00007ffa679da000 	C:\Windows\System32\NSI.dll
0x00007ffa1e430000 - 0x00007ffa1e479000 	C:\Users\dhruv\AppData\Local\Temp\jna-95563663\jna606652323323692076.dll
0x00007ffa67890000 - 0x00007ffa67898000 	C:\Windows\System32\PSAPI.DLL
0x00007ffa5d4d0000 - 0x00007ffa5d4ed000 	C:\Windows\SYSTEM32\dhcpcsvc6.DLL
0x00007ffa5d4a0000 - 0x00007ffa5d4c5000 	C:\Windows\SYSTEM32\dhcpcsvc.DLL

JVMTI agents:
c:\Users\dhruv\.vscode\extensions\redhat.java-1.54.0-win32-x64\lombok\lombok-1.18.39-4050.jar path:c:\Users\dhruv\.vscode\extensions\redhat.java-1.54.0-win32-x64\jre\21.0.10-win32-x86_64\bin\instrument.dll, loaded, initialized, instrumentlib options:none

dbghelp: loaded successfully - version: 4.0.5 - missing functions: none
symbol engine: initialized successfully - sym options: 0x614 - pdb path: .;c:\Users\dhruv\.vscode\extensions\redhat.java-1.54.0-win32-x64\jre\21.0.10-win32-x86_64\bin;C:\Windows\SYSTEM32;C:\Windows\WinSxS\amd64_microsoft.windows.common-controls_6595b64144ccf1df_6.0.26100.8115_none_3e075c82e3354f9c;c:\Users\dhruv\.vscode\extensions\redhat.java-1.54.0-win32-x64\jre\21.0.10-win32-x86_64\bin\server;C:\Users\dhruv\AppData\Roaming\Code\User\globalStorage\redhat.java\1.54.0\config_win\org.eclipse.equinox.launcher\org.eclipse.equinox.launcher.win32.win32.x86_64_1.3.0.v20260203-2149;C:\Users\dhruv\AppData\Local\Temp\jna-95563663

VM Arguments:
jvm_args: --add-modules=ALL-SYSTEM --add-opens=java.base/java.util=ALL-UNNAMED --add-opens=java.base/java.lang=ALL-UNNAMED --add-opens=java.base/sun.nio.fs=ALL-UNNAMED -Declipse.application=org.eclipse.jdt.ls.core.id1 -Dosgi.bundles.defaultStartLevel=4 -Declipse.product=org.eclipse.jdt.ls.core.product -Djava.import.generatesMetadataFilesAtProjectRoot=false -DDetectVMInstallationsJob.disabled=true -Dfile.encoding=utf8 -XX:+UseParallelGC -XX:GCTimeRatio=4 -XX:AdaptiveSizePolicyWeight=90 -Dsun.zip.disableMemoryMapping=true -Xmx2G -Xms100m -Xlog:disable -javaagent:c:\Users\dhruv\.vscode\extensions\redhat.java-1.54.0-win32-x64\lombok\lombok-1.18.39-4050.jar -XX:+HeapDumpOnOutOfMemoryError -XX:HeapDumpPath=c:\Users\dhruv\AppData\Roaming\Code\User\workspaceStorage\46eeb03a52e31514c3fed23288b69850\redhat.java -Daether.dependencyCollector.impl=bf 
java_command: c:\Users\dhruv\.vscode\extensions\redhat.java-1.54.0-win32-x64\server\plugins\org.eclipse.equinox.launcher_1.7.100.v20251111-0406.jar -configuration c:\Users\dhruv\AppData\Roaming\Code\User\globalStorage\redhat.java\1.54.0\config_win -data c:\Users\dhruv\AppData\Roaming\Code\User\workspaceStorage\46eeb03a52e31514c3fed23288b69850\redhat.java\jdt_ws --pipe=\\.\pipe\lsp-e53b9016707b40a0e03361c69f971178-sock
java_class_path (initial): c:\Users\dhruv\.vscode\extensions\redhat.java-1.54.0-win32-x64\server\plugins\org.eclipse.equinox.launcher_1.7.100.v20251111-0406.jar
Launcher Type: SUN_STANDARD

[Global flags]
    uintx AdaptiveSizePolicyWeight                 = 90                                        {product} {command line}
     intx CICompilerCount                          = 4                                         {product} {ergonomic}
    uintx GCTimeRatio                              = 4                                         {product} {command line}
     bool HeapDumpOnOutOfMemoryError               = true                                   {manageable} {command line}
    ccstr HeapDumpPath                             = c:\Users\dhruv\AppData\Roaming\Code\User\workspaceStorage\46eeb03a52e31514c3fed23288b69850\redhat.java         {manageable} {command line}
   size_t InitialHeapSize                          = 104857600                                 {product} {command line}
   size_t MaxHeapSize                              = 2147483648                                {product} {command line}
   size_t MaxNewSize                               = 715653120                                 {product} {ergonomic}
   size_t MinHeapDeltaBytes                        = 524288                                    {product} {ergonomic}
   size_t MinHeapSize                              = 104857600                                 {product} {command line}
   size_t NewSize                                  = 34603008                                  {product} {ergonomic}
    uintx NonNMethodCodeHeapSize                   = 5839372                                {pd product} {ergonomic}
    uintx NonProfiledCodeHeapSize                  = 122909434                              {pd product} {ergonomic}
   size_t OldSize                                  = 70254592                                  {product} {ergonomic}
    uintx ProfiledCodeHeapSize                     = 122909434                              {pd product} {ergonomic}
    uintx ReservedCodeCacheSize                    = 251658240                              {pd product} {ergonomic}
     bool SegmentedCodeCache                       = true                                      {product} {ergonomic}
   size_t SoftMaxHeapSize                          = 2147483648                             {manageable} {ergonomic}
     bool UseCompressedOops                        = true                           {product lp64_product} {ergonomic}
     bool UseLargePagesIndividualAllocation        = false                                  {pd product} {ergonomic}
     bool UseParallelGC                            = true                                      {product} {command line}

Logging:
Log output configuration:
 #0: stdout all=off uptime,level,tags foldmultilines=false
 #1: stderr all=off uptime,level,tags foldmultilines=false

Release file:
JAVA_VERSION="21.0.10" 
MODULES="java.base java.compiler java.datatransfer java.xml java.prefs java.desktop java.instrument java.logging java.management java.security.sasl java.naming java.rmi java.management.rmi java.net.http java.scripting java.security.jgss java.transaction.xa java.sql java.sql.rowset java.xml.crypto java.se java.smartcardio jdk.accessibility jdk.internal.jvmstat jdk.attach jdk.charsets jdk.internal.opt jdk.zipfs jdk.compiler jdk.crypto.ec jdk.crypto.cryptoki jdk.crypto.mscapi jdk.dynalink jdk.internal.ed jdk.editpad jdk.hotspot.agent jdk.httpserver jdk.internal.le jdk.internal.vm.ci jdk.internal.vm.compiler jdk.internal.vm.compiler.management jdk.jartool jdk.javadoc jdk.jcmd jdk.management jdk.management.agent jdk.jconsole jdk.jdeps jdk.jdwp.agent jdk.jdi jdk.jfr jdk.jshell jdk.jsobject jdk.jstatd jdk.localedata jdk.management.jfr jdk.naming.dns jdk.naming.rmi jdk.net jdk.nio.mapmode jdk.random jdk.sctp jdk.security.auth jdk.security.jgss jdk.unsupported jdk.unsupported.desktop jdk.xml.dom" 

Environment Variables:
PATH=C:\Users\dhruv\AppData\Local\Programs\Microsoft VS Code;C:\Program Files\Common Files\Oracle\Java\javapath;C:\Windows\system32;C:\Windows;C:\Windows\System32\Wbem;C:\Windows\System32\WindowsPowerShell\v1.0\;C:\Windows\System32\OpenSSH\;C:\Program Files\nodejs\;C:\Program Files\Git\cmd;C:\Program Files\MongoDB\Server\8.0\bin;C:\Program Files\MySQL\MySQL Server 8.0\bin;C:\Users\dhruv\Downloads\gradle-8.14.3\bin;C:\Program Files\Docker\Docker\resources\bin;C:\Program Files\Apache\MAVEN\bin;C:\Program Files\Apache\MAVEN\apache-maven-3.9.12\bin;C:\Program Files\Cloudflare\Cloudflare WARP\;C:\Program Files\MySQL\MySQL Shell 8.0\bin\;C:\Users\dhruv\AppData\Local\Microsoft\WindowsApps;C:\Users\dhruv\AppData\Local\Programs\Microsoft VS Code\bin;C:\Users\dhruv\AppData\Roaming\npm;C:\Program Files\JetBrains\IntelliJ IDEA Community Edition 2025.1.4.1\bin;;C:\Users\dhruv\AppData\Local\Programs\cursor\resources\app\bin
USERNAME=dhruv
OS=Windows_NT
PROCESSOR_IDENTIFIER=Intel64 Family 6 Model 186 Stepping 2, GenuineIntel
TMP=C:\Users\dhruv\AppData\Local\Temp
TEMP=C:\Users\dhruv\AppData\Local\Temp




Periodic native trim disabled

---------------  S Y S T E M  ---------------

OS:
 Windows 11 , 64 bit Build 26100 (10.0.26100.8246)
OS uptime: 0 days 1:02 hours
Hyper-V role detected

CPU: total 12 (initial active 12) (6 cores per cpu, 2 threads per core) family 6 model 186 stepping 2 microcode 0x6134, cx8, cmov, fxsr, ht, mmx, 3dnowpref, sse, sse2, sse3, ssse3, sse4.1, sse4.2, popcnt, lzcnt, tsc, tscinvbit, avx, avx2, aes, erms, clmul, bmi1, bmi2, adx, sha, fma, vzeroupper, clflush, clflushopt, clwb, hv, serialize, rdtscp, rdpid, fsrm, f16c, cet_ibt, cet_ss
Processor Information for processor 0
  Max Mhz: 2100, Current Mhz: 2100, Mhz Limit: 2100
Processor Information for processor 1
  Max Mhz: 2100, Current Mhz: 2100, Mhz Limit: 2100
Processor Information for processor 2
  Max Mhz: 2100, Current Mhz: 2100, Mhz Limit: 2100
Processor Information for processor 3
  Max Mhz: 2100, Current Mhz: 2100, Mhz Limit: 2100
Processor Information for processor 4
  Max Mhz: 2100, Current Mhz: 2100, Mhz Limit: 2100
Processor Information for processor 5
  Max Mhz: 2100, Current Mhz: 2100, Mhz Limit: 2100
Processor Information for processor 6
  Max Mhz: 2100, Current Mhz: 2100, Mhz Limit: 2100
Processor Information for processor 7
  Max Mhz: 2100, Current Mhz: 2100, Mhz Limit: 2100
Processor Information for processor 8
  Max Mhz: 2100, Current Mhz: 1500, Mhz Limit: 1491
Processor Information for processor 9
  Max Mhz: 2100, Current Mhz: 1500, Mhz Limit: 1491
Processor Information for processor 10
  Max Mhz: 2100, Current Mhz: 1500, Mhz Limit: 1491
Processor Information for processor 11
  Max Mhz: 2100, Current Mhz: 1500, Mhz Limit: 1491

Memory: 4k page, system-wide physical 16076M (658M free)
TotalPageFile size 46395M (AvailPageFile size 38M)
current process WorkingSet (physical memory assigned to process): 77M, peak: 347M
current process commit charge ("private bytes"): 430M, peak: 468M

vm_info: OpenJDK 64-Bit Server VM (21.0.10+7-LTS) for windows-amd64 JRE (21.0.10+7-LTS), built on 2026-01-20T00:00:00Z by "admin" with MS VC++ 17.12 (VS2022)

END.
