#
# There is insufficient memory for the Java Runtime Environment to continue.
# Native memory allocation (malloc) failed to allocate 1639104 bytes. Error detail: Chunk::new
# Possible reasons:
#   The system is out of physical RAM or swap space
#   This process is running with CompressedOops enabled, and the Java Heap may be blocking the growth of the native heap
# Possible solutions:
#   Reduce memory load on the system
#   Increase physical memory or swap space
#   Check if swap backing store is full
#   Decrease Java heap size (-Xmx/-Xms)
#   Decrease number of Java threads
#   Decrease Java thread stack sizes (-Xss)
#   Set larger code cache with -XX:ReservedCodeCacheSize=
#   JVM is running with Unscaled Compressed Oops mode in which the Java heap is
#     placed in the first 4GB address space. The Java Heap base address is the
#     maximum limit for the native heap growth. Please use -XX:HeapBaseMinAddress
#     to set the Java Heap base and to place the Java Heap above 4GB virtual address.
# This output file may be truncated or incomplete.
#
#  Out of Memory Error (arena.cpp:168), pid=13884, tid=27660
#
# JRE version: OpenJDK Runtime Environment Temurin-21.0.10+7 (21.0.10+7) (build 21.0.10+7-LTS)
# Java VM: OpenJDK 64-Bit Server VM Temurin-21.0.10+7 (21.0.10+7-LTS, mixed mode, sharing, tiered, compressed oops, compressed class ptrs, parallel gc, windows-amd64)
# No core dump will be written. Minidumps are not enabled by default on client versions of Windows
#

---------------  S U M M A R Y ------------

Command Line: --add-modules=ALL-SYSTEM --add-opens=java.base/java.util=ALL-UNNAMED --add-opens=java.base/java.lang=ALL-UNNAMED --add-opens=java.base/sun.nio.fs=ALL-UNNAMED -Declipse.application=org.eclipse.jdt.ls.core.id1 -Dosgi.bundles.defaultStartLevel=4 -Declipse.product=org.eclipse.jdt.ls.core.product -Djava.import.generatesMetadataFilesAtProjectRoot=false -DDetectVMInstallationsJob.disabled=true -Dfile.encoding=utf8 -XX:+UseParallelGC -XX:GCTimeRatio=4 -XX:AdaptiveSizePolicyWeight=90 -Dsun.zip.disableMemoryMapping=true -Xmx2G -Xms100m -Xlog:disable -javaagent:c:\Users\dhruv\.vscode\extensions\redhat.java-1.54.0-win32-x64\lombok\lombok-1.18.39-4050.jar -XX:+HeapDumpOnOutOfMemoryError -XX:HeapDumpPath=c:\Users\dhruv\AppData\Roaming\Code\User\workspaceStorage\46eeb03a52e31514c3fed23288b69850\redhat.java -Daether.dependencyCollector.impl=bf c:\Users\dhruv\.vscode\extensions\redhat.java-1.54.0-win32-x64\server\plugins\org.eclipse.equinox.launcher_1.7.100.v20251111-0406.jar -configuration c:\Users\dhruv\AppData\Roaming\Code\User\globalStorage\redhat.java\1.54.0\config_win -data c:\Users\dhruv\AppData\Roaming\Code\User\workspaceStorage\46eeb03a52e31514c3fed23288b69850\redhat.java\jdt_ws --pipe=\\.\pipe\lsp-ffb92bedbaf4eb2a0f658a994395c019-sock

Host: 13th Gen Intel(R) Core(TM) i5-13420H, 12 cores, 15G,  Windows 11 , 64 bit Build 26100 (10.0.26100.8246)
Time: Fri Apr 17 16:58:28 2026 India Standard Time elapsed time: 20.483499 seconds (0d 0h 0m 20s)

---------------  T H R E A D  ---------------

Current thread (0x00000160e89f6480):  JavaThread "C2 CompilerThread1" daemon [_thread_in_native, id=27660, stack(0x000000378b700000,0x000000378b800000) (1024K)]


Current CompileTask:
C2:20483 4648   !   4       org.eclipse.osgi.internal.loader.classpath.ClasspathManager::findClassImpl (328 bytes)

Stack: [0x000000378b700000,0x000000378b800000]
Native frames: (J=compiled Java code, j=interpreted, Vv=VM code, C=native code)
V  [jvm.dll+0x6d7a39]
V  [jvm.dll+0x8b4b26]
V  [jvm.dll+0x8b70de]
V  [jvm.dll+0x8b77c3]
V  [jvm.dll+0x284346]
V  [jvm.dll+0xc66ed]
V  [jvm.dll+0xc6c31]
V  [jvm.dll+0x3bec3b]
V  [jvm.dll+0x1e3d62]
V  [jvm.dll+0x24c6b3]
V  [jvm.dll+0x24bb40]
V  [jvm.dll+0x1cb34e]
V  [jvm.dll+0x25b85d]
V  [jvm.dll+0x259dea]
V  [jvm.dll+0x3f857e]
V  [jvm.dll+0x85f59d]
V  [jvm.dll+0x6d626d]
C  [ucrtbase.dll+0x37b0]
C  [KERNEL32.DLL+0x2e8d7]
C  [ntdll.dll+0x8c3fc]


---------------  P R O C E S S  ---------------

Threads class SMR info:
_java_thread_list=0x00000160eeecc8f0, length=24, elements={
0x000001608d599f00, 0x000001608fa9c9f0, 0x000001608fb912c0, 0x000001608fb94680,
0x000001608fb952e0, 0x000001608fb9ac20, 0x00000160e88d1f40, 0x00000160e88db6e0,
0x00000160e88e0240, 0x00000160e8ad9680, 0x00000160e8aa7290, 0x00000160ee87f410,
0x00000160ee345610, 0x00000160ee958c80, 0x00000160ee959ed0, 0x00000160eecff940,
0x00000160ee316400, 0x00000160ee701420, 0x00000160ef02fb00, 0x00000160ef02e750,
0x00000160ef031540, 0x00000160ef030190, 0x00000160e89f6480, 0x00000160ef031bd0
}

Java Threads: ( => current thread )
  0x000001608d599f00 JavaThread "main"                              [_thread_blocked, id=25712, stack(0x0000003789800000,0x0000003789900000) (1024K)]
  0x000001608fa9c9f0 JavaThread "Reference Handler"          daemon [_thread_blocked, id=2996, stack(0x0000003789c00000,0x0000003789d00000) (1024K)]
  0x000001608fb912c0 JavaThread "Finalizer"                  daemon [_thread_blocked, id=25736, stack(0x0000003789d00000,0x0000003789e00000) (1024K)]
  0x000001608fb94680 JavaThread "Signal Dispatcher"          daemon [_thread_blocked, id=28324, stack(0x0000003789e00000,0x0000003789f00000) (1024K)]
  0x000001608fb952e0 JavaThread "Attach Listener"            daemon [_thread_blocked, id=7084, stack(0x0000003789f00000,0x000000378a000000) (1024K)]
  0x000001608fb9ac20 JavaThread "Service Thread"             daemon [_thread_blocked, id=14704, stack(0x000000378a000000,0x000000378a100000) (1024K)]
  0x00000160e88d1f40 JavaThread "Monitor Deflation Thread"   daemon [_thread_blocked, id=31556, stack(0x000000378a100000,0x000000378a200000) (1024K)]
  0x00000160e88db6e0 JavaThread "C2 CompilerThread0"         daemon [_thread_in_native, id=28988, stack(0x000000378a200000,0x000000378a300000) (1024K)]
  0x00000160e88e0240 JavaThread "C1 CompilerThread0"         daemon [_thread_blocked, id=29068, stack(0x000000378a300000,0x000000378a400000) (1024K)]
  0x00000160e8ad9680 JavaThread "Common-Cleaner"             daemon [_thread_blocked, id=23224, stack(0x000000378a500000,0x000000378a600000) (1024K)]
  0x00000160e8aa7290 JavaThread "Notification Thread"        daemon [_thread_blocked, id=32564, stack(0x000000378a400000,0x000000378a500000) (1024K)]
  0x00000160ee87f410 JavaThread "Active Thread: Equinox Container: 8a957d1e-3582-43a6-a6f7-13178fa9f11c"        [_thread_blocked, id=23560, stack(0x000000378ae00000,0x000000378af00000) (1024K)]
  0x00000160ee345610 JavaThread "Refresh Thread: Equinox Container: 8a957d1e-3582-43a6-a6f7-13178fa9f11c" daemon [_thread_blocked, id=7872, stack(0x000000378af00000,0x000000378b000000) (1024K)]
  0x00000160ee958c80 JavaThread "Framework Event Dispatcher: Equinox Container: 8a957d1e-3582-43a6-a6f7-13178fa9f11c" daemon [_thread_blocked, id=4236, stack(0x000000378a600000,0x000000378a700000) (1024K)]
  0x00000160ee959ed0 JavaThread "Start Level: Equinox Container: 8a957d1e-3582-43a6-a6f7-13178fa9f11c" daemon [_thread_in_Java, id=24384, stack(0x000000378b000000,0x000000378b100000) (1024K)]
  0x00000160eecff940 JavaThread "Bundle File Closer"         daemon [_thread_blocked, id=24416, stack(0x000000378b100000,0x000000378b200000) (1024K)]
  0x00000160ee316400 JavaThread "SCR Component Actor"        daemon [_thread_blocked, id=24396, stack(0x000000378b400000,0x000000378b500000) (1024K)]
  0x00000160ee701420 JavaThread "Worker-JM"                         [_thread_blocked, id=32372, stack(0x000000378b500000,0x000000378b600000) (1024K)]
  0x00000160ef02fb00 JavaThread "JNA Cleaner"                daemon [_thread_blocked, id=20380, stack(0x000000378b600000,0x000000378b700000) (1024K)]
  0x00000160ef02e750 JavaThread "Worker-0"                          [_thread_blocked, id=5024, stack(0x000000378b900000,0x000000378ba00000) (1024K)]
  0x00000160ef031540 JavaThread "Worker-1: Refreshing workspace"        [_thread_in_vm, id=29936, stack(0x000000378b800000,0x000000378b900000) (1024K)]
  0x00000160ef030190 JavaThread "Worker-2: Repository registry initialization"        [_thread_in_vm, id=12884, stack(0x000000378ba00000,0x000000378bb00000) (1024K)]
=>0x00000160e89f6480 JavaThread "C2 CompilerThread1"         daemon [_thread_in_native, id=27660, stack(0x000000378b700000,0x000000378b800000) (1024K)]
  0x00000160ef031bd0 JavaThread "Worker-3"                          [_thread_blocked, id=30092, stack(0x000000378bb00000,0x000000378bc00000) (1024K)]
Total: 24

Other Threads:
  0x000001608fa84970 VMThread "VM Thread"                           [id=11768, stack(0x0000003789b00000,0x0000003789c00000) (1024K)]
  0x000001608f97ca00 WatcherThread "VM Periodic Task Thread"        [id=2008, stack(0x0000003789a00000,0x0000003789b00000) (1024K)]
  0x000001608fb0e3a0 WorkerThread "GC Thread#0"                     [id=32524, stack(0x0000003789900000,0x0000003789a00000) (1024K)]
  0x00000160ee0b04d0 WorkerThread "GC Thread#1"                     [id=23988, stack(0x000000378a700000,0x000000378a800000) (1024K)]
  0x00000160ee60ed70 WorkerThread "GC Thread#2"                     [id=26216, stack(0x000000378a800000,0x000000378a900000) (1024K)]
  0x00000160ee0b0880 WorkerThread "GC Thread#3"                     [id=16856, stack(0x000000378a900000,0x000000378aa00000) (1024K)]
  0x00000160ee0b0c30 WorkerThread "GC Thread#4"                     [id=31904, stack(0x000000378aa00000,0x000000378ab00000) (1024K)]
  0x00000160ee0b0fe0 WorkerThread "GC Thread#5"                     [id=25908, stack(0x000000378ab00000,0x000000378ac00000) (1024K)]
  0x00000160ee0b1390 WorkerThread "GC Thread#6"                     [id=7296, stack(0x000000378ac00000,0x000000378ad00000) (1024K)]
  0x00000160ee965360 WorkerThread "GC Thread#7"                     [id=27208, stack(0x000000378ad00000,0x000000378ae00000) (1024K)]
  0x00000160eecffff0 WorkerThread "GC Thread#8"                     [id=16428, stack(0x000000378b200000,0x000000378b300000) (1024K)]
  0x00000160eece5430 WorkerThread "GC Thread#9"                     [id=24248, stack(0x000000378b300000,0x000000378b400000) (1024K)]
Total: 12

Threads with active compile tasks:
C2 CompilerThread0  20543 4692       4       org.lombokweb.asm.ClassReader::readMethod (1070 bytes)
C2 CompilerThread1  20543 4648   !   4       org.eclipse.osgi.internal.loader.classpath.ClasspathManager::findClassImpl (328 bytes)
Total: 2

VM state: not at safepoint (normal execution)

VM Mutex/Monitor currently owned by a thread: None

Heap address: 0x0000000080000000, size: 2048 MB, Compressed Oops mode: 32-bit

CDS archive(s) mapped at: [0x00000160a7000000-0x00000160a7ba0000-0x00000160a7ba0000), size 12189696, SharedBaseAddress: 0x00000160a7000000, ArchiveRelocationMode: 1.
Compressed class space mapped at: 0x00000160a8000000-0x00000160e8000000, reserved size: 1073741824
Narrow klass base: 0x00000160a7000000, Narrow klass shift: 0, Narrow klass range: 0x100000000

GC Precious Log:
 CardTable entry size: 512
 CPUs: 12 total, 12 available
 Memory: 16076M
 Large Page Support: Disabled
 NUMA Support: Disabled
 Compressed Oops: Enabled (32-bit)
 Alignments: Space 512K, Generation 512K, Heap 2M
 Heap Min Capacity: 100M
 Heap Initial Capacity: 100M
 Heap Max Capacity: 2G
 Pre-touch: Disabled
 Parallel Workers: 10

Heap:
 PSYoungGen      total 26112K, used 3373K [0x00000000d5580000, 0x00000000d7300000, 0x0000000100000000)
  eden space 23040K, 2% used [0x00000000d5580000,0x00000000d5621540,0x00000000d6c00000)
  from space 3072K, 88% used [0x00000000d7000000,0x00000000d72aa2b0,0x00000000d7300000)
  to   space 3072K, 0% used [0x00000000d6d00000,0x00000000d6d00000,0x00000000d7000000)
 ParOldGen       total 68608K, used 15172K [0x0000000080000000, 0x0000000084300000, 0x00000000d5580000)
  object space 68608K, 22% used [0x0000000080000000,0x0000000080ed10e0,0x0000000084300000)
 Metaspace       used 28522K, committed 29568K, reserved 1114112K
  class space    used 2850K, committed 3328K, reserved 1048576K

Card table byte_map: [0x000001608f490000,0x000001608f8a0000] _byte_map_base: 0x000001608f090000

Marking Bits: (ParMarkBitMap*) 0x00007fff8fb03450
 Begin Bits: [0x00000160a1fa0000, 0x00000160a3fa0000)
 End Bits:   [0x00000160a3fa0000, 0x00000160a5fa0000)

Polling page: 0x000001608d8d0000

Metaspace:

Usage:
  Non-class:     25.07 MB used.
      Class:      2.78 MB used.
       Both:     27.85 MB used.

Virtual space:
  Non-class space:       64.00 MB reserved,      25.62 MB ( 40%) committed,  1 nodes.
      Class space:        1.00 GB reserved,       3.25 MB ( <1%) committed,  1 nodes.
             Both:        1.06 GB reserved,      28.88 MB (  3%) committed. 

Chunk freelists:
   Non-Class:  5.70 MB
       Class:  12.78 MB
        Both:  18.48 MB

MaxMetaspaceSize: unlimited
CompressedClassSpaceSize: 1.00 GB
Initial GC threshold: 21.00 MB
Current GC threshold: 35.00 MB
CDS: on
 - commit_granule_bytes: 65536.
 - commit_granule_words: 8192.
 - virtual_space_node_default_size: 8388608.
 - enlarge_chunks_in_place: 1.
 - use_allocation_guard: 0.


Internal statistics:

num_allocs_failed_limit: 3.
num_arena_births: 838.
num_arena_deaths: 14.
num_vsnodes_births: 2.
num_vsnodes_deaths: 0.
num_space_committed: 462.
num_space_uncommitted: 0.
num_chunks_returned_to_freelist: 17.
num_chunks_taken_from_freelist: 2077.
num_chunk_merges: 6.
num_chunk_splits: 1302.
num_chunks_enlarged: 745.
num_inconsistent_stats: 0.

CodeHeap 'non-profiled nmethods': size=120000Kb used=2233Kb max_used=2233Kb free=117766Kb
 bounds [0x000001609a7c0000, 0x000001609aa30000, 0x00000160a1cf0000]
CodeHeap 'profiled nmethods': size=120000Kb used=10017Kb max_used=10017Kb free=109982Kb
 bounds [0x0000016092cf0000, 0x00000160936c0000, 0x000001609a220000]
CodeHeap 'non-nmethods': size=5760Kb used=1335Kb max_used=1342Kb free=4424Kb
 bounds [0x000001609a220000, 0x000001609a490000, 0x000001609a7c0000]
CodeCache: size=245760Kb, used=13585Kb, max_used=13592Kb, free=232172Kb
 total_blobs=5384, nmethods=4759, adapters=531, full_count=0
Compilation: enabled, stopped_count=0, restarted_count=0

Compilation events (20 events):
Event: 19.155 Thread 0x00000160e88e0240 4742       3       java.util.concurrent.ConcurrentLinkedQueue::offer (120 bytes)
Event: 19.159 Thread 0x00000160e88e0240 nmethod 4742 0x0000016093696f90 code [0x0000016093697380, 0x0000016093698fd0]
Event: 19.159 Thread 0x00000160e88e0240 4743       3       java.util.concurrent.ConcurrentLinkedQueue$Node::<init> (13 bytes)
Event: 19.161 Thread 0x00000160e88e0240 nmethod 4743 0x0000016093699990 code [0x0000016093699be0, 0x000001609369a4d8]
Event: 19.255 Thread 0x00000160e88e0240 4744   !   3       org.eclipse.core.internal.jobs.JobListeners::waitAndSendEvents (445 bytes)
Event: 19.261 Thread 0x00000160e88e0240 nmethod 4744 0x000001609369a810 code [0x000001609369ae40, 0x000001609369dc28]
Event: 19.269 Thread 0x00000160e88e0240 4745       3       org.eclipse.core.internal.jobs.InternalJob::internalSetState (15 bytes)
Event: 19.269 Thread 0x00000160e88e0240 nmethod 4745 0x000001609369f390 code [0x000001609369f520, 0x000001609369f640]
Event: 19.301 Thread 0x00000160e88e0240 4746       3       org.eclipse.core.internal.preferences.ImmutableMap$ArrayMap::internalPut (85 bytes)
Event: 19.302 Thread 0x00000160e88e0240 nmethod 4746 0x000001609369f710 code [0x000001609369f920, 0x00000160936a0050]
Event: 19.319 Thread 0x00000160e88e0240 4748       3       java.util.concurrent.ConcurrentLinkedQueue::isEmpty (13 bytes)
Event: 19.320 Thread 0x00000160e88e0240 nmethod 4748 0x00000160936a0310 code [0x00000160936a04c0, 0x00000160936a0668]
Event: 19.320 Thread 0x00000160e88e0240 4749       3       java.util.concurrent.ConcurrentLinkedQueue::first (65 bytes)
Event: 19.323 Thread 0x00000160e88e0240 nmethod 4749 0x00000160936a0710 code [0x00000160936a0aa0, 0x00000160936a2238]
Event: 19.352 Thread 0x00000160e88e0240 4750   !   3       org.eclipse.core.internal.jobs.JobManager::changeState (511 bytes)
Event: 19.359 Thread 0x00000160e88e0240 nmethod 4750 0x00000160936a2a10 code [0x00000160936a2ec0, 0x00000160936a51a8]
Event: 19.435 Thread 0x00000160e88e0240 4751       3       org.eclipse.core.internal.resources.Container::members (6 bytes)
Event: 19.435 Thread 0x00000160e88e0240 nmethod 4751 0x00000160936a6410 code [0x00000160936a65c0, 0x00000160936a6788]
Event: 19.441 Thread 0x00000160e88e0240 4752       3       org.eclipse.core.runtime.SubMonitor::newChild (7 bytes)
Event: 19.442 Thread 0x00000160e88e0240 nmethod 4752 0x00000160936a6890 code [0x00000160936a6a40, 0x00000160936a6b80]

GC Heap History (20 events):
Event: 1.417 GC heap before
{Heap before GC invocations=1 (full 0):
 PSYoungGen      total 29696K, used 25600K [0x00000000d5580000, 0x00000000d7680000, 0x0000000100000000)
  eden space 25600K, 100% used [0x00000000d5580000,0x00000000d6e80000,0x00000000d6e80000)
  from space 4096K, 0% used [0x00000000d7280000,0x00000000d7280000,0x00000000d7680000)
  to   space 4096K, 0% used [0x00000000d6e80000,0x00000000d6e80000,0x00000000d7280000)
 ParOldGen       total 68608K, used 0K [0x0000000080000000, 0x0000000084300000, 0x00000000d5580000)
  object space 68608K, 0% used [0x0000000080000000,0x0000000080000000,0x0000000084300000)
 Metaspace       used 4328K, committed 4608K, reserved 1114112K
  class space    used 473K, committed 576K, reserved 1048576K
}
Event: 1.429 GC heap after
{Heap after GC invocations=1 (full 0):
 PSYoungGen      total 29696K, used 3319K [0x00000000d5580000, 0x00000000d7680000, 0x0000000100000000)
  eden space 25600K, 0% used [0x00000000d5580000,0x00000000d5580000,0x00000000d6e80000)
  from space 4096K, 81% used [0x00000000d6e80000,0x00000000d71bde88,0x00000000d7280000)
  to   space 4096K, 0% used [0x00000000d7280000,0x00000000d7280000,0x00000000d7680000)
 ParOldGen       total 68608K, used 16K [0x0000000080000000, 0x0000000084300000, 0x00000000d5580000)
  object space 68608K, 0% used [0x0000000080000000,0x0000000080004000,0x0000000084300000)
 Metaspace       used 4328K, committed 4608K, reserved 1114112K
  class space    used 473K, committed 576K, reserved 1048576K
}
Event: 2.921 GC heap before
{Heap before GC invocations=2 (full 0):
 PSYoungGen      total 29696K, used 28919K [0x00000000d5580000, 0x00000000d7680000, 0x0000000100000000)
  eden space 25600K, 100% used [0x00000000d5580000,0x00000000d6e80000,0x00000000d6e80000)
  from space 4096K, 81% used [0x00000000d6e80000,0x00000000d71bde88,0x00000000d7280000)
  to   space 4096K, 0% used [0x00000000d7280000,0x00000000d7280000,0x00000000d7680000)
 ParOldGen       total 68608K, used 16K [0x0000000080000000, 0x0000000084300000, 0x00000000d5580000)
  object space 68608K, 0% used [0x0000000080000000,0x0000000080004000,0x0000000084300000)
 Metaspace       used 7971K, committed 8256K, reserved 1114112K
  class space    used 830K, committed 960K, reserved 1048576K
}
Event: 2.932 GC heap after
{Heap after GC invocations=2 (full 0):
 PSYoungGen      total 29696K, used 4086K [0x00000000d5580000, 0x00000000d7680000, 0x0000000100000000)
  eden space 25600K, 0% used [0x00000000d5580000,0x00000000d5580000,0x00000000d6e80000)
  from space 4096K, 99% used [0x00000000d7280000,0x00000000d767d810,0x00000000d7680000)
  to   space 4096K, 0% used [0x00000000d6e80000,0x00000000d6e80000,0x00000000d7280000)
 ParOldGen       total 68608K, used 2045K [0x0000000080000000, 0x0000000084300000, 0x00000000d5580000)
  object space 68608K, 2% used [0x0000000080000000,0x00000000801ff658,0x0000000084300000)
 Metaspace       used 7971K, committed 8256K, reserved 1114112K
  class space    used 830K, committed 960K, reserved 1048576K
}
Event: 5.372 GC heap before
{Heap before GC invocations=3 (full 0):
 PSYoungGen      total 29696K, used 29686K [0x00000000d5580000, 0x00000000d7680000, 0x0000000100000000)
  eden space 25600K, 100% used [0x00000000d5580000,0x00000000d6e80000,0x00000000d6e80000)
  from space 4096K, 99% used [0x00000000d7280000,0x00000000d767d810,0x00000000d7680000)
  to   space 4096K, 0% used [0x00000000d6e80000,0x00000000d6e80000,0x00000000d7280000)
 ParOldGen       total 68608K, used 2045K [0x0000000080000000, 0x0000000084300000, 0x00000000d5580000)
  object space 68608K, 2% used [0x0000000080000000,0x00000000801ff658,0x0000000084300000)
 Metaspace       used 9430K, committed 9728K, reserved 1114112K
  class space    used 1006K, committed 1152K, reserved 1048576K
}
Event: 5.388 GC heap after
{Heap after GC invocations=3 (full 0):
 PSYoungGen      total 29696K, used 4077K [0x00000000d5580000, 0x00000000d7680000, 0x0000000100000000)
  eden space 25600K, 0% used [0x00000000d5580000,0x00000000d5580000,0x00000000d6e80000)
  from space 4096K, 99% used [0x00000000d6e80000,0x00000000d727b6f8,0x00000000d7280000)
  to   space 4096K, 0% used [0x00000000d7280000,0x00000000d7280000,0x00000000d7680000)
 ParOldGen       total 68608K, used 5420K [0x0000000080000000, 0x0000000084300000, 0x00000000d5580000)
  object space 68608K, 7% used [0x0000000080000000,0x000000008054b148,0x0000000084300000)
 Metaspace       used 9430K, committed 9728K, reserved 1114112K
  class space    used 1006K, committed 1152K, reserved 1048576K
}
Event: 8.724 GC heap before
{Heap before GC invocations=4 (full 0):
 PSYoungGen      total 29696K, used 29677K [0x00000000d5580000, 0x00000000d7680000, 0x0000000100000000)
  eden space 25600K, 100% used [0x00000000d5580000,0x00000000d6e80000,0x00000000d6e80000)
  from space 4096K, 99% used [0x00000000d6e80000,0x00000000d727b6f8,0x00000000d7280000)
  to   space 4096K, 0% used [0x00000000d7280000,0x00000000d7280000,0x00000000d7680000)
 ParOldGen       total 68608K, used 5420K [0x0000000080000000, 0x0000000084300000, 0x00000000d5580000)
  object space 68608K, 7% used [0x0000000080000000,0x000000008054b148,0x0000000084300000)
 Metaspace       used 11684K, committed 12032K, reserved 1114112K
  class space    used 1236K, committed 1408K, reserved 1048576K
}
Event: 8.734 GC heap after
{Heap after GC invocations=4 (full 0):
 PSYoungGen      total 29696K, used 4092K [0x00000000d5580000, 0x00000000d7680000, 0x0000000100000000)
  eden space 25600K, 0% used [0x00000000d5580000,0x00000000d5580000,0x00000000d6e80000)
  from space 4096K, 99% used [0x00000000d7280000,0x00000000d767f1b0,0x00000000d7680000)
  to   space 4096K, 0% used [0x00000000d6e80000,0x00000000d6e80000,0x00000000d7280000)
 ParOldGen       total 68608K, used 6742K [0x0000000080000000, 0x0000000084300000, 0x00000000d5580000)
  object space 68608K, 9% used [0x0000000080000000,0x0000000080695b88,0x0000000084300000)
 Metaspace       used 11684K, committed 12032K, reserved 1114112K
  class space    used 1236K, committed 1408K, reserved 1048576K
}
Event: 10.475 GC heap before
{Heap before GC invocations=5 (full 0):
 PSYoungGen      total 29696K, used 29692K [0x00000000d5580000, 0x00000000d7680000, 0x0000000100000000)
  eden space 25600K, 100% used [0x00000000d5580000,0x00000000d6e80000,0x00000000d6e80000)
  from space 4096K, 99% used [0x00000000d7280000,0x00000000d767f1b0,0x00000000d7680000)
  to   space 4096K, 0% used [0x00000000d6e80000,0x00000000d6e80000,0x00000000d7280000)
 ParOldGen       total 68608K, used 6742K [0x0000000080000000, 0x0000000084300000, 0x00000000d5580000)
  object space 68608K, 9% used [0x0000000080000000,0x0000000080695b88,0x0000000084300000)
 Metaspace       used 15572K, committed 16256K, reserved 1114112K
  class space    used 1618K, committed 1920K, reserved 1048576K
}
Event: 10.486 GC heap after
{Heap after GC invocations=5 (full 0):
 PSYoungGen      total 29184K, used 4071K [0x00000000d5580000, 0x00000000d7900000, 0x0000000100000000)
  eden space 25088K, 0% used [0x00000000d5580000,0x00000000d5580000,0x00000000d6e00000)
  from space 4096K, 99% used [0x00000000d6e80000,0x00000000d7279f20,0x00000000d7280000)
  to   space 5632K, 0% used [0x00000000d7380000,0x00000000d7380000,0x00000000d7900000)
 ParOldGen       total 68608K, used 8039K [0x0000000080000000, 0x0000000084300000, 0x00000000d5580000)
  object space 68608K, 11% used [0x0000000080000000,0x00000000807d9f10,0x0000000084300000)
 Metaspace       used 15572K, committed 16256K, reserved 1114112K
  class space    used 1618K, committed 1920K, reserved 1048576K
}
Event: 15.796 GC heap before
{Heap before GC invocations=6 (full 0):
 PSYoungGen      total 29184K, used 29159K [0x00000000d5580000, 0x00000000d7900000, 0x0000000100000000)
  eden space 25088K, 100% used [0x00000000d5580000,0x00000000d6e00000,0x00000000d6e00000)
  from space 4096K, 99% used [0x00000000d6e80000,0x00000000d7279f20,0x00000000d7280000)
  to   space 5632K, 0% used [0x00000000d7380000,0x00000000d7380000,0x00000000d7900000)
 ParOldGen       total 68608K, used 8039K [0x0000000080000000, 0x0000000084300000, 0x00000000d5580000)
  object space 68608K, 11% used [0x0000000080000000,0x00000000807d9f10,0x0000000084300000)
 Metaspace       used 18633K, committed 19392K, reserved 1114112K
  class space    used 1947K, committed 2240K, reserved 1048576K
}
Event: 15.807 GC heap after
{Heap after GC invocations=6 (full 0):
 PSYoungGen      total 30208K, used 5610K [0x00000000d5580000, 0x00000000d7980000, 0x0000000100000000)
  eden space 24576K, 0% used [0x00000000d5580000,0x00000000d5580000,0x00000000d6d80000)
  from space 5632K, 99% used [0x00000000d7380000,0x00000000d78fab18,0x00000000d7900000)
  to   space 6144K, 0% used [0x00000000d6d80000,0x00000000d6d80000,0x00000000d7380000)
 ParOldGen       total 68608K, used 8055K [0x0000000080000000, 0x0000000084300000, 0x00000000d5580000)
  object space 68608K, 11% used [0x0000000080000000,0x00000000807ddf10,0x0000000084300000)
 Metaspace       used 18633K, committed 19392K, reserved 1114112K
  class space    used 1947K, committed 2240K, reserved 1048576K
}
Event: 16.679 GC heap before
{Heap before GC invocations=7 (full 0):
 PSYoungGen      total 30208K, used 26030K [0x00000000d5580000, 0x00000000d7980000, 0x0000000100000000)
  eden space 24576K, 83% used [0x00000000d5580000,0x00000000d6970eb0,0x00000000d6d80000)
  from space 5632K, 99% used [0x00000000d7380000,0x00000000d78fab18,0x00000000d7900000)
  to   space 6144K, 0% used [0x00000000d6d80000,0x00000000d6d80000,0x00000000d7380000)
 ParOldGen       total 68608K, used 8055K [0x0000000080000000, 0x0000000084300000, 0x00000000d5580000)
  object space 68608K, 11% used [0x0000000080000000,0x00000000807ddf10,0x0000000084300000)
 Metaspace       used 20681K, committed 21504K, reserved 1114112K
  class space    used 2203K, committed 2560K, reserved 1048576K
}
Event: 16.690 GC heap after
{Heap after GC invocations=7 (full 0):
 PSYoungGen      total 29696K, used 4646K [0x00000000d5580000, 0x00000000d7780000, 0x0000000100000000)
  eden space 24576K, 0% used [0x00000000d5580000,0x00000000d5580000,0x00000000d6d80000)
  from space 5120K, 90% used [0x00000000d6d80000,0x00000000d7209a80,0x00000000d7280000)
  to   space 5120K, 0% used [0x00000000d7280000,0x00000000d7280000,0x00000000d7780000)
 ParOldGen       total 68608K, used 9499K [0x0000000080000000, 0x0000000084300000, 0x00000000d5580000)
  object space 68608K, 13% used [0x0000000080000000,0x0000000080946ef8,0x0000000084300000)
 Metaspace       used 20681K, committed 21504K, reserved 1114112K
  class space    used 2203K, committed 2560K, reserved 1048576K
}
Event: 16.690 GC heap before
{Heap before GC invocations=8 (full 1):
 PSYoungGen      total 29696K, used 4646K [0x00000000d5580000, 0x00000000d7780000, 0x0000000100000000)
  eden space 24576K, 0% used [0x00000000d5580000,0x00000000d5580000,0x00000000d6d80000)
  from space 5120K, 90% used [0x00000000d6d80000,0x00000000d7209a80,0x00000000d7280000)
  to   space 5120K, 0% used [0x00000000d7280000,0x00000000d7280000,0x00000000d7780000)
 ParOldGen       total 68608K, used 9499K [0x0000000080000000, 0x0000000084300000, 0x00000000d5580000)
  object space 68608K, 13% used [0x0000000080000000,0x0000000080946ef8,0x0000000084300000)
 Metaspace       used 20681K, committed 21504K, reserved 1114112K
  class space    used 2203K, committed 2560K, reserved 1048576K
}
Event: 16.767 GC heap after
{Heap after GC invocations=8 (full 1):
 PSYoungGen      total 29696K, used 0K [0x00000000d5580000, 0x00000000d7780000, 0x0000000100000000)
  eden space 24576K, 0% used [0x00000000d5580000,0x00000000d5580000,0x00000000d6d80000)
  from space 5120K, 0% used [0x00000000d6d80000,0x00000000d6d80000,0x00000000d7280000)
  to   space 5120K, 0% used [0x00000000d7280000,0x00000000d7280000,0x00000000d7780000)
 ParOldGen       total 68608K, used 13503K [0x0000000080000000, 0x0000000084300000, 0x00000000d5580000)
  object space 68608K, 19% used [0x0000000080000000,0x0000000080d2fcc8,0x0000000084300000)
 Metaspace       used 20668K, committed 21504K, reserved 1114112K
  class space    used 2200K, committed 2560K, reserved 1048576K
}
Event: 17.949 GC heap before
{Heap before GC invocations=9 (full 1):
 PSYoungGen      total 29696K, used 24576K [0x00000000d5580000, 0x00000000d7780000, 0x0000000100000000)
  eden space 24576K, 100% used [0x00000000d5580000,0x00000000d6d80000,0x00000000d6d80000)
  from space 5120K, 0% used [0x00000000d6d80000,0x00000000d6d80000,0x00000000d7280000)
  to   space 5120K, 0% used [0x00000000d7280000,0x00000000d7280000,0x00000000d7780000)
 ParOldGen       total 68608K, used 13503K [0x0000000080000000, 0x0000000084300000, 0x00000000d5580000)
  object space 68608K, 19% used [0x0000000080000000,0x0000000080d2fcc8,0x0000000084300000)
 Metaspace       used 22876K, committed 23744K, reserved 1114112K
  class space    used 2391K, committed 2752K, reserved 1048576K
}
Event: 17.953 GC heap after
{Heap after GC invocations=9 (full 1):
 PSYoungGen      total 27136K, used 2922K [0x00000000d5580000, 0x00000000d7580000, 0x0000000100000000)
  eden space 24064K, 0% used [0x00000000d5580000,0x00000000d5580000,0x00000000d6d00000)
  from space 3072K, 95% used [0x00000000d7280000,0x00000000d755aa50,0x00000000d7580000)
  to   space 4096K, 0% used [0x00000000d6d80000,0x00000000d6d80000,0x00000000d7180000)
 ParOldGen       total 68608K, used 13511K [0x0000000080000000, 0x0000000084300000, 0x00000000d5580000)
  object space 68608K, 19% used [0x0000000080000000,0x0000000080d31cc8,0x0000000084300000)
 Metaspace       used 22876K, committed 23744K, reserved 1114112K
  class space    used 2391K, committed 2752K, reserved 1048576K
}
Event: 18.553 GC heap before
{Heap before GC invocations=10 (full 1):
 PSYoungGen      total 27136K, used 26986K [0x00000000d5580000, 0x00000000d7580000, 0x0000000100000000)
  eden space 24064K, 100% used [0x00000000d5580000,0x00000000d6d00000,0x00000000d6d00000)
  from space 3072K, 95% used [0x00000000d7280000,0x00000000d755aa50,0x00000000d7580000)
  to   space 4096K, 0% used [0x00000000d6d80000,0x00000000d6d80000,0x00000000d7180000)
 ParOldGen       total 68608K, used 13511K [0x0000000080000000, 0x0000000084300000, 0x00000000d5580000)
  object space 68608K, 19% used [0x0000000080000000,0x0000000080d31cc8,0x0000000084300000)
 Metaspace       used 25753K, committed 26688K, reserved 1114112K
  class space    used 2586K, committed 3008K, reserved 1048576K
}
Event: 18.557 GC heap after
{Heap after GC invocations=10 (full 1):
 PSYoungGen      total 26112K, used 2448K [0x00000000d5580000, 0x00000000d7300000, 0x0000000100000000)
  eden space 23552K, 0% used [0x00000000d5580000,0x00000000d5580000,0x00000000d6c80000)
  from space 2560K, 95% used [0x00000000d6d80000,0x00000000d6fe4380,0x00000000d7000000)
  to   space 3072K, 0% used [0x00000000d7000000,0x00000000d7000000,0x00000000d7300000)
 ParOldGen       total 68608K, used 13519K [0x0000000080000000, 0x0000000084300000, 0x00000000d5580000)
  object space 68608K, 19% used [0x0000000080000000,0x0000000080d33cc8,0x0000000084300000)
 Metaspace       used 25753K, committed 26688K, reserved 1114112K
  class space    used 2586K, committed 3008K, reserved 1048576K
}

Dll operation events (10 events):
Event: 0.020 Loaded shared library c:\Users\dhruv\.vscode\extensions\redhat.java-1.54.0-win32-x64\jre\21.0.10-win32-x86_64\bin\java.dll
Event: 0.157 Loaded shared library c:\Users\dhruv\.vscode\extensions\redhat.java-1.54.0-win32-x64\jre\21.0.10-win32-x86_64\bin\zip.dll
Event: 0.200 Loaded shared library C:\Users\dhruv\.vscode\extensions\redhat.java-1.54.0-win32-x64\jre\21.0.10-win32-x86_64\bin\instrument.dll
Event: 0.213 Loaded shared library C:\Users\dhruv\.vscode\extensions\redhat.java-1.54.0-win32-x64\jre\21.0.10-win32-x86_64\bin\net.dll
Event: 0.219 Loaded shared library C:\Users\dhruv\.vscode\extensions\redhat.java-1.54.0-win32-x64\jre\21.0.10-win32-x86_64\bin\nio.dll
Event: 0.224 Loaded shared library C:\Users\dhruv\.vscode\extensions\redhat.java-1.54.0-win32-x64\jre\21.0.10-win32-x86_64\bin\zip.dll
Event: 0.265 Loaded shared library C:\Users\dhruv\.vscode\extensions\redhat.java-1.54.0-win32-x64\jre\21.0.10-win32-x86_64\bin\jimage.dll
Event: 0.433 Loaded shared library c:\Users\dhruv\.vscode\extensions\redhat.java-1.54.0-win32-x64\jre\21.0.10-win32-x86_64\bin\verify.dll
Event: 2.967 Loaded shared library C:\Users\dhruv\AppData\Roaming\Code\User\globalStorage\redhat.java\1.54.0\config_win\org.eclipse.equinox.launcher\org.eclipse.equinox.launcher.win32.win32.x86_64_1.3.0.v20260203-2149\eclipse_11919.dll
Event: 13.477 Loaded shared library C:\Users\dhruv\AppData\Local\Temp\jna-95563663\jna2610299683317173077.dll

Deoptimization events (20 events):
Event: 18.559 Thread 0x00000160ef030190 Uncommon trap: trap_request=0xffffffde fr.pc=0x000001609a987f00 relative=0x0000000000000900
Event: 18.559 Thread 0x00000160ef030190 Uncommon trap: reason=class_check action=maybe_recompile pc=0x000001609a987f00 method=java.io.BufferedInputStream.implRead([BII)I @ 100 c2
Event: 18.559 Thread 0x00000160ef030190 DEOPT PACKING pc=0x000001609a987f00 sp=0x000000378bafe800
Event: 18.559 Thread 0x00000160ef030190 DEOPT UNPACKING pc=0x000001609a273aa2 sp=0x000000378bafe7d8 mode 2
Event: 18.586 Thread 0x00000160ef030190 Uncommon trap: trap_request=0xffffff45 fr.pc=0x000001609a9ecae0 relative=0x00000000000000c0
Event: 18.586 Thread 0x00000160ef030190 Uncommon trap: reason=unstable_if action=reinterpret pc=0x000001609a9ecae0 method=org.codehaus.plexus.util.xml.pull.MXParser.more()C @ 8 c2
Event: 18.586 Thread 0x00000160ef030190 DEOPT PACKING pc=0x000001609a9ecae0 sp=0x000000378bafed60
Event: 18.586 Thread 0x00000160ef030190 DEOPT UNPACKING pc=0x000001609a273aa2 sp=0x000000378bafece8 mode 2
Event: 18.586 Thread 0x00000160ef030190 Uncommon trap: trap_request=0xffffffde fr.pc=0x000001609a987fe8 relative=0x00000000000009e8
Event: 18.586 Thread 0x00000160ef030190 Uncommon trap: reason=class_check action=maybe_recompile pc=0x000001609a987fe8 method=java.io.BufferedInputStream.read1([BII)I @ 52 c2
Event: 18.586 Thread 0x00000160ef030190 DEOPT PACKING pc=0x000001609a987fe8 sp=0x000000378bafe820
Event: 18.586 Thread 0x00000160ef030190 DEOPT UNPACKING pc=0x000001609a273aa2 sp=0x000000378bafe758 mode 2
Event: 18.721 Thread 0x00000160ee959ed0 Uncommon trap: trap_request=0xffffff45 fr.pc=0x000001609a9eaf6c relative=0x000000000000014c
Event: 18.721 Thread 0x00000160ee959ed0 Uncommon trap: reason=unstable_if action=reinterpret pc=0x000001609a9eaf6c method=org.lombokweb.asm.ByteVector.putByteArray([BII)Lorg/lombokweb/asm/ByteVector; @ 20 c2
Event: 18.721 Thread 0x00000160ee959ed0 DEOPT PACKING pc=0x000001609a9eaf6c sp=0x000000378b0f2570
Event: 18.721 Thread 0x00000160ee959ed0 DEOPT UNPACKING pc=0x000001609a273aa2 sp=0x000000378b0f2540 mode 2
Event: 18.721 Thread 0x00000160ee959ed0 Uncommon trap: trap_request=0xffffff45 fr.pc=0x000001609a9e2124 relative=0x0000000000000364
Event: 18.721 Thread 0x00000160ee959ed0 Uncommon trap: reason=unstable_if action=reinterpret pc=0x000001609a9e2124 method=org.lombokweb.asm.Label.resolve([BLorg/lombokweb/asm/ByteVector;I)Z @ 81 c2
Event: 18.721 Thread 0x00000160ee959ed0 DEOPT PACKING pc=0x000001609a9e2124 sp=0x000000378b0f2600
Event: 18.721 Thread 0x00000160ee959ed0 DEOPT UNPACKING pc=0x000001609a273aa2 sp=0x000000378b0f2508 mode 2

Classes loaded (20 events):
Event: 17.781 Loading class java/lang/ThreadLocal$SuppliedThreadLocal
Event: 17.781 Loading class java/lang/ThreadLocal$SuppliedThreadLocal done
Event: 17.794 Loading class java/io/FileWriter
Event: 17.794 Loading class java/io/FileWriter done
Event: 17.802 Loading class java/util/ArrayDeque$DeqSpliterator
Event: 17.802 Loading class java/util/ArrayDeque$DeqSpliterator done
Event: 17.811 Loading class java/lang/NegativeArraySizeException
Event: 17.812 Loading class java/lang/NegativeArraySizeException done
Event: 17.819 Loading class java/util/ImmutableCollections$SubList
Event: 17.820 Loading class java/util/ImmutableCollections$SubList done
Event: 18.519 Loading class java/io/FileReader
Event: 18.519 Loading class java/io/FileReader done
Event: 18.704 Loading class java/util/concurrent/atomic/AtomicReferenceFieldUpdater
Event: 18.704 Loading class java/util/concurrent/atomic/AtomicReferenceFieldUpdater done
Event: 18.704 Loading class java/util/concurrent/atomic/AtomicReferenceFieldUpdater$AtomicReferenceFieldUpdaterImpl
Event: 18.705 Loading class java/util/concurrent/atomic/AtomicReferenceFieldUpdater$AtomicReferenceFieldUpdaterImpl done
Event: 18.705 Loading class java/util/concurrent/atomic/AtomicReferenceFieldUpdater$AtomicReferenceFieldUpdaterImpl$1
Event: 18.705 Loading class java/util/concurrent/atomic/AtomicReferenceFieldUpdater$AtomicReferenceFieldUpdaterImpl$1 done
Event: 19.073 Loading class java/io/FilterReader
Event: 19.073 Loading class java/io/FilterReader done

Classes unloaded (7 events):
Event: 16.706 Thread 0x000001608fa84970 Unloading class 0x00000160a81af400 'java/lang/invoke/LambdaForm$MH+0x00000160a81af400'
Event: 16.706 Thread 0x000001608fa84970 Unloading class 0x00000160a81af000 'java/lang/invoke/LambdaForm$MH+0x00000160a81af000'
Event: 16.706 Thread 0x000001608fa84970 Unloading class 0x00000160a81aec00 'java/lang/invoke/LambdaForm$MH+0x00000160a81aec00'
Event: 16.706 Thread 0x000001608fa84970 Unloading class 0x00000160a81ae800 'java/lang/invoke/LambdaForm$MH+0x00000160a81ae800'
Event: 16.706 Thread 0x000001608fa84970 Unloading class 0x00000160a81ae400 'java/lang/invoke/LambdaForm$BMH+0x00000160a81ae400'
Event: 16.706 Thread 0x000001608fa84970 Unloading class 0x00000160a81ae000 'java/lang/invoke/LambdaForm$DMH+0x00000160a81ae000'
Event: 16.706 Thread 0x000001608fa84970 Unloading class 0x00000160a81acc00 'java/lang/invoke/LambdaForm$DMH+0x00000160a81acc00'

Classes redefined (0 events):
No events

Internal exceptions (20 events):
Event: 16.622 Thread 0x00000160ee959ed0 Exception <a 'java/lang/NoSuchMethodError'{0x00000000d68a5df8}: 'int java.lang.invoke.DirectMethodHandle$Holder.invokeStaticInit(java.lang.Object, int, int)'> (0x00000000d68a5df8) 
thrown [s\src\hotspot\share\interpreter\linkResolver.cpp, line 773]
Event: 16.623 Thread 0x00000160ee959ed0 Exception <a 'java/lang/NoSuchMethodError'{0x00000000d68ae180}: 'int java.lang.invoke.DirectMethodHandle$Holder.invokeStaticInit(java.lang.Object, long, long)'> (0x00000000d68ae180) 
thrown [s\src\hotspot\share\interpreter\linkResolver.cpp, line 773]
Event: 16.624 Thread 0x00000160ee959ed0 Exception <a 'java/lang/NoSuchMethodError'{0x00000000d68b5b38}: 'int java.lang.invoke.DirectMethodHandle$Holder.invokeStaticInit(java.lang.Object, float, float)'> (0x00000000d68b5b38) 
thrown [s\src\hotspot\share\interpreter\linkResolver.cpp, line 773]
Event: 16.625 Thread 0x00000160ee959ed0 Exception <a 'java/lang/NoSuchMethodError'{0x00000000d68bd4e8}: 'int java.lang.invoke.DirectMethodHandle$Holder.invokeStaticInit(java.lang.Object, double, double)'> (0x00000000d68bd4e8) 
thrown [s\src\hotspot\share\interpreter\linkResolver.cpp, line 773]
Event: 16.626 Thread 0x00000160ee959ed0 Exception <a 'java/lang/NoSuchMethodError'{0x00000000d68c2900}: 'int java.lang.invoke.DirectMethodHandle$Holder.invokeStatic(java.lang.Object, long)'> (0x00000000d68c2900) 
thrown [s\src\hotspot\share\interpreter\linkResolver.cpp, line 773]
Event: 16.633 Thread 0x00000160ee959ed0 Exception <a 'java/lang/NoSuchMethodError'{0x00000000d68e15e8}: 'int java.lang.invoke.Invokers$Holder.linkToTargetMethod(java.lang.Object, java.lang.Object)'> (0x00000000d68e15e8) 
thrown [s\src\hotspot\share\interpreter\linkResolver.cpp, line 773]
Event: 16.952 Thread 0x00000160ee959ed0 Exception <a 'java/lang/NoSuchMethodError'{0x00000000d573c9a8}: 'java.lang.Object java.lang.invoke.DirectMethodHandle$Holder.newInvokeSpecial(java.lang.Object, java.lang.Object, java.lang.Object, java.lang.Object, java.lang.Object)'> (0x00000000d573c9a8) 
thrown [s\src\hotspot\share\interpreter\linkResolver.cpp, line 773]
Event: 16.965 Thread 0x00000160ee959ed0 Exception <a 'java/lang/NoSuchMethodError'{0x00000000d575eee0}: 'java.lang.Object java.lang.invoke.Invokers$Holder.invoke_MT(java.lang.Object, java.lang.Object, java.lang.Object, java.lang.Object, java.lang.Object, java.lang.Object, java.lang.Object, java.lang.Object, java.lang.Object, java.lang.Object, java.lang.Object)'> (0x00000000d575eee0) 
thrown [s\src\hotspot\share\interpreter\linkResolver.cpp, line 773]
Event: 17.017 Thread 0x00000160ee959ed0 Exception <a 'java/lang/NoSuchMethodError'{0x00000000d57ec120}: 'java.lang.Object java.lang.invoke.Invokers$Holder.invoke_MT(java.lang.Object, java.lang.Object, java.lang.Object, java.lang.Object, java.lang.Object, java.lang.Object, java.lang.Object, java.lang.Object, java.lang.Object, java.lang.Object)'> (0x00000000d57ec120) 
thrown [s\src\hotspot\share\interpreter\linkResolver.cpp, line 773]
Event: 17.059 Thread 0x00000160ee959ed0 Exception <a 'java/lang/NoSuchMethodError'{0x00000000d58ada18}: 'java.lang.Object java.lang.invoke.DirectMethodHandle$Holder.newInvokeSpecial(java.lang.Object, java.lang.Object, java.lang.Object, java.lang.Object, java.lang.Object, java.lang.Object, java.lang.Object)'> (0x00000000d58ada18) 
thrown [s\src\hotspot\share\interpreter\linkResolver.cpp, line 773]
Event: 17.085 Thread 0x00000160ee959ed0 Exception <a 'java/lang/NoSuchMethodError'{0x00000000d59254d0}: 'java.lang.Object java.lang.invoke.Invokers$Holder.invoker(java.lang.Object, java.lang.Object, java.lang.Object, java.lang.Object, java.lang.Object, java.lang.Object, java.lang.Object, java.lang.Object, java.lang.Object, java.lang.Object, java.lang.Object, java.lang.Object, java.lang.Object)'> (0x00000000d59254d0) 
thrown [s\src\hotspot\share\interpreter\linkResolver.cpp, line 773]
Event: 17.087 Thread 0x00000160ee959ed0 Exception <a 'java/lang/NoSuchMethodError'{0x00000000d592f968}: 'java.lang.Object java.lang.invoke.DelegatingMethodHandle$Holder.delegate(java.lang.Object, java.lang.Object, java.lang.Object, java.lang.Object, java.lang.Object, java.lang.Object, java.lang.Object, java.lang.Object, java.lang.Object, java.lang.Object, java.lang.Object, java.lang.Object, java.lang.Object)'> (0x00000000d592f968) 
thrown [s\src\hotspot\share\interpreter\linkResolver.cpp, line 773]
Event: 17.130 Thread 0x00000160ee959ed0 Exception <a 'java/lang/NoSuchMethodError'{0x00000000d599b480}: static Lorg/eclipse/m2e/core/internal/lifecyclemapping/model/PluginExecutionMetadata;.<clinit>()V> (0x00000000d599b480) 
thrown [s\src\hotspot\share\prims\jni.cpp, line 1111]
Event: 17.131 Thread 0x00000160ee959ed0 Implicit null exception at 0x000001609a92c9a4 to 0x000001609a92d3d4
Event: 17.158 Thread 0x00000160ee959ed0 Exception <a 'java/lang/NoSuchMethodError'{0x00000000d59fae28}: static Lorg/eclipse/m2e/core/internal/lifecyclemapping/model/PluginExecutionFilter;.<clinit>()V> (0x00000000d59fae28) 
thrown [s\src\hotspot\share\prims\jni.cpp, line 1111]
Event: 17.173 Thread 0x00000160ee959ed0 Exception <a 'java/lang/NoSuchMethodError'{0x00000000d5a276f8}: static Lorg/eclipse/m2e/core/internal/project/registry/MavenProjectFacade$MavenProjectConfiguration;.<clinit>()V> (0x00000000d5a276f8) 
thrown [s\src\hotspot\share\prims\jni.cpp, line 1111]
Event: 17.600 Thread 0x00000160ee959ed0 Exception <a 'java/lang/NoSuchMethodError'{0x00000000d60ab508}: 'double java.lang.invoke.DirectMethodHandle$Holder.invokeStatic(java.lang.Object, java.lang.Object)'> (0x00000000d60ab508) 
thrown [s\src\hotspot\share\interpreter\linkResolver.cpp, line 773]
Event: 17.602 Thread 0x00000160ee959ed0 Exception <a 'java/lang/NoSuchMethodError'{0x00000000d60aebc8}: 'double java.lang.invoke.DirectMethodHandle$Holder.invokeStaticInit(java.lang.Object, java.lang.Object)'> (0x00000000d60aebc8) 
thrown [s\src\hotspot\share\interpreter\linkResolver.cpp, line 773]
Event: 18.631 Thread 0x00000160ef030190 Exception <a 'java/lang/NoSuchMethodError'{0x00000000d5725750}: 'java.lang.Object java.lang.invoke.DirectMethodHandle$Holder.invokeSpecialIFC(java.lang.Object, java.lang.Object, java.lang.Object, java.lang.Object)'> (0x00000000d5725750) 
thrown [s\src\hotspot\share\interpreter\linkResolver.cpp, line 773]
Event: 18.721 Thread 0x00000160ee959ed0 Implicit null exception at 0x000001609a9eae75 to 0x000001609a9eaf50

ZGC Phase Switch (0 events):
No events

VM Operations (20 events):
Event: 15.540 Executing non-safepoint VM operation: HandshakeAllThreads (Deoptimize) done
Event: 15.562 Executing non-safepoint VM operation: HandshakeAllThreads (Deoptimize)
Event: 15.562 Executing non-safepoint VM operation: HandshakeAllThreads (Deoptimize) done
Event: 15.562 Executing safepoint VM operation: Cleanup
Event: 15.562 Executing safepoint VM operation: Cleanup done
Event: 15.796 Executing safepoint VM operation: ParallelGCFailedAllocation (Allocation Failure)
Event: 15.807 Executing safepoint VM operation: ParallelGCFailedAllocation (Allocation Failure) done
Event: 16.587 Executing non-safepoint VM operation: HandshakeAllThreads (Deoptimize)
Event: 16.587 Executing non-safepoint VM operation: HandshakeAllThreads (Deoptimize) done
Event: 16.678 Executing safepoint VM operation: CollectForMetadataAllocation (Metadata GC Threshold)
Event: 16.767 Executing safepoint VM operation: CollectForMetadataAllocation (Metadata GC Threshold) done
Event: 17.538 Executing non-safepoint VM operation: HandshakeAllThreads (Deoptimize)
Event: 17.554 Executing non-safepoint VM operation: HandshakeAllThreads (Deoptimize) done
Event: 17.949 Executing safepoint VM operation: ParallelGCFailedAllocation (Allocation Failure)
Event: 17.953 Executing safepoint VM operation: ParallelGCFailedAllocation (Allocation Failure) done
Event: 18.479 Executing non-safepoint VM operation: HandshakeAllThreads (Deoptimize)
Event: 18.480 Executing non-safepoint VM operation: HandshakeAllThreads (Deoptimize) done
Event: 18.553 Executing safepoint VM operation: ParallelGCFailedAllocation (Allocation Failure)
Event: 18.558 Executing safepoint VM operation: ParallelGCFailedAllocation (Allocation Failure) done
Event: 19.558 Executing safepoint VM operation: Cleanup

Memory protections (0 events):
No events

Nmethod flushes (0 events):
No events

Events (20 events):
Event: 8.607 Thread 0x00000160ee959ed0 Thread added: 0x00000160ee316400
Event: 8.966 Thread 0x00000160e88e0240 Thread added: 0x00000160ee5c2180
Event: 8.966 Thread 0x00000160e88e0240 Thread added: 0x00000160eef5e320
Event: 9.135 Thread 0x00000160eef5e320 Thread exited: 0x00000160eef5e320
Event: 9.136 Thread 0x00000160ee5c2180 Thread exited: 0x00000160ee5c2180
Event: 9.732 Thread 0x00000160ee959ed0 Thread added: 0x00000160ee701420
Event: 10.594 Thread 0x00000160e88db6e0 Thread added: 0x00000160eea000a0
Event: 13.561 Thread 0x00000160eea000a0 Thread exited: 0x00000160eea000a0
Event: 13.624 Thread 0x00000160ee959ed0 Thread added: 0x00000160ef02fb00
Event: 13.820 Thread 0x00000160e88e0240 Thread added: 0x00000160ef625b30
Event: 13.852 Thread 0x00000160e88e0240 Thread added: 0x00000160ef51f890
Event: 13.925 Thread 0x00000160ee959ed0 Thread added: 0x00000160ef02e750
Event: 14.146 Thread 0x00000160ef51f890 Thread exited: 0x00000160ef51f890
Event: 14.192 Thread 0x00000160ee959ed0 Thread added: 0x00000160ef031540
Event: 14.407 Thread 0x00000160ef031540 Thread added: 0x00000160ef030190
Event: 14.407 Thread 0x00000160ef625b30 Thread exited: 0x00000160ef625b30
Event: 16.827 Thread 0x00000160e88e0240 Thread added: 0x00000160e89f6480
Event: 16.844 Thread 0x00000160e88db6e0 Thread added: 0x00000160ee1e80e0
Event: 17.616 Thread 0x00000160ee1e80e0 Thread exited: 0x00000160ee1e80e0
Event: 19.017 Thread 0x00000160ef02e750 Thread added: 0x00000160ef031bd0


Dynamic libraries:
0x00007ff7a49d0000 - 0x00007ff7a49de000 	c:\Users\dhruv\.vscode\extensions\redhat.java-1.54.0-win32-x64\jre\21.0.10-win32-x86_64\bin\java.exe
0x00007ff88ca80000 - 0x00007ff88cce7000 	C:\Windows\SYSTEM32\ntdll.dll
0x00007ff88c130000 - 0x00007ff88c1f9000 	C:\Windows\System32\KERNEL32.DLL
0x00007ff88a2a0000 - 0x00007ff88a694000 	C:\Windows\System32\KERNELBASE.dll
0x00007ff88a150000 - 0x00007ff88a29b000 	C:\Windows\System32\ucrtbase.dll
0x00007ff883f80000 - 0x00007ff883f98000 	c:\Users\dhruv\.vscode\extensions\redhat.java-1.54.0-win32-x64\jre\21.0.10-win32-x86_64\bin\jli.dll
0x00007ff883f60000 - 0x00007ff883f7e000 	c:\Users\dhruv\.vscode\extensions\redhat.java-1.54.0-win32-x64\jre\21.0.10-win32-x86_64\bin\VCRUNTIME140.dll
0x00007ff88b000000 - 0x00007ff88b1c5000 	C:\Windows\System32\USER32.dll
0x00007ff8894d0000 - 0x00007ff8894f7000 	C:\Windows\System32\win32u.dll
0x00007ff86ab00000 - 0x00007ff86ad93000 	C:\Windows\WinSxS\amd64_microsoft.windows.common-controls_6595b64144ccf1df_6.0.26100.8115_none_3e075c82e3354f9c\COMCTL32.dll
0x00007ff88bd00000 - 0x00007ff88bd2b000 	C:\Windows\System32\GDI32.dll
0x00007ff88c940000 - 0x00007ff88c9e9000 	C:\Windows\System32\msvcrt.dll
0x00007ff889500000 - 0x00007ff88962b000 	C:\Windows\System32\gdi32full.dll
0x00007ff8896f0000 - 0x00007ff889793000 	C:\Windows\System32\msvcp_win.dll
0x00007ff88c900000 - 0x00007ff88c932000 	C:\Windows\System32\IMM32.DLL
0x00007ff875810000 - 0x00007ff87581c000 	c:\Users\dhruv\.vscode\extensions\redhat.java-1.54.0-win32-x64\jre\21.0.10-win32-x86_64\bin\vcruntime140_1.dll
0x00007ff83bc20000 - 0x00007ff83bcad000 	c:\Users\dhruv\.vscode\extensions\redhat.java-1.54.0-win32-x64\jre\21.0.10-win32-x86_64\bin\msvcp140.dll
0x00007fff8ee40000 - 0x00007fff8fbe1000 	c:\Users\dhruv\.vscode\extensions\redhat.java-1.54.0-win32-x64\jre\21.0.10-win32-x86_64\bin\server\jvm.dll
0x00007ff88c010000 - 0x00007ff88c0c6000 	C:\Windows\System32\ADVAPI32.dll
0x00007ff88bf60000 - 0x00007ff88c007000 	C:\Windows\System32\sechost.dll
0x00007ff88bd30000 - 0x00007ff88be48000 	C:\Windows\System32\RPCRT4.dll
0x00007ff88b950000 - 0x00007ff88b9d0000 	C:\Windows\System32\WS2_32.dll
0x00007ff8891d0000 - 0x00007ff88922e000 	C:\Windows\SYSTEM32\POWRPROF.dll
0x00007ff86c130000 - 0x00007ff86c13b000 	C:\Windows\SYSTEM32\VERSION.dll
0x00007ff87ecb0000 - 0x00007ff87ece6000 	C:\Windows\SYSTEM32\WINMM.dll
0x00007ff8891b0000 - 0x00007ff8891c4000 	C:\Windows\SYSTEM32\UMPDC.dll
0x00007ff8880b0000 - 0x00007ff8880cb000 	C:\Windows\SYSTEM32\kernel.appcore.dll
0x00007ff86ed30000 - 0x00007ff86ed3a000 	c:\Users\dhruv\.vscode\extensions\redhat.java-1.54.0-win32-x64\jre\21.0.10-win32-x86_64\bin\jimage.dll
0x00007ff887250000 - 0x00007ff887492000 	C:\Windows\SYSTEM32\DBGHELP.DLL
0x00007ff88c4e0000 - 0x00007ff88c862000 	C:\Windows\System32\combase.dll
0x00007ff88c230000 - 0x00007ff88c308000 	C:\Windows\System32\OLEAUT32.dll
0x00007ff86a440000 - 0x00007ff86a47b000 	C:\Windows\SYSTEM32\dbgcore.DLL
0x00007ff88a0a0000 - 0x00007ff88a145000 	C:\Windows\System32\bcryptPrimitives.dll
0x00007ff875e60000 - 0x00007ff875e6f000 	c:\Users\dhruv\.vscode\extensions\redhat.java-1.54.0-win32-x64\jre\21.0.10-win32-x86_64\bin\instrument.dll
0x00007ff86eb20000 - 0x00007ff86eb40000 	c:\Users\dhruv\.vscode\extensions\redhat.java-1.54.0-win32-x64\jre\21.0.10-win32-x86_64\bin\java.dll
0x00007ff88b1e0000 - 0x00007ff88b947000 	C:\Windows\System32\SHELL32.dll
0x00007ff88a6a0000 - 0x00007ff88a80a000 	C:\Windows\System32\wintypes.dll
0x00007ff889830000 - 0x00007ff88a098000 	C:\Windows\System32\windows.storage.dll
0x00007ff88af00000 - 0x00007ff88aff8000 	C:\Windows\System32\SHCORE.dll
0x00007ff88c470000 - 0x00007ff88c4d6000 	C:\Windows\System32\shlwapi.dll
0x00007ff889270000 - 0x00007ff889299000 	C:\Windows\SYSTEM32\profapi.dll
0x00007ff861b20000 - 0x00007ff861b38000 	c:\Users\dhruv\.vscode\extensions\redhat.java-1.54.0-win32-x64\jre\21.0.10-win32-x86_64\bin\zip.dll
0x00007ff875e50000 - 0x00007ff875e60000 	C:\Users\dhruv\.vscode\extensions\redhat.java-1.54.0-win32-x64\jre\21.0.10-win32-x86_64\bin\net.dll
0x00007ff8786b0000 - 0x00007ff8787dd000 	C:\Windows\SYSTEM32\WINHTTP.dll
0x00007ff888600000 - 0x00007ff88866c000 	C:\Windows\system32\mswsock.dll
0x00007ff875d90000 - 0x00007ff875da6000 	C:\Users\dhruv\.vscode\extensions\redhat.java-1.54.0-win32-x64\jre\21.0.10-win32-x86_64\bin\nio.dll
0x00007ff875e40000 - 0x00007ff875e50000 	c:\Users\dhruv\.vscode\extensions\redhat.java-1.54.0-win32-x64\jre\21.0.10-win32-x86_64\bin\verify.dll
0x00007ff875d40000 - 0x00007ff875d85000 	C:\Users\dhruv\AppData\Roaming\Code\User\globalStorage\redhat.java\1.54.0\config_win\org.eclipse.equinox.launcher\org.eclipse.equinox.launcher.win32.win32.x86_64_1.3.0.v20260203-2149\eclipse_11919.dll
0x00007ff88a890000 - 0x00007ff88aa27000 	C:\Windows\System32\ole32.dll
0x00007ff8888b0000 - 0x00007ff8888cb000 	C:\Windows\SYSTEM32\CRYPTSP.dll
0x00007ff888010000 - 0x00007ff888049000 	C:\Windows\system32\rsaenh.dll
0x00007ff8886b0000 - 0x00007ff8886e3000 	C:\Windows\SYSTEM32\USERENV.dll
0x00007ff889240000 - 0x00007ff88926a000 	C:\Windows\SYSTEM32\bcrypt.dll
0x00007ff8888a0000 - 0x00007ff8888ac000 	C:\Windows\SYSTEM32\CRYPTBASE.dll
0x00007ff887b40000 - 0x00007ff887b72000 	C:\Windows\SYSTEM32\IPHLPAPI.DLL
0x00007ff88bf50000 - 0x00007ff88bf5a000 	C:\Windows\System32\NSI.dll
0x00007ff85a9b0000 - 0x00007ff85a9f9000 	C:\Users\dhruv\AppData\Local\Temp\jna-95563663\jna2610299683317173077.dll
0x00007ff88aef0000 - 0x00007ff88aef8000 	C:\Windows\System32\PSAPI.DLL

JVMTI agents:
c:\Users\dhruv\.vscode\extensions\redhat.java-1.54.0-win32-x64\lombok\lombok-1.18.39-4050.jar path:c:\Users\dhruv\.vscode\extensions\redhat.java-1.54.0-win32-x64\jre\21.0.10-win32-x86_64\bin\instrument.dll, loaded, initialized, instrumentlib options:none

dbghelp: loaded successfully - version: 4.0.5 - missing functions: none
symbol engine: initialized successfully - sym options: 0x614 - pdb path: .;c:\Users\dhruv\.vscode\extensions\redhat.java-1.54.0-win32-x64\jre\21.0.10-win32-x86_64\bin;C:\Windows\SYSTEM32;C:\Windows\WinSxS\amd64_microsoft.windows.common-controls_6595b64144ccf1df_6.0.26100.8115_none_3e075c82e3354f9c;c:\Users\dhruv\.vscode\extensions\redhat.java-1.54.0-win32-x64\jre\21.0.10-win32-x86_64\bin\server;C:\Users\dhruv\AppData\Roaming\Code\User\globalStorage\redhat.java\1.54.0\config_win\org.eclipse.equinox.launcher\org.eclipse.equinox.launcher.win32.win32.x86_64_1.3.0.v20260203-2149;C:\Users\dhruv\AppData\Local\Temp\jna-95563663

VM Arguments:
jvm_args: --add-modules=ALL-SYSTEM --add-opens=java.base/java.util=ALL-UNNAMED --add-opens=java.base/java.lang=ALL-UNNAMED --add-opens=java.base/sun.nio.fs=ALL-UNNAMED -Declipse.application=org.eclipse.jdt.ls.core.id1 -Dosgi.bundles.defaultStartLevel=4 -Declipse.product=org.eclipse.jdt.ls.core.product -Djava.import.generatesMetadataFilesAtProjectRoot=false -DDetectVMInstallationsJob.disabled=true -Dfile.encoding=utf8 -XX:+UseParallelGC -XX:GCTimeRatio=4 -XX:AdaptiveSizePolicyWeight=90 -Dsun.zip.disableMemoryMapping=true -Xmx2G -Xms100m -Xlog:disable -javaagent:c:\Users\dhruv\.vscode\extensions\redhat.java-1.54.0-win32-x64\lombok\lombok-1.18.39-4050.jar -XX:+HeapDumpOnOutOfMemoryError -XX:HeapDumpPath=c:\Users\dhruv\AppData\Roaming\Code\User\workspaceStorage\46eeb03a52e31514c3fed23288b69850\redhat.java -Daether.dependencyCollector.impl=bf 
java_command: c:\Users\dhruv\.vscode\extensions\redhat.java-1.54.0-win32-x64\server\plugins\org.eclipse.equinox.launcher_1.7.100.v20251111-0406.jar -configuration c:\Users\dhruv\AppData\Roaming\Code\User\globalStorage\redhat.java\1.54.0\config_win -data c:\Users\dhruv\AppData\Roaming\Code\User\workspaceStorage\46eeb03a52e31514c3fed23288b69850\redhat.java\jdt_ws --pipe=\\.\pipe\lsp-ffb92bedbaf4eb2a0f658a994395c019-sock
java_class_path (initial): c:\Users\dhruv\.vscode\extensions\redhat.java-1.54.0-win32-x64\server\plugins\org.eclipse.equinox.launcher_1.7.100.v20251111-0406.jar
Launcher Type: SUN_STANDARD

[Global flags]
    uintx AdaptiveSizePolicyWeight                 = 90                                        {product} {command line}
     intx CICompilerCount                          = 4                                         {product} {ergonomic}
    uintx GCTimeRatio                              = 4                                         {product} {command line}
     bool HeapDumpOnOutOfMemoryError               = true                                   {manageable} {command line}
    ccstr HeapDumpPath                             = c:\Users\dhruv\AppData\Roaming\Code\User\workspaceStorage\46eeb03a52e31514c3fed23288b69850\redhat.java         {manageable} {command line}
   size_t InitialHeapSize                          = 104857600                                 {product} {command line}
   size_t MaxHeapSize                              = 2147483648                                {product} {command line}
   size_t MaxNewSize                               = 715653120                                 {product} {ergonomic}
   size_t MinHeapDeltaBytes                        = 524288                                    {product} {ergonomic}
   size_t MinHeapSize                              = 104857600                                 {product} {command line}
   size_t NewSize                                  = 34603008                                  {product} {ergonomic}
    uintx NonNMethodCodeHeapSize                   = 5839372                                {pd product} {ergonomic}
    uintx NonProfiledCodeHeapSize                  = 122909434                              {pd product} {ergonomic}
   size_t OldSize                                  = 70254592                                  {product} {ergonomic}
    uintx ProfiledCodeHeapSize                     = 122909434                              {pd product} {ergonomic}
    uintx ReservedCodeCacheSize                    = 251658240                              {pd product} {ergonomic}
     bool SegmentedCodeCache                       = true                                      {product} {ergonomic}
   size_t SoftMaxHeapSize                          = 2147483648                             {manageable} {ergonomic}
     bool UseCompressedOops                        = true                           {product lp64_product} {ergonomic}
     bool UseLargePagesIndividualAllocation        = false                                  {pd product} {ergonomic}
     bool UseParallelGC                            = true                                      {product} {command line}

Logging:
Log output configuration:
 #0: stdout all=off uptime,level,tags foldmultilines=false
 #1: stderr all=off uptime,level,tags foldmultilines=false

Release file:
JAVA_VERSION="21.0.10" 
MODULES="java.base java.compiler java.datatransfer java.xml java.prefs java.desktop java.instrument java.logging java.management java.security.sasl java.naming java.rmi java.management.rmi java.net.http java.scripting java.security.jgss java.transaction.xa java.sql java.sql.rowset java.xml.crypto java.se java.smartcardio jdk.accessibility jdk.internal.jvmstat jdk.attach jdk.charsets jdk.internal.opt jdk.zipfs jdk.compiler jdk.crypto.ec jdk.crypto.cryptoki jdk.crypto.mscapi jdk.dynalink jdk.internal.ed jdk.editpad jdk.hotspot.agent jdk.httpserver jdk.internal.le jdk.internal.vm.ci jdk.internal.vm.compiler jdk.internal.vm.compiler.management jdk.jartool jdk.javadoc jdk.jcmd jdk.management jdk.management.agent jdk.jconsole jdk.jdeps jdk.jdwp.agent jdk.jdi jdk.jfr jdk.jshell jdk.jsobject jdk.jstatd jdk.localedata jdk.management.jfr jdk.naming.dns jdk.naming.rmi jdk.net jdk.nio.mapmode jdk.random jdk.sctp jdk.security.auth jdk.security.jgss jdk.unsupported jdk.unsupported.desktop jdk.xml.dom" 

Environment Variables:
PATH=C:\Users\dhruv\AppData\Local\Programs\Microsoft VS Code;C:\Program Files\Common Files\Oracle\Java\javapath;C:\Windows\system32;C:\Windows;C:\Windows\System32\Wbem;C:\Windows\System32\WindowsPowerShell\v1.0\;C:\Windows\System32\OpenSSH\;C:\Program Files\nodejs\;C:\Program Files\Git\cmd;C:\Program Files\MongoDB\Server\8.0\bin;C:\Program Files\MySQL\MySQL Server 8.0\bin;C:\Users\dhruv\Downloads\gradle-8.14.3\bin;C:\Program Files\Docker\Docker\resources\bin;C:\Program Files\Apache\MAVEN\bin;C:\Program Files\Apache\MAVEN\apache-maven-3.9.12\bin;C:\Program Files\Cloudflare\Cloudflare WARP\;C:\Program Files\MySQL\MySQL Shell 8.0\bin\;C:\Users\dhruv\AppData\Local\Microsoft\WindowsApps;C:\Users\dhruv\AppData\Local\Programs\Microsoft VS Code\bin;C:\Users\dhruv\AppData\Roaming\npm;C:\Program Files\JetBrains\IntelliJ IDEA Community Edition 2025.1.4.1\bin;;C:\Users\dhruv\AppData\Local\Programs\cursor\resources\app\bin
USERNAME=dhruv
OS=Windows_NT
PROCESSOR_IDENTIFIER=Intel64 Family 6 Model 186 Stepping 2, GenuineIntel
TMP=C:\Users\dhruv\AppData\Local\Temp
TEMP=C:\Users\dhruv\AppData\Local\Temp




Periodic native trim disabled

---------------  S Y S T E M  ---------------

OS:
 Windows 11 , 64 bit Build 26100 (10.0.26100.8246)
OS uptime: 0 days 7:36 hours
Hyper-V role detected

CPU: total 12 (initial active 12) (6 cores per cpu, 2 threads per core) family 6 model 186 stepping 2 microcode 0x6134, cx8, cmov, fxsr, ht, mmx, 3dnowpref, sse, sse2, sse3, ssse3, sse4.1, sse4.2, popcnt, lzcnt, tsc, tscinvbit, avx, avx2, aes, erms, clmul, bmi1, bmi2, adx, sha, fma, vzeroupper, clflush, clflushopt, clwb, hv, serialize, rdtscp, rdpid, fsrm, f16c, cet_ibt, cet_ss
Processor Information for processor 0
  Max Mhz: 2100, Current Mhz: 2100, Mhz Limit: 2100
Processor Information for processor 1
  Max Mhz: 2100, Current Mhz: 2100, Mhz Limit: 2100
Processor Information for processor 2
  Max Mhz: 2100, Current Mhz: 2100, Mhz Limit: 2100
Processor Information for processor 3
  Max Mhz: 2100, Current Mhz: 2100, Mhz Limit: 2100
Processor Information for processor 4
  Max Mhz: 2100, Current Mhz: 2100, Mhz Limit: 2100
Processor Information for processor 5
  Max Mhz: 2100, Current Mhz: 2100, Mhz Limit: 2100
Processor Information for processor 6
  Max Mhz: 2100, Current Mhz: 2100, Mhz Limit: 2100
Processor Information for processor 7
  Max Mhz: 2100, Current Mhz: 2100, Mhz Limit: 2100
Processor Information for processor 8
  Max Mhz: 2100, Current Mhz: 1500, Mhz Limit: 1491
Processor Information for processor 9
  Max Mhz: 2100, Current Mhz: 1500, Mhz Limit: 1491
Processor Information for processor 10
  Max Mhz: 2100, Current Mhz: 1500, Mhz Limit: 1491
Processor Information for processor 11
  Max Mhz: 2100, Current Mhz: 1500, Mhz Limit: 1491

Memory: 4k page, system-wide physical 16076M (1018M free)
TotalPageFile size 46395M (AvailPageFile size 216M)
current process WorkingSet (physical memory assigned to process): 184M, peak: 184M
current process commit charge ("private bytes"): 319M, peak: 319M

vm_info: OpenJDK 64-Bit Server VM (21.0.10+7-LTS) for windows-amd64 JRE (21.0.10+7-LTS), built on 2026-01-20T00:00:00Z by "admin" with MS VC++ 17.12 (VS2022)

END.
