#
# There is insufficient memory for the Java Runtime Environment to continue.
# Native memory allocation (malloc) failed to allocate 1048576 bytes. Error detail: AllocateHeap
# Possible reasons:
#   The system is out of physical RAM or swap space
#   This process is running with CompressedOops enabled, and the Java Heap may be blocking the growth of the native heap
# Possible solutions:
#   Reduce memory load on the system
#   Increase physical memory or swap space
#   Check if swap backing store is full
#   Decrease Java heap size (-Xmx/-Xms)
#   Decrease number of Java threads
#   Decrease Java thread stack sizes (-Xss)
#   Set larger code cache with -XX:ReservedCodeCacheSize=
#   JVM is running with Unscaled Compressed Oops mode in which the Java heap is
#     placed in the first 4GB address space. The Java Heap base address is the
#     maximum limit for the native heap growth. Please use -XX:HeapBaseMinAddress
#     to set the Java Heap base and to place the Java Heap above 4GB virtual address.
# This output file may be truncated or incomplete.
#
#  Out of Memory Error (allocation.cpp:44), pid=16700, tid=27620
#
# JRE version: OpenJDK Runtime Environment Temurin-21.0.10+7 (21.0.10+7) (build 21.0.10+7-LTS)
# Java VM: OpenJDK 64-Bit Server VM Temurin-21.0.10+7 (21.0.10+7-LTS, mixed mode, sharing, tiered, compressed oops, compressed class ptrs, parallel gc, windows-amd64)
# No core dump will be written. Minidumps are not enabled by default on client versions of Windows
#

---------------  S U M M A R Y ------------

Command Line: --add-modules=ALL-SYSTEM --add-opens=java.base/java.util=ALL-UNNAMED --add-opens=java.base/java.lang=ALL-UNNAMED --add-opens=java.base/sun.nio.fs=ALL-UNNAMED -Declipse.application=org.eclipse.jdt.ls.core.id1 -Dosgi.bundles.defaultStartLevel=4 -Declipse.product=org.eclipse.jdt.ls.core.product -Djava.import.generatesMetadataFilesAtProjectRoot=false -DDetectVMInstallationsJob.disabled=true -Dfile.encoding=utf8 -XX:+UseParallelGC -XX:GCTimeRatio=4 -XX:AdaptiveSizePolicyWeight=90 -Dsun.zip.disableMemoryMapping=true -Xmx2G -Xms100m -Xlog:disable -javaagent:c:\Users\dhruv\.vscode\extensions\redhat.java-1.54.0-win32-x64\lombok\lombok-1.18.39-4050.jar -XX:+HeapDumpOnOutOfMemoryError -XX:HeapDumpPath=c:\Users\dhruv\AppData\Roaming\Code\User\workspaceStorage\46eeb03a52e31514c3fed23288b69850\redhat.java -Daether.dependencyCollector.impl=bf c:\Users\dhruv\.vscode\extensions\redhat.java-1.54.0-win32-x64\server\plugins\org.eclipse.equinox.launcher_1.7.100.v20251111-0406.jar -configuration c:\Users\dhruv\AppData\Roaming\Code\User\globalStorage\redhat.java\1.54.0\config_win -data c:\Users\dhruv\AppData\Roaming\Code\User\workspaceStorage\46eeb03a52e31514c3fed23288b69850\redhat.java\jdt_ws --pipe=\\.\pipe\lsp-5e73331d167fb220064d44aec55695b0-sock

Host: 13th Gen Intel(R) Core(TM) i5-13420H, 12 cores, 15G,  Windows 11 , 64 bit Build 26100 (10.0.26100.8246)
Time: Fri Apr 17 16:57:25 2026 India Standard Time elapsed time: 699.463472 seconds (0d 0h 11m 39s)

---------------  T H R E A D  ---------------

Current thread (0x000001f24a8bd650):  JavaThread "Attach Listener" daemon [_thread_in_vm, id=27620, stack(0x000000d6db000000,0x000000d6db100000) (1024K)]

Stack: [0x000000d6db000000,0x000000d6db100000]
Native frames: (J=compiled Java code, j=interpreted, Vv=VM code, C=native code)
V  [jvm.dll+0x6d7a39]
V  [jvm.dll+0x8b4b26]
V  [jvm.dll+0x8b70de]
V  [jvm.dll+0x8b77c3]
V  [jvm.dll+0x284346]
V  [jvm.dll+0xc1277]
V  [jvm.dll+0x6d82e9]
V  [jvm.dll+0x1334a6]
V  [jvm.dll+0x3f857e]
V  [jvm.dll+0x85f59d]
V  [jvm.dll+0x6d626d]
C  [ucrtbase.dll+0x37b0]
C  [KERNEL32.DLL+0x2e8d7]
C  [ntdll.dll+0x8c3fc]


---------------  P R O C E S S  ---------------

Threads class SMR info:
_java_thread_list=0x000001f26b1975b0, length=40, elements={
0x000001f24a80d840, 0x000001f24a8b4800, 0x000001f24a7be8b0, 0x000001f24a8bc640,
0x000001f24a8bd650, 0x000001f24a8c01c0, 0x000001f24a8c19e0, 0x000001f24a8ccca0,
0x000001f262559f40, 0x000001f262777d50, 0x000001f262801f50, 0x000001f2681663b0,
0x000001f26807cdc0, 0x000001f26807e170, 0x000001f26807ee90, 0x000001f26807e800,
0x000001f26807f520, 0x000001f26807fbb0, 0x000001f268080240, 0x000001f268d49570,
0x000001f268d4d080, 0x000001f268d4c360, 0x000001f268d4d710, 0x000001f268d4a290,
0x000001f268d4dda0, 0x000001f268d4a920, 0x000001f268d4afb0, 0x000001f268d4fe70,
0x000001f268d50500, 0x000001f268d4e430, 0x000001f268d4eac0, 0x000001f268d4f150,
0x000001f268d4f7e0, 0x000001f26afa7d30, 0x000001f26afa6980, 0x000001f26afa62f0,
0x000001f26afa8a50, 0x000001f26afa7010, 0x000001f26afa9770, 0x000001f26bfe6230
}

Java Threads: ( => current thread )
  0x000001f24a80d840 JavaThread "main"                              [_thread_blocked, id=20392, stack(0x000000d6da900000,0x000000d6daa00000) (1024K)]
  0x000001f24a8b4800 JavaThread "Reference Handler"          daemon [_thread_blocked, id=7460, stack(0x000000d6dad00000,0x000000d6dae00000) (1024K)]
  0x000001f24a7be8b0 JavaThread "Finalizer"                  daemon [_thread_blocked, id=22168, stack(0x000000d6dae00000,0x000000d6daf00000) (1024K)]
  0x000001f24a8bc640 JavaThread "Signal Dispatcher"          daemon [_thread_blocked, id=13860, stack(0x000000d6daf00000,0x000000d6db000000) (1024K)]
=>0x000001f24a8bd650 JavaThread "Attach Listener"            daemon [_thread_in_vm, id=27620, stack(0x000000d6db000000,0x000000d6db100000) (1024K)]
  0x000001f24a8c01c0 JavaThread "Service Thread"             daemon [_thread_blocked, id=7640, stack(0x000000d6db100000,0x000000d6db200000) (1024K)]
  0x000001f24a8c19e0 JavaThread "Monitor Deflation Thread"   daemon [_thread_blocked, id=32200, stack(0x000000d6db200000,0x000000d6db300000) (1024K)]
  0x000001f24a8ccca0 JavaThread "C2 CompilerThread0"         daemon [_thread_blocked, id=32304, stack(0x000000d6db300000,0x000000d6db400000) (1024K)]
  0x000001f262559f40 JavaThread "C1 CompilerThread0"         daemon [_thread_blocked, id=27560, stack(0x000000d6db400000,0x000000d6db500000) (1024K)]
  0x000001f262777d50 JavaThread "Common-Cleaner"             daemon [_thread_blocked, id=16556, stack(0x000000d6db600000,0x000000d6db700000) (1024K)]
  0x000001f262801f50 JavaThread "Notification Thread"        daemon [_thread_blocked, id=18596, stack(0x000000d6db700000,0x000000d6db800000) (1024K)]
  0x000001f2681663b0 JavaThread "Active Thread: Equinox Container: 78980b35-de40-49d8-8b75-d541242a7aca"        [_thread_blocked, id=28084, stack(0x000000d6dbf00000,0x000000d6dc000000) (1024K)]
  0x000001f26807cdc0 JavaThread "Refresh Thread: Equinox Container: 78980b35-de40-49d8-8b75-d541242a7aca" daemon [_thread_blocked, id=31264, stack(0x000000d6dc100000,0x000000d6dc200000) (1024K)]
  0x000001f26807e170 JavaThread "Framework Event Dispatcher: Equinox Container: 78980b35-de40-49d8-8b75-d541242a7aca" daemon [_thread_blocked, id=7756, stack(0x000000d6dc200000,0x000000d6dc300000) (1024K)]
  0x000001f26807ee90 JavaThread "Start Level: Equinox Container: 78980b35-de40-49d8-8b75-d541242a7aca" daemon [_thread_blocked, id=14796, stack(0x000000d6dc300000,0x000000d6dc400000) (1024K)]
  0x000001f26807e800 JavaThread "Bundle File Closer"         daemon [_thread_blocked, id=30768, stack(0x000000d6dc600000,0x000000d6dc700000) (1024K)]
  0x000001f26807f520 JavaThread "SCR Component Actor"        daemon [_thread_blocked, id=28400, stack(0x000000d6db500000,0x000000d6db600000) (1024K)]
  0x000001f26807fbb0 JavaThread "Worker-JM"                         [_thread_blocked, id=21576, stack(0x000000d6dc800000,0x000000d6dc900000) (1024K)]
  0x000001f268080240 JavaThread "JNA Cleaner"                daemon [_thread_blocked, id=28992, stack(0x000000d6db800000,0x000000d6db900000) (1024K)]
  0x000001f268d49570 JavaThread "Java indexing"              daemon [_thread_blocked, id=30844, stack(0x000000d6dce00000,0x000000d6dcf00000) (1024K)]
  0x000001f268d4d080 JavaThread "Worker-4"                          [_thread_blocked, id=2232, stack(0x000000d6dcf00000,0x000000d6dd000000) (1024K)]
  0x000001f268d4c360 JavaThread "Worker-5"                          [_thread_blocked, id=17992, stack(0x000000d6dd200000,0x000000d6dd300000) (1024K)]
  0x000001f268d4d710 JavaThread "Thread-1"                   daemon [_thread_in_native, id=23836, stack(0x000000d6dd300000,0x000000d6dd400000) (1024K)]
  0x000001f268d4a290 JavaThread "Thread-2"                   daemon [_thread_in_native, id=18344, stack(0x000000d6dd400000,0x000000d6dd500000) (1024K)]
  0x000001f268d4dda0 JavaThread "Thread-3"                   daemon [_thread_in_native, id=31792, stack(0x000000d6dd500000,0x000000d6dd600000) (1024K)]
  0x000001f268d4a920 JavaThread "Thread-4"                   daemon [_thread_in_native, id=26936, stack(0x000000d6dd600000,0x000000d6dd700000) (1024K)]
  0x000001f268d4afb0 JavaThread "Thread-5"                   daemon [_thread_in_native, id=22324, stack(0x000000d6dd700000,0x000000d6dd800000) (1024K)]
  0x000001f268d4fe70 JavaThread "Thread-6"                   daemon [_thread_in_native, id=23372, stack(0x000000d6dd800000,0x000000d6dd900000) (1024K)]
  0x000001f268d50500 JavaThread "Thread-7"                   daemon [_thread_in_native, id=21796, stack(0x000000d6dd900000,0x000000d6dda00000) (1024K)]
  0x000001f268d4e430 JavaThread "Thread-8"                   daemon [_thread_in_native, id=6404, stack(0x000000d6dda00000,0x000000d6ddb00000) (1024K)]
  0x000001f268d4eac0 JavaThread "Thread-9"                   daemon [_thread_in_native, id=27588, stack(0x000000d6ddb00000,0x000000d6ddc00000) (1024K)]
  0x000001f268d4f150 JavaThread "Thread-10"                  daemon [_thread_in_native, id=28104, stack(0x000000d6ddc00000,0x000000d6ddd00000) (1024K)]
  0x000001f268d4f7e0 JavaThread "Thread-11"                  daemon [_thread_in_native, id=28028, stack(0x000000d6ddd00000,0x000000d6dde00000) (1024K)]
  0x000001f26afa7d30 JavaThread "Thread-12"                  daemon [_thread_in_native, id=15892, stack(0x000000d6dde00000,0x000000d6ddf00000) (1024K)]
  0x000001f26afa6980 JavaThread "Thread-13"                  daemon [_thread_in_native, id=31972, stack(0x000000d6ddf00000,0x000000d6de000000) (1024K)]
  0x000001f26afa62f0 JavaThread "pool-2-thread-1"                   [_thread_blocked, id=21968, stack(0x000000d6de000000,0x000000d6de100000) (1024K)]
  0x000001f26afa8a50 JavaThread "WorkspaceEventsHandler"            [_thread_blocked, id=9868, stack(0x000000d6de100000,0x000000d6de200000) (1024K)]
  0x000001f26afa7010 JavaThread "pool-1-thread-1"                   [_thread_blocked, id=30248, stack(0x000000d6de200000,0x000000d6de300000) (1024K)]
  0x000001f26afa9770 JavaThread "ForkJoinPool.commonPool-worker-6" daemon [_thread_blocked, id=13124, stack(0x000000d6de800000,0x000000d6de900000) (1024K)]
  0x000001f26bfe6230 JavaThread "LocalFile Deleter"          daemon [_thread_blocked, id=29888, stack(0x000000d6def00000,0x000000d6df000000) (1024K)]
Total: 40

Other Threads:
  0x000001f24a7a4480 VMThread "VM Thread"                           [id=24356, stack(0x000000d6dac00000,0x000000d6dad00000) (1024K)]
  0x000001f24a69ca00 WatcherThread "VM Periodic Task Thread"        [id=17336, stack(0x000000d6dab00000,0x000000d6dac00000) (1024K)]
  0x000001f24a82ced0 WorkerThread "GC Thread#0"                     [id=26984, stack(0x000000d6daa00000,0x000000d6dab00000) (1024K)]
  0x000001f263a9adb0 WorkerThread "GC Thread#1"                     [id=23276, stack(0x000000d6db900000,0x000000d6dba00000) (1024K)]
  0x000001f2635fab70 WorkerThread "GC Thread#2"                     [id=20340, stack(0x000000d6dba00000,0x000000d6dbb00000) (1024K)]
  0x000001f263c1e7e0 WorkerThread "GC Thread#3"                     [id=27524, stack(0x000000d6dbb00000,0x000000d6dbc00000) (1024K)]
  0x000001f263cca0a0 WorkerThread "GC Thread#4"                     [id=31800, stack(0x000000d6dbc00000,0x000000d6dbd00000) (1024K)]
  0x000001f263cca450 WorkerThread "GC Thread#5"                     [id=22416, stack(0x000000d6dbd00000,0x000000d6dbe00000) (1024K)]
  0x000001f2680181b0 WorkerThread "GC Thread#6"                     [id=30808, stack(0x000000d6dbe00000,0x000000d6dbf00000) (1024K)]
  0x000001f26379cfe0 WorkerThread "GC Thread#7"                     [id=4472, stack(0x000000d6dc000000,0x000000d6dc100000) (1024K)]
  0x000001f2685230d0 WorkerThread "GC Thread#8"                     [id=31696, stack(0x000000d6dc400000,0x000000d6dc500000) (1024K)]
  0x000001f268484f60 WorkerThread "GC Thread#9"                     [id=6380, stack(0x000000d6dc500000,0x000000d6dc600000) (1024K)]
Total: 12

Threads with active compile tasks:
Total: 0

VM state: not at safepoint (normal execution)

VM Mutex/Monitor currently owned by a thread: None

Heap address: 0x0000000080000000, size: 2048 MB, Compressed Oops mode: 32-bit

CDS archive(s) mapped at: [0x000001f200000000-0x000001f200ba0000-0x000001f200ba0000), size 12189696, SharedBaseAddress: 0x000001f200000000, ArchiveRelocationMode: 1.
Compressed class space mapped at: 0x000001f201000000-0x000001f241000000, reserved size: 1073741824
Narrow klass base: 0x000001f200000000, Narrow klass shift: 0, Narrow klass range: 0x100000000

GC Precious Log:
 CardTable entry size: 512
 CPUs: 12 total, 12 available
 Memory: 16076M
 Large Page Support: Disabled
 NUMA Support: Disabled
 Compressed Oops: Enabled (32-bit)
 Alignments: Space 512K, Generation 512K, Heap 2M
 Heap Min Capacity: 100M
 Heap Initial Capacity: 100M
 Heap Max Capacity: 2G
 Pre-touch: Disabled
 Parallel Workers: 10

Heap:
 PSYoungGen      total 9728K, used 8516K [0x00000000d5580000, 0x00000000d6100000, 0x0000000100000000)
  eden space 8704K, 90% used [0x00000000d5580000,0x00000000d5d39068,0x00000000d5e00000)
  from space 1024K, 59% used [0x00000000d6000000,0x00000000d6098000,0x00000000d6100000)
  to   space 1024K, 0% used [0x00000000d5e00000,0x00000000d5e00000,0x00000000d5f00000)
 ParOldGen       total 254976K, used 254691K [0x0000000080000000, 0x000000008f900000, 0x00000000d5580000)
  object space 254976K, 99% used [0x0000000080000000,0x000000008f8b8f88,0x000000008f900000)
 Metaspace       used 70318K, committed 72000K, reserved 1114112K
  class space    used 7162K, committed 7936K, reserved 1048576K

Card table byte_map: [0x000001f24a1b0000,0x000001f24a5c0000] _byte_map_base: 0x000001f249db0000

Marking Bits: (ParMarkBitMap*) 0x00007fff8fb03450
 Begin Bits: [0x000001f25ccc0000, 0x000001f25ecc0000)
 End Bits:   [0x000001f25ecc0000, 0x000001f260cc0000)

Polling page: 0x000001f248630000

Metaspace:

Usage:
  Non-class:     61.68 MB used.
      Class:      6.99 MB used.
       Both:     68.67 MB used.

Virtual space:
  Non-class space:       64.00 MB reserved,      62.56 MB ( 98%) committed,  1 nodes.
      Class space:        1.00 GB reserved,       7.75 MB ( <1%) committed,  1 nodes.
             Both:        1.06 GB reserved,      70.31 MB (  6%) committed. 

Chunk freelists:
   Non-Class:  813.00 KB
       Class:  8.15 MB
        Both:  8.94 MB

MaxMetaspaceSize: unlimited
CompressedClassSpaceSize: 1.00 GB
Initial GC threshold: 21.00 MB
Current GC threshold: 97.31 MB
CDS: on
 - commit_granule_bytes: 65536.
 - commit_granule_words: 8192.
 - virtual_space_node_default_size: 8388608.
 - enlarge_chunks_in_place: 1.
 - use_allocation_guard: 0.


Internal statistics:

num_allocs_failed_limit: 11.
num_arena_births: 1336.
num_arena_deaths: 14.
num_vsnodes_births: 2.
num_vsnodes_deaths: 0.
num_space_committed: 1125.
num_space_uncommitted: 0.
num_chunks_returned_to_freelist: 25.
num_chunks_taken_from_freelist: 4819.
num_chunk_merges: 12.
num_chunk_splits: 2880.
num_chunks_enlarged: 1524.
num_inconsistent_stats: 0.

CodeHeap 'non-profiled nmethods': size=120000Kb used=13296Kb max_used=13296Kb free=106703Kb
 bounds [0x000001f2554e0000, 0x000001f2561e0000, 0x000001f25ca10000]
CodeHeap 'profiled nmethods': size=120000Kb used=36830Kb max_used=36830Kb free=83169Kb
 bounds [0x000001f24da10000, 0x000001f24fe10000, 0x000001f254f40000]
CodeHeap 'non-nmethods': size=5760Kb used=1447Kb max_used=1517Kb free=4312Kb
 bounds [0x000001f254f40000, 0x000001f2551b0000, 0x000001f2554e0000]
CodeCache: size=245760Kb, used=51573Kb, max_used=51643Kb, free=194184Kb
 total_blobs=15887, nmethods=15128, adapters=664, full_count=0
Compilation: enabled, stopped_count=0, restarted_count=0

Compilation events (20 events):
Event: 309.531 Thread 0x000001f262559f40 16129       3       jdk.internal.ref.Cleaner::create (19 bytes)
Event: 309.532 Thread 0x000001f262559f40 nmethod 16129 0x000001f24fe01010 code [0x000001f24fe01200, 0x000001f24fe017c8]
Event: 309.532 Thread 0x000001f262559f40 16132       3       java.nio.Bits::tryReserveMemory (52 bytes)
Event: 309.533 Thread 0x000001f262559f40 nmethod 16132 0x000001f24fe01a10 code [0x000001f24fe01c00, 0x000001f24fe01f28]
Event: 309.533 Thread 0x000001f262559f40 16130       3       jdk.internal.ref.Cleaner::<init> (24 bytes)
Event: 309.533 Thread 0x000001f262559f40 nmethod 16130 0x000001f24fe02090 code [0x000001f24fe02240, 0x000001f24fe02500]
Event: 309.533 Thread 0x000001f262559f40 16131  s    3       jdk.internal.ref.Cleaner::add (26 bytes)
Event: 309.534 Thread 0x000001f262559f40 nmethod 16131 0x000001f24fe02610 code [0x000001f24fe027c0, 0x000001f24fe02a10]
Event: 309.534 Thread 0x000001f262559f40 16133       3       jdk.internal.misc.Unsafe::setMemory (10 bytes)
Event: 309.534 Thread 0x000001f262559f40 nmethod 16133 0x000001f24fe02b10 code [0x000001f24fe02cc0, 0x000001f24fe02e20]
Event: 309.534 Thread 0x000001f262559f40 16134       3       jdk.internal.misc.Unsafe::setMemory (29 bytes)
Event: 309.536 Thread 0x000001f262559f40 nmethod 16134 0x000001f24fe02f10 code [0x000001f24fe03160, 0x000001f24fe03918]
Event: 309.536 Thread 0x000001f262559f40 16135   !   3       java.nio.Bits::reserveMemory (232 bytes)
Event: 309.540 Thread 0x000001f262559f40 nmethod 16135 0x000001f24fe03d10 code [0x000001f24fe04100, 0x000001f24fe05878]
Event: 325.582 Thread 0x000001f262559f40 16136       3       java.util.concurrent.locks.AbstractQueuedSynchronizer$Node::setStatusRelaxed (12 bytes)
Event: 325.583 Thread 0x000001f262559f40 nmethod 16136 0x000001f24fe06410 code [0x000001f24fe065a0, 0x000001f24fe066b8]
Event: 451.325 Thread 0x000001f262559f40 16137       3       java.util.concurrent.ForkJoinPool::signalWork (199 bytes)
Event: 451.327 Thread 0x000001f262559f40 nmethod 16137 0x000001f24fe06790 code [0x000001f24fe069c0, 0x000001f24fe07228]
Event: 610.555 Thread 0x000001f262559f40 16138       3       java.util.concurrent.ScheduledThreadPoolExecutor$ScheduledFutureTask::getDelay (16 bytes)
Event: 610.555 Thread 0x000001f262559f40 nmethod 16138 0x000001f24fe07490 code [0x000001f24fe07640, 0x000001f24fe077d8]

GC Heap History (20 events):
Event: 39.614 GC heap before
{Heap before GC invocations=566 (full 3):
 PSYoungGen      total 9216K, used 9080K [0x00000000d5580000, 0x00000000d5f80000, 0x0000000100000000)
  eden space 8704K, 100% used [0x00000000d5580000,0x00000000d5e00000,0x00000000d5e00000)
  from space 512K, 73% used [0x00000000d5f00000,0x00000000d5f5e218,0x00000000d5f80000)
  to   space 512K, 0% used [0x00000000d5e80000,0x00000000d5e80000,0x00000000d5f00000)
 ParOldGen       total 249856K, used 249348K [0x0000000080000000, 0x000000008f400000, 0x00000000d5580000)
  object space 249856K, 99% used [0x0000000080000000,0x000000008f3811c0,0x000000008f400000)
 Metaspace       used 68718K, committed 70272K, reserved 1114112K
  class space    used 7030K, committed 7744K, reserved 1048576K
}
Event: 39.617 GC heap after
{Heap after GC invocations=566 (full 3):
 PSYoungGen      total 9216K, used 483K [0x00000000d5580000, 0x00000000d6300000, 0x0000000100000000)
  eden space 8704K, 0% used [0x00000000d5580000,0x00000000d5580000,0x00000000d5e00000)
  from space 512K, 94% used [0x00000000d5e80000,0x00000000d5ef8e20,0x00000000d5f00000)
  to   space 2560K, 0% used [0x00000000d6080000,0x00000000d6080000,0x00000000d6300000)
 ParOldGen       total 251904K, used 251096K [0x0000000080000000, 0x000000008f600000, 0x00000000d5580000)
  object space 251904K, 99% used [0x0000000080000000,0x000000008f536158,0x000000008f600000)
 Metaspace       used 68718K, committed 70272K, reserved 1114112K
  class space    used 7030K, committed 7744K, reserved 1048576K
}
Event: 39.641 GC heap before
{Heap before GC invocations=567 (full 3):
 PSYoungGen      total 9216K, used 9187K [0x00000000d5580000, 0x00000000d6300000, 0x0000000100000000)
  eden space 8704K, 100% used [0x00000000d5580000,0x00000000d5e00000,0x00000000d5e00000)
  from space 512K, 94% used [0x00000000d5e80000,0x00000000d5ef8e20,0x00000000d5f00000)
  to   space 2560K, 0% used [0x00000000d6080000,0x00000000d6080000,0x00000000d6300000)
 ParOldGen       total 251904K, used 251153K [0x0000000080000000, 0x000000008f600000, 0x00000000d5580000)
  object space 251904K, 99% used [0x0000000080000000,0x000000008f544768,0x000000008f600000)
 Metaspace       used 68749K, committed 70272K, reserved 1114112K
  class space    used 7034K, committed 7744K, reserved 1048576K
}
Event: 39.644 GC heap after
{Heap after GC invocations=567 (full 3):
 PSYoungGen      total 9728K, used 666K [0x00000000d5580000, 0x00000000d6180000, 0x0000000100000000)
  eden space 8704K, 0% used [0x00000000d5580000,0x00000000d5580000,0x00000000d5e00000)
  from space 1024K, 65% used [0x00000000d6080000,0x00000000d6126af8,0x00000000d6180000)
  to   space 1536K, 0% used [0x00000000d5e80000,0x00000000d5e80000,0x00000000d6000000)
 ParOldGen       total 251904K, used 251489K [0x0000000080000000, 0x000000008f600000, 0x00000000d5580000)
  object space 251904K, 99% used [0x0000000080000000,0x000000008f598768,0x000000008f600000)
 Metaspace       used 68749K, committed 70272K, reserved 1114112K
  class space    used 7034K, committed 7744K, reserved 1048576K
}
Event: 39.671 GC heap before
{Heap before GC invocations=568 (full 3):
 PSYoungGen      total 9728K, used 9370K [0x00000000d5580000, 0x00000000d6180000, 0x0000000100000000)
  eden space 8704K, 100% used [0x00000000d5580000,0x00000000d5e00000,0x00000000d5e00000)
  from space 1024K, 65% used [0x00000000d6080000,0x00000000d6126af8,0x00000000d6180000)
  to   space 1536K, 0% used [0x00000000d5e80000,0x00000000d5e80000,0x00000000d6000000)
 ParOldGen       total 251904K, used 251491K [0x0000000080000000, 0x000000008f600000, 0x00000000d5580000)
  object space 251904K, 99% used [0x0000000080000000,0x000000008f598e90,0x000000008f600000)
 Metaspace       used 68975K, committed 70464K, reserved 1114112K
  class space    used 7055K, committed 7744K, reserved 1048576K
}
Event: 39.674 GC heap after
{Heap after GC invocations=568 (full 3):
 PSYoungGen      total 10240K, used 590K [0x00000000d5580000, 0x00000000d6100000, 0x0000000100000000)
  eden space 8704K, 0% used [0x00000000d5580000,0x00000000d5580000,0x00000000d5e00000)
  from space 1536K, 38% used [0x00000000d5e80000,0x00000000d5f13bd8,0x00000000d6000000)
  to   space 1024K, 0% used [0x00000000d6000000,0x00000000d6000000,0x00000000d6100000)
 ParOldGen       total 251904K, used 251850K [0x0000000080000000, 0x000000008f600000, 0x00000000d5580000)
  object space 251904K, 99% used [0x0000000080000000,0x000000008f5f28a0,0x000000008f600000)
 Metaspace       used 68975K, committed 70464K, reserved 1114112K
  class space    used 7055K, committed 7744K, reserved 1048576K
}
Event: 39.706 GC heap before
{Heap before GC invocations=569 (full 3):
 PSYoungGen      total 10240K, used 9294K [0x00000000d5580000, 0x00000000d6100000, 0x0000000100000000)
  eden space 8704K, 100% used [0x00000000d5580000,0x00000000d5e00000,0x00000000d5e00000)
  from space 1536K, 38% used [0x00000000d5e80000,0x00000000d5f13bd8,0x00000000d6000000)
  to   space 1024K, 0% used [0x00000000d6000000,0x00000000d6000000,0x00000000d6100000)
 ParOldGen       total 251904K, used 251850K [0x0000000080000000, 0x000000008f600000, 0x00000000d5580000)
  object space 251904K, 99% used [0x0000000080000000,0x000000008f5f28a0,0x000000008f600000)
 Metaspace       used 69012K, committed 70528K, reserved 1114112K
  class space    used 7063K, committed 7744K, reserved 1048576K
}
Event: 39.709 GC heap after
{Heap after GC invocations=569 (full 3):
 PSYoungGen      total 9728K, used 1014K [0x00000000d5580000, 0x00000000d6100000, 0x0000000100000000)
  eden space 8704K, 0% used [0x00000000d5580000,0x00000000d5580000,0x00000000d5e00000)
  from space 1024K, 99% used [0x00000000d6000000,0x00000000d60fd898,0x00000000d6100000)
  to   space 1536K, 0% used [0x00000000d5e00000,0x00000000d5e00000,0x00000000d5f80000)
 ParOldGen       total 252416K, used 252125K [0x0000000080000000, 0x000000008f680000, 0x00000000d5580000)
  object space 252416K, 99% used [0x0000000080000000,0x000000008f637770,0x000000008f680000)
 Metaspace       used 69012K, committed 70528K, reserved 1114112K
  class space    used 7063K, committed 7744K, reserved 1048576K
}
Event: 39.747 GC heap before
{Heap before GC invocations=570 (full 3):
 PSYoungGen      total 9728K, used 9718K [0x00000000d5580000, 0x00000000d6100000, 0x0000000100000000)
  eden space 8704K, 100% used [0x00000000d5580000,0x00000000d5e00000,0x00000000d5e00000)
  from space 1024K, 99% used [0x00000000d6000000,0x00000000d60fd898,0x00000000d6100000)
  to   space 1536K, 0% used [0x00000000d5e00000,0x00000000d5e00000,0x00000000d5f80000)
 ParOldGen       total 252416K, used 252125K [0x0000000080000000, 0x000000008f680000, 0x00000000d5580000)
  object space 252416K, 99% used [0x0000000080000000,0x000000008f637770,0x000000008f680000)
 Metaspace       used 69028K, committed 70528K, reserved 1114112K
  class space    used 7063K, committed 7744K, reserved 1048576K
}
Event: 39.750 GC heap after
{Heap after GC invocations=570 (full 3):
 PSYoungGen      total 10240K, used 740K [0x00000000d5580000, 0x00000000d6080000, 0x0000000100000000)
  eden space 8704K, 0% used [0x00000000d5580000,0x00000000d5580000,0x00000000d5e00000)
  from space 1536K, 48% used [0x00000000d5e00000,0x00000000d5eb9158,0x00000000d5f80000)
  to   space 1024K, 0% used [0x00000000d5f80000,0x00000000d5f80000,0x00000000d6080000)
 ParOldGen       total 253440K, used 253070K [0x0000000080000000, 0x000000008f780000, 0x00000000d5580000)
  object space 253440K, 99% used [0x0000000080000000,0x000000008f723a98,0x000000008f780000)
 Metaspace       used 69028K, committed 70528K, reserved 1114112K
  class space    used 7063K, committed 7744K, reserved 1048576K
}
Event: 39.779 GC heap before
{Heap before GC invocations=571 (full 3):
 PSYoungGen      total 10240K, used 9444K [0x00000000d5580000, 0x00000000d6080000, 0x0000000100000000)
  eden space 8704K, 100% used [0x00000000d5580000,0x00000000d5e00000,0x00000000d5e00000)
  from space 1536K, 48% used [0x00000000d5e00000,0x00000000d5eb9158,0x00000000d5f80000)
  to   space 1024K, 0% used [0x00000000d5f80000,0x00000000d5f80000,0x00000000d6080000)
 ParOldGen       total 253440K, used 253070K [0x0000000080000000, 0x000000008f780000, 0x00000000d5580000)
  object space 253440K, 99% used [0x0000000080000000,0x000000008f723a98,0x000000008f780000)
 Metaspace       used 69055K, committed 70656K, reserved 1114112K
  class space    used 7066K, committed 7808K, reserved 1048576K
}
Event: 39.782 GC heap after
{Heap after GC invocations=571 (full 3):
 PSYoungGen      total 9728K, used 716K [0x00000000d5580000, 0x00000000d6080000, 0x0000000100000000)
  eden space 8704K, 0% used [0x00000000d5580000,0x00000000d5580000,0x00000000d5e00000)
  from space 1024K, 69% used [0x00000000d5f80000,0x00000000d6033310,0x00000000d6080000)
  to   space 1024K, 0% used [0x00000000d5e80000,0x00000000d5e80000,0x00000000d5f80000)
 ParOldGen       total 253952K, used 253498K [0x0000000080000000, 0x000000008f800000, 0x00000000d5580000)
  object space 253952K, 99% used [0x0000000080000000,0x000000008f78e8c8,0x000000008f800000)
 Metaspace       used 69055K, committed 70656K, reserved 1114112K
  class space    used 7066K, committed 7808K, reserved 1048576K
}
Event: 39.818 GC heap before
{Heap before GC invocations=572 (full 3):
 PSYoungGen      total 9728K, used 9339K [0x00000000d5580000, 0x00000000d6080000, 0x0000000100000000)
  eden space 8704K, 99% used [0x00000000d5580000,0x00000000d5deb9b8,0x00000000d5e00000)
  from space 1024K, 69% used [0x00000000d5f80000,0x00000000d6033310,0x00000000d6080000)
  to   space 1024K, 0% used [0x00000000d5e80000,0x00000000d5e80000,0x00000000d5f80000)
 ParOldGen       total 253952K, used 253498K [0x0000000080000000, 0x000000008f800000, 0x00000000d5580000)
  object space 253952K, 99% used [0x0000000080000000,0x000000008f78e8c8,0x000000008f800000)
 Metaspace       used 69246K, committed 70784K, reserved 1114112K
  class space    used 7078K, committed 7808K, reserved 1048576K
}
Event: 39.820 GC heap after
{Heap after GC invocations=572 (full 3):
 PSYoungGen      total 9216K, used 503K [0x00000000d5580000, 0x00000000d6000000, 0x0000000100000000)
  eden space 8704K, 0% used [0x00000000d5580000,0x00000000d5580000,0x00000000d5e00000)
  from space 512K, 98% used [0x00000000d5e80000,0x00000000d5efdf00,0x00000000d5f00000)
  to   space 1024K, 0% used [0x00000000d5f00000,0x00000000d5f00000,0x00000000d6000000)
 ParOldGen       total 253952K, used 253674K [0x0000000080000000, 0x000000008f800000, 0x00000000d5580000)
  object space 253952K, 99% used [0x0000000080000000,0x000000008f7ba8c8,0x000000008f800000)
 Metaspace       used 69246K, committed 70784K, reserved 1114112K
  class space    used 7078K, committed 7808K, reserved 1048576K
}
Event: 39.867 GC heap before
{Heap before GC invocations=573 (full 3):
 PSYoungGen      total 9216K, used 9207K [0x00000000d5580000, 0x00000000d6000000, 0x0000000100000000)
  eden space 8704K, 100% used [0x00000000d5580000,0x00000000d5e00000,0x00000000d5e00000)
  from space 512K, 98% used [0x00000000d5e80000,0x00000000d5efdf00,0x00000000d5f00000)
  to   space 1024K, 0% used [0x00000000d5f00000,0x00000000d5f00000,0x00000000d6000000)
 ParOldGen       total 253952K, used 253674K [0x0000000080000000, 0x000000008f800000, 0x00000000d5580000)
  object space 253952K, 99% used [0x0000000080000000,0x000000008f7ba8c8,0x000000008f800000)
 Metaspace       used 69402K, committed 71040K, reserved 1114112K
  class space    used 7083K, committed 7808K, reserved 1048576K
}
Event: 39.870 GC heap after
{Heap after GC invocations=573 (full 3):
 PSYoungGen      total 9728K, used 841K [0x00000000d5580000, 0x00000000d6000000, 0x0000000100000000)
  eden space 8704K, 0% used [0x00000000d5580000,0x00000000d5580000,0x00000000d5e00000)
  from space 1024K, 82% used [0x00000000d5f00000,0x00000000d5fd2698,0x00000000d6000000)
  to   space 1024K, 0% used [0x00000000d5e00000,0x00000000d5e00000,0x00000000d5f00000)
 ParOldGen       total 253952K, used 253834K [0x0000000080000000, 0x000000008f800000, 0x00000000d5580000)
  object space 253952K, 99% used [0x0000000080000000,0x000000008f7e28c8,0x000000008f800000)
 Metaspace       used 69402K, committed 71040K, reserved 1114112K
  class space    used 7083K, committed 7808K, reserved 1048576K
}
Event: 39.926 GC heap before
{Heap before GC invocations=574 (full 3):
 PSYoungGen      total 9728K, used 9545K [0x00000000d5580000, 0x00000000d6000000, 0x0000000100000000)
  eden space 8704K, 100% used [0x00000000d5580000,0x00000000d5e00000,0x00000000d5e00000)
  from space 1024K, 82% used [0x00000000d5f00000,0x00000000d5fd2698,0x00000000d6000000)
  to   space 1024K, 0% used [0x00000000d5e00000,0x00000000d5e00000,0x00000000d5f00000)
 ParOldGen       total 253952K, used 253834K [0x0000000080000000, 0x000000008f800000, 0x00000000d5580000)
  object space 253952K, 99% used [0x0000000080000000,0x000000008f7e28c8,0x000000008f800000)
 Metaspace       used 69432K, committed 71040K, reserved 1114112K
  class space    used 7087K, committed 7808K, reserved 1048576K
}
Event: 39.928 GC heap after
{Heap after GC invocations=574 (full 3):
 PSYoungGen      total 9728K, used 1017K [0x00000000d5580000, 0x00000000d6200000, 0x0000000100000000)
  eden space 8704K, 0% used [0x00000000d5580000,0x00000000d5580000,0x00000000d5e00000)
  from space 1024K, 99% used [0x00000000d5e00000,0x00000000d5efe540,0x00000000d5f00000)
  to   space 2048K, 0% used [0x00000000d6000000,0x00000000d6000000,0x00000000d6200000)
 ParOldGen       total 254464K, used 254286K [0x0000000080000000, 0x000000008f880000, 0x00000000d5580000)
  object space 254464K, 99% used [0x0000000080000000,0x000000008f853950,0x000000008f880000)
 Metaspace       used 69432K, committed 71040K, reserved 1114112K
  class space    used 7087K, committed 7808K, reserved 1048576K
}
Event: 40.087 GC heap before
{Heap before GC invocations=575 (full 3):
 PSYoungGen      total 9728K, used 9721K [0x00000000d5580000, 0x00000000d6200000, 0x0000000100000000)
  eden space 8704K, 100% used [0x00000000d5580000,0x00000000d5e00000,0x00000000d5e00000)
  from space 1024K, 99% used [0x00000000d5e00000,0x00000000d5efe540,0x00000000d5f00000)
  to   space 2048K, 0% used [0x00000000d6000000,0x00000000d6000000,0x00000000d6200000)
 ParOldGen       total 254464K, used 254286K [0x0000000080000000, 0x000000008f880000, 0x00000000d5580000)
  object space 254464K, 99% used [0x0000000080000000,0x000000008f853950,0x000000008f880000)
 Metaspace       used 69841K, committed 71424K, reserved 1114112K
  class space    used 7125K, committed 7808K, reserved 1048576K
}
Event: 40.089 GC heap after
{Heap after GC invocations=575 (full 3):
 PSYoungGen      total 9728K, used 608K [0x00000000d5580000, 0x00000000d6100000, 0x0000000100000000)
  eden space 8704K, 0% used [0x00000000d5580000,0x00000000d5580000,0x00000000d5e00000)
  from space 1024K, 59% used [0x00000000d6000000,0x00000000d6098000,0x00000000d6100000)
  to   space 1024K, 0% used [0x00000000d5e00000,0x00000000d5e00000,0x00000000d5f00000)
 ParOldGen       total 254976K, used 254691K [0x0000000080000000, 0x000000008f900000, 0x00000000d5580000)
  object space 254976K, 99% used [0x0000000080000000,0x000000008f8b8f88,0x000000008f900000)
 Metaspace       used 69841K, committed 71424K, reserved 1114112K
  class space    used 7125K, committed 7808K, reserved 1048576K
}

Dll operation events (10 events):
Event: 0.016 Loaded shared library c:\Users\dhruv\.vscode\extensions\redhat.java-1.54.0-win32-x64\jre\21.0.10-win32-x86_64\bin\java.dll
Event: 0.110 Loaded shared library c:\Users\dhruv\.vscode\extensions\redhat.java-1.54.0-win32-x64\jre\21.0.10-win32-x86_64\bin\zip.dll
Event: 0.131 Loaded shared library C:\Users\dhruv\.vscode\extensions\redhat.java-1.54.0-win32-x64\jre\21.0.10-win32-x86_64\bin\instrument.dll
Event: 0.137 Loaded shared library C:\Users\dhruv\.vscode\extensions\redhat.java-1.54.0-win32-x64\jre\21.0.10-win32-x86_64\bin\net.dll
Event: 0.140 Loaded shared library C:\Users\dhruv\.vscode\extensions\redhat.java-1.54.0-win32-x64\jre\21.0.10-win32-x86_64\bin\nio.dll
Event: 0.144 Loaded shared library C:\Users\dhruv\.vscode\extensions\redhat.java-1.54.0-win32-x64\jre\21.0.10-win32-x86_64\bin\zip.dll
Event: 0.161 Loaded shared library C:\Users\dhruv\.vscode\extensions\redhat.java-1.54.0-win32-x64\jre\21.0.10-win32-x86_64\bin\jimage.dll
Event: 0.208 Loaded shared library c:\Users\dhruv\.vscode\extensions\redhat.java-1.54.0-win32-x64\jre\21.0.10-win32-x86_64\bin\verify.dll
Event: 0.972 Loaded shared library C:\Users\dhruv\AppData\Roaming\Code\User\globalStorage\redhat.java\1.54.0\config_win\org.eclipse.equinox.launcher\org.eclipse.equinox.launcher.win32.win32.x86_64_1.3.0.v20260203-2149\eclipse_11919.dll
Event: 5.306 Loaded shared library C:\Users\dhruv\AppData\Local\Temp\jna-95563663\jna6471649857631848666.dll

Deoptimization events (20 events):
Event: 308.978 Thread 0x000001f268d4c360 Uncommon trap: trap_request=0xffffffc6 fr.pc=0x000001f255eb2bc4 relative=0x00000000000009c4
Event: 308.978 Thread 0x000001f268d4c360 Uncommon trap: reason=bimorphic_or_optimized_type_check action=maybe_recompile pc=0x000001f255eb2bc4 method=java.io.DataOutputStream.writeInt(I)V @ 19 c2
Event: 308.978 Thread 0x000001f268d4c360 DEOPT PACKING pc=0x000001f255eb2bc4 sp=0x000000d6dd2fe6d0
Event: 308.978 Thread 0x000001f268d4c360 DEOPT UNPACKING pc=0x000001f254f93aa2 sp=0x000000d6dd2fe6c8 mode 2
Event: 308.978 Thread 0x000001f268d4c360 Uncommon trap: trap_request=0xffffffde fr.pc=0x000001f255ea37bc relative=0x000000000000089c
Event: 308.978 Thread 0x000001f268d4c360 Uncommon trap: reason=class_check action=maybe_recompile pc=0x000001f255ea37bc method=java.io.DataOutputStream.write([BII)V @ 7 c2
Event: 308.978 Thread 0x000001f268d4c360 DEOPT PACKING pc=0x000001f255ea37bc sp=0x000000d6dd2fe810
Event: 308.978 Thread 0x000001f268d4c360 DEOPT UNPACKING pc=0x000001f254f93aa2 sp=0x000000d6dd2fe730 mode 2
Event: 309.407 Thread 0x000001f268d4c360 Uncommon trap: trap_request=0xffffff45 fr.pc=0x000001f256009764 relative=0x00000000000007e4
Event: 309.407 Thread 0x000001f268d4c360 Uncommon trap: reason=unstable_if action=reinterpret pc=0x000001f256009764 method=java.io.InputStream.read([BII)I @ 52 c2
Event: 309.407 Thread 0x000001f268d4c360 DEOPT PACKING pc=0x000001f256009764 sp=0x000000d6dd2fe9f0
Event: 309.407 Thread 0x000001f268d4c360 DEOPT UNPACKING pc=0x000001f254f93aa2 sp=0x000000d6dd2fe980 mode 2
Event: 309.407 Thread 0x000001f268d4c360 Uncommon trap: trap_request=0xffffffc6 fr.pc=0x000001f255bf5f08 relative=0x0000000000004ba8
Event: 309.407 Thread 0x000001f268d4c360 Uncommon trap: reason=bimorphic_or_optimized_type_check action=maybe_recompile pc=0x000001f255bf5f08 method=java.util.Properties.load0(Ljava/util/Properties$LineReader;)V @ 241 c2
Event: 309.407 Thread 0x000001f268d4c360 DEOPT PACKING pc=0x000001f255bf5f08 sp=0x000000d6dd2feb30
Event: 309.407 Thread 0x000001f268d4c360 DEOPT UNPACKING pc=0x000001f254f93aa2 sp=0x000000d6dd2feb60 mode 2
Event: 309.409 Thread 0x000001f268d4c360 Uncommon trap: trap_request=0xffffffc6 fr.pc=0x000001f255b0b9e4 relative=0x0000000000004f84
Event: 309.409 Thread 0x000001f268d4c360 Uncommon trap: reason=bimorphic_or_optimized_type_check action=maybe_recompile pc=0x000001f255b0b9e4 method=java.util.Properties.load0(Ljava/util/Properties$LineReader;)V @ 241 c2
Event: 309.409 Thread 0x000001f268d4c360 DEOPT PACKING pc=0x000001f255b0b9e4 sp=0x000000d6dd2feb30
Event: 309.409 Thread 0x000001f268d4c360 DEOPT UNPACKING pc=0x000001f254f93aa2 sp=0x000000d6dd2feb60 mode 2

Classes loaded (20 events):
Event: 308.446 Loading class java/util/stream/Nodes$CollectorTask$OfRef
Event: 308.448 Loading class java/util/stream/Nodes$CollectorTask
Event: 308.451 Loading class java/util/stream/Nodes$CollectorTask done
Event: 308.451 Loading class java/util/stream/Nodes$CollectorTask$OfRef done
Event: 308.460 Loading class java/util/function/LongFunction
Event: 308.460 Loading class java/util/function/LongFunction done
Event: 308.462 Loading class java/util/stream/Nodes$ConcNode
Event: 308.462 Loading class java/util/stream/Nodes$AbstractConcNode
Event: 308.462 Loading class java/util/stream/Nodes$AbstractConcNode done
Event: 308.462 Loading class java/util/stream/Nodes$ConcNode done
Event: 308.585 Loading class java/util/stream/Nodes$ToArrayTask$OfRef
Event: 308.587 Loading class java/util/stream/Nodes$ToArrayTask
Event: 308.589 Loading class java/util/stream/Nodes$ToArrayTask done
Event: 308.589 Loading class java/util/stream/Nodes$ToArrayTask$OfRef done
Event: 308.616 Loading class java/io/ObjectOutputStream$BlockDataOutputStream
Event: 308.618 Loading class java/io/ObjectOutputStream$BlockDataOutputStream done
Event: 308.618 Loading class java/io/ObjectOutputStream$HandleTable
Event: 308.620 Loading class java/io/ObjectOutputStream$HandleTable done
Event: 308.620 Loading class java/io/ObjectOutputStream$ReplaceTable
Event: 308.620 Loading class java/io/ObjectOutputStream$ReplaceTable done

Classes unloaded (7 events):
Event: 6.444 Thread 0x000001f24a7a4480 Unloading class 0x000001f2011acc00 'java/lang/invoke/LambdaForm$MH+0x000001f2011acc00'
Event: 6.445 Thread 0x000001f24a7a4480 Unloading class 0x000001f2011ac800 'java/lang/invoke/LambdaForm$MH+0x000001f2011ac800'
Event: 6.445 Thread 0x000001f24a7a4480 Unloading class 0x000001f2011ac400 'java/lang/invoke/LambdaForm$MH+0x000001f2011ac400'
Event: 6.445 Thread 0x000001f24a7a4480 Unloading class 0x000001f2011ac000 'java/lang/invoke/LambdaForm$MH+0x000001f2011ac000'
Event: 6.445 Thread 0x000001f24a7a4480 Unloading class 0x000001f2011abc00 'java/lang/invoke/LambdaForm$BMH+0x000001f2011abc00'
Event: 6.445 Thread 0x000001f24a7a4480 Unloading class 0x000001f2011ab800 'java/lang/invoke/LambdaForm$DMH+0x000001f2011ab800'
Event: 6.445 Thread 0x000001f24a7a4480 Unloading class 0x000001f2011aa400 'java/lang/invoke/LambdaForm$DMH+0x000001f2011aa400'

Classes redefined (0 events):
No events

Internal exceptions (20 events):
Event: 39.719 Thread 0x000001f26afab1b0 Implicit null exception at 0x000001f255f27053 to 0x000001f255f2bb08
Event: 39.783 Thread 0x000001f26afab1b0 Implicit null exception at 0x000001f2560becb3 to 0x000001f2560bfc08
Event: 39.852 Thread 0x000001f26afab1b0 Exception <a 'java/lang/NoSuchMethodError'{0x00000000d5a13668}: 'int java.lang.invoke.Invokers$Holder.invokeExact_MT(java.lang.Object, java.lang.Object)'> (0x00000000d5a13668) 
thrown [s\src\hotspot\share\interpreter\linkResolver.cpp, line 773]
Event: 308.503 Thread 0x000001f268d4c360 Exception <a 'sun/nio/fs/WindowsException'{0x00000000d5ab9500}> (0x00000000d5ab9500) 
thrown [s\src\hotspot\share\prims\jni.cpp, line 520]
Event: 308.503 Thread 0x000001f268d4c360 Exception <a 'sun/nio/fs/WindowsException'{0x00000000d5aba088}> (0x00000000d5aba088) 
thrown [s\src\hotspot\share\prims\jni.cpp, line 520]
Event: 308.524 Thread 0x000001f268d4c360 Exception <a 'sun/nio/fs/WindowsException'{0x00000000d5acd4d8}> (0x00000000d5acd4d8) 
thrown [s\src\hotspot\share\prims\jni.cpp, line 520]
Event: 308.524 Thread 0x000001f268d4c360 Exception <a 'sun/nio/fs/WindowsException'{0x00000000d5acdfe0}> (0x00000000d5acdfe0) 
thrown [s\src\hotspot\share\prims\jni.cpp, line 520]
Event: 308.534 Thread 0x000001f268d4c360 Exception <a 'sun/nio/fs/WindowsException'{0x00000000d5ad2318}> (0x00000000d5ad2318) 
thrown [s\src\hotspot\share\prims\jni.cpp, line 520]
Event: 308.534 Thread 0x000001f268d4c360 Exception <a 'sun/nio/fs/WindowsException'{0x00000000d5ad2e70}> (0x00000000d5ad2e70) 
thrown [s\src\hotspot\share\prims\jni.cpp, line 520]
Event: 308.546 Thread 0x000001f268d4c360 Exception <a 'sun/nio/fs/WindowsException'{0x00000000d5ad4870}> (0x00000000d5ad4870) 
thrown [s\src\hotspot\share\prims\jni.cpp, line 520]
Event: 308.546 Thread 0x000001f268d4c360 Exception <a 'sun/nio/fs/WindowsException'{0x00000000d5ad55f0}> (0x00000000d5ad55f0) 
thrown [s\src\hotspot\share\prims\jni.cpp, line 520]
Event: 308.551 Thread 0x000001f268d4c360 Exception <a 'sun/nio/fs/WindowsException'{0x00000000d5ad7db0}> (0x00000000d5ad7db0) 
thrown [s\src\hotspot\share\prims\jni.cpp, line 520]
Event: 308.551 Thread 0x000001f268d4c360 Exception <a 'sun/nio/fs/WindowsException'{0x00000000d5ad8910}> (0x00000000d5ad8910) 
thrown [s\src\hotspot\share\prims\jni.cpp, line 520]
Event: 308.555 Thread 0x000001f268d4c360 Exception <a 'sun/nio/fs/WindowsException'{0x00000000d5adbab8}> (0x00000000d5adbab8) 
thrown [s\src\hotspot\share\prims\jni.cpp, line 520]
Event: 308.555 Thread 0x000001f268d4c360 Exception <a 'sun/nio/fs/WindowsException'{0x00000000d5adc5f0}> (0x00000000d5adc5f0) 
thrown [s\src\hotspot\share\prims\jni.cpp, line 520]
Event: 308.565 Thread 0x000001f268d4c360 Exception <a 'sun/nio/fs/WindowsException'{0x00000000d5ae3ea8}> (0x00000000d5ae3ea8) 
thrown [s\src\hotspot\share\prims\jni.cpp, line 520]
Event: 308.565 Thread 0x000001f268d4c360 Exception <a 'sun/nio/fs/WindowsException'{0x00000000d5ae49f8}> (0x00000000d5ae49f8) 
thrown [s\src\hotspot\share\prims\jni.cpp, line 520]
Event: 308.568 Thread 0x000001f268d4c360 Implicit null exception at 0x000001f255518706 to 0x000001f255518a80
Event: 308.818 Thread 0x000001f268d4c360 Exception <a 'java/lang/NoSuchMethodError'{0x00000000d5c422a8}: static [J.<clinit>()V> (0x00000000d5c422a8) 
thrown [s\src\hotspot\share\prims\jni.cpp, line 1111]
Event: 309.133 Thread 0x000001f268d4c360 Exception <a 'java/lang/NoSuchMethodError'{0x00000000d5cb4d50}: 'java.lang.Object java.lang.invoke.DirectMethodHandle$Holder.newInvokeSpecial(java.lang.Object, java.lang.Object, java.lang.Object, java.lang.Object, java.lang.Object, java.lang.Object, java.lang.Object, java.lang.Object)'> (0x00000000d5cb4d50) 
thrown [s\src\hotspot\share\interpreter\linkResolver.cpp, line 773]

ZGC Phase Switch (0 events):
No events

VM Operations (20 events):
Event: 281.002 Executing safepoint VM operation: Cleanup
Event: 281.002 Executing safepoint VM operation: Cleanup done
Event: 306.172 Executing safepoint VM operation: Cleanup
Event: 306.172 Executing safepoint VM operation: Cleanup done
Event: 308.459 Executing non-safepoint VM operation: HandshakeAllThreads (Deoptimize)
Event: 308.459 Executing non-safepoint VM operation: HandshakeAllThreads (Deoptimize) done
Event: 308.459 Executing safepoint VM operation: Cleanup
Event: 308.460 Executing safepoint VM operation: Cleanup done
Event: 308.931 Executing non-safepoint VM operation: HandshakeAllThreads (Deoptimize)
Event: 308.931 Executing non-safepoint VM operation: HandshakeAllThreads (Deoptimize) done
Event: 309.363 Executing non-safepoint VM operation: HandshakeAllThreads (Deoptimize)
Event: 309.364 Executing non-safepoint VM operation: HandshakeAllThreads (Deoptimize) done
Event: 310.372 Executing safepoint VM operation: Cleanup
Event: 310.372 Executing safepoint VM operation: Cleanup done
Event: 331.585 Executing safepoint VM operation: Cleanup
Event: 331.585 Executing safepoint VM operation: Cleanup done
Event: 360.329 Executing non-safepoint VM operation: HandshakeAllThreads (HandshakeForDeflation)
Event: 360.329 Executing non-safepoint VM operation: HandshakeAllThreads (HandshakeForDeflation) done
Event: 360.329 Executing non-safepoint VM operation: RendezvousGCThreads
Event: 360.329 Executing non-safepoint VM operation: RendezvousGCThreads done

Memory protections (0 events):
No events

Nmethod flushes (20 events):
Event: 17.806 Thread 0x000001f24a7a4480 flushing  nmethod 0x000001f24e4c4110
Event: 17.806 Thread 0x000001f24a7a4480 flushing  nmethod 0x000001f24e4c5690
Event: 17.806 Thread 0x000001f24a7a4480 flushing  nmethod 0x000001f24e4d6e90
Event: 17.806 Thread 0x000001f24a7a4480 flushing  nmethod 0x000001f24e4d7410
Event: 17.806 Thread 0x000001f24a7a4480 flushing  nmethod 0x000001f24e4d8190
Event: 17.806 Thread 0x000001f24a7a4480 flushing  nmethod 0x000001f24e4d8590
Event: 17.806 Thread 0x000001f24a7a4480 flushing  nmethod 0x000001f24e4d8910
Event: 17.806 Thread 0x000001f24a7a4480 flushing  nmethod 0x000001f24e4d8d90
Event: 17.806 Thread 0x000001f24a7a4480 flushing  nmethod 0x000001f24e4d9310
Event: 17.806 Thread 0x000001f24a7a4480 flushing  nmethod 0x000001f24e4d9810
Event: 17.806 Thread 0x000001f24a7a4480 flushing  nmethod 0x000001f24e4db690
Event: 17.806 Thread 0x000001f24a7a4480 flushing  nmethod 0x000001f24e4dfe90
Event: 17.806 Thread 0x000001f24a7a4480 flushing  nmethod 0x000001f24e4f9290
Event: 17.806 Thread 0x000001f24a7a4480 flushing  nmethod 0x000001f24e4fc990
Event: 17.806 Thread 0x000001f24a7a4480 flushing  nmethod 0x000001f24e500810
Event: 17.806 Thread 0x000001f24a7a4480 flushing  nmethod 0x000001f24e509810
Event: 17.806 Thread 0x000001f24a7a4480 flushing  nmethod 0x000001f24e50ce90
Event: 17.806 Thread 0x000001f24a7a4480 flushing  nmethod 0x000001f24e50d490
Event: 17.806 Thread 0x000001f24a7a4480 flushing  nmethod 0x000001f24e50da10
Event: 17.806 Thread 0x000001f24a7a4480 flushing  nmethod 0x000001f24e50de10

Events (20 events):
Event: 331.945 Thread 0x000001f26bfe8300 Thread exited: 0x000001f26bfe8300
Event: 331.960 Thread 0x000001f275687bf0 Thread exited: 0x000001f275687bf0
Event: 331.961 Thread 0x000001f27568bd90 Thread exited: 0x000001f27568bd90
Event: 332.023 Thread 0x000001f275688910 Thread exited: 0x000001f275688910
Event: 332.039 Thread 0x000001f26bfe5ba0 Thread exited: 0x000001f26bfe5ba0
Event: 332.040 Thread 0x000001f27568b700 Thread exited: 0x000001f27568b700
Event: 332.054 Thread 0x000001f27568d140 Thread exited: 0x000001f27568d140
Event: 332.193 Thread 0x000001f275687560 Thread exited: 0x000001f275687560
Event: 340.205 Thread 0x000001f26afab840 Thread exited: 0x000001f26afab840
Event: 391.323 Thread 0x000001f26bfe4160 Thread exited: 0x000001f26bfe4160
Event: 400.221 Thread 0x000001f26afac560 Thread exited: 0x000001f26afac560
Event: 451.326 Thread 0x000001f26bfe7c70 Thread exited: 0x000001f26bfe7c70
Event: 460.230 Thread 0x000001f26afa90e0 Thread exited: 0x000001f26afa90e0
Event: 511.338 Thread 0x000001f26bfea3d0 Thread exited: 0x000001f26bfea3d0
Event: 520.241 Thread 0x000001f26afa83c0 Thread exited: 0x000001f26afa83c0
Event: 571.347 Thread 0x000001f26bfe6f50 Thread exited: 0x000001f26bfe6f50
Event: 580.249 Thread 0x000001f26afa5c60 Thread exited: 0x000001f26afa5c60
Event: 631.361 Thread 0x000001f26bfeaa60 Thread exited: 0x000001f26bfeaa60
Event: 640.257 Thread 0x000001f26afaab20 Thread exited: 0x000001f26afaab20
Event: 691.371 Thread 0x000001f26bfe9020 Thread exited: 0x000001f26bfe9020


Dynamic libraries:
0x00007ff7a49d0000 - 0x00007ff7a49de000 	c:\Users\dhruv\.vscode\extensions\redhat.java-1.54.0-win32-x64\jre\21.0.10-win32-x86_64\bin\java.exe
0x00007ff88ca80000 - 0x00007ff88cce7000 	C:\Windows\SYSTEM32\ntdll.dll
0x00007ff88c130000 - 0x00007ff88c1f9000 	C:\Windows\System32\KERNEL32.DLL
0x00007ff88a2a0000 - 0x00007ff88a694000 	C:\Windows\System32\KERNELBASE.dll
0x00007ff88a150000 - 0x00007ff88a29b000 	C:\Windows\System32\ucrtbase.dll
0x00007ff883f80000 - 0x00007ff883f98000 	c:\Users\dhruv\.vscode\extensions\redhat.java-1.54.0-win32-x64\jre\21.0.10-win32-x86_64\bin\jli.dll
0x00007ff88b000000 - 0x00007ff88b1c5000 	C:\Windows\System32\USER32.dll
0x00007ff8894d0000 - 0x00007ff8894f7000 	C:\Windows\System32\win32u.dll
0x00007ff88bd00000 - 0x00007ff88bd2b000 	C:\Windows\System32\GDI32.dll
0x00007ff889500000 - 0x00007ff88962b000 	C:\Windows\System32\gdi32full.dll
0x00007ff8896f0000 - 0x00007ff889793000 	C:\Windows\System32\msvcp_win.dll
0x00007ff883f60000 - 0x00007ff883f7e000 	c:\Users\dhruv\.vscode\extensions\redhat.java-1.54.0-win32-x64\jre\21.0.10-win32-x86_64\bin\VCRUNTIME140.dll
0x00007ff86ab00000 - 0x00007ff86ad93000 	C:\Windows\WinSxS\amd64_microsoft.windows.common-controls_6595b64144ccf1df_6.0.26100.8115_none_3e075c82e3354f9c\COMCTL32.dll
0x00007ff88c940000 - 0x00007ff88c9e9000 	C:\Windows\System32\msvcrt.dll
0x00007ff88c900000 - 0x00007ff88c932000 	C:\Windows\System32\IMM32.DLL
0x00007ff875810000 - 0x00007ff87581c000 	c:\Users\dhruv\.vscode\extensions\redhat.java-1.54.0-win32-x64\jre\21.0.10-win32-x86_64\bin\vcruntime140_1.dll
0x00007ff83bc20000 - 0x00007ff83bcad000 	c:\Users\dhruv\.vscode\extensions\redhat.java-1.54.0-win32-x64\jre\21.0.10-win32-x86_64\bin\msvcp140.dll
0x00007fff8ee40000 - 0x00007fff8fbe1000 	c:\Users\dhruv\.vscode\extensions\redhat.java-1.54.0-win32-x64\jre\21.0.10-win32-x86_64\bin\server\jvm.dll
0x00007ff88c010000 - 0x00007ff88c0c6000 	C:\Windows\System32\ADVAPI32.dll
0x00007ff88bf60000 - 0x00007ff88c007000 	C:\Windows\System32\sechost.dll
0x00007ff88bd30000 - 0x00007ff88be48000 	C:\Windows\System32\RPCRT4.dll
0x00007ff88b950000 - 0x00007ff88b9d0000 	C:\Windows\System32\WS2_32.dll
0x00007ff8891d0000 - 0x00007ff88922e000 	C:\Windows\SYSTEM32\POWRPROF.dll
0x00007ff87ecb0000 - 0x00007ff87ece6000 	C:\Windows\SYSTEM32\WINMM.dll
0x00007ff86c130000 - 0x00007ff86c13b000 	C:\Windows\SYSTEM32\VERSION.dll
0x00007ff8891b0000 - 0x00007ff8891c4000 	C:\Windows\SYSTEM32\UMPDC.dll
0x00007ff8880b0000 - 0x00007ff8880cb000 	C:\Windows\SYSTEM32\kernel.appcore.dll
0x00007ff86ed30000 - 0x00007ff86ed3a000 	c:\Users\dhruv\.vscode\extensions\redhat.java-1.54.0-win32-x64\jre\21.0.10-win32-x86_64\bin\jimage.dll
0x00007ff887250000 - 0x00007ff887492000 	C:\Windows\SYSTEM32\DBGHELP.DLL
0x00007ff88c4e0000 - 0x00007ff88c862000 	C:\Windows\System32\combase.dll
0x00007ff88c230000 - 0x00007ff88c308000 	C:\Windows\System32\OLEAUT32.dll
0x00007ff86a440000 - 0x00007ff86a47b000 	C:\Windows\SYSTEM32\dbgcore.DLL
0x00007ff88a0a0000 - 0x00007ff88a145000 	C:\Windows\System32\bcryptPrimitives.dll
0x00007ff86ecc0000 - 0x00007ff86eccf000 	c:\Users\dhruv\.vscode\extensions\redhat.java-1.54.0-win32-x64\jre\21.0.10-win32-x86_64\bin\instrument.dll
0x00007ff86eb20000 - 0x00007ff86eb40000 	c:\Users\dhruv\.vscode\extensions\redhat.java-1.54.0-win32-x64\jre\21.0.10-win32-x86_64\bin\java.dll
0x00007ff88b1e0000 - 0x00007ff88b947000 	C:\Windows\System32\SHELL32.dll
0x00007ff88a6a0000 - 0x00007ff88a80a000 	C:\Windows\System32\wintypes.dll
0x00007ff889830000 - 0x00007ff88a098000 	C:\Windows\System32\windows.storage.dll
0x00007ff88af00000 - 0x00007ff88aff8000 	C:\Windows\System32\SHCORE.dll
0x00007ff88c470000 - 0x00007ff88c4d6000 	C:\Windows\System32\shlwapi.dll
0x00007ff889270000 - 0x00007ff889299000 	C:\Windows\SYSTEM32\profapi.dll
0x00007ff861b20000 - 0x00007ff861b38000 	c:\Users\dhruv\.vscode\extensions\redhat.java-1.54.0-win32-x64\jre\21.0.10-win32-x86_64\bin\zip.dll
0x00007ff85c5a0000 - 0x00007ff85c5b0000 	C:\Users\dhruv\.vscode\extensions\redhat.java-1.54.0-win32-x64\jre\21.0.10-win32-x86_64\bin\net.dll
0x00007ff8786b0000 - 0x00007ff8787dd000 	C:\Windows\SYSTEM32\WINHTTP.dll
0x00007ff888600000 - 0x00007ff88866c000 	C:\Windows\system32\mswsock.dll
0x00007ff85c340000 - 0x00007ff85c356000 	C:\Users\dhruv\.vscode\extensions\redhat.java-1.54.0-win32-x64\jre\21.0.10-win32-x86_64\bin\nio.dll
0x00007ff86eb10000 - 0x00007ff86eb20000 	c:\Users\dhruv\.vscode\extensions\redhat.java-1.54.0-win32-x64\jre\21.0.10-win32-x86_64\bin\verify.dll
0x00007ff84afd0000 - 0x00007ff84b015000 	C:\Users\dhruv\AppData\Roaming\Code\User\globalStorage\redhat.java\1.54.0\config_win\org.eclipse.equinox.launcher\org.eclipse.equinox.launcher.win32.win32.x86_64_1.3.0.v20260203-2149\eclipse_11919.dll
0x00007ff88a890000 - 0x00007ff88aa27000 	C:\Windows\System32\ole32.dll
0x00007ff8888b0000 - 0x00007ff8888cb000 	C:\Windows\SYSTEM32\CRYPTSP.dll
0x00007ff888010000 - 0x00007ff888049000 	C:\Windows\system32\rsaenh.dll
0x00007ff8886b0000 - 0x00007ff8886e3000 	C:\Windows\SYSTEM32\USERENV.dll
0x00007ff889240000 - 0x00007ff88926a000 	C:\Windows\SYSTEM32\bcrypt.dll
0x00007ff8888a0000 - 0x00007ff8888ac000 	C:\Windows\SYSTEM32\CRYPTBASE.dll
0x00007ff887b40000 - 0x00007ff887b72000 	C:\Windows\SYSTEM32\IPHLPAPI.DLL
0x00007ff88bf50000 - 0x00007ff88bf5a000 	C:\Windows\System32\NSI.dll
0x00007ff837f60000 - 0x00007ff837fa9000 	C:\Users\dhruv\AppData\Local\Temp\jna-95563663\jna6471649857631848666.dll
0x00007ff88aef0000 - 0x00007ff88aef8000 	C:\Windows\System32\PSAPI.DLL
0x00007ff87eb00000 - 0x00007ff87eb1d000 	C:\Windows\SYSTEM32\dhcpcsvc6.DLL
0x00007ff87ea30000 - 0x00007ff87ea55000 	C:\Windows\SYSTEM32\dhcpcsvc.DLL
0x00007ff8881d0000 - 0x00007ff888206000 	C:\Windows\SYSTEM32\ntmarta.dll

JVMTI agents:
c:\Users\dhruv\.vscode\extensions\redhat.java-1.54.0-win32-x64\lombok\lombok-1.18.39-4050.jar path:c:\Users\dhruv\.vscode\extensions\redhat.java-1.54.0-win32-x64\jre\21.0.10-win32-x86_64\bin\instrument.dll, loaded, initialized, instrumentlib options:none

dbghelp: loaded successfully - version: 4.0.5 - missing functions: none
symbol engine: initialized successfully - sym options: 0x614 - pdb path: .;c:\Users\dhruv\.vscode\extensions\redhat.java-1.54.0-win32-x64\jre\21.0.10-win32-x86_64\bin;C:\Windows\SYSTEM32;C:\Windows\WinSxS\amd64_microsoft.windows.common-controls_6595b64144ccf1df_6.0.26100.8115_none_3e075c82e3354f9c;c:\Users\dhruv\.vscode\extensions\redhat.java-1.54.0-win32-x64\jre\21.0.10-win32-x86_64\bin\server;C:\Users\dhruv\AppData\Roaming\Code\User\globalStorage\redhat.java\1.54.0\config_win\org.eclipse.equinox.launcher\org.eclipse.equinox.launcher.win32.win32.x86_64_1.3.0.v20260203-2149;C:\Users\dhruv\AppData\Local\Temp\jna-95563663

VM Arguments:
jvm_args: --add-modules=ALL-SYSTEM --add-opens=java.base/java.util=ALL-UNNAMED --add-opens=java.base/java.lang=ALL-UNNAMED --add-opens=java.base/sun.nio.fs=ALL-UNNAMED -Declipse.application=org.eclipse.jdt.ls.core.id1 -Dosgi.bundles.defaultStartLevel=4 -Declipse.product=org.eclipse.jdt.ls.core.product -Djava.import.generatesMetadataFilesAtProjectRoot=false -DDetectVMInstallationsJob.disabled=true -Dfile.encoding=utf8 -XX:+UseParallelGC -XX:GCTimeRatio=4 -XX:AdaptiveSizePolicyWeight=90 -Dsun.zip.disableMemoryMapping=true -Xmx2G -Xms100m -Xlog:disable -javaagent:c:\Users\dhruv\.vscode\extensions\redhat.java-1.54.0-win32-x64\lombok\lombok-1.18.39-4050.jar -XX:+HeapDumpOnOutOfMemoryError -XX:HeapDumpPath=c:\Users\dhruv\AppData\Roaming\Code\User\workspaceStorage\46eeb03a52e31514c3fed23288b69850\redhat.java -Daether.dependencyCollector.impl=bf 
java_command: c:\Users\dhruv\.vscode\extensions\redhat.java-1.54.0-win32-x64\server\plugins\org.eclipse.equinox.launcher_1.7.100.v20251111-0406.jar -configuration c:\Users\dhruv\AppData\Roaming\Code\User\globalStorage\redhat.java\1.54.0\config_win -data c:\Users\dhruv\AppData\Roaming\Code\User\workspaceStorage\46eeb03a52e31514c3fed23288b69850\redhat.java\jdt_ws --pipe=\\.\pipe\lsp-5e73331d167fb220064d44aec55695b0-sock
java_class_path (initial): c:\Users\dhruv\.vscode\extensions\redhat.java-1.54.0-win32-x64\server\plugins\org.eclipse.equinox.launcher_1.7.100.v20251111-0406.jar
Launcher Type: SUN_STANDARD

[Global flags]
    uintx AdaptiveSizePolicyWeight                 = 90                                        {product} {command line}
     intx CICompilerCount                          = 4                                         {product} {ergonomic}
    uintx GCTimeRatio                              = 4                                         {product} {command line}
     bool HeapDumpOnOutOfMemoryError               = true                                   {manageable} {command line}
    ccstr HeapDumpPath                             = c:\Users\dhruv\AppData\Roaming\Code\User\workspaceStorage\46eeb03a52e31514c3fed23288b69850\redhat.java         {manageable} {command line}
   size_t InitialHeapSize                          = 104857600                                 {product} {command line}
   size_t MaxHeapSize                              = 2147483648                                {product} {command line}
   size_t MaxNewSize                               = 715653120                                 {product} {ergonomic}
   size_t MinHeapDeltaBytes                        = 524288                                    {product} {ergonomic}
   size_t MinHeapSize                              = 104857600                                 {product} {command line}
   size_t NewSize                                  = 34603008                                  {product} {ergonomic}
    uintx NonNMethodCodeHeapSize                   = 5839372                                {pd product} {ergonomic}
    uintx NonProfiledCodeHeapSize                  = 122909434                              {pd product} {ergonomic}
   size_t OldSize                                  = 70254592                                  {product} {ergonomic}
    uintx ProfiledCodeHeapSize                     = 122909434                              {pd product} {ergonomic}
    uintx ReservedCodeCacheSize                    = 251658240                              {pd product} {ergonomic}
     bool SegmentedCodeCache                       = true                                      {product} {ergonomic}
   size_t SoftMaxHeapSize                          = 2147483648                             {manageable} {ergonomic}
     bool UseCompressedOops                        = true                           {product lp64_product} {ergonomic}
     bool UseLargePagesIndividualAllocation        = false                                  {pd product} {ergonomic}
     bool UseParallelGC                            = true                                      {product} {command line}

Logging:
Log output configuration:
 #0: stdout all=off uptime,level,tags foldmultilines=false
 #1: stderr all=off uptime,level,tags foldmultilines=false

Release file:
JAVA_VERSION="21.0.10" 
MODULES="java.base java.compiler java.datatransfer java.xml java.prefs java.desktop java.instrument java.logging java.management java.security.sasl java.naming java.rmi java.management.rmi java.net.http java.scripting java.security.jgss java.transaction.xa java.sql java.sql.rowset java.xml.crypto java.se java.smartcardio jdk.accessibility jdk.internal.jvmstat jdk.attach jdk.charsets jdk.internal.opt jdk.zipfs jdk.compiler jdk.crypto.ec jdk.crypto.cryptoki jdk.crypto.mscapi jdk.dynalink jdk.internal.ed jdk.editpad jdk.hotspot.agent jdk.httpserver jdk.internal.le jdk.internal.vm.ci jdk.internal.vm.compiler jdk.internal.vm.compiler.management jdk.jartool jdk.javadoc jdk.jcmd jdk.management jdk.management.agent jdk.jconsole jdk.jdeps jdk.jdwp.agent jdk.jdi jdk.jfr jdk.jshell jdk.jsobject jdk.jstatd jdk.localedata jdk.management.jfr jdk.naming.dns jdk.naming.rmi jdk.net jdk.nio.mapmode jdk.random jdk.sctp jdk.security.auth jdk.security.jgss jdk.unsupported jdk.unsupported.desktop jdk.xml.dom" 

Environment Variables:
PATH=C:\Users\dhruv\AppData\Local\Programs\Microsoft VS Code;C:\Program Files\Common Files\Oracle\Java\javapath;C:\Windows\system32;C:\Windows;C:\Windows\System32\Wbem;C:\Windows\System32\WindowsPowerShell\v1.0\;C:\Windows\System32\OpenSSH\;C:\Program Files\nodejs\;C:\Program Files\Git\cmd;C:\Program Files\MongoDB\Server\8.0\bin;C:\Program Files\MySQL\MySQL Server 8.0\bin;C:\Users\dhruv\Downloads\gradle-8.14.3\bin;C:\Program Files\Docker\Docker\resources\bin;C:\Program Files\Apache\MAVEN\bin;C:\Program Files\Apache\MAVEN\apache-maven-3.9.12\bin;C:\Program Files\Cloudflare\Cloudflare WARP\;C:\Program Files\MySQL\MySQL Shell 8.0\bin\;C:\Users\dhruv\AppData\Local\Microsoft\WindowsApps;C:\Users\dhruv\AppData\Local\Programs\Microsoft VS Code\bin;C:\Users\dhruv\AppData\Roaming\npm;C:\Program Files\JetBrains\IntelliJ IDEA Community Edition 2025.1.4.1\bin;;C:\Users\dhruv\AppData\Local\Programs\cursor\resources\app\bin
USERNAME=dhruv
OS=Windows_NT
PROCESSOR_IDENTIFIER=Intel64 Family 6 Model 186 Stepping 2, GenuineIntel
TMP=C:\Users\dhruv\AppData\Local\Temp
TEMP=C:\Users\dhruv\AppData\Local\Temp




Periodic native trim disabled

---------------  S Y S T E M  ---------------

OS:
 Windows 11 , 64 bit Build 26100 (10.0.26100.8246)
OS uptime: 0 days 7:35 hours
Hyper-V role detected

CPU: total 12 (initial active 12) (6 cores per cpu, 2 threads per core) family 6 model 186 stepping 2 microcode 0x6134, cx8, cmov, fxsr, ht, mmx, 3dnowpref, sse, sse2, sse3, ssse3, sse4.1, sse4.2, popcnt, lzcnt, tsc, tscinvbit, avx, avx2, aes, erms, clmul, bmi1, bmi2, adx, sha, fma, vzeroupper, clflush, clflushopt, clwb, hv, serialize, rdtscp, rdpid, fsrm, f16c, cet_ibt, cet_ss
Processor Information for processor 0
  Max Mhz: 2100, Current Mhz: 2100, Mhz Limit: 2100
Processor Information for processor 1
  Max Mhz: 2100, Current Mhz: 2100, Mhz Limit: 2100
Processor Information for processor 2
  Max Mhz: 2100, Current Mhz: 2100, Mhz Limit: 2100
Processor Information for processor 3
  Max Mhz: 2100, Current Mhz: 2100, Mhz Limit: 2100
Processor Information for processor 4
  Max Mhz: 2100, Current Mhz: 2100, Mhz Limit: 2100
Processor Information for processor 5
  Max Mhz: 2100, Current Mhz: 2100, Mhz Limit: 2100
Processor Information for processor 6
  Max Mhz: 2100, Current Mhz: 2100, Mhz Limit: 2100
Processor Information for processor 7
  Max Mhz: 2100, Current Mhz: 2100, Mhz Limit: 2100
Processor Information for processor 8
  Max Mhz: 2100, Current Mhz: 1500, Mhz Limit: 1491
Processor Information for processor 9
  Max Mhz: 2100, Current Mhz: 1500, Mhz Limit: 1491
Processor Information for processor 10
  Max Mhz: 2100, Current Mhz: 1500, Mhz Limit: 1491
Processor Information for processor 11
  Max Mhz: 2100, Current Mhz: 1500, Mhz Limit: 1491

Memory: 4k page, system-wide physical 16076M (961M free)
TotalPageFile size 46395M (AvailPageFile size 0M)
current process WorkingSet (physical memory assigned to process): 130M, peak: 535M
current process commit charge ("private bytes"): 554M, peak: 616M

vm_info: OpenJDK 64-Bit Server VM (21.0.10+7-LTS) for windows-amd64 JRE (21.0.10+7-LTS), built on 2026-01-20T00:00:00Z by "admin" with MS VC++ 17.12 (VS2022)

END.
