#
# There is insufficient memory for the Java Runtime Environment to continue.
# Native memory allocation (malloc) failed to allocate 32744 bytes. Error detail: Chunk::new
# Possible reasons:
#   The system is out of physical RAM or swap space
#   This process is running with CompressedOops enabled, and the Java Heap may be blocking the growth of the native heap
# Possible solutions:
#   Reduce memory load on the system
#   Increase physical memory or swap space
#   Check if swap backing store is full
#   Decrease Java heap size (-Xmx/-Xms)
#   Decrease number of Java threads
#   Decrease Java thread stack sizes (-Xss)
#   Set larger code cache with -XX:ReservedCodeCacheSize=
#   JVM is running with Unscaled Compressed Oops mode in which the Java heap is
#     placed in the first 4GB address space. The Java Heap base address is the
#     maximum limit for the native heap growth. Please use -XX:HeapBaseMinAddress
#     to set the Java Heap base and to place the Java Heap above 4GB virtual address.
# This output file may be truncated or incomplete.
#
#  Out of Memory Error (arena.cpp:168), pid=13760, tid=720
#
# JRE version: OpenJDK Runtime Environment Temurin-21.0.10+7 (21.0.10+7) (build 21.0.10+7-LTS)
# Java VM: OpenJDK 64-Bit Server VM Temurin-21.0.10+7 (21.0.10+7-LTS, mixed mode, sharing, tiered, compressed oops, compressed class ptrs, parallel gc, windows-amd64)
# No core dump will be written. Minidumps are not enabled by default on client versions of Windows
#

---------------  S U M M A R Y ------------

Command Line: --add-modules=ALL-SYSTEM --add-opens=java.base/java.util=ALL-UNNAMED --add-opens=java.base/java.lang=ALL-UNNAMED --add-opens=java.base/sun.nio.fs=ALL-UNNAMED -Declipse.application=org.eclipse.jdt.ls.core.id1 -Dosgi.bundles.defaultStartLevel=4 -Declipse.product=org.eclipse.jdt.ls.core.product -Djava.import.generatesMetadataFilesAtProjectRoot=false -DDetectVMInstallationsJob.disabled=true -Dfile.encoding=utf8 -XX:+UseParallelGC -XX:GCTimeRatio=4 -XX:AdaptiveSizePolicyWeight=90 -Dsun.zip.disableMemoryMapping=true -Xmx2G -Xms100m -Xlog:disable -javaagent:c:\Users\dhruv\.vscode\extensions\redhat.java-1.54.0-win32-x64\lombok\lombok-1.18.39-4050.jar -XX:+HeapDumpOnOutOfMemoryError -XX:HeapDumpPath=c:\Users\dhruv\AppData\Roaming\Code\User\workspaceStorage\46eeb03a52e31514c3fed23288b69850\redhat.java -Daether.dependencyCollector.impl=bf c:\Users\dhruv\.vscode\extensions\redhat.java-1.54.0-win32-x64\server\plugins\org.eclipse.equinox.launcher_1.7.100.v20251111-0406.jar -configuration c:\Users\dhruv\AppData\Roaming\Code\User\globalStorage\redhat.java\1.54.0\config_win -data c:\Users\dhruv\AppData\Roaming\Code\User\workspaceStorage\46eeb03a52e31514c3fed23288b69850\redhat.java\jdt_ws --pipe=\\.\pipe\lsp-a32a4a5d35f1c67f929e8bf86574c45e-sock

Host: 13th Gen Intel(R) Core(TM) i5-13420H, 12 cores, 15G,  Windows 11 , 64 bit Build 26100 (10.0.26100.8246)
Time: Fri Apr 17 16:58:07 2026 India Standard Time elapsed time: 41.393855 seconds (0d 0h 0m 41s)

---------------  T H R E A D  ---------------

Current thread (0x0000023795933ae0):  JavaThread "C2 CompilerThread2" daemon [_thread_in_native, id=720, stack(0x0000005d1c700000,0x0000005d1c800000) (1024K)]


Current CompileTask:
C2:41394 8596       4       org.lombokweb.asm.MethodVisitor::visitVarInsn (17 bytes)

Stack: [0x0000005d1c700000,0x0000005d1c800000]
Native frames: (J=compiled Java code, j=interpreted, Vv=VM code, C=native code)
V  [jvm.dll+0x6d7a39]
V  [jvm.dll+0x8b4b26]
V  [jvm.dll+0x8b70de]
V  [jvm.dll+0x8b77c3]
V  [jvm.dll+0x284346]
V  [jvm.dll+0xc66ed]
V  [jvm.dll+0xc6c31]
V  [jvm.dll+0x7034fd]
V  [jvm.dll+0x1e403a]
V  [jvm.dll+0x24c6b3]
V  [jvm.dll+0x24bb40]
V  [jvm.dll+0x1cb34e]
V  [jvm.dll+0x25b85d]
V  [jvm.dll+0x259dea]
V  [jvm.dll+0x3f857e]
V  [jvm.dll+0x85f59d]
V  [jvm.dll+0x6d626d]
C  [ucrtbase.dll+0x37b0]
C  [KERNEL32.DLL+0x2e8d7]
C  [ntdll.dll+0x8c3fc]


---------------  P R O C E S S  ---------------

Threads class SMR info:
_java_thread_list=0x00000237990e0fd0, length=50, elements={
0x0000023737433350, 0x00000237950048b0, 0x0000023795005f30, 0x0000023795009f10,
0x000002379500ab70, 0x000002379500fe70, 0x0000023795018b50, 0x0000023795024980,
0x00000237950256f0, 0x000002379501a590, 0x000002379501ac20, 0x000002379501b2b0,
0x0000023795019f00, 0x000002379501b940, 0x00000237950191e0, 0x0000023795019870,
0x00000237950184c0, 0x000002379545ff40, 0x0000023795461980, 0x00000237954633c0,
0x0000023795462010, 0x00000237954626a0, 0x0000023795463a50, 0x0000023795460c60,
0x0000023795464e00, 0x0000023795465b20, 0x0000023795466840, 0x00000237954661b0,
0x0000023795466ed0, 0x000002379870d2d0, 0x000002379870b890, 0x000002379870ed10,
0x000002379870d960, 0x000002379870e680, 0x000002379870dff0, 0x000002379870cc40,
0x000002379870c5b0, 0x000002379870f3a0, 0x000002379870bf20, 0x0000023798710de0,
0x0000023798712190, 0x0000023798712820, 0x0000023798711470, 0x0000023798711b00,
0x000002379870fa30, 0x0000023798226750, 0x0000023798224680, 0x0000023798224d10,
0x0000023795934f50, 0x0000023795933ae0
}

Java Threads: ( => current thread )
  0x0000023737433350 JavaThread "main"                              [_thread_blocked, id=27456, stack(0x0000005d18900000,0x0000005d18a00000) (1024K)]
  0x00000237950048b0 JavaThread "Reference Handler"          daemon [_thread_blocked, id=27476, stack(0x0000005d18d00000,0x0000005d18e00000) (1024K)]
  0x0000023795005f30 JavaThread "Finalizer"                  daemon [_thread_blocked, id=13492, stack(0x0000005d18e00000,0x0000005d18f00000) (1024K)]
  0x0000023795009f10 JavaThread "Signal Dispatcher"          daemon [_thread_blocked, id=30056, stack(0x0000005d18f00000,0x0000005d19000000) (1024K)]
  0x000002379500ab70 JavaThread "Attach Listener"            daemon [_thread_blocked, id=29208, stack(0x0000005d19000000,0x0000005d19100000) (1024K)]
  0x000002379500fe70 JavaThread "Service Thread"             daemon [_thread_blocked, id=3312, stack(0x0000005d19100000,0x0000005d19200000) (1024K)]
  0x0000023795018b50 JavaThread "Monitor Deflation Thread"   daemon [_thread_blocked, id=26288, stack(0x0000005d19200000,0x0000005d19300000) (1024K)]
  0x0000023795024980 JavaThread "C2 CompilerThread0"         daemon [_thread_in_native, id=424, stack(0x0000005d19300000,0x0000005d19400000) (1024K)]
  0x00000237950256f0 JavaThread "C1 CompilerThread0"         daemon [_thread_blocked, id=3004, stack(0x0000005d19400000,0x0000005d19500000) (1024K)]
  0x000002379501a590 JavaThread "Common-Cleaner"             daemon [_thread_blocked, id=24584, stack(0x0000005d19500000,0x0000005d19600000) (1024K)]
  0x000002379501ac20 JavaThread "Notification Thread"        daemon [_thread_blocked, id=16136, stack(0x0000005d19700000,0x0000005d19800000) (1024K)]
  0x000002379501b2b0 JavaThread "Active Thread: Equinox Container: 3305b828-7dd6-46b2-a9b6-d19d47c53700"        [_thread_blocked, id=27484, stack(0x0000005d19f00000,0x0000005d1a000000) (1024K)]
  0x0000023795019f00 JavaThread "Refresh Thread: Equinox Container: 3305b828-7dd6-46b2-a9b6-d19d47c53700" daemon [_thread_blocked, id=16120, stack(0x0000005d1a000000,0x0000005d1a100000) (1024K)]
  0x000002379501b940 JavaThread "Framework Event Dispatcher: Equinox Container: 3305b828-7dd6-46b2-a9b6-d19d47c53700" daemon [_thread_blocked, id=388, stack(0x0000005d1a100000,0x0000005d1a200000) (1024K)]
  0x00000237950191e0 JavaThread "Start Level: Equinox Container: 3305b828-7dd6-46b2-a9b6-d19d47c53700" daemon [_thread_blocked, id=6816, stack(0x0000005d1a200000,0x0000005d1a300000) (1024K)]
  0x0000023795019870 JavaThread "Bundle File Closer"         daemon [_thread_blocked, id=26284, stack(0x0000005d19600000,0x0000005d19700000) (1024K)]
  0x00000237950184c0 JavaThread "SCR Component Actor"        daemon [_thread_blocked, id=21580, stack(0x0000005d1a300000,0x0000005d1a400000) (1024K)]
  0x000002379545ff40 JavaThread "Worker-JM"                         [_thread_blocked, id=11848, stack(0x0000005d1a700000,0x0000005d1a800000) (1024K)]
  0x0000023795461980 JavaThread "JNA Cleaner"                daemon [_thread_blocked, id=228, stack(0x0000005d1a600000,0x0000005d1a700000) (1024K)]
  0x00000237954633c0 JavaThread "Worker-0"                          [_thread_blocked, id=32604, stack(0x0000005d1a900000,0x0000005d1aa00000) (1024K)]
  0x0000023795462010 JavaThread "Worker-1: Building"                [_thread_in_Java, id=24472, stack(0x0000005d1a800000,0x0000005d1a900000) (1024K)]
  0x00000237954626a0 JavaThread "Worker-2"                          [_thread_blocked, id=26184, stack(0x0000005d1aa00000,0x0000005d1ab00000) (1024K)]
  0x0000023795463a50 JavaThread "Worker-3"                          [_thread_blocked, id=25532, stack(0x0000005d1ac00000,0x0000005d1ad00000) (1024K)]
  0x0000023795460c60 JavaThread "Java indexing"              daemon [_thread_blocked, id=2524, stack(0x0000005d1ae00000,0x0000005d1af00000) (1024K)]
  0x0000023795464e00 JavaThread "Worker-4"                          [_thread_blocked, id=27536, stack(0x0000005d1b100000,0x0000005d1b200000) (1024K)]
  0x0000023795465b20 JavaThread "Worker-5"                          [_thread_blocked, id=25180, stack(0x0000005d1b200000,0x0000005d1b300000) (1024K)]
  0x0000023795466840 JavaThread "Thread-1"                   daemon [_thread_in_native, id=32092, stack(0x0000005d1b300000,0x0000005d1b400000) (1024K)]
  0x00000237954661b0 JavaThread "Thread-2"                   daemon [_thread_in_native, id=16240, stack(0x0000005d1b400000,0x0000005d1b500000) (1024K)]
  0x0000023795466ed0 JavaThread "Thread-3"                   daemon [_thread_in_native, id=6468, stack(0x0000005d1b500000,0x0000005d1b600000) (1024K)]
  0x000002379870d2d0 JavaThread "Thread-4"                   daemon [_thread_in_native, id=25208, stack(0x0000005d1b600000,0x0000005d1b700000) (1024K)]
  0x000002379870b890 JavaThread "Thread-5"                   daemon [_thread_in_native, id=24512, stack(0x0000005d1b700000,0x0000005d1b800000) (1024K)]
  0x000002379870ed10 JavaThread "Thread-6"                   daemon [_thread_in_native, id=29236, stack(0x0000005d1b800000,0x0000005d1b900000) (1024K)]
  0x000002379870d960 JavaThread "Thread-7"                   daemon [_thread_in_native, id=9464, stack(0x0000005d1b900000,0x0000005d1ba00000) (1024K)]
  0x000002379870e680 JavaThread "Thread-8"                   daemon [_thread_in_native, id=31936, stack(0x0000005d1ba00000,0x0000005d1bb00000) (1024K)]
  0x000002379870dff0 JavaThread "Thread-9"                   daemon [_thread_in_native, id=29156, stack(0x0000005d1bb00000,0x0000005d1bc00000) (1024K)]
  0x000002379870cc40 JavaThread "Thread-10"                  daemon [_thread_in_native, id=24160, stack(0x0000005d1bc00000,0x0000005d1bd00000) (1024K)]
  0x000002379870c5b0 JavaThread "Thread-11"                  daemon [_thread_in_native, id=23780, stack(0x0000005d1bd00000,0x0000005d1be00000) (1024K)]
  0x000002379870f3a0 JavaThread "Thread-12"                  daemon [_thread_in_native, id=28868, stack(0x0000005d1be00000,0x0000005d1bf00000) (1024K)]
  0x000002379870bf20 JavaThread "Thread-13"                  daemon [_thread_in_native, id=31064, stack(0x0000005d1bf00000,0x0000005d1c000000) (1024K)]
  0x0000023798710de0 JavaThread "pool-2-thread-1"                   [_thread_blocked, id=28708, stack(0x0000005d1c000000,0x0000005d1c100000) (1024K)]
  0x0000023798712190 JavaThread "WorkspaceEventsHandler"            [_thread_blocked, id=10776, stack(0x0000005d1c100000,0x0000005d1c200000) (1024K)]
  0x0000023798712820 JavaThread "pool-1-thread-1"                   [_thread_blocked, id=22540, stack(0x0000005d1c200000,0x0000005d1c300000) (1024K)]
  0x0000023798711470 JavaThread "LocalFile Deleter"          daemon [_thread_blocked, id=30032, stack(0x0000005d18700000,0x0000005d18800000) (1024K)]
  0x0000023798711b00 JavaThread "LocalFile Deleter"          daemon [_thread_blocked, id=5596, stack(0x0000005d1ad00000,0x0000005d1ae00000) (1024K)]
  0x000002379870fa30 JavaThread "LocalFile Deleter"          daemon [_thread_blocked, id=4764, stack(0x0000005d1c300000,0x0000005d1c400000) (1024K)]
  0x0000023798226750 JavaThread "LocalFile Deleter"          daemon [_thread_blocked, id=27368, stack(0x0000005d1c400000,0x0000005d1c500000) (1024K)]
  0x0000023798224680 JavaThread "Compiler Source File Reader" daemon [_thread_blocked, id=28560, stack(0x0000005d1ab00000,0x0000005d1ac00000) (1024K)]
  0x0000023798224d10 JavaThread "Compiler Source File Reader" daemon [_thread_blocked, id=23300, stack(0x0000005d1c500000,0x0000005d1c600000) (1024K)]
  0x0000023795934f50 JavaThread "C2 CompilerThread1"         daemon [_thread_in_native, id=18004, stack(0x0000005d1c600000,0x0000005d1c700000) (1024K)]
=>0x0000023795933ae0 JavaThread "C2 CompilerThread2"         daemon [_thread_in_native, id=720, stack(0x0000005d1c700000,0x0000005d1c800000) (1024K)]
Total: 50

Other Threads:
  0x00000237373c40c0 VMThread "VM Thread"                           [id=25984, stack(0x0000005d18c00000,0x0000005d18d00000) (1024K)]
  0x00000237372bca00 WatcherThread "VM Periodic Task Thread"        [id=22964, stack(0x0000005d18b00000,0x0000005d18c00000) (1024K)]
  0x0000023737451c30 WorkerThread "GC Thread#0"                     [id=26044, stack(0x0000005d18a00000,0x0000005d18b00000) (1024K)]
  0x0000023795bd4720 WorkerThread "GC Thread#1"                     [id=26360, stack(0x0000005d19900000,0x0000005d19a00000) (1024K)]
  0x0000023795bf37d0 WorkerThread "GC Thread#2"                     [id=25824, stack(0x0000005d19a00000,0x0000005d19b00000) (1024K)]
  0x000002379569d280 WorkerThread "GC Thread#3"                     [id=21740, stack(0x0000005d19b00000,0x0000005d19c00000) (1024K)]
  0x0000023795c23d00 WorkerThread "GC Thread#4"                     [id=8940, stack(0x0000005d19c00000,0x0000005d19d00000) (1024K)]
  0x0000023795c248c0 WorkerThread "GC Thread#5"                     [id=7452, stack(0x0000005d19d00000,0x0000005d19e00000) (1024K)]
  0x00000237959ef3a0 WorkerThread "GC Thread#6"                     [id=25708, stack(0x0000005d19e00000,0x0000005d19f00000) (1024K)]
  0x0000023795705300 WorkerThread "GC Thread#7"                     [id=13356, stack(0x0000005d19800000,0x0000005d19900000) (1024K)]
  0x0000023795f7a2f0 WorkerThread "GC Thread#8"                     [id=11188, stack(0x0000005d1a400000,0x0000005d1a500000) (1024K)]
  0x00000237961ebc90 WorkerThread "GC Thread#9"                     [id=25844, stack(0x0000005d1a500000,0x0000005d1a600000) (1024K)]
Total: 12

Threads with active compile tasks:
C2 CompilerThread0  41449 8588       4       org.lombokweb.asm.ClassReader::readMethod (1070 bytes)
C2 CompilerThread1  41450 8600       4       lombok.patcher.PatchScript$MethodPatcher::visitMethod (158 bytes)
C2 CompilerThread2  41450 8596       4       org.lombokweb.asm.MethodVisitor::visitVarInsn (17 bytes)
Total: 3

VM state: not at safepoint (normal execution)

VM Mutex/Monitor currently owned by a thread: None

Heap address: 0x0000000080000000, size: 2048 MB, Compressed Oops mode: 32-bit

CDS archive(s) mapped at: [0x000002374e000000-0x000002374eba0000-0x000002374eba0000), size 12189696, SharedBaseAddress: 0x000002374e000000, ArchiveRelocationMode: 1.
Compressed class space mapped at: 0x000002374f000000-0x000002378f000000, reserved size: 1073741824
Narrow klass base: 0x000002374e000000, Narrow klass shift: 0, Narrow klass range: 0x100000000

GC Precious Log:
 CardTable entry size: 512
 CPUs: 12 total, 12 available
 Memory: 16076M
 Large Page Support: Disabled
 NUMA Support: Disabled
 Compressed Oops: Enabled (32-bit)
 Alignments: Space 512K, Generation 512K, Heap 2M
 Heap Min Capacity: 100M
 Heap Initial Capacity: 100M
 Heap Max Capacity: 2G
 Pre-touch: Disabled
 Parallel Workers: 10

Heap:
 PSYoungGen      total 19456K, used 17261K [0x00000000d5580000, 0x00000000d6f80000, 0x0000000100000000)
  eden space 18432K, 88% used [0x00000000d5580000,0x00000000d655d0f0,0x00000000d6780000)
  from space 1024K, 99% used [0x00000000d6e80000,0x00000000d6f7e678,0x00000000d6f80000)
  to   space 1024K, 0% used [0x00000000d6d80000,0x00000000d6d80000,0x00000000d6e80000)
 ParOldGen       total 68608K, used 57445K [0x0000000080000000, 0x0000000084300000, 0x00000000d5580000)
  object space 68608K, 83% used [0x0000000080000000,0x0000000083819508,0x0000000084300000)
 Metaspace       used 54395K, committed 55680K, reserved 1114112K
  class space    used 5836K, committed 6400K, reserved 1048576K

Card table byte_map: [0x0000023736dd0000,0x00000237371e0000] _byte_map_base: 0x00000237369d0000

Marking Bits: (ParMarkBitMap*) 0x00007fff8fb03450
 Begin Bits: [0x00000237498e0000, 0x000002374b8e0000)
 End Bits:   [0x000002374b8e0000, 0x000002374d8e0000)

Polling page: 0x0000023735280000

Metaspace:

Usage:
  Non-class:     47.42 MB used.
      Class:      5.70 MB used.
       Both:     53.12 MB used.

Virtual space:
  Non-class space:       64.00 MB reserved,      48.12 MB ( 75%) committed,  1 nodes.
      Class space:        1.00 GB reserved,       6.25 MB ( <1%) committed,  1 nodes.
             Both:        1.06 GB reserved,      54.38 MB (  5%) committed. 

Chunk freelists:
   Non-Class:  15.60 MB
       Class:  9.76 MB
        Both:  25.36 MB

MaxMetaspaceSize: unlimited
CompressedClassSpaceSize: 1.00 GB
Initial GC threshold: 21.00 MB
Current GC threshold: 58.38 MB
CDS: on
 - commit_granule_bytes: 65536.
 - commit_granule_words: 8192.
 - virtual_space_node_default_size: 8388608.
 - enlarge_chunks_in_place: 1.
 - use_allocation_guard: 0.


Internal statistics:

num_allocs_failed_limit: 8.
num_arena_births: 1034.
num_arena_deaths: 14.
num_vsnodes_births: 2.
num_vsnodes_deaths: 0.
num_space_committed: 870.
num_space_uncommitted: 0.
num_chunks_returned_to_freelist: 22.
num_chunks_taken_from_freelist: 3699.
num_chunk_merges: 11.
num_chunk_splits: 2182.
num_chunks_enlarged: 1077.
num_inconsistent_stats: 0.

CodeHeap 'non-profiled nmethods': size=120000Kb used=5506Kb max_used=5506Kb free=114493Kb
 bounds [0x0000023742100000, 0x0000023742670000, 0x0000023749630000]
CodeHeap 'profiled nmethods': size=120000Kb used=17383Kb max_used=17383Kb free=102616Kb
 bounds [0x000002373a630000, 0x000002373b730000, 0x0000023741b60000]
CodeHeap 'non-nmethods': size=5760Kb used=1394Kb max_used=1433Kb free=4365Kb
 bounds [0x0000023741b60000, 0x0000023741dd0000, 0x0000023742100000]
CodeCache: size=245760Kb, used=24283Kb, max_used=24322Kb, free=221474Kb
 total_blobs=8690, nmethods=7992, adapters=604, full_count=0
Compilation: enabled, stopped_count=0, restarted_count=0

Compilation events (20 events):
Event: 39.303 Thread 0x00000237950256f0 nmethod 8586 0x000002373b722990 code [0x000002373b722b60, 0x000002373b722e90]
Event: 39.307 Thread 0x0000023795933ae0 8587       4       java.util.jar.JarFile::match (132 bytes)
Event: 39.317 Thread 0x0000023795933ae0 nmethod 8587 0x0000023742658010 code [0x00000237426581c0, 0x0000023742658548]
Event: 39.320 Thread 0x0000023795024980 8588       4       org.lombokweb.asm.ClassReader::readMethod (1070 bytes)
Event: 39.325 Thread 0x00000237950256f0 8589       3       org.lombokweb.asm.MethodWriter::visitTypeInsn (116 bytes)
Event: 39.326 Thread 0x00000237950256f0 nmethod 8589 0x000002373b723010 code [0x000002373b723200, 0x000002373b723668]
Event: 39.329 Thread 0x0000023795933ae0 8590       4       java.util.regex.Pattern$LastNode::match (45 bytes)
Event: 39.330 Thread 0x00000237950256f0 8592       3       lombok.patcher.scripts.WrapReturnValuesScript$WrapReturnValues::visitInsn (283 bytes)
Event: 39.333 Thread 0x0000023795933ae0 nmethod 8590 0x0000023742658810 code [0x00000237426589a0, 0x0000023742658aa0]
Event: 39.333 Thread 0x0000023795933ae0 8591       4       java.util.Arrays$ArrayItr::hasNext (18 bytes)
Event: 39.334 Thread 0x0000023795933ae0 nmethod 8591 0x0000023742658b90 code [0x0000023742658d20, 0x0000023742658dd8]
Event: 39.334 Thread 0x00000237950256f0 nmethod 8592 0x000002373b723890 code [0x000002373b723ca0, 0x000002373b7258a8]
Event: 39.342 Thread 0x00000237950256f0 8593       3       java.util.regex.IntHashSet::<init> (42 bytes)
Event: 39.342 Thread 0x00000237950256f0 nmethod 8593 0x000002373b726290 code [0x000002373b726460, 0x000002373b7267a0]
Event: 39.342 Thread 0x00000237950256f0 8594       3       java.util.regex.Pattern$Loop::matchInit (156 bytes)
Event: 39.344 Thread 0x00000237950256f0 nmethod 8594 0x000002373b726890 code [0x000002373b726ac0, 0x000002373b7273c0]
Event: 39.350 Thread 0x0000023795933ae0 8595       4       org.lombokweb.asm.MethodWriter::visitVarInsn (302 bytes)
Event: 39.360 Thread 0x0000023795933ae0 nmethod 8595 0x0000023742658e90 code [0x0000023742659080, 0x00000237426595c8]
Event: 39.363 Thread 0x0000023795933ae0 8596       4       org.lombokweb.asm.MethodVisitor::visitVarInsn (17 bytes)
Event: 39.376 Thread 0x00000237950256f0 8597       3       lombok.patcher.Hook::getMethodDescriptor (80 bytes)

GC Heap History (20 events):
Event: 28.000 GC heap before
{Heap before GC invocations=25 (full 2):
 PSYoungGen      total 22016K, used 21984K [0x00000000d5580000, 0x00000000d6e80000, 0x0000000100000000)
  eden space 19968K, 100% used [0x00000000d5580000,0x00000000d6900000,0x00000000d6900000)
  from space 2048K, 98% used [0x00000000d6c80000,0x00000000d6e78000,0x00000000d6e80000)
  to   space 2560K, 0% used [0x00000000d6980000,0x00000000d6980000,0x00000000d6c00000)
 ParOldGen       total 68608K, used 34658K [0x0000000080000000, 0x0000000084300000, 0x00000000d5580000)
  object space 68608K, 50% used [0x0000000080000000,0x00000000821d8868,0x0000000084300000)
 Metaspace       used 45983K, committed 47168K, reserved 1114112K
  class space    used 4902K, committed 5440K, reserved 1048576K
}
Event: 28.009 GC heap after
{Heap after GC invocations=25 (full 2):
 PSYoungGen      total 22016K, used 1924K [0x00000000d5580000, 0x00000000d6d00000, 0x0000000100000000)
  eden space 19968K, 0% used [0x00000000d5580000,0x00000000d5580000,0x00000000d6900000)
  from space 2048K, 93% used [0x00000000d6980000,0x00000000d6b61000,0x00000000d6b80000)
  to   space 1536K, 0% used [0x00000000d6b80000,0x00000000d6b80000,0x00000000d6d00000)
 ParOldGen       total 68608K, used 36504K [0x0000000080000000, 0x0000000084300000, 0x00000000d5580000)
  object space 68608K, 53% used [0x0000000080000000,0x00000000823a6218,0x0000000084300000)
 Metaspace       used 45983K, committed 47168K, reserved 1114112K
  class space    used 4902K, committed 5440K, reserved 1048576K
}
Event: 28.237 GC heap before
{Heap before GC invocations=26 (full 2):
 PSYoungGen      total 22016K, used 21892K [0x00000000d5580000, 0x00000000d6d00000, 0x0000000100000000)
  eden space 19968K, 100% used [0x00000000d5580000,0x00000000d6900000,0x00000000d6900000)
  from space 2048K, 93% used [0x00000000d6980000,0x00000000d6b61000,0x00000000d6b80000)
  to   space 1536K, 0% used [0x00000000d6b80000,0x00000000d6b80000,0x00000000d6d00000)
 ParOldGen       total 68608K, used 36504K [0x0000000080000000, 0x0000000084300000, 0x00000000d5580000)
  object space 68608K, 53% used [0x0000000080000000,0x00000000823a6218,0x0000000084300000)
 Metaspace       used 46107K, committed 47296K, reserved 1114112K
  class space    used 4920K, committed 5440K, reserved 1048576K
}
Event: 28.246 GC heap after
{Heap after GC invocations=26 (full 2):
 PSYoungGen      total 19968K, used 1536K [0x00000000d5580000, 0x00000000d7100000, 0x0000000100000000)
  eden space 18432K, 0% used [0x00000000d5580000,0x00000000d5580000,0x00000000d6780000)
  from space 1536K, 100% used [0x00000000d6b80000,0x00000000d6d00000,0x00000000d6d00000)
  to   space 4096K, 0% used [0x00000000d6780000,0x00000000d6780000,0x00000000d6b80000)
 ParOldGen       total 68608K, used 38528K [0x0000000080000000, 0x0000000084300000, 0x00000000d5580000)
  object space 68608K, 56% used [0x0000000080000000,0x00000000825a0318,0x0000000084300000)
 Metaspace       used 46107K, committed 47296K, reserved 1114112K
  class space    used 4920K, committed 5440K, reserved 1048576K
}
Event: 28.758 GC heap before
{Heap before GC invocations=27 (full 2):
 PSYoungGen      total 19968K, used 19968K [0x00000000d5580000, 0x00000000d7100000, 0x0000000100000000)
  eden space 18432K, 100% used [0x00000000d5580000,0x00000000d6780000,0x00000000d6780000)
  from space 1536K, 100% used [0x00000000d6b80000,0x00000000d6d00000,0x00000000d6d00000)
  to   space 4096K, 0% used [0x00000000d6780000,0x00000000d6780000,0x00000000d6b80000)
 ParOldGen       total 68608K, used 38528K [0x0000000080000000, 0x0000000084300000, 0x00000000d5580000)
  object space 68608K, 56% used [0x0000000080000000,0x00000000825a0318,0x0000000084300000)
 Metaspace       used 46399K, committed 47616K, reserved 1114112K
  class space    used 4959K, committed 5504K, reserved 1048576K
}
Event: 28.767 GC heap after
{Heap after GC invocations=27 (full 2):
 PSYoungGen      total 20480K, used 1920K [0x00000000d5580000, 0x00000000d6c80000, 0x0000000100000000)
  eden space 18432K, 0% used [0x00000000d5580000,0x00000000d5580000,0x00000000d6780000)
  from space 2048K, 93% used [0x00000000d6780000,0x00000000d6960010,0x00000000d6980000)
  to   space 2560K, 0% used [0x00000000d6a00000,0x00000000d6a00000,0x00000000d6c80000)
 ParOldGen       total 68608K, used 40072K [0x0000000080000000, 0x0000000084300000, 0x00000000d5580000)
  object space 68608K, 58% used [0x0000000080000000,0x0000000082722318,0x0000000084300000)
 Metaspace       used 46399K, committed 47616K, reserved 1114112K
  class space    used 4959K, committed 5504K, reserved 1048576K
}
Event: 29.121 GC heap before
{Heap before GC invocations=28 (full 2):
 PSYoungGen      total 20480K, used 20352K [0x00000000d5580000, 0x00000000d6c80000, 0x0000000100000000)
  eden space 18432K, 100% used [0x00000000d5580000,0x00000000d6780000,0x00000000d6780000)
  from space 2048K, 93% used [0x00000000d6780000,0x00000000d6960010,0x00000000d6980000)
  to   space 2560K, 0% used [0x00000000d6a00000,0x00000000d6a00000,0x00000000d6c80000)
 ParOldGen       total 68608K, used 40072K [0x0000000080000000, 0x0000000084300000, 0x00000000d5580000)
  object space 68608K, 58% used [0x0000000080000000,0x0000000082722318,0x0000000084300000)
 Metaspace       used 46558K, committed 47744K, reserved 1114112K
  class space    used 4983K, committed 5504K, reserved 1048576K
}
Event: 29.129 GC heap after
{Heap after GC invocations=28 (full 2):
 PSYoungGen      total 20480K, used 1752K [0x00000000d5580000, 0x00000000d6c00000, 0x0000000100000000)
  eden space 18432K, 0% used [0x00000000d5580000,0x00000000d5580000,0x00000000d6780000)
  from space 2048K, 85% used [0x00000000d6a00000,0x00000000d6bb6200,0x00000000d6c00000)
  to   space 2048K, 0% used [0x00000000d6780000,0x00000000d6780000,0x00000000d6980000)
 ParOldGen       total 68608K, used 41864K [0x0000000080000000, 0x0000000084300000, 0x00000000d5580000)
  object space 68608K, 61% used [0x0000000080000000,0x00000000828e2328,0x0000000084300000)
 Metaspace       used 46558K, committed 47744K, reserved 1114112K
  class space    used 4983K, committed 5504K, reserved 1048576K
}
Event: 29.638 GC heap before
{Heap before GC invocations=29 (full 2):
 PSYoungGen      total 20480K, used 20184K [0x00000000d5580000, 0x00000000d6c00000, 0x0000000100000000)
  eden space 18432K, 100% used [0x00000000d5580000,0x00000000d6780000,0x00000000d6780000)
  from space 2048K, 85% used [0x00000000d6a00000,0x00000000d6bb6200,0x00000000d6c00000)
  to   space 2048K, 0% used [0x00000000d6780000,0x00000000d6780000,0x00000000d6980000)
 ParOldGen       total 68608K, used 41864K [0x0000000080000000, 0x0000000084300000, 0x00000000d5580000)
  object space 68608K, 61% used [0x0000000080000000,0x00000000828e2328,0x0000000084300000)
 Metaspace       used 47592K, committed 48768K, reserved 1114112K
  class space    used 5097K, committed 5632K, reserved 1048576K
}
Event: 29.658 GC heap after
{Heap after GC invocations=29 (full 2):
 PSYoungGen      total 20480K, used 2031K [0x00000000d5580000, 0x00000000d7980000, 0x0000000100000000)
  eden space 18432K, 0% used [0x00000000d5580000,0x00000000d5580000,0x00000000d6780000)
  from space 2048K, 99% used [0x00000000d6780000,0x00000000d697bf10,0x00000000d6980000)
  to   space 9216K, 0% used [0x00000000d7080000,0x00000000d7080000,0x00000000d7980000)
 ParOldGen       total 68608K, used 47606K [0x0000000080000000, 0x0000000084300000, 0x00000000d5580000)
  object space 68608K, 69% used [0x0000000080000000,0x0000000082e7dab8,0x0000000084300000)
 Metaspace       used 47592K, committed 48768K, reserved 1114112K
  class space    used 5097K, committed 5632K, reserved 1048576K
}
Event: 30.732 GC heap before
{Heap before GC invocations=30 (full 2):
 PSYoungGen      total 20480K, used 20463K [0x00000000d5580000, 0x00000000d7980000, 0x0000000100000000)
  eden space 18432K, 100% used [0x00000000d5580000,0x00000000d6780000,0x00000000d6780000)
  from space 2048K, 99% used [0x00000000d6780000,0x00000000d697bf10,0x00000000d6980000)
  to   space 9216K, 0% used [0x00000000d7080000,0x00000000d7080000,0x00000000d7980000)
 ParOldGen       total 68608K, used 47606K [0x0000000080000000, 0x0000000084300000, 0x00000000d5580000)
  object space 68608K, 69% used [0x0000000080000000,0x0000000082e7dab8,0x0000000084300000)
 Metaspace       used 49765K, committed 51008K, reserved 1114112K
  class space    used 5306K, committed 5824K, reserved 1048576K
}
Event: 30.740 GC heap after
{Heap after GC invocations=30 (full 2):
 PSYoungGen      total 20480K, used 1696K [0x00000000d5580000, 0x00000000d7280000, 0x0000000100000000)
  eden space 18432K, 0% used [0x00000000d5580000,0x00000000d5580000,0x00000000d6780000)
  from space 2048K, 82% used [0x00000000d7080000,0x00000000d7228010,0x00000000d7280000)
  to   space 4096K, 0% used [0x00000000d6a80000,0x00000000d6a80000,0x00000000d6e80000)
 ParOldGen       total 68608K, used 49598K [0x0000000080000000, 0x0000000084300000, 0x00000000d5580000)
  object space 68608K, 72% used [0x0000000080000000,0x000000008306fac8,0x0000000084300000)
 Metaspace       used 49765K, committed 51008K, reserved 1114112K
  class space    used 5306K, committed 5824K, reserved 1048576K
}
Event: 31.755 GC heap before
{Heap before GC invocations=31 (full 2):
 PSYoungGen      total 20480K, used 20128K [0x00000000d5580000, 0x00000000d7280000, 0x0000000100000000)
  eden space 18432K, 100% used [0x00000000d5580000,0x00000000d6780000,0x00000000d6780000)
  from space 2048K, 82% used [0x00000000d7080000,0x00000000d7228010,0x00000000d7280000)
  to   space 4096K, 0% used [0x00000000d6a80000,0x00000000d6a80000,0x00000000d6e80000)
 ParOldGen       total 68608K, used 49598K [0x0000000080000000, 0x0000000084300000, 0x00000000d5580000)
  object space 68608K, 72% used [0x0000000080000000,0x000000008306fac8,0x0000000084300000)
 Metaspace       used 51726K, committed 52992K, reserved 1114112K
  class space    used 5562K, committed 6080K, reserved 1048576K
}
Event: 31.760 GC heap after
{Heap after GC invocations=31 (full 2):
 PSYoungGen      total 22528K, used 1064K [0x00000000d5580000, 0x00000000d7100000, 0x0000000100000000)
  eden space 18432K, 0% used [0x00000000d5580000,0x00000000d5580000,0x00000000d6780000)
  from space 4096K, 25% used [0x00000000d6a80000,0x00000000d6b8a318,0x00000000d6e80000)
  to   space 2048K, 0% used [0x00000000d6f00000,0x00000000d6f00000,0x00000000d7100000)
 ParOldGen       total 68608K, used 51090K [0x0000000080000000, 0x0000000084300000, 0x00000000d5580000)
  object space 68608K, 74% used [0x0000000080000000,0x00000000831e4870,0x0000000084300000)
 Metaspace       used 51726K, committed 52992K, reserved 1114112K
  class space    used 5562K, committed 6080K, reserved 1048576K
}
Event: 33.326 GC heap before
{Heap before GC invocations=32 (full 2):
 PSYoungGen      total 22528K, used 19496K [0x00000000d5580000, 0x00000000d7100000, 0x0000000100000000)
  eden space 18432K, 100% used [0x00000000d5580000,0x00000000d6780000,0x00000000d6780000)
  from space 4096K, 25% used [0x00000000d6a80000,0x00000000d6b8a318,0x00000000d6e80000)
  to   space 2048K, 0% used [0x00000000d6f00000,0x00000000d6f00000,0x00000000d7100000)
 ParOldGen       total 68608K, used 51090K [0x0000000080000000, 0x0000000084300000, 0x00000000d5580000)
  object space 68608K, 74% used [0x0000000080000000,0x00000000831e4870,0x0000000084300000)
 Metaspace       used 52511K, committed 53824K, reserved 1114112K
  class space    used 5658K, committed 6208K, reserved 1048576K
}
Event: 33.332 GC heap after
{Heap after GC invocations=32 (full 2):
 PSYoungGen      total 19968K, used 1083K [0x00000000d5580000, 0x00000000d7080000, 0x0000000100000000)
  eden space 18432K, 0% used [0x00000000d5580000,0x00000000d5580000,0x00000000d6780000)
  from space 1536K, 70% used [0x00000000d6f00000,0x00000000d700eee8,0x00000000d7080000)
  to   space 1536K, 0% used [0x00000000d6d80000,0x00000000d6d80000,0x00000000d6f00000)
 ParOldGen       total 68608K, used 52080K [0x0000000080000000, 0x0000000084300000, 0x00000000d5580000)
  object space 68608K, 75% used [0x0000000080000000,0x00000000832dc200,0x0000000084300000)
 Metaspace       used 52511K, committed 53824K, reserved 1114112K
  class space    used 5658K, committed 6208K, reserved 1048576K
}
Event: 34.181 GC heap before
{Heap before GC invocations=33 (full 2):
 PSYoungGen      total 19968K, used 19515K [0x00000000d5580000, 0x00000000d7080000, 0x0000000100000000)
  eden space 18432K, 100% used [0x00000000d5580000,0x00000000d6780000,0x00000000d6780000)
  from space 1536K, 70% used [0x00000000d6f00000,0x00000000d700eee8,0x00000000d7080000)
  to   space 1536K, 0% used [0x00000000d6d80000,0x00000000d6d80000,0x00000000d6f00000)
 ParOldGen       total 68608K, used 52080K [0x0000000080000000, 0x0000000084300000, 0x00000000d5580000)
  object space 68608K, 75% used [0x0000000080000000,0x00000000832dc200,0x0000000084300000)
 Metaspace       used 53810K, committed 55104K, reserved 1114112K
  class space    used 5786K, committed 6336K, reserved 1048576K
}
Event: 34.185 GC heap after
{Heap after GC invocations=33 (full 2):
 PSYoungGen      total 19456K, used 512K [0x00000000d5580000, 0x00000000d6f80000, 0x0000000100000000)
  eden space 18432K, 0% used [0x00000000d5580000,0x00000000d5580000,0x00000000d6780000)
  from space 1024K, 50% used [0x00000000d6d80000,0x00000000d6e00020,0x00000000d6e80000)
  to   space 1024K, 0% used [0x00000000d6e80000,0x00000000d6e80000,0x00000000d6f80000)
 ParOldGen       total 68608K, used 52913K [0x0000000080000000, 0x0000000084300000, 0x00000000d5580000)
  object space 68608K, 77% used [0x0000000080000000,0x00000000833ac7d8,0x0000000084300000)
 Metaspace       used 53810K, committed 55104K, reserved 1114112K
  class space    used 5786K, committed 6336K, reserved 1048576K
}
Event: 35.881 GC heap before
{Heap before GC invocations=34 (full 2):
 PSYoungGen      total 19456K, used 18944K [0x00000000d5580000, 0x00000000d6f80000, 0x0000000100000000)
  eden space 18432K, 100% used [0x00000000d5580000,0x00000000d6780000,0x00000000d6780000)
  from space 1024K, 50% used [0x00000000d6d80000,0x00000000d6e00020,0x00000000d6e80000)
  to   space 1024K, 0% used [0x00000000d6e80000,0x00000000d6e80000,0x00000000d6f80000)
 ParOldGen       total 68608K, used 52913K [0x0000000080000000, 0x0000000084300000, 0x00000000d5580000)
  object space 68608K, 77% used [0x0000000080000000,0x00000000833ac7d8,0x0000000084300000)
 Metaspace       used 53950K, committed 55232K, reserved 1114112K
  class space    used 5802K, committed 6336K, reserved 1048576K
}
Event: 37.901 GC heap after
{Heap after GC invocations=34 (full 2):
 PSYoungGen      total 19456K, used 1017K [0x00000000d5580000, 0x00000000d6f80000, 0x0000000100000000)
  eden space 18432K, 0% used [0x00000000d5580000,0x00000000d5580000,0x00000000d6780000)
  from space 1024K, 99% used [0x00000000d6e80000,0x00000000d6f7e678,0x00000000d6f80000)
  to   space 1024K, 0% used [0x00000000d6d80000,0x00000000d6d80000,0x00000000d6e80000)
 ParOldGen       total 68608K, used 57445K [0x0000000080000000, 0x0000000084300000, 0x00000000d5580000)
  object space 68608K, 83% used [0x0000000080000000,0x0000000083819508,0x0000000084300000)
 Metaspace       used 53950K, committed 55232K, reserved 1114112K
  class space    used 5802K, committed 6336K, reserved 1048576K
}

Dll operation events (10 events):
Event: 0.016 Loaded shared library c:\Users\dhruv\.vscode\extensions\redhat.java-1.54.0-win32-x64\jre\21.0.10-win32-x86_64\bin\java.dll
Event: 0.149 Loaded shared library c:\Users\dhruv\.vscode\extensions\redhat.java-1.54.0-win32-x64\jre\21.0.10-win32-x86_64\bin\zip.dll
Event: 0.184 Loaded shared library C:\Users\dhruv\.vscode\extensions\redhat.java-1.54.0-win32-x64\jre\21.0.10-win32-x86_64\bin\instrument.dll
Event: 0.191 Loaded shared library C:\Users\dhruv\.vscode\extensions\redhat.java-1.54.0-win32-x64\jre\21.0.10-win32-x86_64\bin\net.dll
Event: 0.196 Loaded shared library C:\Users\dhruv\.vscode\extensions\redhat.java-1.54.0-win32-x64\jre\21.0.10-win32-x86_64\bin\nio.dll
Event: 0.204 Loaded shared library C:\Users\dhruv\.vscode\extensions\redhat.java-1.54.0-win32-x64\jre\21.0.10-win32-x86_64\bin\zip.dll
Event: 0.240 Loaded shared library C:\Users\dhruv\.vscode\extensions\redhat.java-1.54.0-win32-x64\jre\21.0.10-win32-x86_64\bin\jimage.dll
Event: 0.383 Loaded shared library c:\Users\dhruv\.vscode\extensions\redhat.java-1.54.0-win32-x64\jre\21.0.10-win32-x86_64\bin\verify.dll
Event: 2.131 Loaded shared library C:\Users\dhruv\AppData\Roaming\Code\User\globalStorage\redhat.java\1.54.0\config_win\org.eclipse.equinox.launcher\org.eclipse.equinox.launcher.win32.win32.x86_64_1.3.0.v20260203-2149\eclipse_11919.dll
Event: 10.384 Loaded shared library C:\Users\dhruv\AppData\Local\Temp\jna-95563663\jna3965714975526115444.dll

Deoptimization events (20 events):
Event: 39.268 Thread 0x0000023795462010 DEOPT PACKING pc=0x000002373afad7b3 sp=0x0000005d1a8fab20
Event: 39.268 Thread 0x0000023795462010 DEOPT UNPACKING pc=0x0000023741bb4242 sp=0x0000005d1a8fa050 mode 0
Event: 39.309 Thread 0x0000023795462010 DEOPT PACKING pc=0x000002373b05df7b sp=0x0000005d1a8fa490
Event: 39.309 Thread 0x0000023795462010 DEOPT UNPACKING pc=0x0000023741bb4242 sp=0x0000005d1a8f9900 mode 0
Event: 39.319 Thread 0x0000023795462010 Uncommon trap: trap_request=0xffffffde fr.pc=0x000002374234d58c relative=0x0000000000006aac
Event: 39.319 Thread 0x0000023795462010 Uncommon trap: reason=class_check action=maybe_recompile pc=0x000002374234d58c method=lombok.patcher.PatchScript$MethodPatcher.visitMethod(ILjava/lang/String;Ljava/lang/String;Ljava/lang/String;[Ljava/lang/String;)Lorg/lombokweb/asm/MethodVisitor; @ 101 c
Event: 39.319 Thread 0x0000023795462010 DEOPT PACKING pc=0x000002374234d58c sp=0x0000005d1a8faa00
Event: 39.319 Thread 0x0000023795462010 DEOPT UNPACKING pc=0x0000023741bb3aa2 sp=0x0000005d1a8fa968 mode 2
Event: 39.319 Thread 0x0000023795462010 Uncommon trap: trap_request=0xffffffde fr.pc=0x000002374234d58c relative=0x0000000000006aac
Event: 39.319 Thread 0x0000023795462010 Uncommon trap: reason=class_check action=maybe_recompile pc=0x000002374234d58c method=lombok.patcher.PatchScript$MethodPatcher.visitMethod(ILjava/lang/String;Ljava/lang/String;Ljava/lang/String;[Ljava/lang/String;)Lorg/lombokweb/asm/MethodVisitor; @ 101 c
Event: 39.320 Thread 0x0000023795462010 DEOPT PACKING pc=0x000002374234d58c sp=0x0000005d1a8faa00
Event: 39.320 Thread 0x0000023795462010 DEOPT UNPACKING pc=0x0000023741bb3aa2 sp=0x0000005d1a8fa968 mode 2
Event: 39.320 Thread 0x0000023795462010 Uncommon trap: trap_request=0xffffffde fr.pc=0x000002374234d58c relative=0x0000000000006aac
Event: 39.320 Thread 0x0000023795462010 Uncommon trap: reason=class_check action=maybe_recompile pc=0x000002374234d58c method=lombok.patcher.PatchScript$MethodPatcher.visitMethod(ILjava/lang/String;Ljava/lang/String;Ljava/lang/String;[Ljava/lang/String;)Lorg/lombokweb/asm/MethodVisitor; @ 101 c
Event: 39.320 Thread 0x0000023795462010 DEOPT PACKING pc=0x000002374234d58c sp=0x0000005d1a8faa00
Event: 39.320 Thread 0x0000023795462010 DEOPT UNPACKING pc=0x0000023741bb3aa2 sp=0x0000005d1a8fa968 mode 2
Event: 39.320 Thread 0x0000023795462010 Uncommon trap: trap_request=0xffffffde fr.pc=0x000002374234d58c relative=0x0000000000006aac
Event: 39.320 Thread 0x0000023795462010 Uncommon trap: reason=class_check action=maybe_recompile pc=0x000002374234d58c method=lombok.patcher.PatchScript$MethodPatcher.visitMethod(ILjava/lang/String;Ljava/lang/String;Ljava/lang/String;[Ljava/lang/String;)Lorg/lombokweb/asm/MethodVisitor; @ 101 c
Event: 39.320 Thread 0x0000023795462010 DEOPT PACKING pc=0x000002374234d58c sp=0x0000005d1a8faa00
Event: 39.320 Thread 0x0000023795462010 DEOPT UNPACKING pc=0x0000023741bb3aa2 sp=0x0000005d1a8fa968 mode 2

Classes loaded (20 events):
Event: 32.762 Loading class sun/util/resources/OpenListResourceBundle
Event: 32.762 Loading class sun/util/resources/OpenListResourceBundle done
Event: 32.762 Loading class sun/util/resources/TimeZoneNamesBundle done
Event: 32.762 Loading class sun/util/resources/cldr/TimeZoneNames done
Event: 32.762 Loading class sun/util/resources/cldr/TimeZoneNames_en
Event: 32.767 Loading class sun/util/resources/cldr/TimeZoneNames_en done
Event: 32.771 Loading class sun/util/resources/cldr/TimeZoneNames_en_US
Event: 32.771 Loading class sun/util/resources/cldr/TimeZoneNames_en_US done
Event: 32.776 Loading class sun/util/cldr/CLDRBaseLocaleDataMetaInfo$TZCanonicalIDMapHolder
Event: 32.781 Loading class sun/util/cldr/CLDRBaseLocaleDataMetaInfo$TZCanonicalIDMapHolder done
Event: 32.789 Loading class sun/util/resources/TimeZoneNames
Event: 32.801 Loading class sun/util/resources/TimeZoneNames done
Event: 32.801 Loading class sun/util/resources/TimeZoneNames_en
Event: 32.801 Loading class sun/util/resources/TimeZoneNames_en done
Event: 33.151 Loading class java/util/Vector$1
Event: 33.152 Loading class java/util/Vector$1 done
Event: 33.958 Loading class java/util/regex/Pattern$Caret
Event: 33.958 Loading class java/util/regex/Pattern$Caret done
Event: 34.612 Loading class java/nio/file/FileTreeIterator
Event: 34.612 Loading class java/nio/file/FileTreeIterator done

Classes unloaded (7 events):
Event: 12.851 Thread 0x00000237373c40c0 Unloading class 0x000002374f1aec00 'java/lang/invoke/LambdaForm$MH+0x000002374f1aec00'
Event: 12.851 Thread 0x00000237373c40c0 Unloading class 0x000002374f1ae800 'java/lang/invoke/LambdaForm$MH+0x000002374f1ae800'
Event: 12.851 Thread 0x00000237373c40c0 Unloading class 0x000002374f1ae400 'java/lang/invoke/LambdaForm$MH+0x000002374f1ae400'
Event: 12.851 Thread 0x00000237373c40c0 Unloading class 0x000002374f1ae000 'java/lang/invoke/LambdaForm$MH+0x000002374f1ae000'
Event: 12.851 Thread 0x00000237373c40c0 Unloading class 0x000002374f1adc00 'java/lang/invoke/LambdaForm$BMH+0x000002374f1adc00'
Event: 12.851 Thread 0x00000237373c40c0 Unloading class 0x000002374f1ad800 'java/lang/invoke/LambdaForm$DMH+0x000002374f1ad800'
Event: 12.851 Thread 0x00000237373c40c0 Unloading class 0x000002374f1ac400 'java/lang/invoke/LambdaForm$DMH+0x000002374f1ac400'

Classes redefined (0 events):
No events

Internal exceptions (20 events):
Event: 31.473 Thread 0x0000023798711470 Exception <a 'sun/nio/fs/WindowsException'{0x00000000d645c1d8}> (0x00000000d645c1d8) 
thrown [s\src\hotspot\share\prims\jni.cpp, line 520]
Event: 31.487 Thread 0x000002379870fa30 Exception <a 'sun/nio/fs/WindowsException'{0x00000000d6491160}> (0x00000000d6491160) 
thrown [s\src\hotspot\share\prims\jni.cpp, line 520]
Event: 31.613 Thread 0x0000023798712820 Exception <a 'java/lang/IncompatibleClassChangeError'{0x00000000d655b4a8}: Found class java.lang.Object, but interface was expected> (0x00000000d655b4a8) 
thrown [s\src\hotspot\share\interpreter\linkResolver.cpp, line 840]
Event: 31.861 Thread 0x0000023795463a50 Exception <a 'sun/nio/fs/WindowsException'{0x00000000d56b15a8}> (0x00000000d56b15a8) 
thrown [s\src\hotspot\share\prims\jni.cpp, line 520]
Event: 31.869 Thread 0x0000023795463a50 Exception <a 'sun/nio/fs/WindowsException'{0x00000000d56b2138}> (0x00000000d56b2138) 
thrown [s\src\hotspot\share\prims\jni.cpp, line 520]
Event: 31.877 Thread 0x0000023795463a50 Exception <a 'sun/nio/fs/WindowsException'{0x00000000d5726ab0}> (0x00000000d5726ab0) 
thrown [s\src\hotspot\share\prims\jni.cpp, line 520]
Event: 31.884 Thread 0x0000023795463a50 Exception <a 'sun/nio/fs/WindowsException'{0x00000000d5727390}> (0x00000000d5727390) 
thrown [s\src\hotspot\share\prims\jni.cpp, line 520]
Event: 31.892 Thread 0x0000023795463a50 Exception <a 'sun/nio/fs/WindowsException'{0x00000000d577e9f8}> (0x00000000d577e9f8) 
thrown [s\src\hotspot\share\prims\jni.cpp, line 520]
Event: 31.893 Thread 0x0000023795463a50 Exception <a 'sun/nio/fs/WindowsException'{0x00000000d579e0e0}> (0x00000000d579e0e0) 
thrown [s\src\hotspot\share\prims\jni.cpp, line 520]
Event: 31.908 Thread 0x0000023795463a50 Exception <a 'sun/nio/fs/WindowsException'{0x00000000d57b0700}> (0x00000000d57b0700) 
thrown [s\src\hotspot\share\prims\jni.cpp, line 520]
Event: 31.908 Thread 0x0000023795463a50 Exception <a 'sun/nio/fs/WindowsException'{0x00000000d57cfde8}> (0x00000000d57cfde8) 
thrown [s\src\hotspot\share\prims\jni.cpp, line 520]
Event: 32.262 Thread 0x0000023795463a50 Exception <a 'sun/nio/fs/WindowsException'{0x00000000d57ebf40}> (0x00000000d57ebf40) 
thrown [s\src\hotspot\share\prims\jni.cpp, line 520]
Event: 32.262 Thread 0x0000023795463a50 Exception <a 'sun/nio/fs/WindowsException'{0x00000000d57ec820}> (0x00000000d57ec820) 
thrown [s\src\hotspot\share\prims\jni.cpp, line 520]
Event: 32.274 Thread 0x0000023795463a50 Exception <a 'sun/nio/fs/WindowsException'{0x00000000d5841298}> (0x00000000d5841298) 
thrown [s\src\hotspot\share\prims\jni.cpp, line 520]
Event: 32.274 Thread 0x0000023795463a50 Exception <a 'sun/nio/fs/WindowsException'{0x00000000d5841de0}> (0x00000000d5841de0) 
thrown [s\src\hotspot\share\prims\jni.cpp, line 520]
Event: 32.290 Thread 0x0000023795463a50 Exception <a 'sun/nio/fs/WindowsException'{0x00000000d585d330}> (0x00000000d585d330) 
thrown [s\src\hotspot\share\prims\jni.cpp, line 520]
Event: 32.291 Thread 0x0000023795463a50 Exception <a 'sun/nio/fs/WindowsException'{0x00000000d585dc10}> (0x00000000d585dc10) 
thrown [s\src\hotspot\share\prims\jni.cpp, line 520]
Event: 32.353 Thread 0x0000023795463a50 Exception <a 'java/io/FileNotFoundException'{0x00000000d5914380}> (0x00000000d5914380) 
thrown [s\src\hotspot\share\prims\jni.cpp, line 520]
Event: 32.354 Thread 0x0000023795463a50 Exception <a 'java/io/FileNotFoundException'{0x00000000d59726d0}> (0x00000000d59726d0) 
thrown [s\src\hotspot\share\prims\jni.cpp, line 520]
Event: 32.363 Thread 0x0000023795463a50 Exception <a 'java/io/FileNotFoundException'{0x00000000d5973428}> (0x00000000d5973428) 
thrown [s\src\hotspot\share\prims\jni.cpp, line 520]

ZGC Phase Switch (0 events):
No events

VM Operations (20 events):
Event: 31.068 Executing non-safepoint VM operation: HandshakeAllThreads (Deoptimize) done
Event: 31.329 Executing non-safepoint VM operation: HandshakeAllThreads (Deoptimize)
Event: 31.330 Executing non-safepoint VM operation: HandshakeAllThreads (Deoptimize) done
Event: 31.420 Executing non-safepoint VM operation: HandshakeAllThreads (Deoptimize)
Event: 31.427 Executing non-safepoint VM operation: HandshakeAllThreads (Deoptimize) done
Event: 31.754 Executing safepoint VM operation: ParallelGCFailedAllocation (Allocation Failure)
Event: 31.760 Executing safepoint VM operation: ParallelGCFailedAllocation (Allocation Failure) done
Event: 32.628 Executing safepoint VM operation: ICBufferFull
Event: 32.629 Executing safepoint VM operation: ICBufferFull done
Event: 33.326 Executing safepoint VM operation: ParallelGCFailedAllocation (Allocation Failure)
Event: 33.332 Executing safepoint VM operation: ParallelGCFailedAllocation (Allocation Failure) done
Event: 34.181 Executing safepoint VM operation: ParallelGCFailedAllocation (Allocation Failure)
Event: 34.185 Executing safepoint VM operation: ParallelGCFailedAllocation (Allocation Failure) done
Event: 35.190 Executing safepoint VM operation: Cleanup
Event: 35.805 Executing safepoint VM operation: Cleanup done
Event: 35.868 Executing safepoint VM operation: ParallelGCFailedAllocation (Allocation Failure)
Event: 37.901 Executing safepoint VM operation: ParallelGCFailedAllocation (Allocation Failure) done
Event: 38.914 Executing safepoint VM operation: Cleanup
Event: 38.914 Executing safepoint VM operation: Cleanup done
Event: 39.925 Executing safepoint VM operation: Cleanup

Memory protections (0 events):
No events

Nmethod flushes (20 events):
Event: 20.488 Thread 0x00000237373c40c0 flushing  nmethod 0x000002373ace9090
Event: 20.488 Thread 0x00000237373c40c0 flushing  nmethod 0x000002373acea510
Event: 20.488 Thread 0x00000237373c40c0 flushing  nmethod 0x000002373aceae10
Event: 20.488 Thread 0x00000237373c40c0 flushing  nmethod 0x000002373acec010
Event: 20.488 Thread 0x00000237373c40c0 flushing  nmethod 0x000002373acecc90
Event: 20.488 Thread 0x00000237373c40c0 flushing  nmethod 0x000002373acee990
Event: 20.488 Thread 0x00000237373c40c0 flushing  nmethod 0x000002373acf0210
Event: 20.488 Thread 0x00000237373c40c0 flushing  nmethod 0x000002373acf1410
Event: 20.488 Thread 0x00000237373c40c0 flushing  nmethod 0x000002373acfb090
Event: 20.488 Thread 0x00000237373c40c0 flushing  nmethod 0x000002373acfd690
Event: 20.488 Thread 0x00000237373c40c0 flushing  nmethod 0x000002373acfdb90
Event: 20.488 Thread 0x00000237373c40c0 flushing  nmethod 0x000002373ad45d10
Event: 20.488 Thread 0x00000237373c40c0 flushing  nmethod 0x000002373ad48490
Event: 20.488 Thread 0x00000237373c40c0 flushing  nmethod 0x000002373ad4a490
Event: 20.488 Thread 0x00000237373c40c0 flushing  nmethod 0x000002373ad54910
Event: 20.488 Thread 0x00000237373c40c0 flushing  nmethod 0x000002373ad6ad90
Event: 20.488 Thread 0x00000237373c40c0 flushing  nmethod 0x000002373ada1490
Event: 20.488 Thread 0x00000237373c40c0 flushing  nmethod 0x000002373adcca90
Event: 20.488 Thread 0x00000237373c40c0 flushing  nmethod 0x000002373adecc10
Event: 20.488 Thread 0x00000237373c40c0 flushing  nmethod 0x000002373aded090

Events (20 events):
Event: 24.882 Thread 0x0000023737433350 Thread added: 0x0000023798712190
Event: 24.882 Thread 0x0000023737433350 Thread added: 0x0000023798712820
Event: 27.140 Thread 0x0000023795933ae0 Thread exited: 0x0000023795933ae0
Event: 27.849 Thread 0x0000023795934f50 Thread exited: 0x0000023795934f50
Event: 28.406 Thread 0x0000023795024980 Thread added: 0x00000237959363c0
Event: 29.536 Thread 0x00000237959363c0 Thread added: 0x0000023795933ae0
Event: 30.620 Thread 0x0000023795933ae0 Thread exited: 0x0000023795933ae0
Event: 31.456 Thread 0x0000023795462010 Thread added: 0x0000023798711470
Event: 31.472 Thread 0x0000023798711470 Thread added: 0x0000023798711b00
Event: 31.474 Thread 0x0000023798711470 Thread added: 0x000002379870fa30
Event: 31.488 Thread 0x000002379870fa30 Thread added: 0x0000023798226750
Event: 31.489 Thread 0x00000237959363c0 Thread exited: 0x00000237959363c0
Event: 31.648 Thread 0x0000023795462010 Thread added: 0x0000023798224680
Event: 31.649 Thread 0x0000023795462010 Thread added: 0x0000023798224d10
Event: 31.895 Thread 0x00000237950256f0 Thread added: 0x0000023795933ae0
Event: 32.378 Thread 0x00000237950256f0 Thread added: 0x00000237959363c0
Event: 32.755 Thread 0x00000237959363c0 Thread exited: 0x00000237959363c0
Event: 33.450 Thread 0x0000023795933ae0 Thread exited: 0x0000023795933ae0
Event: 34.663 Thread 0x0000023795024980 Thread added: 0x0000023795934f50
Event: 34.684 Thread 0x0000023795934f50 Thread added: 0x0000023795933ae0


Dynamic libraries:
0x00007ff7a49d0000 - 0x00007ff7a49de000 	c:\Users\dhruv\.vscode\extensions\redhat.java-1.54.0-win32-x64\jre\21.0.10-win32-x86_64\bin\java.exe
0x00007ff88ca80000 - 0x00007ff88cce7000 	C:\Windows\SYSTEM32\ntdll.dll
0x00007ff88c130000 - 0x00007ff88c1f9000 	C:\Windows\System32\KERNEL32.DLL
0x00007ff88a2a0000 - 0x00007ff88a694000 	C:\Windows\System32\KERNELBASE.dll
0x00007ff88a150000 - 0x00007ff88a29b000 	C:\Windows\System32\ucrtbase.dll
0x00007ff883f60000 - 0x00007ff883f7e000 	c:\Users\dhruv\.vscode\extensions\redhat.java-1.54.0-win32-x64\jre\21.0.10-win32-x86_64\bin\VCRUNTIME140.dll
0x00007ff883f80000 - 0x00007ff883f98000 	c:\Users\dhruv\.vscode\extensions\redhat.java-1.54.0-win32-x64\jre\21.0.10-win32-x86_64\bin\jli.dll
0x00007ff88b000000 - 0x00007ff88b1c5000 	C:\Windows\System32\USER32.dll
0x00007ff8894d0000 - 0x00007ff8894f7000 	C:\Windows\System32\win32u.dll
0x00007ff86ab00000 - 0x00007ff86ad93000 	C:\Windows\WinSxS\amd64_microsoft.windows.common-controls_6595b64144ccf1df_6.0.26100.8115_none_3e075c82e3354f9c\COMCTL32.dll
0x00007ff88bd00000 - 0x00007ff88bd2b000 	C:\Windows\System32\GDI32.dll
0x00007ff88c940000 - 0x00007ff88c9e9000 	C:\Windows\System32\msvcrt.dll
0x00007ff889500000 - 0x00007ff88962b000 	C:\Windows\System32\gdi32full.dll
0x00007ff8896f0000 - 0x00007ff889793000 	C:\Windows\System32\msvcp_win.dll
0x00007ff88c900000 - 0x00007ff88c932000 	C:\Windows\System32\IMM32.DLL
0x00007ff875810000 - 0x00007ff87581c000 	c:\Users\dhruv\.vscode\extensions\redhat.java-1.54.0-win32-x64\jre\21.0.10-win32-x86_64\bin\vcruntime140_1.dll
0x00007ff83bc20000 - 0x00007ff83bcad000 	c:\Users\dhruv\.vscode\extensions\redhat.java-1.54.0-win32-x64\jre\21.0.10-win32-x86_64\bin\msvcp140.dll
0x00007fff8ee40000 - 0x00007fff8fbe1000 	c:\Users\dhruv\.vscode\extensions\redhat.java-1.54.0-win32-x64\jre\21.0.10-win32-x86_64\bin\server\jvm.dll
0x00007ff88c010000 - 0x00007ff88c0c6000 	C:\Windows\System32\ADVAPI32.dll
0x00007ff88bf60000 - 0x00007ff88c007000 	C:\Windows\System32\sechost.dll
0x00007ff88bd30000 - 0x00007ff88be48000 	C:\Windows\System32\RPCRT4.dll
0x00007ff88b950000 - 0x00007ff88b9d0000 	C:\Windows\System32\WS2_32.dll
0x00007ff8891d0000 - 0x00007ff88922e000 	C:\Windows\SYSTEM32\POWRPROF.dll
0x00007ff87ecb0000 - 0x00007ff87ece6000 	C:\Windows\SYSTEM32\WINMM.dll
0x00007ff86c130000 - 0x00007ff86c13b000 	C:\Windows\SYSTEM32\VERSION.dll
0x00007ff8891b0000 - 0x00007ff8891c4000 	C:\Windows\SYSTEM32\UMPDC.dll
0x00007ff8880b0000 - 0x00007ff8880cb000 	C:\Windows\SYSTEM32\kernel.appcore.dll
0x00007ff86ed30000 - 0x00007ff86ed3a000 	c:\Users\dhruv\.vscode\extensions\redhat.java-1.54.0-win32-x64\jre\21.0.10-win32-x86_64\bin\jimage.dll
0x00007ff887250000 - 0x00007ff887492000 	C:\Windows\SYSTEM32\DBGHELP.DLL
0x00007ff88c4e0000 - 0x00007ff88c862000 	C:\Windows\System32\combase.dll
0x00007ff88c230000 - 0x00007ff88c308000 	C:\Windows\System32\OLEAUT32.dll
0x00007ff86a440000 - 0x00007ff86a47b000 	C:\Windows\SYSTEM32\dbgcore.DLL
0x00007ff88a0a0000 - 0x00007ff88a145000 	C:\Windows\System32\bcryptPrimitives.dll
0x00007ff875e60000 - 0x00007ff875e6f000 	c:\Users\dhruv\.vscode\extensions\redhat.java-1.54.0-win32-x64\jre\21.0.10-win32-x86_64\bin\instrument.dll
0x00007ff86eb20000 - 0x00007ff86eb40000 	c:\Users\dhruv\.vscode\extensions\redhat.java-1.54.0-win32-x64\jre\21.0.10-win32-x86_64\bin\java.dll
0x00007ff88b1e0000 - 0x00007ff88b947000 	C:\Windows\System32\SHELL32.dll
0x00007ff88a6a0000 - 0x00007ff88a80a000 	C:\Windows\System32\wintypes.dll
0x00007ff889830000 - 0x00007ff88a098000 	C:\Windows\System32\windows.storage.dll
0x00007ff88af00000 - 0x00007ff88aff8000 	C:\Windows\System32\SHCORE.dll
0x00007ff88c470000 - 0x00007ff88c4d6000 	C:\Windows\System32\shlwapi.dll
0x00007ff889270000 - 0x00007ff889299000 	C:\Windows\SYSTEM32\profapi.dll
0x00007ff861b20000 - 0x00007ff861b38000 	c:\Users\dhruv\.vscode\extensions\redhat.java-1.54.0-win32-x64\jre\21.0.10-win32-x86_64\bin\zip.dll
0x00007ff875e50000 - 0x00007ff875e60000 	C:\Users\dhruv\.vscode\extensions\redhat.java-1.54.0-win32-x64\jre\21.0.10-win32-x86_64\bin\net.dll
0x00007ff8786b0000 - 0x00007ff8787dd000 	C:\Windows\SYSTEM32\WINHTTP.dll
0x00007ff888600000 - 0x00007ff88866c000 	C:\Windows\system32\mswsock.dll
0x00007ff875d90000 - 0x00007ff875da6000 	C:\Users\dhruv\.vscode\extensions\redhat.java-1.54.0-win32-x64\jre\21.0.10-win32-x86_64\bin\nio.dll
0x00007ff875e40000 - 0x00007ff875e50000 	c:\Users\dhruv\.vscode\extensions\redhat.java-1.54.0-win32-x64\jre\21.0.10-win32-x86_64\bin\verify.dll
0x00007ff875d40000 - 0x00007ff875d85000 	C:\Users\dhruv\AppData\Roaming\Code\User\globalStorage\redhat.java\1.54.0\config_win\org.eclipse.equinox.launcher\org.eclipse.equinox.launcher.win32.win32.x86_64_1.3.0.v20260203-2149\eclipse_11919.dll
0x00007ff88a890000 - 0x00007ff88aa27000 	C:\Windows\System32\ole32.dll
0x00007ff8888b0000 - 0x00007ff8888cb000 	C:\Windows\SYSTEM32\CRYPTSP.dll
0x00007ff888010000 - 0x00007ff888049000 	C:\Windows\system32\rsaenh.dll
0x00007ff8886b0000 - 0x00007ff8886e3000 	C:\Windows\SYSTEM32\USERENV.dll
0x00007ff889240000 - 0x00007ff88926a000 	C:\Windows\SYSTEM32\bcrypt.dll
0x00007ff8888a0000 - 0x00007ff8888ac000 	C:\Windows\SYSTEM32\CRYPTBASE.dll
0x00007ff887b40000 - 0x00007ff887b72000 	C:\Windows\SYSTEM32\IPHLPAPI.DLL
0x00007ff88bf50000 - 0x00007ff88bf5a000 	C:\Windows\System32\NSI.dll
0x00007ff85a9b0000 - 0x00007ff85a9f9000 	C:\Users\dhruv\AppData\Local\Temp\jna-95563663\jna3965714975526115444.dll
0x00007ff88aef0000 - 0x00007ff88aef8000 	C:\Windows\System32\PSAPI.DLL
0x00007ff87eb00000 - 0x00007ff87eb1d000 	C:\Windows\SYSTEM32\dhcpcsvc6.DLL
0x00007ff87ea30000 - 0x00007ff87ea55000 	C:\Windows\SYSTEM32\dhcpcsvc.DLL

JVMTI agents:
c:\Users\dhruv\.vscode\extensions\redhat.java-1.54.0-win32-x64\lombok\lombok-1.18.39-4050.jar path:c:\Users\dhruv\.vscode\extensions\redhat.java-1.54.0-win32-x64\jre\21.0.10-win32-x86_64\bin\instrument.dll, loaded, initialized, instrumentlib options:none

dbghelp: loaded successfully - version: 4.0.5 - missing functions: none
symbol engine: initialized successfully - sym options: 0x614 - pdb path: .;c:\Users\dhruv\.vscode\extensions\redhat.java-1.54.0-win32-x64\jre\21.0.10-win32-x86_64\bin;C:\Windows\SYSTEM32;C:\Windows\WinSxS\amd64_microsoft.windows.common-controls_6595b64144ccf1df_6.0.26100.8115_none_3e075c82e3354f9c;c:\Users\dhruv\.vscode\extensions\redhat.java-1.54.0-win32-x64\jre\21.0.10-win32-x86_64\bin\server;C:\Users\dhruv\AppData\Roaming\Code\User\globalStorage\redhat.java\1.54.0\config_win\org.eclipse.equinox.launcher\org.eclipse.equinox.launcher.win32.win32.x86_64_1.3.0.v20260203-2149;C:\Users\dhruv\AppData\Local\Temp\jna-95563663

VM Arguments:
jvm_args: --add-modules=ALL-SYSTEM --add-opens=java.base/java.util=ALL-UNNAMED --add-opens=java.base/java.lang=ALL-UNNAMED --add-opens=java.base/sun.nio.fs=ALL-UNNAMED -Declipse.application=org.eclipse.jdt.ls.core.id1 -Dosgi.bundles.defaultStartLevel=4 -Declipse.product=org.eclipse.jdt.ls.core.product -Djava.import.generatesMetadataFilesAtProjectRoot=false -DDetectVMInstallationsJob.disabled=true -Dfile.encoding=utf8 -XX:+UseParallelGC -XX:GCTimeRatio=4 -XX:AdaptiveSizePolicyWeight=90 -Dsun.zip.disableMemoryMapping=true -Xmx2G -Xms100m -Xlog:disable -javaagent:c:\Users\dhruv\.vscode\extensions\redhat.java-1.54.0-win32-x64\lombok\lombok-1.18.39-4050.jar -XX:+HeapDumpOnOutOfMemoryError -XX:HeapDumpPath=c:\Users\dhruv\AppData\Roaming\Code\User\workspaceStorage\46eeb03a52e31514c3fed23288b69850\redhat.java -Daether.dependencyCollector.impl=bf 
java_command: c:\Users\dhruv\.vscode\extensions\redhat.java-1.54.0-win32-x64\server\plugins\org.eclipse.equinox.launcher_1.7.100.v20251111-0406.jar -configuration c:\Users\dhruv\AppData\Roaming\Code\User\globalStorage\redhat.java\1.54.0\config_win -data c:\Users\dhruv\AppData\Roaming\Code\User\workspaceStorage\46eeb03a52e31514c3fed23288b69850\redhat.java\jdt_ws --pipe=\\.\pipe\lsp-a32a4a5d35f1c67f929e8bf86574c45e-sock
java_class_path (initial): c:\Users\dhruv\.vscode\extensions\redhat.java-1.54.0-win32-x64\server\plugins\org.eclipse.equinox.launcher_1.7.100.v20251111-0406.jar
Launcher Type: SUN_STANDARD

[Global flags]
    uintx AdaptiveSizePolicyWeight                 = 90                                        {product} {command line}
     intx CICompilerCount                          = 4                                         {product} {ergonomic}
    uintx GCTimeRatio                              = 4                                         {product} {command line}
     bool HeapDumpOnOutOfMemoryError               = true                                   {manageable} {command line}
    ccstr HeapDumpPath                             = c:\Users\dhruv\AppData\Roaming\Code\User\workspaceStorage\46eeb03a52e31514c3fed23288b69850\redhat.java         {manageable} {command line}
   size_t InitialHeapSize                          = 104857600                                 {product} {command line}
   size_t MaxHeapSize                              = 2147483648                                {product} {command line}
   size_t MaxNewSize                               = 715653120                                 {product} {ergonomic}
   size_t MinHeapDeltaBytes                        = 524288                                    {product} {ergonomic}
   size_t MinHeapSize                              = 104857600                                 {product} {command line}
   size_t NewSize                                  = 34603008                                  {product} {ergonomic}
    uintx NonNMethodCodeHeapSize                   = 5839372                                {pd product} {ergonomic}
    uintx NonProfiledCodeHeapSize                  = 122909434                              {pd product} {ergonomic}
   size_t OldSize                                  = 70254592                                  {product} {ergonomic}
    uintx ProfiledCodeHeapSize                     = 122909434                              {pd product} {ergonomic}
    uintx ReservedCodeCacheSize                    = 251658240                              {pd product} {ergonomic}
     bool SegmentedCodeCache                       = true                                      {product} {ergonomic}
   size_t SoftMaxHeapSize                          = 2147483648                             {manageable} {ergonomic}
     bool UseCompressedOops                        = true                           {product lp64_product} {ergonomic}
     bool UseLargePagesIndividualAllocation        = false                                  {pd product} {ergonomic}
     bool UseParallelGC                            = true                                      {product} {command line}

Logging:
Log output configuration:
 #0: stdout all=off uptime,level,tags foldmultilines=false
 #1: stderr all=off uptime,level,tags foldmultilines=false

Release file:
JAVA_VERSION="21.0.10" 
MODULES="java.base java.compiler java.datatransfer java.xml java.prefs java.desktop java.instrument java.logging java.management java.security.sasl java.naming java.rmi java.management.rmi java.net.http java.scripting java.security.jgss java.transaction.xa java.sql java.sql.rowset java.xml.crypto java.se java.smartcardio jdk.accessibility jdk.internal.jvmstat jdk.attach jdk.charsets jdk.internal.opt jdk.zipfs jdk.compiler jdk.crypto.ec jdk.crypto.cryptoki jdk.crypto.mscapi jdk.dynalink jdk.internal.ed jdk.editpad jdk.hotspot.agent jdk.httpserver jdk.internal.le jdk.internal.vm.ci jdk.internal.vm.compiler jdk.internal.vm.compiler.management jdk.jartool jdk.javadoc jdk.jcmd jdk.management jdk.management.agent jdk.jconsole jdk.jdeps jdk.jdwp.agent jdk.jdi jdk.jfr jdk.jshell jdk.jsobject jdk.jstatd jdk.localedata jdk.management.jfr jdk.naming.dns jdk.naming.rmi jdk.net jdk.nio.mapmode jdk.random jdk.sctp jdk.security.auth jdk.security.jgss jdk.unsupported jdk.unsupported.desktop jdk.xml.dom" 

Environment Variables:
PATH=C:\Users\dhruv\AppData\Local\Programs\Microsoft VS Code;C:\Program Files\Common Files\Oracle\Java\javapath;C:\Windows\system32;C:\Windows;C:\Windows\System32\Wbem;C:\Windows\System32\WindowsPowerShell\v1.0\;C:\Windows\System32\OpenSSH\;C:\Program Files\nodejs\;C:\Program Files\Git\cmd;C:\Program Files\MongoDB\Server\8.0\bin;C:\Program Files\MySQL\MySQL Server 8.0\bin;C:\Users\dhruv\Downloads\gradle-8.14.3\bin;C:\Program Files\Docker\Docker\resources\bin;C:\Program Files\Apache\MAVEN\bin;C:\Program Files\Apache\MAVEN\apache-maven-3.9.12\bin;C:\Program Files\Cloudflare\Cloudflare WARP\;C:\Program Files\MySQL\MySQL Shell 8.0\bin\;C:\Users\dhruv\AppData\Local\Microsoft\WindowsApps;C:\Users\dhruv\AppData\Local\Programs\Microsoft VS Code\bin;C:\Users\dhruv\AppData\Roaming\npm;C:\Program Files\JetBrains\IntelliJ IDEA Community Edition 2025.1.4.1\bin;;C:\Users\dhruv\AppData\Local\Programs\cursor\resources\app\bin
USERNAME=dhruv
OS=Windows_NT
PROCESSOR_IDENTIFIER=Intel64 Family 6 Model 186 Stepping 2, GenuineIntel
TMP=C:\Users\dhruv\AppData\Local\Temp
TEMP=C:\Users\dhruv\AppData\Local\Temp




Periodic native trim disabled

---------------  S Y S T E M  ---------------

OS:
 Windows 11 , 64 bit Build 26100 (10.0.26100.8246)
OS uptime: 0 days 7:36 hours
Hyper-V role detected

CPU: total 12 (initial active 12) (6 cores per cpu, 2 threads per core) family 6 model 186 stepping 2 microcode 0x6134, cx8, cmov, fxsr, ht, mmx, 3dnowpref, sse, sse2, sse3, ssse3, sse4.1, sse4.2, popcnt, lzcnt, tsc, tscinvbit, avx, avx2, aes, erms, clmul, bmi1, bmi2, adx, sha, fma, vzeroupper, clflush, clflushopt, clwb, hv, serialize, rdtscp, rdpid, fsrm, f16c, cet_ibt, cet_ss
Processor Information for processor 0
  Max Mhz: 2100, Current Mhz: 2100, Mhz Limit: 2100
Processor Information for processor 1
  Max Mhz: 2100, Current Mhz: 2100, Mhz Limit: 2100
Processor Information for processor 2
  Max Mhz: 2100, Current Mhz: 2100, Mhz Limit: 2100
Processor Information for processor 3
  Max Mhz: 2100, Current Mhz: 2100, Mhz Limit: 2100
Processor Information for processor 4
  Max Mhz: 2100, Current Mhz: 2100, Mhz Limit: 2100
Processor Information for processor 5
  Max Mhz: 2100, Current Mhz: 2100, Mhz Limit: 2100
Processor Information for processor 6
  Max Mhz: 2100, Current Mhz: 2100, Mhz Limit: 2100
Processor Information for processor 7
  Max Mhz: 2100, Current Mhz: 2100, Mhz Limit: 2100
Processor Information for processor 8
  Max Mhz: 2100, Current Mhz: 1500, Mhz Limit: 1491
Processor Information for processor 9
  Max Mhz: 2100, Current Mhz: 1500, Mhz Limit: 1491
Processor Information for processor 10
  Max Mhz: 2100, Current Mhz: 1500, Mhz Limit: 1491
Processor Information for processor 11
  Max Mhz: 2100, Current Mhz: 1500, Mhz Limit: 1491

Memory: 4k page, system-wide physical 16076M (832M free)
TotalPageFile size 46395M (AvailPageFile size 28M)
current process WorkingSet (physical memory assigned to process): 263M, peak: 263M
current process commit charge ("private bytes"): 353M, peak: 361M

vm_info: OpenJDK 64-Bit Server VM (21.0.10+7-LTS) for windows-amd64 JRE (21.0.10+7-LTS), built on 2026-01-20T00:00:00Z by "admin" with MS VC++ 17.12 (VS2022)

END.
